

================================================================
== Vitis HLS Report for 'dense_latency_ap_ufixed_9_0_4_0_0_ap_fixed_16_6_5_3_0_config16_s'
================================================================
* Date:           Mon Oct 21 21:36:21 2024

* Version:        2023.2 (Build 4023990 on Oct 11 2023)
* Project:        JetTagger
* Solution:       solution1 (Vivado IP Flow Target)
* Product family: virtexuplus
* Target device:  xcvu13p-flga2577-2-e


================================================================
== Performance Estimates
================================================================
+ Timing: 
    * Summary: 
    +--------+---------+----------+------------+
    |  Clock |  Target | Estimated| Uncertainty|
    +--------+---------+----------+------------+
    |ap_clk  |  2.00 ns|  1.460 ns|     0.54 ns|
    +--------+---------+----------+------------+

+ Latency: 
    * Summary: 
    +---------+---------+-----------+-----------+-----+-----+---------+
    |  Latency (cycles) |   Latency (absolute)  |  Interval | Pipeline|
    |   min   |   max   |    min    |    max    | min | max |   Type  |
    +---------+---------+-----------+-----------+-----+-----+---------+
    |        5|        5|  10.000 ns|  10.000 ns|    1|    1|      yes|
    +---------+---------+-----------+-----------+-----+-----+---------+

    + Detail: 
        * Instance: 
        N/A

        * Loop: 
        N/A



================================================================
== Utilization Estimates
================================================================
* Summary: 
+---------------------+---------+-------+---------+---------+------+
|         Name        | BRAM_18K|  DSP  |    FF   |   LUT   | URAM |
+---------------------+---------+-------+---------+---------+------+
|DSP                  |        -|      -|        -|        -|     -|
|Expression           |        -|      -|        0|     5215|     -|
|FIFO                 |        -|      -|        -|        -|     -|
|Instance             |        -|      0|        0|     4459|     -|
|Memory               |        -|      -|        -|        -|     -|
|Multiplexer          |        -|      -|        -|      182|     -|
|Register             |        -|      -|     4189|        -|     -|
+---------------------+---------+-------+---------+---------+------+
|Total                |        0|      0|     4189|     9856|     0|
+---------------------+---------+-------+---------+---------+------+
|Available SLR        |     1344|   3072|   864000|   432000|   320|
+---------------------+---------+-------+---------+---------+------+
|Utilization SLR (%)  |        0|      0|       ~0|        2|     0|
+---------------------+---------+-------+---------+---------+------+
|Available            |     5376|  12288|  3456000|  1728000|  1280|
+---------------------+---------+-------+---------+---------+------+
|Utilization (%)      |        0|      0|       ~0|       ~0|     0|
+---------------------+---------+-------+---------+---------+------+

+ Detail: 
    * Instance: 
    +--------------------------+--------------------+---------+----+---+----+-----+
    |         Instance         |       Module       | BRAM_18K| DSP| FF| LUT| URAM|
    +--------------------------+--------------------+---------+----+---+----+-----+
    |mul_9ns_5ns_13_1_1_U5795  |mul_9ns_5ns_13_1_1  |        0|   0|  0|  49|    0|
    |mul_9ns_5ns_13_1_1_U5798  |mul_9ns_5ns_13_1_1  |        0|   0|  0|  49|    0|
    |mul_9ns_5ns_13_1_1_U5811  |mul_9ns_5ns_13_1_1  |        0|   0|  0|  49|    0|
    |mul_9ns_5ns_13_1_1_U5835  |mul_9ns_5ns_13_1_1  |        0|   0|  0|  49|    0|
    |mul_9ns_5ns_13_1_1_U5856  |mul_9ns_5ns_13_1_1  |        0|   0|  0|  49|    0|
    |mul_9ns_5s_14_1_1_U5820   |mul_9ns_5s_14_1_1   |        0|   0|  0|  49|    0|
    |mul_9ns_5s_14_1_1_U5828   |mul_9ns_5s_14_1_1   |        0|   0|  0|  49|    0|
    |mul_9ns_5s_14_1_1_U5836   |mul_9ns_5s_14_1_1   |        0|   0|  0|  49|    0|
    |mul_9ns_5s_14_1_1_U5855   |mul_9ns_5s_14_1_1   |        0|   0|  0|  49|    0|
    |mul_9ns_6ns_14_1_1_U5778  |mul_9ns_6ns_14_1_1  |        0|   0|  0|  49|    0|
    |mul_9ns_6ns_14_1_1_U5781  |mul_9ns_6ns_14_1_1  |        0|   0|  0|  49|    0|
    |mul_9ns_6ns_14_1_1_U5785  |mul_9ns_6ns_14_1_1  |        0|   0|  0|  49|    0|
    |mul_9ns_6ns_14_1_1_U5792  |mul_9ns_6ns_14_1_1  |        0|   0|  0|  49|    0|
    |mul_9ns_6ns_14_1_1_U5799  |mul_9ns_6ns_14_1_1  |        0|   0|  0|  49|    0|
    |mul_9ns_6ns_14_1_1_U5801  |mul_9ns_6ns_14_1_1  |        0|   0|  0|  49|    0|
    |mul_9ns_6ns_14_1_1_U5804  |mul_9ns_6ns_14_1_1  |        0|   0|  0|  49|    0|
    |mul_9ns_6ns_14_1_1_U5809  |mul_9ns_6ns_14_1_1  |        0|   0|  0|  49|    0|
    |mul_9ns_6ns_14_1_1_U5816  |mul_9ns_6ns_14_1_1  |        0|   0|  0|  49|    0|
    |mul_9ns_6ns_14_1_1_U5823  |mul_9ns_6ns_14_1_1  |        0|   0|  0|  49|    0|
    |mul_9ns_6ns_14_1_1_U5840  |mul_9ns_6ns_14_1_1  |        0|   0|  0|  49|    0|
    |mul_9ns_6ns_14_1_1_U5865  |mul_9ns_6ns_14_1_1  |        0|   0|  0|  49|    0|
    |mul_9ns_6s_15_1_1_U5802   |mul_9ns_6s_15_1_1   |        0|   0|  0|  49|    0|
    |mul_9ns_6s_15_1_1_U5806   |mul_9ns_6s_15_1_1   |        0|   0|  0|  49|    0|
    |mul_9ns_6s_15_1_1_U5818   |mul_9ns_6s_15_1_1   |        0|   0|  0|  49|    0|
    |mul_9ns_6s_15_1_1_U5819   |mul_9ns_6s_15_1_1   |        0|   0|  0|  49|    0|
    |mul_9ns_6s_15_1_1_U5826   |mul_9ns_6s_15_1_1   |        0|   0|  0|  49|    0|
    |mul_9ns_6s_15_1_1_U5829   |mul_9ns_6s_15_1_1   |        0|   0|  0|  49|    0|
    |mul_9ns_6s_15_1_1_U5830   |mul_9ns_6s_15_1_1   |        0|   0|  0|  49|    0|
    |mul_9ns_6s_15_1_1_U5838   |mul_9ns_6s_15_1_1   |        0|   0|  0|  49|    0|
    |mul_9ns_6s_15_1_1_U5844   |mul_9ns_6s_15_1_1   |        0|   0|  0|  49|    0|
    |mul_9ns_6s_15_1_1_U5847   |mul_9ns_6s_15_1_1   |        0|   0|  0|  49|    0|
    |mul_9ns_6s_15_1_1_U5849   |mul_9ns_6s_15_1_1   |        0|   0|  0|  49|    0|
    |mul_9ns_6s_15_1_1_U5851   |mul_9ns_6s_15_1_1   |        0|   0|  0|  49|    0|
    |mul_9ns_6s_15_1_1_U5859   |mul_9ns_6s_15_1_1   |        0|   0|  0|  49|    0|
    |mul_9ns_6s_15_1_1_U5863   |mul_9ns_6s_15_1_1   |        0|   0|  0|  49|    0|
    |mul_9ns_6s_15_1_1_U5868   |mul_9ns_6s_15_1_1   |        0|   0|  0|  49|    0|
    |mul_9ns_7ns_15_1_1_U5786  |mul_9ns_7ns_15_1_1  |        0|   0|  0|  49|    0|
    |mul_9ns_7ns_15_1_1_U5789  |mul_9ns_7ns_15_1_1  |        0|   0|  0|  49|    0|
    |mul_9ns_7ns_15_1_1_U5790  |mul_9ns_7ns_15_1_1  |        0|   0|  0|  49|    0|
    |mul_9ns_7ns_15_1_1_U5791  |mul_9ns_7ns_15_1_1  |        0|   0|  0|  49|    0|
    |mul_9ns_7ns_15_1_1_U5793  |mul_9ns_7ns_15_1_1  |        0|   0|  0|  49|    0|
    |mul_9ns_7ns_15_1_1_U5800  |mul_9ns_7ns_15_1_1  |        0|   0|  0|  49|    0|
    |mul_9ns_7ns_15_1_1_U5803  |mul_9ns_7ns_15_1_1  |        0|   0|  0|  49|    0|
    |mul_9ns_7ns_15_1_1_U5824  |mul_9ns_7ns_15_1_1  |        0|   0|  0|  49|    0|
    |mul_9ns_7ns_15_1_1_U5825  |mul_9ns_7ns_15_1_1  |        0|   0|  0|  49|    0|
    |mul_9ns_7ns_15_1_1_U5837  |mul_9ns_7ns_15_1_1  |        0|   0|  0|  49|    0|
    |mul_9ns_7ns_15_1_1_U5845  |mul_9ns_7ns_15_1_1  |        0|   0|  0|  49|    0|
    |mul_9ns_7ns_15_1_1_U5861  |mul_9ns_7ns_15_1_1  |        0|   0|  0|  49|    0|
    |mul_9ns_7ns_15_1_1_U5866  |mul_9ns_7ns_15_1_1  |        0|   0|  0|  49|    0|
    |mul_9ns_7s_16_1_1_U5779   |mul_9ns_7s_16_1_1   |        0|   0|  0|  49|    0|
    |mul_9ns_7s_16_1_1_U5780   |mul_9ns_7s_16_1_1   |        0|   0|  0|  49|    0|
    |mul_9ns_7s_16_1_1_U5782   |mul_9ns_7s_16_1_1   |        0|   0|  0|  49|    0|
    |mul_9ns_7s_16_1_1_U5783   |mul_9ns_7s_16_1_1   |        0|   0|  0|  49|    0|
    |mul_9ns_7s_16_1_1_U5784   |mul_9ns_7s_16_1_1   |        0|   0|  0|  49|    0|
    |mul_9ns_7s_16_1_1_U5794   |mul_9ns_7s_16_1_1   |        0|   0|  0|  49|    0|
    |mul_9ns_7s_16_1_1_U5812   |mul_9ns_7s_16_1_1   |        0|   0|  0|  49|    0|
    |mul_9ns_7s_16_1_1_U5822   |mul_9ns_7s_16_1_1   |        0|   0|  0|  49|    0|
    |mul_9ns_7s_16_1_1_U5832   |mul_9ns_7s_16_1_1   |        0|   0|  0|  49|    0|
    |mul_9ns_7s_16_1_1_U5839   |mul_9ns_7s_16_1_1   |        0|   0|  0|  49|    0|
    |mul_9ns_7s_16_1_1_U5841   |mul_9ns_7s_16_1_1   |        0|   0|  0|  49|    0|
    |mul_9ns_7s_16_1_1_U5843   |mul_9ns_7s_16_1_1   |        0|   0|  0|  49|    0|
    |mul_9ns_7s_16_1_1_U5850   |mul_9ns_7s_16_1_1   |        0|   0|  0|  49|    0|
    |mul_9ns_7s_16_1_1_U5853   |mul_9ns_7s_16_1_1   |        0|   0|  0|  49|    0|
    |mul_9ns_7s_16_1_1_U5857   |mul_9ns_7s_16_1_1   |        0|   0|  0|  49|    0|
    |mul_9ns_7s_16_1_1_U5862   |mul_9ns_7s_16_1_1   |        0|   0|  0|  49|    0|
    |mul_9ns_8ns_16_1_1_U5788  |mul_9ns_8ns_16_1_1  |        0|   0|  0|  49|    0|
    |mul_9ns_8ns_16_1_1_U5805  |mul_9ns_8ns_16_1_1  |        0|   0|  0|  49|    0|
    |mul_9ns_8ns_16_1_1_U5810  |mul_9ns_8ns_16_1_1  |        0|   0|  0|  49|    0|
    |mul_9ns_8ns_16_1_1_U5813  |mul_9ns_8ns_16_1_1  |        0|   0|  0|  49|    0|
    |mul_9ns_8ns_16_1_1_U5833  |mul_9ns_8ns_16_1_1  |        0|   0|  0|  49|    0|
    |mul_9ns_8ns_16_1_1_U5842  |mul_9ns_8ns_16_1_1  |        0|   0|  0|  49|    0|
    |mul_9ns_8ns_16_1_1_U5858  |mul_9ns_8ns_16_1_1  |        0|   0|  0|  49|    0|
    |mul_9ns_8ns_16_1_1_U5860  |mul_9ns_8ns_16_1_1  |        0|   0|  0|  49|    0|
    |mul_9ns_8s_17_1_1_U5787   |mul_9ns_8s_17_1_1   |        0|   0|  0|  49|    0|
    |mul_9ns_8s_17_1_1_U5796   |mul_9ns_8s_17_1_1   |        0|   0|  0|  49|    0|
    |mul_9ns_8s_17_1_1_U5797   |mul_9ns_8s_17_1_1   |        0|   0|  0|  49|    0|
    |mul_9ns_8s_17_1_1_U5807   |mul_9ns_8s_17_1_1   |        0|   0|  0|  49|    0|
    |mul_9ns_8s_17_1_1_U5808   |mul_9ns_8s_17_1_1   |        0|   0|  0|  49|    0|
    |mul_9ns_8s_17_1_1_U5814   |mul_9ns_8s_17_1_1   |        0|   0|  0|  49|    0|
    |mul_9ns_8s_17_1_1_U5815   |mul_9ns_8s_17_1_1   |        0|   0|  0|  49|    0|
    |mul_9ns_8s_17_1_1_U5817   |mul_9ns_8s_17_1_1   |        0|   0|  0|  49|    0|
    |mul_9ns_8s_17_1_1_U5821   |mul_9ns_8s_17_1_1   |        0|   0|  0|  49|    0|
    |mul_9ns_8s_17_1_1_U5831   |mul_9ns_8s_17_1_1   |        0|   0|  0|  49|    0|
    |mul_9ns_8s_17_1_1_U5834   |mul_9ns_8s_17_1_1   |        0|   0|  0|  49|    0|
    |mul_9ns_8s_17_1_1_U5846   |mul_9ns_8s_17_1_1   |        0|   0|  0|  49|    0|
    |mul_9ns_8s_17_1_1_U5848   |mul_9ns_8s_17_1_1   |        0|   0|  0|  49|    0|
    |mul_9ns_8s_17_1_1_U5852   |mul_9ns_8s_17_1_1   |        0|   0|  0|  49|    0|
    |mul_9ns_8s_17_1_1_U5854   |mul_9ns_8s_17_1_1   |        0|   0|  0|  49|    0|
    |mul_9ns_8s_17_1_1_U5864   |mul_9ns_8s_17_1_1   |        0|   0|  0|  49|    0|
    |mul_9ns_8s_17_1_1_U5867   |mul_9ns_8s_17_1_1   |        0|   0|  0|  49|    0|
    |mul_9ns_9s_18_1_1_U5827   |mul_9ns_9s_18_1_1   |        0|   0|  0|  49|    0|
    +--------------------------+--------------------+---------+----+---+----+-----+
    |Total                     |                    |        0|   0|  0|4459|    0|
    +--------------------------+--------------------+---------+----+---+----+-----+

    * DSP: 
    N/A

    * Memory: 
    N/A

    * FIFO: 
    N/A

    * Expression: 
    +---------------------------+----------+----+---+----+------------+------------+
    |       Variable Name       | Operation| DSP| FF| LUT| Bitwidth P0| Bitwidth P1|
    +---------------------------+----------+----+---+----+------------+------------+
    |add_ln42_10_fu_64393_p2    |         +|   0|  0|  22|          15|          15|
    |add_ln42_11_fu_64844_p2    |         +|   0|  0|  22|          15|          15|
    |add_ln42_12_fu_64933_p2    |         +|   0|  0|  20|          13|          13|
    |add_ln42_13_fu_65029_p2    |         +|   0|  0|  19|          12|          12|
    |add_ln42_2_fu_65429_p2     |         +|   0|  0|  19|          12|          12|
    |add_ln42_3_fu_62878_p2     |         +|   0|  0|  21|          14|          14|
    |add_ln42_4_fu_63069_p2     |         +|   0|  0|  23|          16|          16|
    |add_ln42_5_fu_63134_p2     |         +|   0|  0|  23|          16|          16|
    |add_ln42_6_fu_63160_p2     |         +|   0|  0|  20|          13|          13|
    |add_ln42_7_fu_63450_p2     |         +|   0|  0|  21|          14|          14|
    |add_ln42_8_fu_63973_p2     |         +|   0|  0|  19|          12|          12|
    |add_ln42_9_fu_64267_p2     |         +|   0|  0|  19|          12|          12|
    |add_ln42_fu_62630_p2       |         +|   0|  0|  22|          15|          15|
    |add_ln58_251_fu_66034_p2   |         +|   0|  0|  17|          11|          11|
    |add_ln58_252_fu_66040_p2   |         +|   0|  0|  17|          12|          12|
    |add_ln58_253_fu_65334_p2   |         +|   0|  0|  16|           9|           9|
    |add_ln58_254_fu_66049_p2   |         +|   0|  0|  17|          12|          12|
    |add_ln58_255_fu_66724_p2   |         +|   0|  0|  20|          13|          13|
    |add_ln58_256_fu_66055_p2   |         +|   0|  0|  20|          13|          13|
    |add_ln58_257_fu_66730_p2   |         +|   0|  0|  17|          10|          10|
    |add_ln58_258_fu_66740_p2   |         +|   0|  0|  17|          13|          13|
    |add_ln58_259_fu_66061_p2   |         +|   0|  0|  17|          10|          10|
    |add_ln58_260_fu_66071_p2   |         +|   0|  0|  16|           9|           8|
    |add_ln58_261_fu_66081_p2   |         +|   0|  0|  18|          11|          11|
    |add_ln58_262_fu_66748_p2   |         +|   0|  0|  17|          13|          13|
    |add_ln58_263_fu_67203_p2   |         +|   0|  0|  22|          15|          15|
    |add_ln58_264_fu_66087_p2   |         +|   0|  0|  18|          10|          10|
    |add_ln58_265_fu_66092_p2   |         +|   0|  0|  18|          10|          10|
    |add_ln58_266_fu_65340_p2   |         +|   0|  0|  18|          11|          11|
    |add_ln58_267_fu_66101_p2   |         +|   0|  0|  17|          12|          12|
    |add_ln58_268_fu_66107_p2   |         +|   0|  0|  17|          12|          12|
    |add_ln58_269_fu_66760_p2   |         +|   0|  0|  20|          13|          13|
    |add_ln58_270_fu_66113_p2   |         +|   0|  0|  17|          10|          10|
    |add_ln58_271_fu_66123_p2   |         +|   0|  0|  18|          11|          11|
    |add_ln58_272_fu_66133_p2   |         +|   0|  0|  19|          12|          12|
    |add_ln58_273_fu_66139_p2   |         +|   0|  0|  20|          13|          13|
    |add_ln58_274_fu_66772_p2   |         +|   0|  0|  18|          11|          10|
    |add_ln58_275_fu_66782_p2   |         +|   0|  0|  16|          14|          14|
    |add_ln58_276_fu_66788_p2   |         +|   0|  0|  16|          14|          14|
    |add_ln58_277_fu_67215_p2   |         +|   0|  0|  22|          15|          15|
    |add_ln58_278_fu_66145_p2   |         +|   0|  0|  17|          10|          10|
    |add_ln58_279_fu_66155_p2   |         +|   0|  0|  19|          12|          12|
    |add_ln58_280_fu_66161_p2   |         +|   0|  0|  17|          12|          12|
    |add_ln58_281_fu_65346_p2   |         +|   0|  0|  17|          10|          10|
    |add_ln58_282_fu_66170_p2   |         +|   0|  0|  17|          12|          12|
    |add_ln58_283_fu_66800_p2   |         +|   0|  0|  20|          13|          13|
    |add_ln58_284_fu_66176_p2   |         +|   0|  0|  17|          11|          11|
    |add_ln58_285_fu_65352_p2   |         +|   0|  0|  16|           9|           9|
    |add_ln58_286_fu_66185_p2   |         +|   0|  0|  17|          11|          11|
    |add_ln58_287_fu_66191_p2   |         +|   0|  0|  20|          13|          13|
    |add_ln58_288_fu_66197_p2   |         +|   0|  0|  17|          10|           9|
    |add_ln58_289_fu_66812_p2   |         +|   0|  0|  17|          13|          13|
    |add_ln58_290_fu_66817_p2   |         +|   0|  0|  17|          13|          13|
    |add_ln58_291_fu_67227_p2   |         +|   0|  0|  22|          15|          15|
    |add_ln58_292_fu_66823_p2   |         +|   0|  0|  17|          12|          12|
    |add_ln58_293_fu_66829_p2   |         +|   0|  0|  17|          12|          12|
    |add_ln58_294_fu_66203_p2   |         +|   0|  0|  19|          12|          12|
    |add_ln58_295_fu_66209_p2   |         +|   0|  0|  18|          11|          11|
    |add_ln58_296_fu_66841_p2   |         +|   0|  0|  20|          13|          13|
    |add_ln58_297_fu_67239_p2   |         +|   0|  0|  21|          14|          14|
    |add_ln58_298_fu_66215_p2   |         +|   0|  0|  19|          12|          12|
    |add_ln58_299_fu_66221_p2   |         +|   0|  0|  18|          11|          11|
    |add_ln58_300_fu_66853_p2   |         +|   0|  0|  20|          13|          13|
    |add_ln58_301_fu_66859_p2   |         +|   0|  0|  17|          13|          13|
    |add_ln58_302_fu_66227_p2   |         +|   0|  0|  19|          12|          11|
    |add_ln58_303_fu_66868_p2   |         +|   0|  0|  17|          13|          13|
    |add_ln58_304_fu_67251_p2   |         +|   0|  0|  21|          14|          14|
    |add_ln58_305_fu_67443_p2   |         +|   0|  0|  22|          15|          15|
    |add_ln58_306_fu_66233_p2   |         +|   0|  0|  19|          12|          12|
    |add_ln58_307_fu_66877_p2   |         +|   0|  0|  20|          13|          13|
    |add_ln58_308_fu_66239_p2   |         +|   0|  0|  19|          12|          12|
    |add_ln58_309_fu_66245_p2   |         +|   0|  0|  19|          12|          12|
    |add_ln58_310_fu_66889_p2   |         +|   0|  0|  20|          13|          13|
    |add_ln58_311_fu_67263_p2   |         +|   0|  0|  21|          14|          14|
    |add_ln58_312_fu_66251_p2   |         +|   0|  0|  20|          13|          13|
    |add_ln58_313_fu_65358_p2   |         +|   0|  0|  16|           9|           9|
    |add_ln58_314_fu_66898_p2   |         +|   0|  0|  17|          13|          13|
    |add_ln58_315_fu_66257_p2   |         +|   0|  0|  17|          12|          12|
    |add_ln58_316_fu_65364_p2   |         +|   0|  0|  18|          11|           6|
    |add_ln58_317_fu_66266_p2   |         +|   0|  0|  17|          12|          12|
    |add_ln58_318_fu_66906_p2   |         +|   0|  0|  17|          13|          13|
    |add_ln58_319_fu_67459_p2   |         +|   0|  0|  22|          15|          15|
    |add_ln58_320_fu_66272_p2   |         +|   0|  0|  18|          11|          11|
    |add_ln58_321_fu_66915_p2   |         +|   0|  0|  19|          12|          12|
    |add_ln58_322_fu_66277_p2   |         +|   0|  0|  17|          10|          10|
    |add_ln58_323_fu_66282_p2   |         +|   0|  0|  19|          12|          12|
    |add_ln58_324_fu_66927_p2   |         +|   0|  0|  20|          13|          13|
    |add_ln58_325_fu_67275_p2   |         +|   0|  0|  21|          14|          14|
    |add_ln58_326_fu_66288_p2   |         +|   0|  0|  19|          12|          12|
    |add_ln58_327_fu_66294_p2   |         +|   0|  0|  19|          12|          12|
    |add_ln58_328_fu_66939_p2   |         +|   0|  0|  20|          13|          13|
    |add_ln58_329_fu_66300_p2   |         +|   0|  0|  19|          12|          12|
    |add_ln58_330_fu_66306_p2   |         +|   0|  0|  18|          11|           7|
    |add_ln58_331_fu_66951_p2   |         +|   0|  0|  20|          13|          13|
    |add_ln58_332_fu_67287_p2   |         +|   0|  0|  21|          14|          14|
    |add_ln58_333_fu_67475_p2   |         +|   0|  0|  22|          15|          15|
    |add_ln58_334_fu_65370_p2   |         +|   0|  0|  14|           7|           7|
    |add_ln58_335_fu_66315_p2   |         +|   0|  0|  18|          11|          11|
    |add_ln58_336_fu_66957_p2   |         +|   0|  0|  16|          14|          14|
    |add_ln58_337_fu_66320_p2   |         +|   0|  0|  20|          13|          13|
    |add_ln58_338_fu_66966_p2   |         +|   0|  0|  16|          14|          14|
    |add_ln58_339_fu_67299_p2   |         +|   0|  0|  22|          15|          15|
    |add_ln58_340_fu_66326_p2   |         +|   0|  0|  20|          13|          13|
    |add_ln58_341_fu_66975_p2   |         +|   0|  0|  21|          14|          14|
    |add_ln58_342_fu_66332_p2   |         +|   0|  0|  20|          13|          13|
    |add_ln58_343_fu_66338_p2   |         +|   0|  0|  17|          10|          10|
    |add_ln58_344_fu_66991_p2   |         +|   0|  0|  21|          14|          14|
    |add_ln58_345_fu_67311_p2   |         +|   0|  0|  22|          15|          15|
    |add_ln58_346_fu_67491_p2   |         +|   0|  0|  23|          16|          16|
    |add_ln58_347_fu_66344_p2   |         +|   0|  0|  17|          10|          10|
    |add_ln58_348_fu_66354_p2   |         +|   0|  0|  19|          12|          12|
    |add_ln58_349_fu_66360_p2   |         +|   0|  0|  18|          11|          11|
    |add_ln58_350_fu_66366_p2   |         +|   0|  0|  19|          12|          12|
    |add_ln58_351_fu_67003_p2   |         +|   0|  0|  20|          13|          13|
    |add_ln58_352_fu_67323_p2   |         +|   0|  0|  21|          14|          14|
    |add_ln58_353_fu_66372_p2   |         +|   0|  0|  20|          13|          13|
    |add_ln58_354_fu_66378_p2   |         +|   0|  0|  20|          13|          13|
    |add_ln58_355_fu_67015_p2   |         +|   0|  0|  16|          14|          14|
    |add_ln58_356_fu_65376_p2   |         +|   0|  0|  17|          10|          10|
    |add_ln58_357_fu_66387_p2   |         +|   0|  0|  17|          12|          10|
    |add_ln58_358_fu_66393_p2   |         +|   0|  0|  17|          12|          12|
    |add_ln58_359_fu_67024_p2   |         +|   0|  0|  16|          14|          14|
    |add_ln58_360_fu_67503_p2   |         +|   0|  0|  22|          15|          15|
    |add_ln58_361_fu_66399_p2   |         +|   0|  0|  19|          12|          12|
    |add_ln58_362_fu_67033_p2   |         +|   0|  0|  20|          13|          13|
    |add_ln58_363_fu_66405_p2   |         +|   0|  0|  18|          11|          11|
    |add_ln58_364_fu_66411_p2   |         +|   0|  0|  19|          12|          12|
    |add_ln58_365_fu_67045_p2   |         +|   0|  0|  20|          13|          13|
    |add_ln58_366_fu_67335_p2   |         +|   0|  0|  21|          14|          14|
    |add_ln58_367_fu_66417_p2   |         +|   0|  0|  18|          11|          11|
    |add_ln58_368_fu_67054_p2   |         +|   0|  0|  17|          13|          13|
    |add_ln58_369_fu_67060_p2   |         +|   0|  0|  17|          13|          13|
    |add_ln58_370_fu_66423_p2   |         +|   0|  0|  19|          12|          12|
    |add_ln58_371_fu_66429_p2   |         +|   0|  0|  19|          12|           9|
    |add_ln58_372_fu_67072_p2   |         +|   0|  0|  20|          13|          13|
    |add_ln58_373_fu_67347_p2   |         +|   0|  0|  21|          14|          14|
    |add_ln58_374_fu_67519_p2   |         +|   0|  0|  22|          15|          15|
    |add_ln58_375_fu_66435_p2   |         +|   0|  0|  18|          11|          11|
    |add_ln58_376_fu_66445_p2   |         +|   0|  0|  19|          12|          12|
    |add_ln58_377_fu_66451_p2   |         +|   0|  0|  19|          12|          12|
    |add_ln58_378_fu_66457_p2   |         +|   0|  0|  20|          13|          13|
    |add_ln58_379_fu_67087_p2   |         +|   0|  0|  16|          14|          14|
    |add_ln58_380_fu_67093_p2   |         +|   0|  0|  16|          14|          14|
    |add_ln58_381_fu_66463_p2   |         +|   0|  0|  20|          13|          13|
    |add_ln58_382_fu_66469_p2   |         +|   0|  0|  19|          12|          12|
    |add_ln58_383_fu_67105_p2   |         +|   0|  0|  21|          14|          14|
    |add_ln58_384_fu_66475_p2   |         +|   0|  0|  20|          13|          13|
    |add_ln58_385_fu_66481_p2   |         +|   0|  0|  20|          13|           9|
    |add_ln58_386_fu_67117_p2   |         +|   0|  0|  21|          14|          14|
    |add_ln58_387_fu_67359_p2   |         +|   0|  0|  22|          15|          15|
    |add_ln58_388_fu_67535_p2   |         +|   0|  0|  23|          16|          16|
    |add_ln58_389_fu_66487_p2   |         +|   0|  0|  18|          11|          11|
    |add_ln58_390_fu_67126_p2   |         +|   0|  0|  19|          12|          12|
    |add_ln58_391_fu_66492_p2   |         +|   0|  0|  19|          12|          12|
    |add_ln58_392_fu_66498_p2   |         +|   0|  0|  18|          11|          11|
    |add_ln58_393_fu_67138_p2   |         +|   0|  0|  20|          13|          13|
    |add_ln58_394_fu_67371_p2   |         +|   0|  0|  21|          14|          14|
    |add_ln58_395_fu_66504_p2   |         +|   0|  0|  19|          12|          12|
    |add_ln58_396_fu_66510_p2   |         +|   0|  0|  19|          12|          12|
    |add_ln58_397_fu_67150_p2   |         +|   0|  0|  20|          13|          13|
    |add_ln58_398_fu_66516_p2   |         +|   0|  0|  20|          13|          13|
    |add_ln58_399_fu_67383_p2   |         +|   0|  0|  18|          11|          11|
    |add_ln58_400_fu_67392_p2   |         +|   0|  0|  16|          14|          14|
    |add_ln58_401_fu_67398_p2   |         +|   0|  0|  16|          14|          14|
    |add_ln58_402_fu_67547_p2   |         +|   0|  0|  23|          16|          16|
    |add_ln58_403_fu_65382_p2   |         +|   0|  0|  15|           8|           8|
    |add_ln58_404_fu_66525_p2   |         +|   0|  0|  18|          11|          11|
    |add_ln58_405_fu_66530_p2   |         +|   0|  0|  17|          12|          12|
    |add_ln58_406_fu_65388_p2   |         +|   0|  0|  16|           9|           9|
    |add_ln58_407_fu_66539_p2   |         +|   0|  0|  17|          12|          12|
    |add_ln58_408_fu_67162_p2   |         +|   0|  0|  20|          13|          13|
    |add_ln58_409_fu_66545_p2   |         +|   0|  0|  21|          14|          14|
    |add_ln58_410_fu_66551_p2   |         +|   0|  0|  20|          13|          13|
    |add_ln58_411_fu_67171_p2   |         +|   0|  0|  16|          14|          14|
    |add_ln58_412_fu_66557_p2   |         +|   0|  0|  18|          11|          11|
    |add_ln58_413_fu_66567_p2   |         +|   0|  0|  16|           9|           8|
    |add_ln58_414_fu_66577_p2   |         +|   0|  0|  19|          12|          12|
    |add_ln58_415_fu_67179_p2   |         +|   0|  0|  16|          14|          14|
    |add_ln58_416_fu_67410_p2   |         +|   0|  0|  22|          15|          15|
    |add_ln58_417_fu_66583_p2   |         +|   0|  0|  17|          11|          11|
    |add_ln58_418_fu_66589_p2   |         +|   0|  0|  17|          11|          11|
    |add_ln58_419_fu_66595_p2   |         +|   0|  0|  17|          10|          10|
    |add_ln58_420_fu_66604_p2   |         +|   0|  0|  17|          10|          10|
    |add_ln58_421_fu_66613_p2   |         +|   0|  0|  18|          11|          11|
    |add_ln58_422_fu_67191_p2   |         +|   0|  0|  19|          12|          12|
    |add_ln58_423_fu_66619_p2   |         +|   0|  0|  19|          12|          12|
    |add_ln58_424_fu_65393_p2   |         +|   0|  0|  20|          13|          13|
    |add_ln58_425_fu_66632_p2   |         +|   0|  0|  16|          14|          14|
    |add_ln58_426_fu_65399_p2   |         +|   0|  0|  17|          10|          10|
    |add_ln58_427_fu_66641_p2   |         +|   0|  0|  17|          13|          11|
    |add_ln58_428_fu_66647_p2   |         +|   0|  0|  17|          13|          13|
    |add_ln58_429_fu_66657_p2   |         +|   0|  0|  16|          14|          14|
    |add_ln58_430_fu_67422_p2   |         +|   0|  0|  22|          15|          15|
    |add_ln58_fu_66028_p2       |         +|   0|  0|  17|          11|          11|
    |sub_ln42_10_fu_64168_p2    |         -|   0|  0|  22|          15|          15|
    |sub_ln42_11_fu_64517_p2    |         -|   0|  0|  21|          14|          14|
    |sub_ln42_12_fu_64607_p2    |         -|   0|  0|  20|          13|          13|
    |sub_ln42_13_fu_64724_p2    |         -|   0|  0|  21|          14|          14|
    |sub_ln42_14_fu_64807_p2    |         -|   0|  0|  23|          16|          16|
    |sub_ln42_15_fu_64917_p2    |         -|   0|  0|  20|          13|          13|
    |sub_ln42_16_fu_65319_p2    |         -|   0|  0|  21|          14|          14|
    |sub_ln42_2_fu_65507_p2     |         -|   0|  0|  22|          15|          15|
    |sub_ln42_3_fu_63008_p2     |         -|   0|  0|  23|          16|          16|
    |sub_ln42_4_fu_63095_p2     |         -|   0|  0|  22|          15|          15|
    |sub_ln42_5_fu_63269_p2     |         -|   0|  0|  22|          15|          15|
    |sub_ln42_6_fu_63423_p2     |         -|   0|  0|  20|          13|          13|
    |sub_ln42_7_fu_62211_p2     |         -|   0|  0|  22|          15|          15|
    |sub_ln42_8_fu_63789_p2     |         -|   0|  0|  21|          14|          14|
    |sub_ln42_9_fu_64025_p2     |         -|   0|  0|  19|          12|          12|
    |sub_ln42_fu_62800_p2       |         -|   0|  0|  21|          14|          14|
    |sub_ln73_31_fu_63867_p2    |         -|   0|  0|  17|           1|          10|
    |sub_ln73_32_fu_64465_p2    |         -|   0|  0|  17|           1|          10|
    |sub_ln73_33_fu_64749_p2    |         -|   0|  0|  17|           1|          10|
    |sub_ln73_4712_fu_62654_p2  |         -|   0|  0|  22|           1|          15|
    |sub_ln73_4713_fu_62842_p2  |         -|   0|  0|  18|           1|          11|
    |sub_ln73_4714_fu_62872_p2  |         -|   0|  0|  21|           1|          14|
    |sub_ln73_4715_fu_65528_p2  |         -|   0|  0|  22|          15|          15|
    |sub_ln73_4716_fu_62905_p2  |         -|   0|  0|  22|          15|          15|
    |sub_ln73_4717_fu_62086_p2  |         -|   0|  0|  24|           1|          17|
    |sub_ln73_4718_fu_62924_p2  |         -|   0|  0|  25|          18|          18|
    |sub_ln73_4719_fu_62124_p2  |         -|   0|  0|  23|           1|          16|
    |sub_ln73_4720_fu_63118_p2  |         -|   0|  0|  24|          17|          17|
    |sub_ln73_4721_fu_62147_p2  |         -|   0|  0|  22|           1|          15|
    |sub_ln73_4722_fu_63295_p2  |         -|   0|  0|  23|          16|          16|
    |sub_ln73_4723_fu_62165_p2  |         -|   0|  0|  21|           1|          14|
    |sub_ln73_4724_fu_63324_p2  |         -|   0|  0|  22|          15|          15|
    |sub_ln73_4725_fu_63381_p2  |         -|   0|  0|  20|          13|          13|
    |sub_ln73_4726_fu_63476_p2  |         -|   0|  0|  20|           1|          13|
    |sub_ln73_4727_fu_62193_p2  |         -|   0|  0|  22|           1|          15|
    |sub_ln73_4728_fu_63510_p2  |         -|   0|  0|  23|          16|          16|
    |sub_ln73_4729_fu_62239_p2  |         -|   0|  0|  23|           1|          16|
    |sub_ln73_4730_fu_63593_p2  |         -|   0|  0|  24|          17|          17|
    |sub_ln73_4731_fu_63715_p2  |         -|   0|  0|  20|          13|          13|
    |sub_ln73_4732_fu_63815_p2  |         -|   0|  0|  18|           1|          11|
    |sub_ln73_4733_fu_63943_p2  |         -|   0|  0|  21|          14|          14|
    |sub_ln73_4734_fu_63989_p2  |         -|   0|  0|  18|           1|          11|
    |sub_ln73_4735_fu_64052_p2  |         -|   0|  0|  22|          15|          15|
    |sub_ln73_4736_fu_62272_p2  |         -|   0|  0|  21|           1|          14|
    |sub_ln73_4737_fu_64111_p2  |         -|   0|  0|  22|          15|          15|
    |sub_ln73_4738_fu_64149_p2  |         -|   0|  0|  22|          15|          15|
    |sub_ln73_4739_fu_62300_p2  |         -|   0|  0|  23|           1|          16|
    |sub_ln73_4740_fu_64207_p2  |         -|   0|  0|  24|          17|          17|
    |sub_ln73_4741_fu_65788_p2  |         -|   0|  0|  21|           1|          14|
    |sub_ln73_4742_fu_64340_p2  |         -|   0|  0|  22|          15|          15|
    |sub_ln73_4743_fu_64422_p2  |         -|   0|  0|  20|           1|          13|
    |sub_ln73_4744_fu_64540_p2  |         -|   0|  0|  18|           1|          11|
    |sub_ln73_4745_fu_62369_p2  |         -|   0|  0|  20|           1|          13|
    |sub_ln73_4746_fu_64654_p2  |         -|   0|  0|  21|          14|          14|
    |sub_ln73_4747_fu_62415_p2  |         -|   0|  0|  21|          14|          14|
    |sub_ln73_4748_fu_62443_p2  |         -|   0|  0|  22|           1|          15|
    |sub_ln73_4749_fu_64876_p2  |         -|   0|  0|  23|          16|          16|
    |sub_ln73_4750_fu_62469_p2  |         -|   0|  0|  21|           1|          14|
    |sub_ln73_4751_fu_64966_p2  |         -|   0|  0|  18|           1|          11|
    |sub_ln73_4752_fu_62527_p2  |         -|   0|  0|  22|           1|          15|
    |sub_ln73_4753_fu_65111_p2  |         -|   0|  0|  23|          16|          16|
    |sub_ln73_4754_fu_62565_p2  |         -|   0|  0|  19|           1|          12|
    |sub_ln73_4755_fu_65170_p2  |         -|   0|  0|  20|          13|          13|
    |sub_ln73_4756_fu_65215_p2  |         -|   0|  0|  21|          14|          14|
    |sub_ln73_4757_fu_62593_p2  |         -|   0|  0|  21|           1|          14|
    |sub_ln73_4758_fu_65247_p2  |         -|   0|  0|  22|          15|          15|
    |sub_ln73_4759_fu_65263_p2  |         -|   0|  0|  18|           1|          11|
    |sub_ln73_5008_fu_62691_p2  |         -|   0|  0|  21|          14|          14|
    |sub_ln73_5009_fu_62765_p2  |         -|   0|  0|  19|          12|          12|
    |sub_ln73_5010_fu_63034_p2  |         -|   0|  0|  21|          14|          14|
    |sub_ln73_5011_fu_63653_p2  |         -|   0|  0|  21|          14|          14|
    |sub_ln73_5012_fu_64377_p2  |         -|   0|  0|  19|          12|          12|
    |sub_ln73_5013_fu_64693_p2  |         -|   0|  0|  19|          12|          12|
    |sub_ln73_5014_fu_64780_p2  |         -|   0|  0|  22|          15|          15|
    |sub_ln73_fu_63228_p2       |         -|   0|  0|  17|           1|          10|
    +---------------------------+----------+----+---+----+------------+------------+
    |Total                      |          |   0|  0|5215|        3118|        3445|
    +---------------------------+----------+----+---+----+------------+------------+

    * Multiplexer: 
    +--------------+----+-----------+-----+-----------+
    |     Name     | LUT| Input Size| Bits| Total Bits|
    +--------------+----+-----------+-----+-----------+
    |ap_return_0   |  14|          3|   16|         48|
    |ap_return_1   |  14|          3|   16|         48|
    |ap_return_10  |  14|          3|   16|         48|
    |ap_return_11  |  14|          3|   16|         48|
    |ap_return_12  |  14|          3|   16|         48|
    |ap_return_2   |  14|          3|   16|         48|
    |ap_return_3   |  14|          3|   16|         48|
    |ap_return_4   |  14|          3|   16|         48|
    |ap_return_5   |  14|          3|   16|         48|
    |ap_return_6   |  14|          3|   16|         48|
    |ap_return_7   |  14|          3|   16|         48|
    |ap_return_8   |  14|          3|   16|         48|
    |ap_return_9   |  14|          3|   16|         48|
    +--------------+----+-----------+-----+-----------+
    |Total         | 182|         39|  208|        624|
    +--------------+----+-----------+-----+-----------+

    * Register: 
    +------------------------------------------+----+----+-----+-----------+
    |                   Name                   | FF | LUT| Bits| Const Bits|
    +------------------------------------------+----+----+-----+-----------+
    |add_ln58_251_reg_68798                    |  11|   0|   11|          0|
    |add_ln58_253_reg_68688                    |   9|   0|    9|          0|
    |add_ln58_254_reg_68803                    |  12|   0|   12|          0|
    |add_ln58_255_reg_69143                    |  13|   0|   13|          0|
    |add_ln58_256_reg_68808                    |  13|   0|   13|          0|
    |add_ln58_261_reg_68813                    |  11|   0|   11|          0|
    |add_ln58_262_reg_69148                    |  13|   0|   13|          0|
    |add_ln58_263_reg_69318                    |  15|   0|   15|          0|
    |add_ln58_265_reg_68818                    |  10|   0|   10|          0|
    |add_ln58_266_reg_68693                    |  11|   0|   11|          0|
    |add_ln58_268_reg_68823                    |  12|   0|   12|          0|
    |add_ln58_269_reg_69153                    |  13|   0|   13|          0|
    |add_ln58_272_reg_68828                    |  12|   0|   12|          0|
    |add_ln58_273_reg_68833                    |  13|   0|   13|          0|
    |add_ln58_276_reg_69158                    |  14|   0|   14|          0|
    |add_ln58_277_reg_69323                    |  15|   0|   15|          0|
    |add_ln58_279_reg_68838                    |  12|   0|   12|          0|
    |add_ln58_281_reg_68698                    |  10|   0|   10|          0|
    |add_ln58_282_reg_68843                    |  12|   0|   12|          0|
    |add_ln58_283_reg_69163                    |  13|   0|   13|          0|
    |add_ln58_285_reg_68703                    |   9|   0|    9|          0|
    |add_ln58_286_reg_68848                    |  11|   0|   11|          0|
    |add_ln58_287_reg_68853                    |  13|   0|   13|          0|
    |add_ln58_288_reg_68858                    |  10|   0|   10|          0|
    |add_ln58_290_reg_69168                    |  13|   0|   13|          0|
    |add_ln58_291_reg_69328                    |  15|   0|   15|          0|
    |add_ln58_293_reg_69173                    |  12|   0|   12|          0|
    |add_ln58_294_reg_68863                    |  12|   0|   12|          0|
    |add_ln58_295_reg_68868                    |  11|   0|   11|          0|
    |add_ln58_296_reg_69178                    |  13|   0|   13|          0|
    |add_ln58_297_reg_69333                    |  14|   0|   14|          0|
    |add_ln58_298_reg_68873                    |  12|   0|   12|          0|
    |add_ln58_299_reg_68878                    |  11|   0|   11|          0|
    |add_ln58_300_reg_69183                    |  13|   0|   13|          0|
    |add_ln58_302_reg_68883                    |  12|   0|   12|          0|
    |add_ln58_303_reg_69188                    |  13|   0|   13|          0|
    |add_ln58_304_reg_69338                    |  14|   0|   14|          0|
    |add_ln58_306_reg_68888                    |  12|   0|   12|          0|
    |add_ln58_307_reg_69193                    |  13|   0|   13|          0|
    |add_ln58_308_reg_68893                    |  12|   0|   12|          0|
    |add_ln58_309_reg_68898                    |  12|   0|   12|          0|
    |add_ln58_310_reg_69198                    |  13|   0|   13|          0|
    |add_ln58_311_reg_69343                    |  14|   0|   14|          0|
    |add_ln58_312_reg_68903                    |  13|   0|   13|          0|
    |add_ln58_313_reg_68708                    |   9|   0|    9|          0|
    |add_ln58_313_reg_68708_pp0_iter2_reg      |   9|   0|    9|          0|
    |add_ln58_316_reg_68713                    |  11|   0|   11|          0|
    |add_ln58_317_reg_68908                    |  12|   0|   12|          0|
    |add_ln58_318_reg_69203                    |  13|   0|   13|          0|
    |add_ln58_318_reg_69203_pp0_iter4_reg      |  13|   0|   13|          0|
    |add_ln58_320_reg_68913                    |  11|   0|   11|          0|
    |add_ln58_321_reg_69208                    |  12|   0|   12|          0|
    |add_ln58_322_reg_68918                    |  10|   0|   10|          0|
    |add_ln58_323_reg_68923                    |  12|   0|   12|          0|
    |add_ln58_324_reg_69213                    |  13|   0|   13|          0|
    |add_ln58_325_reg_69348                    |  14|   0|   14|          0|
    |add_ln58_326_reg_68928                    |  12|   0|   12|          0|
    |add_ln58_327_reg_68933                    |  12|   0|   12|          0|
    |add_ln58_328_reg_69218                    |  13|   0|   13|          0|
    |add_ln58_329_reg_68938                    |  12|   0|   12|          0|
    |add_ln58_330_reg_68943                    |  11|   0|   11|          0|
    |add_ln58_331_reg_69223                    |  13|   0|   13|          0|
    |add_ln58_332_reg_69353                    |  14|   0|   14|          0|
    |add_ln58_334_reg_68718                    |   7|   0|    7|          0|
    |add_ln58_335_reg_68948                    |  11|   0|   11|          0|
    |add_ln58_335_reg_68948_pp0_iter3_reg      |  11|   0|   11|          0|
    |add_ln58_337_reg_68953                    |  13|   0|   13|          0|
    |add_ln58_338_reg_69228                    |  14|   0|   14|          0|
    |add_ln58_339_reg_69358                    |  15|   0|   15|          0|
    |add_ln58_340_reg_68958                    |  13|   0|   13|          0|
    |add_ln58_341_reg_69233                    |  14|   0|   14|          0|
    |add_ln58_342_reg_68963                    |  13|   0|   13|          0|
    |add_ln58_343_reg_68968                    |  10|   0|   10|          0|
    |add_ln58_344_reg_69238                    |  14|   0|   14|          0|
    |add_ln58_345_reg_69363                    |  15|   0|   15|          0|
    |add_ln58_348_reg_68973                    |  12|   0|   12|          0|
    |add_ln58_348_reg_68973_pp0_iter3_reg      |  12|   0|   12|          0|
    |add_ln58_349_reg_68978                    |  11|   0|   11|          0|
    |add_ln58_350_reg_68983                    |  12|   0|   12|          0|
    |add_ln58_351_reg_69243                    |  13|   0|   13|          0|
    |add_ln58_352_reg_69368                    |  14|   0|   14|          0|
    |add_ln58_353_reg_68988                    |  13|   0|   13|          0|
    |add_ln58_354_reg_68993                    |  13|   0|   13|          0|
    |add_ln58_356_reg_68723                    |  10|   0|   10|          0|
    |add_ln58_358_reg_68998                    |  12|   0|   12|          0|
    |add_ln58_359_reg_69248                    |  14|   0|   14|          0|
    |add_ln58_359_reg_69248_pp0_iter4_reg      |  14|   0|   14|          0|
    |add_ln58_361_reg_69003                    |  12|   0|   12|          0|
    |add_ln58_362_reg_69253                    |  13|   0|   13|          0|
    |add_ln58_363_reg_69008                    |  11|   0|   11|          0|
    |add_ln58_364_reg_69013                    |  12|   0|   12|          0|
    |add_ln58_365_reg_69258                    |  13|   0|   13|          0|
    |add_ln58_366_reg_69373                    |  14|   0|   14|          0|
    |add_ln58_367_reg_69018                    |  11|   0|   11|          0|
    |add_ln58_369_reg_69263                    |  13|   0|   13|          0|
    |add_ln58_370_reg_69023                    |  12|   0|   12|          0|
    |add_ln58_371_reg_69028                    |  12|   0|   12|          0|
    |add_ln58_372_reg_69268                    |  13|   0|   13|          0|
    |add_ln58_373_reg_69378                    |  14|   0|   14|          0|
    |add_ln58_376_reg_69033                    |  12|   0|   12|          0|
    |add_ln58_377_reg_69038                    |  12|   0|   12|          0|
    |add_ln58_378_reg_69043                    |  13|   0|   13|          0|
    |add_ln58_380_reg_69273                    |  14|   0|   14|          0|
    |add_ln58_380_reg_69273_pp0_iter4_reg      |  14|   0|   14|          0|
    |add_ln58_381_reg_69048                    |  13|   0|   13|          0|
    |add_ln58_382_reg_69053                    |  12|   0|   12|          0|
    |add_ln58_383_reg_69278                    |  14|   0|   14|          0|
    |add_ln58_384_reg_69058                    |  13|   0|   13|          0|
    |add_ln58_385_reg_69063                    |  13|   0|   13|          0|
    |add_ln58_386_reg_69283                    |  14|   0|   14|          0|
    |add_ln58_387_reg_69383                    |  15|   0|   15|          0|
    |add_ln58_389_reg_69068                    |  11|   0|   11|          0|
    |add_ln58_390_reg_69288                    |  12|   0|   12|          0|
    |add_ln58_391_reg_69073                    |  12|   0|   12|          0|
    |add_ln58_392_reg_69078                    |  11|   0|   11|          0|
    |add_ln58_393_reg_69293                    |  13|   0|   13|          0|
    |add_ln58_394_reg_69388                    |  14|   0|   14|          0|
    |add_ln58_395_reg_69083                    |  12|   0|   12|          0|
    |add_ln58_396_reg_69088                    |  12|   0|   12|          0|
    |add_ln58_397_reg_69298                    |  13|   0|   13|          0|
    |add_ln58_398_reg_69093                    |  13|   0|   13|          0|
    |add_ln58_398_reg_69093_pp0_iter3_reg      |  13|   0|   13|          0|
    |add_ln58_401_reg_69393                    |  14|   0|   14|          0|
    |add_ln58_403_reg_68728                    |   8|   0|    8|          0|
    |add_ln58_404_reg_69098                    |  11|   0|   11|          0|
    |add_ln58_406_reg_68733                    |   9|   0|    9|          0|
    |add_ln58_407_reg_69103                    |  12|   0|   12|          0|
    |add_ln58_408_reg_69303                    |  13|   0|   13|          0|
    |add_ln58_409_reg_69108                    |  14|   0|   14|          0|
    |add_ln58_410_reg_69113                    |  13|   0|   13|          0|
    |add_ln58_414_reg_69118                    |  12|   0|   12|          0|
    |add_ln58_415_reg_69308                    |  14|   0|   14|          0|
    |add_ln58_416_reg_69398                    |  15|   0|   15|          0|
    |add_ln58_418_reg_69123                    |  11|   0|   11|          0|
    |add_ln58_421_reg_69128                    |  11|   0|   11|          0|
    |add_ln58_422_reg_69313                    |  12|   0|   12|          0|
    |add_ln58_424_reg_68738                    |  13|   0|   13|          0|
    |add_ln58_426_reg_68743                    |  10|   0|   10|          0|
    |add_ln58_429_reg_69133                    |  14|   0|   14|          0|
    |add_ln58_429_reg_69133_pp0_iter3_reg      |  14|   0|   14|          0|
    |add_ln58_430_reg_69403                    |  15|   0|   15|          0|
    |ap_ce_reg                                 |   1|   0|    1|          0|
    |ap_return_0_int_reg                       |  16|   0|   16|          0|
    |ap_return_10_int_reg                      |  16|   0|   16|          0|
    |ap_return_11_int_reg                      |  16|   0|   16|          0|
    |ap_return_12_int_reg                      |  16|   0|   16|          0|
    |ap_return_1_int_reg                       |  16|   0|   16|          0|
    |ap_return_2_int_reg                       |  16|   0|   16|          0|
    |ap_return_3_int_reg                       |  16|   0|   16|          0|
    |ap_return_4_int_reg                       |  16|   0|   16|          0|
    |ap_return_5_int_reg                       |  16|   0|   16|          0|
    |ap_return_6_int_reg                       |  16|   0|   16|          0|
    |ap_return_7_int_reg                       |  16|   0|   16|          0|
    |ap_return_8_int_reg                       |  16|   0|   16|          0|
    |ap_return_9_int_reg                       |  16|   0|   16|          0|
    |data_10_val_int_reg                       |   9|   0|    9|          0|
    |data_10_val_read_reg_67751                |   9|   0|    9|          0|
    |data_12_val_int_reg                       |   9|   0|    9|          0|
    |data_12_val_read_reg_67739                |   9|   0|    9|          0|
    |data_14_val_int_reg                       |   9|   0|    9|          0|
    |data_14_val_read_reg_67728                |   9|   0|    9|          0|
    |data_17_val_int_reg                       |   9|   0|    9|          0|
    |data_17_val_read_reg_67714                |   9|   0|    9|          0|
    |data_20_val_int_reg                       |   9|   0|    9|          0|
    |data_20_val_read_reg_67703                |   9|   0|    9|          0|
    |data_23_val_int_reg                       |   9|   0|    9|          0|
    |data_23_val_read_reg_67691                |   9|   0|    9|          0|
    |data_23_val_read_reg_67691_pp0_iter1_reg  |   9|   0|    9|          0|
    |data_24_val_int_reg                       |   9|   0|    9|          0|
    |data_24_val_read_reg_67680                |   9|   0|    9|          0|
    |data_26_val_int_reg                       |   9|   0|    9|          0|
    |data_26_val_read_reg_67666                |   9|   0|    9|          0|
    |data_28_val_int_reg                       |   9|   0|    9|          0|
    |data_28_val_read_reg_67657                |   9|   0|    9|          0|
    |data_30_val_int_reg                       |   9|   0|    9|          0|
    |data_30_val_read_reg_67647                |   9|   0|    9|          0|
    |data_30_val_read_reg_67647_pp0_iter1_reg  |   9|   0|    9|          0|
    |data_31_val_int_reg                       |   9|   0|    9|          0|
    |data_31_val_read_reg_67637                |   9|   0|    9|          0|
    |data_3_val_int_reg                        |   9|   0|    9|          0|
    |data_3_val_read_reg_67787                 |   9|   0|    9|          0|
    |data_3_val_read_reg_67787_pp0_iter1_reg   |   9|   0|    9|          0|
    |data_4_val_int_reg                        |   9|   0|    9|          0|
    |data_4_val_read_reg_67774                 |   9|   0|    9|          0|
    |data_4_val_read_reg_67774_pp0_iter1_reg   |   9|   0|    9|          0|
    |data_7_val_int_reg                        |   9|   0|    9|          0|
    |data_7_val_read_reg_67762                 |   9|   0|    9|          0|
    |mult_5537_reg_68758                       |  13|   0|   13|          0|
    |mult_5538_reg_68080                       |  13|   0|   13|          0|
    |mult_568_reg_67882                        |   8|   0|    8|          0|
    |mult_568_reg_67882_pp0_iter1_reg          |   8|   0|    8|          0|
    |mult_570_reg_68492                        |   9|   0|    9|          0|
    |mult_571_reg_67943                        |   4|   0|    4|          0|
    |mult_571_reg_67943_pp0_iter1_reg          |   4|   0|    4|          0|
    |mult_572_reg_68578                        |   8|   0|    8|          0|
    |mult_573_reg_67958                        |   8|   0|    8|          0|
    |mult_574_reg_67963                        |   7|   0|    7|          0|
    |mult_574_reg_67963_pp0_iter1_reg          |   7|   0|    7|          0|
    |mult_575_reg_68593                        |   7|   0|    7|          0|
    |mult_577_reg_67973                        |   4|   0|    4|          0|
    |mult_578_reg_67978                        |   5|   0|    5|          0|
    |mult_578_reg_67978_pp0_iter1_reg          |   5|   0|    5|          0|
    |mult_579_reg_67994                        |   4|   0|    4|          0|
    |mult_579_reg_67994_pp0_iter1_reg          |   4|   0|    4|          0|
    |mult_580_reg_68678                        |   9|   0|    9|          0|
    |mult_reg_68748                            |   7|   0|    7|          0|
    |mult_s_reg_67827                          |   8|   0|    8|          0|
    |mult_s_reg_67827_pp0_iter1_reg            |   8|   0|    8|          0|
    |sext_ln73_3653_reg_69138                  |  11|   0|   11|          0|
    |sub_ln73_4714_reg_68065                   |  10|   0|   14|          4|
    |sub_ln73_4717_reg_67810                   |  10|   0|   17|          7|
    |sub_ln73_4719_reg_67832                   |  10|   0|   16|          6|
    |sub_ln73_4721_reg_67842                   |  10|   0|   15|          5|
    |sub_ln73_4723_reg_67847                   |  10|   0|   14|          4|
    |sub_ln73_4727_reg_67857                   |  10|   0|   15|          5|
    |sub_ln73_4729_reg_67867                   |  10|   0|   16|          6|
    |sub_ln73_4736_reg_67877                   |  10|   0|   14|          4|
    |sub_ln73_4739_reg_67887                   |  10|   0|   16|          6|
    |sub_ln73_4745_reg_67918                   |  10|   0|   13|          3|
    |sub_ln73_4748_reg_67933                   |  10|   0|   15|          5|
    |sub_ln73_4752_reg_67968                   |  10|   0|   15|          5|
    |sub_ln73_4754_reg_67983                   |  10|   0|   12|          2|
    |sub_ln73_4757_reg_67999                   |  10|   0|   14|          4|
    |tmp_2904_reg_68753                        |  11|   0|   11|          0|
    |tmp_2906_reg_68763                        |  11|   0|   11|          0|
    |tmp_2907_reg_68045                        |   9|   0|    9|          0|
    |tmp_2908_reg_67805                        |   9|   0|    9|          0|
    |tmp_2908_reg_67805_pp0_iter1_reg          |   9|   0|    9|          0|
    |tmp_2910_reg_68060                        |   8|   0|    8|          0|
    |tmp_2911_reg_68070                        |   9|   0|    9|          0|
    |tmp_2912_reg_68778                        |  11|   0|   11|          0|
    |tmp_2913_reg_68085                        |  10|   0|   10|          0|
    |tmp_2914_reg_68095                        |   9|   0|    9|          0|
    |tmp_2915_reg_68105                        |  11|   0|   11|          0|
    |tmp_2915_reg_68105_pp0_iter2_reg          |  11|   0|   11|          0|
    |tmp_2917_reg_68135                        |   9|   0|    9|          0|
    |tmp_2918_reg_68140                        |   8|   0|    8|          0|
    |tmp_2919_reg_68180                        |  10|   0|   10|          0|
    |tmp_2920_reg_68185                        |  10|   0|   10|          0|
    |tmp_2921_reg_68200                        |   9|   0|    9|          0|
    |tmp_2922_reg_68225                        |  10|   0|   10|          0|
    |tmp_2923_reg_68245                        |  10|   0|   10|          0|
    |tmp_2924_reg_67872                        |   8|   0|    8|          0|
    |tmp_2926_reg_68255                        |   9|   0|    9|          0|
    |tmp_2927_reg_68260                        |  11|   0|   11|          0|
    |tmp_2927_reg_68260_pp0_iter2_reg          |  11|   0|   11|          0|
    |tmp_2928_reg_68280                        |  10|   0|   10|          0|
    |tmp_2929_reg_68355                        |   8|   0|    8|          0|
    |tmp_2930_reg_68375                        |  10|   0|   10|          0|
    |tmp_2931_reg_68400                        |  10|   0|   10|          0|
    |tmp_2932_reg_68405                        |  10|   0|   10|          0|
    |tmp_2935_reg_67897                        |   5|   0|    5|          0|
    |tmp_2936_reg_68446                        |  10|   0|   10|          0|
    |tmp_2937_reg_68451                        |  11|   0|   11|          0|
    |tmp_2938_reg_68482                        |   9|   0|    9|          0|
    |tmp_2939_reg_68487                        |  11|   0|   11|          0|
    |tmp_2940_reg_68502                        |   9|   0|    9|          0|
    |tmp_2941_reg_67923                        |   9|   0|    9|          0|
    |tmp_2944_reg_68538                        |  11|   0|   11|          0|
    |tmp_2945_reg_67938                        |   9|   0|    9|          0|
    |tmp_2946_reg_68563                        |   8|   0|    8|          0|
    |tmp_2947_reg_68648                        |  10|   0|   10|          0|
    |tmp_2948_reg_68663                        |  10|   0|   10|          0|
    |tmp_reg_68010                             |  10|   0|   10|          0|
    |trunc_ln17_2_reg_68265                    |  11|   0|   11|          0|
    |trunc_ln17_4_reg_68410                    |  10|   0|   10|          0|
    |trunc_ln17_5_reg_68430                    |  10|   0|   10|          0|
    |trunc_ln17_6_reg_68548                    |  10|   0|   10|          0|
    |trunc_ln17_7_reg_67953                    |   9|   0|    9|          0|
    |trunc_ln17_8_reg_68115                    |  11|   0|   11|          0|
    |trunc_ln17_9_reg_68130                    |  11|   0|   11|          0|
    |trunc_ln17_s_reg_68040                    |  11|   0|   11|          0|
    |trunc_ln42_100_reg_67852                  |  12|   0|   12|          0|
    |trunc_ln42_101_reg_68195                  |   8|   0|    8|          0|
    |trunc_ln42_103_reg_68205                  |  11|   0|   11|          0|
    |trunc_ln42_104_reg_67862                  |  10|   0|   10|          0|
    |trunc_ln42_104_reg_67862_pp0_iter1_reg    |  10|   0|   10|          0|
    |trunc_ln42_105_reg_68210                  |  11|   0|   11|          0|
    |trunc_ln42_106_reg_68215                  |  12|   0|   12|          0|
    |trunc_ln42_107_reg_68220                  |  11|   0|   11|          0|
    |trunc_ln42_108_reg_68230                  |  11|   0|   11|          0|
    |trunc_ln42_109_reg_68235                  |  10|   0|   10|          0|
    |trunc_ln42_110_reg_68240                  |  12|   0|   12|          0|
    |trunc_ln42_111_reg_68250                  |   9|   0|    9|          0|
    |trunc_ln42_113_reg_68270                  |  10|   0|   10|          0|
    |trunc_ln42_113_reg_68270_pp0_iter2_reg    |  10|   0|   10|          0|
    |trunc_ln42_114_reg_68275                  |  12|   0|   12|          0|
    |trunc_ln42_115_reg_68285                  |  11|   0|   11|          0|
    |trunc_ln42_116_reg_68290                  |   9|   0|    9|          0|
    |trunc_ln42_117_reg_68295                  |   9|   0|    9|          0|
    |trunc_ln42_119_reg_68300                  |  12|   0|   12|          0|
    |trunc_ln42_120_reg_68305                  |   5|   0|    5|          0|
    |trunc_ln42_121_reg_68310                  |  12|   0|   12|          0|
    |trunc_ln42_122_reg_68315                  |  10|   0|   10|          0|
    |trunc_ln42_123_reg_68320                  |  11|   0|   11|          0|
    |trunc_ln42_124_reg_68325                  |   9|   0|    9|          0|
    |trunc_ln42_125_reg_68330                  |   6|   0|    6|          0|
    |trunc_ln42_126_reg_68335                  |  11|   0|   11|          0|
    |trunc_ln42_127_reg_68340                  |  12|   0|   12|          0|
    |trunc_ln42_128_reg_68345                  |   7|   0|    7|          0|
    |trunc_ln42_129_reg_68350                  |  10|   0|   10|          0|
    |trunc_ln42_130_reg_68360                  |  10|   0|   10|          0|
    |trunc_ln42_131_reg_68365                  |  10|   0|   10|          0|
    |trunc_ln42_132_reg_68370                  |  10|   0|   10|          0|
    |trunc_ln42_133_reg_68380                  |  11|   0|   11|          0|
    |trunc_ln42_134_reg_68385                  |  12|   0|   12|          0|
    |trunc_ln42_135_reg_68390                  |  12|   0|   12|          0|
    |trunc_ln42_136_reg_68395                  |  10|   0|   10|          0|
    |trunc_ln42_137_reg_67892                  |   9|   0|    9|          0|
    |trunc_ln42_138_reg_68783                  |   9|   0|    9|          0|
    |trunc_ln42_139_reg_68415                  |  10|   0|   10|          0|
    |trunc_ln42_140_reg_68420                  |  10|   0|   10|          0|
    |trunc_ln42_141_reg_68425                  |   7|   0|    7|          0|
    |trunc_ln42_142_reg_68436                  |  10|   0|   10|          0|
    |trunc_ln42_143_reg_68441                  |   8|   0|    8|          0|
    |trunc_ln42_144_reg_68462                  |   5|   0|    5|          0|
    |trunc_ln42_144_reg_68462_pp0_iter2_reg    |   5|   0|    5|          0|
    |trunc_ln42_145_reg_67902                  |  10|   0|   10|          0|
    |trunc_ln42_145_reg_67902_pp0_iter1_reg    |  10|   0|   10|          0|
    |trunc_ln42_146_reg_68467                  |   9|   0|    9|          0|
    |trunc_ln42_147_reg_68788                  |  12|   0|   12|          0|
    |trunc_ln42_148_reg_67907                  |  10|   0|   10|          0|
    |trunc_ln42_149_reg_68472                  |   6|   0|    6|          0|
    |trunc_ln42_150_reg_68477                  |  12|   0|   12|          0|
    |trunc_ln42_151_reg_68793                  |  12|   0|   12|          0|
    |trunc_ln42_152_reg_68497                  |   8|   0|    8|          0|
    |trunc_ln42_153_reg_68507                  |   9|   0|    9|          0|
    |trunc_ln42_154_reg_68512                  |  12|   0|   12|          0|
    |trunc_ln42_155_reg_68517                  |   7|   0|    7|          0|
    |trunc_ln42_155_reg_68517_pp0_iter2_reg    |   7|   0|    7|          0|
    |trunc_ln42_156_reg_68523                  |   9|   0|    9|          0|
    |trunc_ln42_157_reg_68528                  |  10|   0|   10|          0|
    |trunc_ln42_159_reg_68533                  |  10|   0|   10|          0|
    |trunc_ln42_159_reg_68533_pp0_iter2_reg    |  10|   0|   10|          0|
    |trunc_ln42_160_reg_68543                  |  11|   0|   11|          0|
    |trunc_ln42_161_reg_67928                  |   9|   0|    9|          0|
    |trunc_ln42_161_reg_67928_pp0_iter1_reg    |   9|   0|    9|          0|
    |trunc_ln42_162_reg_68553                  |  11|   0|   11|          0|
    |trunc_ln42_163_reg_68558                  |   8|   0|    8|          0|
    |trunc_ln42_164_reg_68568                  |  12|   0|   12|          0|
    |trunc_ln42_165_reg_67948                  |   9|   0|    9|          0|
    |trunc_ln42_166_reg_68573                  |   6|   0|    6|          0|
    |trunc_ln42_167_reg_68583                  |  12|   0|   12|          0|
    |trunc_ln42_168_reg_68588                  |  12|   0|   12|          0|
    |trunc_ln42_169_reg_68598                  |  10|   0|   10|          0|
    |trunc_ln42_170_reg_68603                  |  11|   0|   11|          0|
    |trunc_ln42_171_reg_68608                  |  10|   0|   10|          0|
    |trunc_ln42_172_reg_68613                  |  11|   0|   11|          0|
    |trunc_ln42_173_reg_68618                  |  11|   0|   11|          0|
    |trunc_ln42_174_reg_68623                  |  10|   0|   10|          0|
    |trunc_ln42_175_reg_68628                  |  11|   0|   11|          0|
    |trunc_ln42_176_reg_68633                  |   8|   0|    8|          0|
    |trunc_ln42_177_reg_68638                  |  10|   0|   10|          0|
    |trunc_ln42_177_reg_68638_pp0_iter2_reg    |  10|   0|   10|          0|
    |trunc_ln42_178_reg_68643                  |   9|   0|    9|          0|
    |trunc_ln42_179_reg_68653                  |  10|   0|   10|          0|
    |trunc_ln42_180_reg_68658                  |   6|   0|    6|          0|
    |trunc_ln42_181_reg_68668                  |  11|   0|   11|          0|
    |trunc_ln42_182_reg_68673                  |  12|   0|   12|          0|
    |trunc_ln42_183_reg_68683                  |   9|   0|    9|          0|
    |trunc_ln42_75_reg_68020                   |  12|   0|   12|          0|
    |trunc_ln42_76_reg_68025                   |   9|   0|    9|          0|
    |trunc_ln42_77_reg_68030                   |  12|   0|   12|          0|
    |trunc_ln42_78_reg_68035                   |  11|   0|   11|          0|
    |trunc_ln42_80_reg_68050                   |   9|   0|    9|          0|
    |trunc_ln42_81_reg_68768                   |  10|   0|   10|          0|
    |trunc_ln42_83_reg_68773                   |  10|   0|   10|          0|
    |trunc_ln42_84_reg_68075                   |  10|   0|   10|          0|
    |trunc_ln42_85_reg_67815                   |   9|   0|    9|          0|
    |trunc_ln42_86_reg_68090                   |  11|   0|   11|          0|
    |trunc_ln42_87_reg_68100                   |   9|   0|    9|          0|
    |trunc_ln42_88_reg_68110                   |   9|   0|    9|          0|
    |trunc_ln42_89_reg_68120                   |  10|   0|   10|          0|
    |trunc_ln42_90_reg_68125                   |  12|   0|   12|          0|
    |trunc_ln42_91_reg_68145                   |   9|   0|    9|          0|
    |trunc_ln42_93_reg_68150                   |  10|   0|   10|          0|
    |trunc_ln42_94_reg_68155                   |  10|   0|   10|          0|
    |trunc_ln42_95_reg_68160                   |  11|   0|   11|          0|
    |trunc_ln42_96_reg_68165                   |  11|   0|   11|          0|
    |trunc_ln42_97_reg_68170                   |  10|   0|   10|          0|
    |trunc_ln42_98_reg_68175                   |  11|   0|   11|          0|
    |trunc_ln42_99_reg_68190                   |   8|   0|    8|          0|
    |trunc_ln42_s_reg_68015                    |  10|   0|   10|          0|
    |trunc_ln_reg_67800                        |  10|   0|   10|          0|
    |zext_ln42_32_reg_68055                    |   9|   0|   15|          6|
    |zext_ln42_37_reg_67820                    |   9|   0|   16|          7|
    |zext_ln42_50_reg_67837                    |   9|   0|   15|          6|
    |zext_ln42_reg_68004                       |   9|   0|   16|          7|
    |zext_ln73_3544_reg_68456                  |   9|   0|   17|          8|
    |zext_ln73_3552_reg_67912                  |   9|   0|   14|          5|
    |zext_ln73_3576_reg_67988                  |   9|   0|   14|          5|
    +------------------------------------------+----+----+-----+-----------+
    |Total                                     |4189|   0| 4299|        110|
    +------------------------------------------+----+----+-----+-----------+



================================================================
== Interface
================================================================
* Summary: 
+--------------+-----+-----+------------+-----------------------------------------------------------------------------+--------------+
|   RTL Ports  | Dir | Bits|  Protocol  |                                Source Object                                |    C Type    |
+--------------+-----+-----+------------+-----------------------------------------------------------------------------+--------------+
|ap_clk        |   in|    1|  ap_ctrl_hs|  dense_latency<ap_ufixed<9, 0, 4, 0, 0>, ap_fixed<16, 6, 5, 3, 0>, config16>|  return value|
|ap_rst        |   in|    1|  ap_ctrl_hs|  dense_latency<ap_ufixed<9, 0, 4, 0, 0>, ap_fixed<16, 6, 5, 3, 0>, config16>|  return value|
|ap_return_0   |  out|   16|  ap_ctrl_hs|  dense_latency<ap_ufixed<9, 0, 4, 0, 0>, ap_fixed<16, 6, 5, 3, 0>, config16>|  return value|
|ap_return_1   |  out|   16|  ap_ctrl_hs|  dense_latency<ap_ufixed<9, 0, 4, 0, 0>, ap_fixed<16, 6, 5, 3, 0>, config16>|  return value|
|ap_return_2   |  out|   16|  ap_ctrl_hs|  dense_latency<ap_ufixed<9, 0, 4, 0, 0>, ap_fixed<16, 6, 5, 3, 0>, config16>|  return value|
|ap_return_3   |  out|   16|  ap_ctrl_hs|  dense_latency<ap_ufixed<9, 0, 4, 0, 0>, ap_fixed<16, 6, 5, 3, 0>, config16>|  return value|
|ap_return_4   |  out|   16|  ap_ctrl_hs|  dense_latency<ap_ufixed<9, 0, 4, 0, 0>, ap_fixed<16, 6, 5, 3, 0>, config16>|  return value|
|ap_return_5   |  out|   16|  ap_ctrl_hs|  dense_latency<ap_ufixed<9, 0, 4, 0, 0>, ap_fixed<16, 6, 5, 3, 0>, config16>|  return value|
|ap_return_6   |  out|   16|  ap_ctrl_hs|  dense_latency<ap_ufixed<9, 0, 4, 0, 0>, ap_fixed<16, 6, 5, 3, 0>, config16>|  return value|
|ap_return_7   |  out|   16|  ap_ctrl_hs|  dense_latency<ap_ufixed<9, 0, 4, 0, 0>, ap_fixed<16, 6, 5, 3, 0>, config16>|  return value|
|ap_return_8   |  out|   16|  ap_ctrl_hs|  dense_latency<ap_ufixed<9, 0, 4, 0, 0>, ap_fixed<16, 6, 5, 3, 0>, config16>|  return value|
|ap_return_9   |  out|   16|  ap_ctrl_hs|  dense_latency<ap_ufixed<9, 0, 4, 0, 0>, ap_fixed<16, 6, 5, 3, 0>, config16>|  return value|
|ap_return_10  |  out|   16|  ap_ctrl_hs|  dense_latency<ap_ufixed<9, 0, 4, 0, 0>, ap_fixed<16, 6, 5, 3, 0>, config16>|  return value|
|ap_return_11  |  out|   16|  ap_ctrl_hs|  dense_latency<ap_ufixed<9, 0, 4, 0, 0>, ap_fixed<16, 6, 5, 3, 0>, config16>|  return value|
|ap_return_12  |  out|   16|  ap_ctrl_hs|  dense_latency<ap_ufixed<9, 0, 4, 0, 0>, ap_fixed<16, 6, 5, 3, 0>, config16>|  return value|
|ap_ce         |   in|    1|  ap_ctrl_hs|  dense_latency<ap_ufixed<9, 0, 4, 0, 0>, ap_fixed<16, 6, 5, 3, 0>, config16>|  return value|
|data_3_val    |   in|    9|     ap_none|                                                                   data_3_val|        scalar|
|data_4_val    |   in|    9|     ap_none|                                                                   data_4_val|        scalar|
|data_7_val    |   in|    9|     ap_none|                                                                   data_7_val|        scalar|
|data_10_val   |   in|    9|     ap_none|                                                                  data_10_val|        scalar|
|data_12_val   |   in|    9|     ap_none|                                                                  data_12_val|        scalar|
|data_14_val   |   in|    9|     ap_none|                                                                  data_14_val|        scalar|
|data_17_val   |   in|    9|     ap_none|                                                                  data_17_val|        scalar|
|data_20_val   |   in|    9|     ap_none|                                                                  data_20_val|        scalar|
|data_23_val   |   in|    9|     ap_none|                                                                  data_23_val|        scalar|
|data_24_val   |   in|    9|     ap_none|                                                                  data_24_val|        scalar|
|data_26_val   |   in|    9|     ap_none|                                                                  data_26_val|        scalar|
|data_28_val   |   in|    9|     ap_none|                                                                  data_28_val|        scalar|
|data_30_val   |   in|    9|     ap_none|                                                                  data_30_val|        scalar|
|data_31_val   |   in|    9|     ap_none|                                                                  data_31_val|        scalar|
+--------------+-----+-----+------------+-----------------------------------------------------------------------------+--------------+

