

================================================================
== Vitis HLS Report for 'relu_ap_fixed_16_6_5_3_0_ap_ufixed_9_0_4_0_0_relu_config18_s'
================================================================
* Date:           Sat Oct 19 21:28:25 2024

* Version:        2023.2 (Build 4023990 on Oct 11 2023)
* Project:        JetTagger
* Solution:       solution1 (Vivado IP Flow Target)
* Product family: virtexuplus
* Target device:  xcvu13p-flga2577-2-e


================================================================
== Performance Estimates
================================================================
+ Timing: 
    * Summary: 
    +--------+---------+----------+------------+
    |  Clock |  Target | Estimated| Uncertainty|
    +--------+---------+----------+------------+
    |ap_clk  |  2.00 ns|  1.445 ns|     0.54 ns|
    +--------+---------+----------+------------+

+ Latency: 
    * Summary: 
    +---------+---------+----------+----------+-----+-----+---------+
    |  Latency (cycles) |  Latency (absolute) |  Interval | Pipeline|
    |   min   |   max   |    min   |    max   | min | max |   Type  |
    +---------+---------+----------+----------+-----+-----+---------+
    |        1|        1|  2.000 ns|  2.000 ns|    1|    1|      yes|
    +---------+---------+----------+----------+-----+-----+---------+

    + Detail: 
        * Instance: 
        N/A

        * Loop: 
        N/A



================================================================
== Utilization Estimates
================================================================
* Summary: 
+---------------------+---------+-------+---------+---------+------+
|         Name        | BRAM_18K|  DSP  |    FF   |   LUT   | URAM |
+---------------------+---------+-------+---------+---------+------+
|DSP                  |        -|      -|        -|        -|     -|
|Expression           |        -|      -|        0|     2504|     -|
|FIFO                 |        -|      -|        -|        -|     -|
|Instance             |        -|      -|        -|        -|     -|
|Memory               |        -|      -|        -|        -|     -|
|Multiplexer          |        -|      -|        -|      189|     -|
|Register             |        -|      -|      783|        -|     -|
+---------------------+---------+-------+---------+---------+------+
|Total                |        0|      0|      783|     2693|     0|
+---------------------+---------+-------+---------+---------+------+
|Available SLR        |     1344|   3072|   864000|   432000|   320|
+---------------------+---------+-------+---------+---------+------+
|Utilization SLR (%)  |        0|      0|       ~0|       ~0|     0|
+---------------------+---------+-------+---------+---------+------+
|Available            |     5376|  12288|  3456000|  1728000|  1280|
+---------------------+---------+-------+---------+---------+------+
|Utilization (%)      |        0|      0|       ~0|       ~0|     0|
+---------------------+---------+-------+---------+---------+------+

+ Detail: 
    * Instance: 
    N/A

    * DSP: 
    N/A

    * Memory: 
    N/A

    * FIFO: 
    N/A

    * Expression: 
    +-----------------------------+----------+----+---+----+------------+------------+
    |        Variable Name        | Operation| DSP| FF| LUT| Bitwidth P0| Bitwidth P1|
    +-----------------------------+----------+----+---+----+------------+------------+
    |add_ln46_939_fu_334_p2       |         +|   0|  0|  16|           9|           9|
    |add_ln46_940_fu_418_p2       |         +|   0|  0|  16|           9|           9|
    |add_ln46_941_fu_502_p2       |         +|   0|  0|  16|           9|           9|
    |add_ln46_942_fu_586_p2       |         +|   0|  0|  16|           9|           9|
    |add_ln46_943_fu_670_p2       |         +|   0|  0|  16|           9|           9|
    |add_ln46_944_fu_754_p2       |         +|   0|  0|  16|           9|           9|
    |add_ln46_945_fu_838_p2       |         +|   0|  0|  16|           9|           9|
    |add_ln46_946_fu_922_p2       |         +|   0|  0|  16|           9|           9|
    |add_ln46_947_fu_1006_p2      |         +|   0|  0|  16|           9|           9|
    |add_ln46_948_fu_1090_p2      |         +|   0|  0|  16|           9|           9|
    |add_ln46_949_fu_1174_p2      |         +|   0|  0|  16|           9|           9|
    |add_ln46_950_fu_1258_p2      |         +|   0|  0|  16|           9|           9|
    |add_ln46_951_fu_1342_p2      |         +|   0|  0|  16|           9|           9|
    |add_ln46_952_fu_1426_p2      |         +|   0|  0|  16|           9|           9|
    |add_ln46_953_fu_1510_p2      |         +|   0|  0|  16|           9|           9|
    |add_ln46_954_fu_1594_p2      |         +|   0|  0|  16|           9|           9|
    |add_ln46_955_fu_1678_p2      |         +|   0|  0|  16|           9|           9|
    |add_ln46_956_fu_1762_p2      |         +|   0|  0|  16|           9|           9|
    |add_ln46_957_fu_1846_p2      |         +|   0|  0|  16|           9|           9|
    |add_ln46_fu_250_p2           |         +|   0|  0|  16|           9|           9|
    |and_ln46_3109_fu_1922_p2     |       and|   0|  0|   2|           1|           1|
    |and_ln46_3110_fu_1933_p2     |       and|   0|  0|   2|           1|           1|
    |and_ln46_3111_fu_324_p2      |       and|   0|  0|   2|           1|           1|
    |and_ln46_3112_fu_2023_p2     |       and|   0|  0|   2|           1|           1|
    |and_ln46_3113_fu_2034_p2     |       and|   0|  0|   2|           1|           1|
    |and_ln46_3114_fu_408_p2      |       and|   0|  0|   2|           1|           1|
    |and_ln46_3115_fu_2124_p2     |       and|   0|  0|   2|           1|           1|
    |and_ln46_3116_fu_2135_p2     |       and|   0|  0|   2|           1|           1|
    |and_ln46_3117_fu_492_p2      |       and|   0|  0|   2|           1|           1|
    |and_ln46_3118_fu_2225_p2     |       and|   0|  0|   2|           1|           1|
    |and_ln46_3119_fu_2236_p2     |       and|   0|  0|   2|           1|           1|
    |and_ln46_3120_fu_576_p2      |       and|   0|  0|   2|           1|           1|
    |and_ln46_3121_fu_2326_p2     |       and|   0|  0|   2|           1|           1|
    |and_ln46_3122_fu_2337_p2     |       and|   0|  0|   2|           1|           1|
    |and_ln46_3123_fu_660_p2      |       and|   0|  0|   2|           1|           1|
    |and_ln46_3124_fu_2427_p2     |       and|   0|  0|   2|           1|           1|
    |and_ln46_3125_fu_2438_p2     |       and|   0|  0|   2|           1|           1|
    |and_ln46_3126_fu_744_p2      |       and|   0|  0|   2|           1|           1|
    |and_ln46_3127_fu_2528_p2     |       and|   0|  0|   2|           1|           1|
    |and_ln46_3128_fu_2539_p2     |       and|   0|  0|   2|           1|           1|
    |and_ln46_3129_fu_828_p2      |       and|   0|  0|   2|           1|           1|
    |and_ln46_3130_fu_2629_p2     |       and|   0|  0|   2|           1|           1|
    |and_ln46_3131_fu_2640_p2     |       and|   0|  0|   2|           1|           1|
    |and_ln46_3132_fu_912_p2      |       and|   0|  0|   2|           1|           1|
    |and_ln46_3133_fu_2730_p2     |       and|   0|  0|   2|           1|           1|
    |and_ln46_3134_fu_2741_p2     |       and|   0|  0|   2|           1|           1|
    |and_ln46_3135_fu_996_p2      |       and|   0|  0|   2|           1|           1|
    |and_ln46_3136_fu_2831_p2     |       and|   0|  0|   2|           1|           1|
    |and_ln46_3137_fu_2842_p2     |       and|   0|  0|   2|           1|           1|
    |and_ln46_3138_fu_1080_p2     |       and|   0|  0|   2|           1|           1|
    |and_ln46_3139_fu_2932_p2     |       and|   0|  0|   2|           1|           1|
    |and_ln46_3140_fu_2943_p2     |       and|   0|  0|   2|           1|           1|
    |and_ln46_3141_fu_1164_p2     |       and|   0|  0|   2|           1|           1|
    |and_ln46_3142_fu_3033_p2     |       and|   0|  0|   2|           1|           1|
    |and_ln46_3143_fu_3044_p2     |       and|   0|  0|   2|           1|           1|
    |and_ln46_3144_fu_1248_p2     |       and|   0|  0|   2|           1|           1|
    |and_ln46_3145_fu_3134_p2     |       and|   0|  0|   2|           1|           1|
    |and_ln46_3146_fu_3145_p2     |       and|   0|  0|   2|           1|           1|
    |and_ln46_3147_fu_1332_p2     |       and|   0|  0|   2|           1|           1|
    |and_ln46_3148_fu_3235_p2     |       and|   0|  0|   2|           1|           1|
    |and_ln46_3149_fu_3246_p2     |       and|   0|  0|   2|           1|           1|
    |and_ln46_3150_fu_1416_p2     |       and|   0|  0|   2|           1|           1|
    |and_ln46_3151_fu_3336_p2     |       and|   0|  0|   2|           1|           1|
    |and_ln46_3152_fu_3347_p2     |       and|   0|  0|   2|           1|           1|
    |and_ln46_3153_fu_1500_p2     |       and|   0|  0|   2|           1|           1|
    |and_ln46_3154_fu_3437_p2     |       and|   0|  0|   2|           1|           1|
    |and_ln46_3155_fu_3448_p2     |       and|   0|  0|   2|           1|           1|
    |and_ln46_3156_fu_1584_p2     |       and|   0|  0|   2|           1|           1|
    |and_ln46_3157_fu_3538_p2     |       and|   0|  0|   2|           1|           1|
    |and_ln46_3158_fu_3549_p2     |       and|   0|  0|   2|           1|           1|
    |and_ln46_3159_fu_1668_p2     |       and|   0|  0|   2|           1|           1|
    |and_ln46_3160_fu_3639_p2     |       and|   0|  0|   2|           1|           1|
    |and_ln46_3161_fu_3650_p2     |       and|   0|  0|   2|           1|           1|
    |and_ln46_3162_fu_1752_p2     |       and|   0|  0|   2|           1|           1|
    |and_ln46_3163_fu_3740_p2     |       and|   0|  0|   2|           1|           1|
    |and_ln46_3164_fu_3751_p2     |       and|   0|  0|   2|           1|           1|
    |and_ln46_3165_fu_1836_p2     |       and|   0|  0|   2|           1|           1|
    |and_ln46_3166_fu_3841_p2     |       and|   0|  0|   2|           1|           1|
    |and_ln46_3167_fu_3852_p2     |       and|   0|  0|   2|           1|           1|
    |and_ln46_4121_fu_1917_p2     |       and|   0|  0|   2|           1|           1|
    |and_ln46_4122_fu_1943_p2     |       and|   0|  0|   2|           1|           1|
    |and_ln46_4123_fu_2018_p2     |       and|   0|  0|   2|           1|           1|
    |and_ln46_4124_fu_2044_p2     |       and|   0|  0|   2|           1|           1|
    |and_ln46_4125_fu_2119_p2     |       and|   0|  0|   2|           1|           1|
    |and_ln46_4126_fu_2145_p2     |       and|   0|  0|   2|           1|           1|
    |and_ln46_4127_fu_2220_p2     |       and|   0|  0|   2|           1|           1|
    |and_ln46_4128_fu_2246_p2     |       and|   0|  0|   2|           1|           1|
    |and_ln46_4129_fu_2321_p2     |       and|   0|  0|   2|           1|           1|
    |and_ln46_4130_fu_2347_p2     |       and|   0|  0|   2|           1|           1|
    |and_ln46_4131_fu_2422_p2     |       and|   0|  0|   2|           1|           1|
    |and_ln46_4132_fu_2448_p2     |       and|   0|  0|   2|           1|           1|
    |and_ln46_4133_fu_2523_p2     |       and|   0|  0|   2|           1|           1|
    |and_ln46_4134_fu_2549_p2     |       and|   0|  0|   2|           1|           1|
    |and_ln46_4135_fu_2624_p2     |       and|   0|  0|   2|           1|           1|
    |and_ln46_4136_fu_2650_p2     |       and|   0|  0|   2|           1|           1|
    |and_ln46_4137_fu_2725_p2     |       and|   0|  0|   2|           1|           1|
    |and_ln46_4138_fu_2751_p2     |       and|   0|  0|   2|           1|           1|
    |and_ln46_4139_fu_2826_p2     |       and|   0|  0|   2|           1|           1|
    |and_ln46_4140_fu_2852_p2     |       and|   0|  0|   2|           1|           1|
    |and_ln46_4141_fu_2927_p2     |       and|   0|  0|   2|           1|           1|
    |and_ln46_4142_fu_2953_p2     |       and|   0|  0|   2|           1|           1|
    |and_ln46_4143_fu_3028_p2     |       and|   0|  0|   2|           1|           1|
    |and_ln46_4144_fu_3054_p2     |       and|   0|  0|   2|           1|           1|
    |and_ln46_4145_fu_3129_p2     |       and|   0|  0|   2|           1|           1|
    |and_ln46_4146_fu_3155_p2     |       and|   0|  0|   2|           1|           1|
    |and_ln46_4147_fu_3230_p2     |       and|   0|  0|   2|           1|           1|
    |and_ln46_4148_fu_3256_p2     |       and|   0|  0|   2|           1|           1|
    |and_ln46_4149_fu_3331_p2     |       and|   0|  0|   2|           1|           1|
    |and_ln46_4150_fu_3357_p2     |       and|   0|  0|   2|           1|           1|
    |and_ln46_4151_fu_3432_p2     |       and|   0|  0|   2|           1|           1|
    |and_ln46_4152_fu_3458_p2     |       and|   0|  0|   2|           1|           1|
    |and_ln46_4153_fu_3533_p2     |       and|   0|  0|   2|           1|           1|
    |and_ln46_4154_fu_3559_p2     |       and|   0|  0|   2|           1|           1|
    |and_ln46_4155_fu_3634_p2     |       and|   0|  0|   2|           1|           1|
    |and_ln46_4156_fu_3660_p2     |       and|   0|  0|   2|           1|           1|
    |and_ln46_4157_fu_3735_p2     |       and|   0|  0|   2|           1|           1|
    |and_ln46_4158_fu_3761_p2     |       and|   0|  0|   2|           1|           1|
    |and_ln46_4159_fu_3836_p2     |       and|   0|  0|   2|           1|           1|
    |and_ln46_4160_fu_3862_p2     |       and|   0|  0|   2|           1|           1|
    |and_ln46_fu_240_p2           |       and|   0|  0|   2|           1|           1|
    |icmp_ln45_939_fu_1983_p2     |      icmp|   0|  0|  23|          16|           1|
    |icmp_ln45_940_fu_2084_p2     |      icmp|   0|  0|  23|          16|           1|
    |icmp_ln45_941_fu_2185_p2     |      icmp|   0|  0|  23|          16|           1|
    |icmp_ln45_942_fu_2286_p2     |      icmp|   0|  0|  23|          16|           1|
    |icmp_ln45_943_fu_2387_p2     |      icmp|   0|  0|  23|          16|           1|
    |icmp_ln45_944_fu_2488_p2     |      icmp|   0|  0|  23|          16|           1|
    |icmp_ln45_945_fu_2589_p2     |      icmp|   0|  0|  23|          16|           1|
    |icmp_ln45_946_fu_2690_p2     |      icmp|   0|  0|  23|          16|           1|
    |icmp_ln45_947_fu_2791_p2     |      icmp|   0|  0|  23|          16|           1|
    |icmp_ln45_948_fu_2892_p2     |      icmp|   0|  0|  23|          16|           1|
    |icmp_ln45_949_fu_2993_p2     |      icmp|   0|  0|  23|          16|           1|
    |icmp_ln45_950_fu_3094_p2     |      icmp|   0|  0|  23|          16|           1|
    |icmp_ln45_951_fu_3195_p2     |      icmp|   0|  0|  23|          16|           1|
    |icmp_ln45_952_fu_3296_p2     |      icmp|   0|  0|  23|          16|           1|
    |icmp_ln45_953_fu_3397_p2     |      icmp|   0|  0|  23|          16|           1|
    |icmp_ln45_954_fu_3498_p2     |      icmp|   0|  0|  23|          16|           1|
    |icmp_ln45_955_fu_3599_p2     |      icmp|   0|  0|  23|          16|           1|
    |icmp_ln45_956_fu_3700_p2     |      icmp|   0|  0|  23|          16|           1|
    |icmp_ln45_957_fu_3801_p2     |      icmp|   0|  0|  23|          16|           1|
    |icmp_ln45_fu_1882_p2         |      icmp|   0|  0|  23|          16|           1|
    |icmp_ln46_1880_fu_272_p2     |      icmp|   0|  0|  13|           6|           1|
    |icmp_ln46_1881_fu_350_p2     |      icmp|   0|  0|  13|           6|           2|
    |icmp_ln46_1882_fu_356_p2     |      icmp|   0|  0|  13|           6|           1|
    |icmp_ln46_1883_fu_434_p2     |      icmp|   0|  0|  13|           6|           2|
    |icmp_ln46_1884_fu_440_p2     |      icmp|   0|  0|  13|           6|           1|
    |icmp_ln46_1885_fu_518_p2     |      icmp|   0|  0|  13|           6|           2|
    |icmp_ln46_1886_fu_524_p2     |      icmp|   0|  0|  13|           6|           1|
    |icmp_ln46_1887_fu_602_p2     |      icmp|   0|  0|  13|           6|           2|
    |icmp_ln46_1888_fu_608_p2     |      icmp|   0|  0|  13|           6|           1|
    |icmp_ln46_1889_fu_686_p2     |      icmp|   0|  0|  13|           6|           2|
    |icmp_ln46_1890_fu_692_p2     |      icmp|   0|  0|  13|           6|           1|
    |icmp_ln46_1891_fu_770_p2     |      icmp|   0|  0|  13|           6|           2|
    |icmp_ln46_1892_fu_776_p2     |      icmp|   0|  0|  13|           6|           1|
    |icmp_ln46_1893_fu_854_p2     |      icmp|   0|  0|  13|           6|           2|
    |icmp_ln46_1894_fu_860_p2     |      icmp|   0|  0|  13|           6|           1|
    |icmp_ln46_1895_fu_938_p2     |      icmp|   0|  0|  13|           6|           2|
    |icmp_ln46_1896_fu_944_p2     |      icmp|   0|  0|  13|           6|           1|
    |icmp_ln46_1897_fu_1022_p2    |      icmp|   0|  0|  13|           6|           2|
    |icmp_ln46_1898_fu_1028_p2    |      icmp|   0|  0|  13|           6|           1|
    |icmp_ln46_1899_fu_1106_p2    |      icmp|   0|  0|  13|           6|           2|
    |icmp_ln46_1900_fu_1112_p2    |      icmp|   0|  0|  13|           6|           1|
    |icmp_ln46_1901_fu_1190_p2    |      icmp|   0|  0|  13|           6|           2|
    |icmp_ln46_1902_fu_1196_p2    |      icmp|   0|  0|  13|           6|           1|
    |icmp_ln46_1903_fu_1274_p2    |      icmp|   0|  0|  13|           6|           2|
    |icmp_ln46_1904_fu_1280_p2    |      icmp|   0|  0|  13|           6|           1|
    |icmp_ln46_1905_fu_1358_p2    |      icmp|   0|  0|  13|           6|           2|
    |icmp_ln46_1906_fu_1364_p2    |      icmp|   0|  0|  13|           6|           1|
    |icmp_ln46_1907_fu_1442_p2    |      icmp|   0|  0|  13|           6|           2|
    |icmp_ln46_1908_fu_1448_p2    |      icmp|   0|  0|  13|           6|           1|
    |icmp_ln46_1909_fu_1526_p2    |      icmp|   0|  0|  13|           6|           2|
    |icmp_ln46_1910_fu_1532_p2    |      icmp|   0|  0|  13|           6|           1|
    |icmp_ln46_1911_fu_1610_p2    |      icmp|   0|  0|  13|           6|           2|
    |icmp_ln46_1912_fu_1616_p2    |      icmp|   0|  0|  13|           6|           1|
    |icmp_ln46_1913_fu_1694_p2    |      icmp|   0|  0|  13|           6|           2|
    |icmp_ln46_1914_fu_1700_p2    |      icmp|   0|  0|  13|           6|           1|
    |icmp_ln46_1915_fu_1778_p2    |      icmp|   0|  0|  13|           6|           2|
    |icmp_ln46_1916_fu_1784_p2    |      icmp|   0|  0|  13|           6|           1|
    |icmp_ln46_1917_fu_1862_p2    |      icmp|   0|  0|  13|           6|           2|
    |icmp_ln46_1918_fu_1868_p2    |      icmp|   0|  0|  13|           6|           1|
    |icmp_ln46_fu_266_p2          |      icmp|   0|  0|  13|           6|           2|
    |ap_block_pp0_stage0_11001    |        or|   0|  0|   2|           1|           1|
    |or_ln46_1880_fu_1948_p2      |        or|   0|  0|   2|           1|           1|
    |or_ln46_1881_fu_2007_p2      |        or|   0|  0|   2|           1|           1|
    |or_ln46_1882_fu_2049_p2      |        or|   0|  0|   2|           1|           1|
    |or_ln46_1883_fu_2108_p2      |        or|   0|  0|   2|           1|           1|
    |or_ln46_1884_fu_2150_p2      |        or|   0|  0|   2|           1|           1|
    |or_ln46_1885_fu_2209_p2      |        or|   0|  0|   2|           1|           1|
    |or_ln46_1886_fu_2251_p2      |        or|   0|  0|   2|           1|           1|
    |or_ln46_1887_fu_2310_p2      |        or|   0|  0|   2|           1|           1|
    |or_ln46_1888_fu_2352_p2      |        or|   0|  0|   2|           1|           1|
    |or_ln46_1889_fu_2411_p2      |        or|   0|  0|   2|           1|           1|
    |or_ln46_1890_fu_2453_p2      |        or|   0|  0|   2|           1|           1|
    |or_ln46_1891_fu_2512_p2      |        or|   0|  0|   2|           1|           1|
    |or_ln46_1892_fu_2554_p2      |        or|   0|  0|   2|           1|           1|
    |or_ln46_1893_fu_2613_p2      |        or|   0|  0|   2|           1|           1|
    |or_ln46_1894_fu_2655_p2      |        or|   0|  0|   2|           1|           1|
    |or_ln46_1895_fu_2714_p2      |        or|   0|  0|   2|           1|           1|
    |or_ln46_1896_fu_2756_p2      |        or|   0|  0|   2|           1|           1|
    |or_ln46_1897_fu_2815_p2      |        or|   0|  0|   2|           1|           1|
    |or_ln46_1898_fu_2857_p2      |        or|   0|  0|   2|           1|           1|
    |or_ln46_1899_fu_2916_p2      |        or|   0|  0|   2|           1|           1|
    |or_ln46_1900_fu_2958_p2      |        or|   0|  0|   2|           1|           1|
    |or_ln46_1901_fu_3017_p2      |        or|   0|  0|   2|           1|           1|
    |or_ln46_1902_fu_3059_p2      |        or|   0|  0|   2|           1|           1|
    |or_ln46_1903_fu_3118_p2      |        or|   0|  0|   2|           1|           1|
    |or_ln46_1904_fu_3160_p2      |        or|   0|  0|   2|           1|           1|
    |or_ln46_1905_fu_3219_p2      |        or|   0|  0|   2|           1|           1|
    |or_ln46_1906_fu_3261_p2      |        or|   0|  0|   2|           1|           1|
    |or_ln46_1907_fu_3320_p2      |        or|   0|  0|   2|           1|           1|
    |or_ln46_1908_fu_3362_p2      |        or|   0|  0|   2|           1|           1|
    |or_ln46_1909_fu_3421_p2      |        or|   0|  0|   2|           1|           1|
    |or_ln46_1910_fu_3463_p2      |        or|   0|  0|   2|           1|           1|
    |or_ln46_1911_fu_3522_p2      |        or|   0|  0|   2|           1|           1|
    |or_ln46_1912_fu_3564_p2      |        or|   0|  0|   2|           1|           1|
    |or_ln46_1913_fu_3623_p2      |        or|   0|  0|   2|           1|           1|
    |or_ln46_1914_fu_3665_p2      |        or|   0|  0|   2|           1|           1|
    |or_ln46_1915_fu_3724_p2      |        or|   0|  0|   2|           1|           1|
    |or_ln46_1916_fu_3766_p2      |        or|   0|  0|   2|           1|           1|
    |or_ln46_1917_fu_3825_p2      |        or|   0|  0|   2|           1|           1|
    |or_ln46_1918_fu_3867_p2      |        or|   0|  0|   2|           1|           1|
    |or_ln46_fu_1906_p2           |        or|   0|  0|   2|           1|           1|
    |select_ln45_939_fu_2076_p3   |    select|   0|  0|   9|           1|           9|
    |select_ln45_940_fu_2177_p3   |    select|   0|  0|   9|           1|           9|
    |select_ln45_941_fu_2278_p3   |    select|   0|  0|   9|           1|           9|
    |select_ln45_942_fu_2379_p3   |    select|   0|  0|   9|           1|           9|
    |select_ln45_943_fu_2480_p3   |    select|   0|  0|   9|           1|           9|
    |select_ln45_944_fu_2581_p3   |    select|   0|  0|   9|           1|           9|
    |select_ln45_945_fu_2682_p3   |    select|   0|  0|   9|           1|           9|
    |select_ln45_946_fu_2783_p3   |    select|   0|  0|   9|           1|           9|
    |select_ln45_947_fu_2884_p3   |    select|   0|  0|   9|           1|           9|
    |select_ln45_948_fu_2985_p3   |    select|   0|  0|   9|           1|           9|
    |select_ln45_949_fu_3086_p3   |    select|   0|  0|   9|           1|           9|
    |select_ln45_950_fu_3187_p3   |    select|   0|  0|   9|           1|           9|
    |select_ln45_951_fu_3288_p3   |    select|   0|  0|   9|           1|           9|
    |select_ln45_952_fu_3389_p3   |    select|   0|  0|   9|           1|           9|
    |select_ln45_953_fu_3490_p3   |    select|   0|  0|   9|           1|           9|
    |select_ln45_954_fu_3591_p3   |    select|   0|  0|   9|           1|           9|
    |select_ln45_955_fu_3692_p3   |    select|   0|  0|   9|           1|           9|
    |select_ln45_956_fu_3793_p3   |    select|   0|  0|   9|           1|           9|
    |select_ln45_957_fu_3894_p3   |    select|   0|  0|   9|           1|           9|
    |select_ln45_fu_1975_p3       |    select|   0|  0|   9|           1|           9|
    |select_ln46_3109_fu_1960_p3  |    select|   0|  0|   9|           1|           9|
    |select_ln46_3110_fu_1968_p3  |    select|   0|  0|   9|           1|           9|
    |select_ln46_3111_fu_1996_p3  |    select|   0|  0|   2|           1|           1|
    |select_ln46_3112_fu_2061_p3  |    select|   0|  0|   9|           1|           9|
    |select_ln46_3113_fu_2069_p3  |    select|   0|  0|   9|           1|           9|
    |select_ln46_3114_fu_2097_p3  |    select|   0|  0|   2|           1|           1|
    |select_ln46_3115_fu_2162_p3  |    select|   0|  0|   9|           1|           9|
    |select_ln46_3116_fu_2170_p3  |    select|   0|  0|   9|           1|           9|
    |select_ln46_3117_fu_2198_p3  |    select|   0|  0|   2|           1|           1|
    |select_ln46_3118_fu_2263_p3  |    select|   0|  0|   9|           1|           9|
    |select_ln46_3119_fu_2271_p3  |    select|   0|  0|   9|           1|           9|
    |select_ln46_3120_fu_2299_p3  |    select|   0|  0|   2|           1|           1|
    |select_ln46_3121_fu_2364_p3  |    select|   0|  0|   9|           1|           9|
    |select_ln46_3122_fu_2372_p3  |    select|   0|  0|   9|           1|           9|
    |select_ln46_3123_fu_2400_p3  |    select|   0|  0|   2|           1|           1|
    |select_ln46_3124_fu_2465_p3  |    select|   0|  0|   9|           1|           9|
    |select_ln46_3125_fu_2473_p3  |    select|   0|  0|   9|           1|           9|
    |select_ln46_3126_fu_2501_p3  |    select|   0|  0|   2|           1|           1|
    |select_ln46_3127_fu_2566_p3  |    select|   0|  0|   9|           1|           9|
    |select_ln46_3128_fu_2574_p3  |    select|   0|  0|   9|           1|           9|
    |select_ln46_3129_fu_2602_p3  |    select|   0|  0|   2|           1|           1|
    |select_ln46_3130_fu_2667_p3  |    select|   0|  0|   9|           1|           9|
    |select_ln46_3131_fu_2675_p3  |    select|   0|  0|   9|           1|           9|
    |select_ln46_3132_fu_2703_p3  |    select|   0|  0|   2|           1|           1|
    |select_ln46_3133_fu_2768_p3  |    select|   0|  0|   9|           1|           9|
    |select_ln46_3134_fu_2776_p3  |    select|   0|  0|   9|           1|           9|
    |select_ln46_3135_fu_2804_p3  |    select|   0|  0|   2|           1|           1|
    |select_ln46_3136_fu_2869_p3  |    select|   0|  0|   9|           1|           9|
    |select_ln46_3137_fu_2877_p3  |    select|   0|  0|   9|           1|           9|
    |select_ln46_3138_fu_2905_p3  |    select|   0|  0|   2|           1|           1|
    |select_ln46_3139_fu_2970_p3  |    select|   0|  0|   9|           1|           9|
    |select_ln46_3140_fu_2978_p3  |    select|   0|  0|   9|           1|           9|
    |select_ln46_3141_fu_3006_p3  |    select|   0|  0|   2|           1|           1|
    |select_ln46_3142_fu_3071_p3  |    select|   0|  0|   9|           1|           9|
    |select_ln46_3143_fu_3079_p3  |    select|   0|  0|   9|           1|           9|
    |select_ln46_3144_fu_3107_p3  |    select|   0|  0|   2|           1|           1|
    |select_ln46_3145_fu_3172_p3  |    select|   0|  0|   9|           1|           9|
    |select_ln46_3146_fu_3180_p3  |    select|   0|  0|   9|           1|           9|
    |select_ln46_3147_fu_3208_p3  |    select|   0|  0|   2|           1|           1|
    |select_ln46_3148_fu_3273_p3  |    select|   0|  0|   9|           1|           9|
    |select_ln46_3149_fu_3281_p3  |    select|   0|  0|   9|           1|           9|
    |select_ln46_3150_fu_3309_p3  |    select|   0|  0|   2|           1|           1|
    |select_ln46_3151_fu_3374_p3  |    select|   0|  0|   9|           1|           9|
    |select_ln46_3152_fu_3382_p3  |    select|   0|  0|   9|           1|           9|
    |select_ln46_3153_fu_3410_p3  |    select|   0|  0|   2|           1|           1|
    |select_ln46_3154_fu_3475_p3  |    select|   0|  0|   9|           1|           9|
    |select_ln46_3155_fu_3483_p3  |    select|   0|  0|   9|           1|           9|
    |select_ln46_3156_fu_3511_p3  |    select|   0|  0|   2|           1|           1|
    |select_ln46_3157_fu_3576_p3  |    select|   0|  0|   9|           1|           9|
    |select_ln46_3158_fu_3584_p3  |    select|   0|  0|   9|           1|           9|
    |select_ln46_3159_fu_3612_p3  |    select|   0|  0|   2|           1|           1|
    |select_ln46_3160_fu_3677_p3  |    select|   0|  0|   9|           1|           9|
    |select_ln46_3161_fu_3685_p3  |    select|   0|  0|   9|           1|           9|
    |select_ln46_3162_fu_3713_p3  |    select|   0|  0|   2|           1|           1|
    |select_ln46_3163_fu_3778_p3  |    select|   0|  0|   9|           1|           9|
    |select_ln46_3164_fu_3786_p3  |    select|   0|  0|   9|           1|           9|
    |select_ln46_3165_fu_3814_p3  |    select|   0|  0|   2|           1|           1|
    |select_ln46_3166_fu_3879_p3  |    select|   0|  0|   9|           1|           9|
    |select_ln46_3167_fu_3887_p3  |    select|   0|  0|   9|           1|           9|
    |select_ln46_4121_fu_1900_p3  |    select|   0|  0|   2|           1|           1|
    |select_ln46_4122_fu_1954_p3  |    select|   0|  0|   9|           1|           9|
    |select_ln46_4123_fu_2001_p3  |    select|   0|  0|   2|           1|           1|
    |select_ln46_4124_fu_2055_p3  |    select|   0|  0|   9|           1|           9|
    |select_ln46_4125_fu_2102_p3  |    select|   0|  0|   2|           1|           1|
    |select_ln46_4126_fu_2156_p3  |    select|   0|  0|   9|           1|           9|
    |select_ln46_4127_fu_2203_p3  |    select|   0|  0|   2|           1|           1|
    |select_ln46_4128_fu_2257_p3  |    select|   0|  0|   9|           1|           9|
    |select_ln46_4129_fu_2304_p3  |    select|   0|  0|   2|           1|           1|
    |select_ln46_4130_fu_2358_p3  |    select|   0|  0|   9|           1|           9|
    |select_ln46_4131_fu_2405_p3  |    select|   0|  0|   2|           1|           1|
    |select_ln46_4132_fu_2459_p3  |    select|   0|  0|   9|           1|           9|
    |select_ln46_4133_fu_2506_p3  |    select|   0|  0|   2|           1|           1|
    |select_ln46_4134_fu_2560_p3  |    select|   0|  0|   9|           1|           9|
    |select_ln46_4135_fu_2607_p3  |    select|   0|  0|   2|           1|           1|
    |select_ln46_4136_fu_2661_p3  |    select|   0|  0|   9|           1|           9|
    |select_ln46_4137_fu_2708_p3  |    select|   0|  0|   2|           1|           1|
    |select_ln46_4138_fu_2762_p3  |    select|   0|  0|   9|           1|           9|
    |select_ln46_4139_fu_2809_p3  |    select|   0|  0|   2|           1|           1|
    |select_ln46_4140_fu_2863_p3  |    select|   0|  0|   9|           1|           9|
    |select_ln46_4141_fu_2910_p3  |    select|   0|  0|   2|           1|           1|
    |select_ln46_4142_fu_2964_p3  |    select|   0|  0|   9|           1|           9|
    |select_ln46_4143_fu_3011_p3  |    select|   0|  0|   2|           1|           1|
    |select_ln46_4144_fu_3065_p3  |    select|   0|  0|   9|           1|           9|
    |select_ln46_4145_fu_3112_p3  |    select|   0|  0|   2|           1|           1|
    |select_ln46_4146_fu_3166_p3  |    select|   0|  0|   9|           1|           9|
    |select_ln46_4147_fu_3213_p3  |    select|   0|  0|   2|           1|           1|
    |select_ln46_4148_fu_3267_p3  |    select|   0|  0|   9|           1|           9|
    |select_ln46_4149_fu_3314_p3  |    select|   0|  0|   2|           1|           1|
    |select_ln46_4150_fu_3368_p3  |    select|   0|  0|   9|           1|           9|
    |select_ln46_4151_fu_3415_p3  |    select|   0|  0|   2|           1|           1|
    |select_ln46_4152_fu_3469_p3  |    select|   0|  0|   9|           1|           9|
    |select_ln46_4153_fu_3516_p3  |    select|   0|  0|   2|           1|           1|
    |select_ln46_4154_fu_3570_p3  |    select|   0|  0|   9|           1|           9|
    |select_ln46_4155_fu_3617_p3  |    select|   0|  0|   2|           1|           1|
    |select_ln46_4156_fu_3671_p3  |    select|   0|  0|   9|           1|           9|
    |select_ln46_4157_fu_3718_p3  |    select|   0|  0|   2|           1|           1|
    |select_ln46_4158_fu_3772_p3  |    select|   0|  0|   9|           1|           9|
    |select_ln46_4159_fu_3819_p3  |    select|   0|  0|   2|           1|           1|
    |select_ln46_4160_fu_3873_p3  |    select|   0|  0|   9|           1|           9|
    |select_ln46_fu_1895_p3       |    select|   0|  0|   2|           1|           1|
    |ap_enable_pp0                |       xor|   0|  0|   2|           1|           2|
    |xor_ln46_2072_fu_1927_p2     |       xor|   0|  0|   2|           2|           1|
    |xor_ln46_2073_fu_2012_p2     |       xor|   0|  0|   2|           1|           2|
    |xor_ln46_2074_fu_2028_p2     |       xor|   0|  0|   2|           2|           1|
    |xor_ln46_2075_fu_2113_p2     |       xor|   0|  0|   2|           1|           2|
    |xor_ln46_2076_fu_2129_p2     |       xor|   0|  0|   2|           2|           1|
    |xor_ln46_2077_fu_2214_p2     |       xor|   0|  0|   2|           1|           2|
    |xor_ln46_2078_fu_2230_p2     |       xor|   0|  0|   2|           2|           1|
    |xor_ln46_2079_fu_2315_p2     |       xor|   0|  0|   2|           1|           2|
    |xor_ln46_2080_fu_2331_p2     |       xor|   0|  0|   2|           2|           1|
    |xor_ln46_2081_fu_2416_p2     |       xor|   0|  0|   2|           1|           2|
    |xor_ln46_2082_fu_2432_p2     |       xor|   0|  0|   2|           2|           1|
    |xor_ln46_2083_fu_2517_p2     |       xor|   0|  0|   2|           1|           2|
    |xor_ln46_2084_fu_2533_p2     |       xor|   0|  0|   2|           2|           1|
    |xor_ln46_2085_fu_2618_p2     |       xor|   0|  0|   2|           1|           2|
    |xor_ln46_2086_fu_2634_p2     |       xor|   0|  0|   2|           2|           1|
    |xor_ln46_2087_fu_2719_p2     |       xor|   0|  0|   2|           1|           2|
    |xor_ln46_2088_fu_2735_p2     |       xor|   0|  0|   2|           2|           1|
    |xor_ln46_2089_fu_2820_p2     |       xor|   0|  0|   2|           1|           2|
    |xor_ln46_2090_fu_2836_p2     |       xor|   0|  0|   2|           2|           1|
    |xor_ln46_2091_fu_2921_p2     |       xor|   0|  0|   2|           1|           2|
    |xor_ln46_2092_fu_2937_p2     |       xor|   0|  0|   2|           2|           1|
    |xor_ln46_2093_fu_3022_p2     |       xor|   0|  0|   2|           1|           2|
    |xor_ln46_2094_fu_3038_p2     |       xor|   0|  0|   2|           2|           1|
    |xor_ln46_2095_fu_3123_p2     |       xor|   0|  0|   2|           1|           2|
    |xor_ln46_2096_fu_3139_p2     |       xor|   0|  0|   2|           2|           1|
    |xor_ln46_2097_fu_3224_p2     |       xor|   0|  0|   2|           1|           2|
    |xor_ln46_2098_fu_3240_p2     |       xor|   0|  0|   2|           2|           1|
    |xor_ln46_2099_fu_3325_p2     |       xor|   0|  0|   2|           1|           2|
    |xor_ln46_2100_fu_3341_p2     |       xor|   0|  0|   2|           2|           1|
    |xor_ln46_2101_fu_3426_p2     |       xor|   0|  0|   2|           1|           2|
    |xor_ln46_2102_fu_3442_p2     |       xor|   0|  0|   2|           2|           1|
    |xor_ln46_2103_fu_3527_p2     |       xor|   0|  0|   2|           1|           2|
    |xor_ln46_2104_fu_3543_p2     |       xor|   0|  0|   2|           2|           1|
    |xor_ln46_2105_fu_3628_p2     |       xor|   0|  0|   2|           1|           2|
    |xor_ln46_2106_fu_3644_p2     |       xor|   0|  0|   2|           2|           1|
    |xor_ln46_2107_fu_3729_p2     |       xor|   0|  0|   2|           1|           2|
    |xor_ln46_2108_fu_3745_p2     |       xor|   0|  0|   2|           2|           1|
    |xor_ln46_2109_fu_3830_p2     |       xor|   0|  0|   2|           1|           2|
    |xor_ln46_2110_fu_3846_p2     |       xor|   0|  0|   2|           2|           1|
    |xor_ln46_2572_fu_1890_p2     |       xor|   0|  0|   2|           1|           2|
    |xor_ln46_2573_fu_1991_p2     |       xor|   0|  0|   2|           1|           2|
    |xor_ln46_2574_fu_2092_p2     |       xor|   0|  0|   2|           1|           2|
    |xor_ln46_2575_fu_2193_p2     |       xor|   0|  0|   2|           1|           2|
    |xor_ln46_2576_fu_2294_p2     |       xor|   0|  0|   2|           1|           2|
    |xor_ln46_2577_fu_2395_p2     |       xor|   0|  0|   2|           1|           2|
    |xor_ln46_2578_fu_2496_p2     |       xor|   0|  0|   2|           1|           2|
    |xor_ln46_2579_fu_2597_p2     |       xor|   0|  0|   2|           1|           2|
    |xor_ln46_2580_fu_2698_p2     |       xor|   0|  0|   2|           1|           2|
    |xor_ln46_2581_fu_2799_p2     |       xor|   0|  0|   2|           1|           2|
    |xor_ln46_2582_fu_2900_p2     |       xor|   0|  0|   2|           1|           2|
    |xor_ln46_2583_fu_3001_p2     |       xor|   0|  0|   2|           1|           2|
    |xor_ln46_2584_fu_3102_p2     |       xor|   0|  0|   2|           1|           2|
    |xor_ln46_2585_fu_3203_p2     |       xor|   0|  0|   2|           1|           2|
    |xor_ln46_2586_fu_3304_p2     |       xor|   0|  0|   2|           1|           2|
    |xor_ln46_2587_fu_3405_p2     |       xor|   0|  0|   2|           1|           2|
    |xor_ln46_2588_fu_3506_p2     |       xor|   0|  0|   2|           1|           2|
    |xor_ln46_2589_fu_3607_p2     |       xor|   0|  0|   2|           1|           2|
    |xor_ln46_2590_fu_3708_p2     |       xor|   0|  0|   2|           1|           2|
    |xor_ln46_2591_fu_3809_p2     |       xor|   0|  0|   2|           1|           2|
    |xor_ln46_fu_1911_p2          |       xor|   0|  0|   2|           1|           2|
    +-----------------------------+----------+----+---+----+------------+------------+
    |Total                        |          |   0|  0|2504|        1082|        1263|
    +-----------------------------+----------+----+---+----+------------+------------+

    * Multiplexer: 
    +--------------+----+-----------+-----+-----------+
    |     Name     | LUT| Input Size| Bits| Total Bits|
    +--------------+----+-----------+-----+-----------+
    |ap_done       |   9|          2|    1|          2|
    |ap_return_0   |   9|          2|    9|         18|
    |ap_return_1   |   9|          2|    9|         18|
    |ap_return_10  |   9|          2|    9|         18|
    |ap_return_11  |   9|          2|    9|         18|
    |ap_return_12  |   9|          2|    9|         18|
    |ap_return_13  |   9|          2|    9|         18|
    |ap_return_14  |   9|          2|    9|         18|
    |ap_return_15  |   9|          2|    9|         18|
    |ap_return_16  |   9|          2|    9|         18|
    |ap_return_17  |   9|          2|    9|         18|
    |ap_return_18  |   9|          2|    9|         18|
    |ap_return_19  |   9|          2|    9|         18|
    |ap_return_2   |   9|          2|    9|         18|
    |ap_return_3   |   9|          2|    9|         18|
    |ap_return_4   |   9|          2|    9|         18|
    |ap_return_5   |   9|          2|    9|         18|
    |ap_return_6   |   9|          2|    9|         18|
    |ap_return_7   |   9|          2|    9|         18|
    |ap_return_8   |   9|          2|    9|         18|
    |ap_return_9   |   9|          2|    9|         18|
    +--------------+----+-----------+-----+-----------+
    |Total         | 189|         42|  181|        362|
    +--------------+----+-----------+-----+-----------+

    * Register: 
    +-------------------------+----+----+-----+-----------+
    |           Name          | FF | LUT| Bits| Const Bits|
    +-------------------------+----+----+-----+-----------+
    |add_ln46_939_reg_4173    |   9|   0|    9|          0|
    |add_ln46_940_reg_4211    |   9|   0|    9|          0|
    |add_ln46_941_reg_4249    |   9|   0|    9|          0|
    |add_ln46_942_reg_4287    |   9|   0|    9|          0|
    |add_ln46_943_reg_4325    |   9|   0|    9|          0|
    |add_ln46_944_reg_4363    |   9|   0|    9|          0|
    |add_ln46_945_reg_4401    |   9|   0|    9|          0|
    |add_ln46_946_reg_4439    |   9|   0|    9|          0|
    |add_ln46_947_reg_4477    |   9|   0|    9|          0|
    |add_ln46_948_reg_4515    |   9|   0|    9|          0|
    |add_ln46_949_reg_4553    |   9|   0|    9|          0|
    |add_ln46_950_reg_4591    |   9|   0|    9|          0|
    |add_ln46_951_reg_4629    |   9|   0|    9|          0|
    |add_ln46_952_reg_4667    |   9|   0|    9|          0|
    |add_ln46_953_reg_4705    |   9|   0|    9|          0|
    |add_ln46_954_reg_4743    |   9|   0|    9|          0|
    |add_ln46_955_reg_4781    |   9|   0|    9|          0|
    |add_ln46_956_reg_4819    |   9|   0|    9|          0|
    |add_ln46_957_reg_4857    |   9|   0|    9|          0|
    |add_ln46_reg_4135        |   9|   0|    9|          0|
    |ap_CS_fsm                |   1|   0|    1|          0|
    |ap_done_reg              |   1|   0|    1|          0|
    |ap_enable_reg_pp0_iter1  |   1|   0|    1|          0|
    |ap_return_0_preg         |   9|   0|    9|          0|
    |ap_return_10_preg        |   9|   0|    9|          0|
    |ap_return_11_preg        |   9|   0|    9|          0|
    |ap_return_12_preg        |   9|   0|    9|          0|
    |ap_return_13_preg        |   9|   0|    9|          0|
    |ap_return_14_preg        |   9|   0|    9|          0|
    |ap_return_15_preg        |   9|   0|    9|          0|
    |ap_return_16_preg        |   9|   0|    9|          0|
    |ap_return_17_preg        |   9|   0|    9|          0|
    |ap_return_18_preg        |   9|   0|    9|          0|
    |ap_return_19_preg        |   9|   0|    9|          0|
    |ap_return_1_preg         |   9|   0|    9|          0|
    |ap_return_2_preg         |   9|   0|    9|          0|
    |ap_return_3_preg         |   9|   0|    9|          0|
    |ap_return_4_preg         |   9|   0|    9|          0|
    |ap_return_5_preg         |   9|   0|    9|          0|
    |ap_return_6_preg         |   9|   0|    9|          0|
    |ap_return_7_preg         |   9|   0|    9|          0|
    |ap_return_8_preg         |   9|   0|    9|          0|
    |ap_return_9_preg         |   9|   0|    9|          0|
    |icmp_ln46_1880_reg_4148  |   1|   0|    1|          0|
    |icmp_ln46_1881_reg_4180  |   1|   0|    1|          0|
    |icmp_ln46_1882_reg_4186  |   1|   0|    1|          0|
    |icmp_ln46_1883_reg_4218  |   1|   0|    1|          0|
    |icmp_ln46_1884_reg_4224  |   1|   0|    1|          0|
    |icmp_ln46_1885_reg_4256  |   1|   0|    1|          0|
    |icmp_ln46_1886_reg_4262  |   1|   0|    1|          0|
    |icmp_ln46_1887_reg_4294  |   1|   0|    1|          0|
    |icmp_ln46_1888_reg_4300  |   1|   0|    1|          0|
    |icmp_ln46_1889_reg_4332  |   1|   0|    1|          0|
    |icmp_ln46_1890_reg_4338  |   1|   0|    1|          0|
    |icmp_ln46_1891_reg_4370  |   1|   0|    1|          0|
    |icmp_ln46_1892_reg_4376  |   1|   0|    1|          0|
    |icmp_ln46_1893_reg_4408  |   1|   0|    1|          0|
    |icmp_ln46_1894_reg_4414  |   1|   0|    1|          0|
    |icmp_ln46_1895_reg_4446  |   1|   0|    1|          0|
    |icmp_ln46_1896_reg_4452  |   1|   0|    1|          0|
    |icmp_ln46_1897_reg_4484  |   1|   0|    1|          0|
    |icmp_ln46_1898_reg_4490  |   1|   0|    1|          0|
    |icmp_ln46_1899_reg_4522  |   1|   0|    1|          0|
    |icmp_ln46_1900_reg_4528  |   1|   0|    1|          0|
    |icmp_ln46_1901_reg_4560  |   1|   0|    1|          0|
    |icmp_ln46_1902_reg_4566  |   1|   0|    1|          0|
    |icmp_ln46_1903_reg_4598  |   1|   0|    1|          0|
    |icmp_ln46_1904_reg_4604  |   1|   0|    1|          0|
    |icmp_ln46_1905_reg_4636  |   1|   0|    1|          0|
    |icmp_ln46_1906_reg_4642  |   1|   0|    1|          0|
    |icmp_ln46_1907_reg_4674  |   1|   0|    1|          0|
    |icmp_ln46_1908_reg_4680  |   1|   0|    1|          0|
    |icmp_ln46_1909_reg_4712  |   1|   0|    1|          0|
    |icmp_ln46_1910_reg_4718  |   1|   0|    1|          0|
    |icmp_ln46_1911_reg_4750  |   1|   0|    1|          0|
    |icmp_ln46_1912_reg_4756  |   1|   0|    1|          0|
    |icmp_ln46_1913_reg_4788  |   1|   0|    1|          0|
    |icmp_ln46_1914_reg_4794  |   1|   0|    1|          0|
    |icmp_ln46_1915_reg_4826  |   1|   0|    1|          0|
    |icmp_ln46_1916_reg_4832  |   1|   0|    1|          0|
    |icmp_ln46_1917_reg_4864  |   1|   0|    1|          0|
    |icmp_ln46_1918_reg_4870  |   1|   0|    1|          0|
    |icmp_ln46_reg_4142       |   1|   0|    1|          0|
    |p_read10247_reg_4067     |  16|   0|   16|          0|
    |p_read1238_reg_4112      |  16|   0|   16|          0|
    |p_read2239_reg_4107      |  16|   0|   16|          0|
    |p_read237_reg_4117       |  16|   0|   16|          0|
    |p_read3240_reg_4102      |  16|   0|   16|          0|
    |p_read4241_reg_4097      |  16|   0|   16|          0|
    |p_read5242_reg_4092      |  16|   0|   16|          0|
    |p_read6243_reg_4087      |  16|   0|   16|          0|
    |p_read7244_reg_4082      |  16|   0|   16|          0|
    |p_read8245_reg_4077      |  16|   0|   16|          0|
    |p_read9246_reg_4072      |  16|   0|   16|          0|
    |p_read_937_reg_4022      |  16|   0|   16|          0|
    |p_read_938_reg_4027      |  16|   0|   16|          0|
    |p_read_939_reg_4032      |  16|   0|   16|          0|
    |p_read_940_reg_4037      |  16|   0|   16|          0|
    |p_read_941_reg_4042      |  16|   0|   16|          0|
    |p_read_942_reg_4047      |  16|   0|   16|          0|
    |p_read_943_reg_4052      |  16|   0|   16|          0|
    |p_read_944_reg_4057      |  16|   0|   16|          0|
    |p_read_945_reg_4062      |  16|   0|   16|          0|
    |tmp_4694_reg_4129        |   1|   0|    1|          0|
    |tmp_4695_reg_4154        |   1|   0|    1|          0|
    |tmp_4696_reg_4160        |   1|   0|    1|          0|
    |tmp_4698_reg_4167        |   1|   0|    1|          0|
    |tmp_4699_reg_4192        |   1|   0|    1|          0|
    |tmp_4700_reg_4198        |   1|   0|    1|          0|
    |tmp_4702_reg_4205        |   1|   0|    1|          0|
    |tmp_4703_reg_4230        |   1|   0|    1|          0|
    |tmp_4704_reg_4236        |   1|   0|    1|          0|
    |tmp_4706_reg_4243        |   1|   0|    1|          0|
    |tmp_4708_reg_4268        |   1|   0|    1|          0|
    |tmp_4709_reg_4274        |   1|   0|    1|          0|
    |tmp_4711_reg_4281        |   1|   0|    1|          0|
    |tmp_4713_reg_4306        |   1|   0|    1|          0|
    |tmp_4714_reg_4312        |   1|   0|    1|          0|
    |tmp_4716_reg_4319        |   1|   0|    1|          0|
    |tmp_4718_reg_4344        |   1|   0|    1|          0|
    |tmp_4719_reg_4350        |   1|   0|    1|          0|
    |tmp_4721_reg_4357        |   1|   0|    1|          0|
    |tmp_4723_reg_4382        |   1|   0|    1|          0|
    |tmp_4724_reg_4388        |   1|   0|    1|          0|
    |tmp_4726_reg_4395        |   1|   0|    1|          0|
    |tmp_4728_reg_4420        |   1|   0|    1|          0|
    |tmp_4729_reg_4426        |   1|   0|    1|          0|
    |tmp_4731_reg_4433        |   1|   0|    1|          0|
    |tmp_4733_reg_4458        |   1|   0|    1|          0|
    |tmp_4734_reg_4464        |   1|   0|    1|          0|
    |tmp_4736_reg_4471        |   1|   0|    1|          0|
    |tmp_4738_reg_4496        |   1|   0|    1|          0|
    |tmp_4739_reg_4502        |   1|   0|    1|          0|
    |tmp_4741_reg_4509        |   1|   0|    1|          0|
    |tmp_4743_reg_4534        |   1|   0|    1|          0|
    |tmp_4744_reg_4540        |   1|   0|    1|          0|
    |tmp_4746_reg_4547        |   1|   0|    1|          0|
    |tmp_4748_reg_4572        |   1|   0|    1|          0|
    |tmp_4749_reg_4578        |   1|   0|    1|          0|
    |tmp_4751_reg_4585        |   1|   0|    1|          0|
    |tmp_4753_reg_4610        |   1|   0|    1|          0|
    |tmp_4754_reg_4616        |   1|   0|    1|          0|
    |tmp_4756_reg_4623        |   1|   0|    1|          0|
    |tmp_4758_reg_4648        |   1|   0|    1|          0|
    |tmp_4759_reg_4654        |   1|   0|    1|          0|
    |tmp_4761_reg_4661        |   1|   0|    1|          0|
    |tmp_4763_reg_4686        |   1|   0|    1|          0|
    |tmp_4764_reg_4692        |   1|   0|    1|          0|
    |tmp_4766_reg_4699        |   1|   0|    1|          0|
    |tmp_4768_reg_4724        |   1|   0|    1|          0|
    |tmp_4769_reg_4730        |   1|   0|    1|          0|
    |tmp_4771_reg_4737        |   1|   0|    1|          0|
    |tmp_4773_reg_4762        |   1|   0|    1|          0|
    |tmp_4774_reg_4768        |   1|   0|    1|          0|
    |tmp_4776_reg_4775        |   1|   0|    1|          0|
    |tmp_4778_reg_4800        |   1|   0|    1|          0|
    |tmp_4779_reg_4806        |   1|   0|    1|          0|
    |tmp_4781_reg_4813        |   1|   0|    1|          0|
    |tmp_4783_reg_4838        |   1|   0|    1|          0|
    |tmp_4784_reg_4844        |   1|   0|    1|          0|
    |tmp_4786_reg_4851        |   1|   0|    1|          0|
    |tmp_4788_reg_4876        |   1|   0|    1|          0|
    |tmp_reg_4122             |   1|   0|    1|          0|
    +-------------------------+----+----+-----+-----------+
    |Total                    | 783|   0|  783|          0|
    +-------------------------+----+----+-----+-----------+



================================================================
== Interface
================================================================
* Summary: 
+--------------+-----+-----+------------+-------------------------------------------------------------------------+--------------+
|   RTL Ports  | Dir | Bits|  Protocol  |                              Source Object                              |    C Type    |
+--------------+-----+-----+------------+-------------------------------------------------------------------------+--------------+
|ap_clk        |   in|    1|  ap_ctrl_hs|  relu<ap_fixed<16, 6, 5, 3, 0>, ap_ufixed<9, 0, 4, 0, 0>, relu_config18>|  return value|
|ap_rst        |   in|    1|  ap_ctrl_hs|  relu<ap_fixed<16, 6, 5, 3, 0>, ap_ufixed<9, 0, 4, 0, 0>, relu_config18>|  return value|
|ap_start      |   in|    1|  ap_ctrl_hs|  relu<ap_fixed<16, 6, 5, 3, 0>, ap_ufixed<9, 0, 4, 0, 0>, relu_config18>|  return value|
|ap_done       |  out|    1|  ap_ctrl_hs|  relu<ap_fixed<16, 6, 5, 3, 0>, ap_ufixed<9, 0, 4, 0, 0>, relu_config18>|  return value|
|ap_continue   |   in|    1|  ap_ctrl_hs|  relu<ap_fixed<16, 6, 5, 3, 0>, ap_ufixed<9, 0, 4, 0, 0>, relu_config18>|  return value|
|ap_idle       |  out|    1|  ap_ctrl_hs|  relu<ap_fixed<16, 6, 5, 3, 0>, ap_ufixed<9, 0, 4, 0, 0>, relu_config18>|  return value|
|ap_ready      |  out|    1|  ap_ctrl_hs|  relu<ap_fixed<16, 6, 5, 3, 0>, ap_ufixed<9, 0, 4, 0, 0>, relu_config18>|  return value|
|ap_return_0   |  out|    9|  ap_ctrl_hs|  relu<ap_fixed<16, 6, 5, 3, 0>, ap_ufixed<9, 0, 4, 0, 0>, relu_config18>|  return value|
|ap_return_1   |  out|    9|  ap_ctrl_hs|  relu<ap_fixed<16, 6, 5, 3, 0>, ap_ufixed<9, 0, 4, 0, 0>, relu_config18>|  return value|
|ap_return_2   |  out|    9|  ap_ctrl_hs|  relu<ap_fixed<16, 6, 5, 3, 0>, ap_ufixed<9, 0, 4, 0, 0>, relu_config18>|  return value|
|ap_return_3   |  out|    9|  ap_ctrl_hs|  relu<ap_fixed<16, 6, 5, 3, 0>, ap_ufixed<9, 0, 4, 0, 0>, relu_config18>|  return value|
|ap_return_4   |  out|    9|  ap_ctrl_hs|  relu<ap_fixed<16, 6, 5, 3, 0>, ap_ufixed<9, 0, 4, 0, 0>, relu_config18>|  return value|
|ap_return_5   |  out|    9|  ap_ctrl_hs|  relu<ap_fixed<16, 6, 5, 3, 0>, ap_ufixed<9, 0, 4, 0, 0>, relu_config18>|  return value|
|ap_return_6   |  out|    9|  ap_ctrl_hs|  relu<ap_fixed<16, 6, 5, 3, 0>, ap_ufixed<9, 0, 4, 0, 0>, relu_config18>|  return value|
|ap_return_7   |  out|    9|  ap_ctrl_hs|  relu<ap_fixed<16, 6, 5, 3, 0>, ap_ufixed<9, 0, 4, 0, 0>, relu_config18>|  return value|
|ap_return_8   |  out|    9|  ap_ctrl_hs|  relu<ap_fixed<16, 6, 5, 3, 0>, ap_ufixed<9, 0, 4, 0, 0>, relu_config18>|  return value|
|ap_return_9   |  out|    9|  ap_ctrl_hs|  relu<ap_fixed<16, 6, 5, 3, 0>, ap_ufixed<9, 0, 4, 0, 0>, relu_config18>|  return value|
|ap_return_10  |  out|    9|  ap_ctrl_hs|  relu<ap_fixed<16, 6, 5, 3, 0>, ap_ufixed<9, 0, 4, 0, 0>, relu_config18>|  return value|
|ap_return_11  |  out|    9|  ap_ctrl_hs|  relu<ap_fixed<16, 6, 5, 3, 0>, ap_ufixed<9, 0, 4, 0, 0>, relu_config18>|  return value|
|ap_return_12  |  out|    9|  ap_ctrl_hs|  relu<ap_fixed<16, 6, 5, 3, 0>, ap_ufixed<9, 0, 4, 0, 0>, relu_config18>|  return value|
|ap_return_13  |  out|    9|  ap_ctrl_hs|  relu<ap_fixed<16, 6, 5, 3, 0>, ap_ufixed<9, 0, 4, 0, 0>, relu_config18>|  return value|
|ap_return_14  |  out|    9|  ap_ctrl_hs|  relu<ap_fixed<16, 6, 5, 3, 0>, ap_ufixed<9, 0, 4, 0, 0>, relu_config18>|  return value|
|ap_return_15  |  out|    9|  ap_ctrl_hs|  relu<ap_fixed<16, 6, 5, 3, 0>, ap_ufixed<9, 0, 4, 0, 0>, relu_config18>|  return value|
|ap_return_16  |  out|    9|  ap_ctrl_hs|  relu<ap_fixed<16, 6, 5, 3, 0>, ap_ufixed<9, 0, 4, 0, 0>, relu_config18>|  return value|
|ap_return_17  |  out|    9|  ap_ctrl_hs|  relu<ap_fixed<16, 6, 5, 3, 0>, ap_ufixed<9, 0, 4, 0, 0>, relu_config18>|  return value|
|ap_return_18  |  out|    9|  ap_ctrl_hs|  relu<ap_fixed<16, 6, 5, 3, 0>, ap_ufixed<9, 0, 4, 0, 0>, relu_config18>|  return value|
|ap_return_19  |  out|    9|  ap_ctrl_hs|  relu<ap_fixed<16, 6, 5, 3, 0>, ap_ufixed<9, 0, 4, 0, 0>, relu_config18>|  return value|
|p_read        |   in|   16|     ap_none|                                                                   p_read|        scalar|
|p_read1       |   in|   16|     ap_none|                                                                  p_read1|        scalar|
|p_read2       |   in|   16|     ap_none|                                                                  p_read2|        scalar|
|p_read3       |   in|   16|     ap_none|                                                                  p_read3|        scalar|
|p_read4       |   in|   16|     ap_none|                                                                  p_read4|        scalar|
|p_read5       |   in|   16|     ap_none|                                                                  p_read5|        scalar|
|p_read6       |   in|   16|     ap_none|                                                                  p_read6|        scalar|
|p_read7       |   in|   16|     ap_none|                                                                  p_read7|        scalar|
|p_read8       |   in|   16|     ap_none|                                                                  p_read8|        scalar|
|p_read9       |   in|   16|     ap_none|                                                                  p_read9|        scalar|
|p_read10      |   in|   16|     ap_none|                                                                 p_read10|        scalar|
|p_read11      |   in|   16|     ap_none|                                                                 p_read11|        scalar|
|p_read12      |   in|   16|     ap_none|                                                                 p_read12|        scalar|
|p_read13      |   in|   16|     ap_none|                                                                 p_read13|        scalar|
|p_read14      |   in|   16|     ap_none|                                                                 p_read14|        scalar|
|p_read15      |   in|   16|     ap_none|                                                                 p_read15|        scalar|
|p_read16      |   in|   16|     ap_none|                                                                 p_read16|        scalar|
|p_read17      |   in|   16|     ap_none|                                                                 p_read17|        scalar|
|p_read18      |   in|   16|     ap_none|                                                                 p_read18|        scalar|
|p_read19      |   in|   16|     ap_none|                                                                 p_read19|        scalar|
+--------------+-----+-----+------------+-------------------------------------------------------------------------+--------------+

