

================================================================
== Vitis HLS Report for 'relu_ap_fixed_16_6_5_3_0_ap_ufixed_9_0_4_0_0_relu_config18_s'
================================================================
* Date:           Mon Oct 21 14:33:50 2024

* Version:        2023.2 (Build 4023990 on Oct 11 2023)
* Project:        JetTagger
* Solution:       solution1 (Vivado IP Flow Target)
* Product family: virtexuplus
* Target device:  xcvu13p-flga2577-2-e


================================================================
== Performance Estimates
================================================================
+ Timing: 
    * Summary: 
    +--------+---------+----------+------------+
    |  Clock |  Target | Estimated| Uncertainty|
    +--------+---------+----------+------------+
    |ap_clk  |  2.00 ns|  1.296 ns|     0.54 ns|
    +--------+---------+----------+------------+

+ Latency: 
    * Summary: 
    +---------+---------+----------+----------+-----+-----+---------+
    |  Latency (cycles) |  Latency (absolute) |  Interval | Pipeline|
    |   min   |   max   |    min   |    max   | min | max |   Type  |
    +---------+---------+----------+----------+-----+-----+---------+
    |        1|        1|  2.000 ns|  2.000 ns|    1|    1|      yes|
    +---------+---------+----------+----------+-----+-----+---------+

    + Detail: 
        * Instance: 
        N/A

        * Loop: 
        N/A



================================================================
== Utilization Estimates
================================================================
* Summary: 
+---------------------+---------+-------+---------+---------+------+
|         Name        | BRAM_18K|  DSP  |    FF   |   LUT   | URAM |
+---------------------+---------+-------+---------+---------+------+
|DSP                  |        -|      -|        -|        -|     -|
|Expression           |        -|      -|        0|     2620|     -|
|FIFO                 |        -|      -|        -|        -|     -|
|Instance             |        -|      -|        -|        -|     -|
|Memory               |        -|      -|        -|        -|     -|
|Multiplexer          |        -|      -|        -|      280|     -|
|Register             |        -|      -|      621|        -|     -|
+---------------------+---------+-------+---------+---------+------+
|Total                |        0|      0|      621|     2900|     0|
+---------------------+---------+-------+---------+---------+------+
|Available SLR        |     1344|   3072|   864000|   432000|   320|
+---------------------+---------+-------+---------+---------+------+
|Utilization SLR (%)  |        0|      0|       ~0|       ~0|     0|
+---------------------+---------+-------+---------+---------+------+
|Available            |     5376|  12288|  3456000|  1728000|  1280|
+---------------------+---------+-------+---------+---------+------+
|Utilization (%)      |        0|      0|       ~0|       ~0|     0|
+---------------------+---------+-------+---------+---------+------+

+ Detail: 
    * Instance: 
    N/A

    * DSP: 
    N/A

    * Memory: 
    N/A

    * FIFO: 
    N/A

    * Expression: 
    +-----------------------------+----------+----+---+----+------------+------------+
    |        Variable Name        | Operation| DSP| FF| LUT| Bitwidth P0| Bitwidth P1|
    +-----------------------------+----------+----+---+----+------------+------------+
    |add_ln46_939_fu_492_p2       |         +|   0|  0|  16|           9|           9|
    |add_ln46_940_fu_650_p2       |         +|   0|  0|  16|           9|           9|
    |add_ln46_941_fu_808_p2       |         +|   0|  0|  16|           9|           9|
    |add_ln46_942_fu_966_p2       |         +|   0|  0|  16|           9|           9|
    |add_ln46_943_fu_1124_p2      |         +|   0|  0|  16|           9|           9|
    |add_ln46_944_fu_1282_p2      |         +|   0|  0|  16|           9|           9|
    |add_ln46_945_fu_1440_p2      |         +|   0|  0|  16|           9|           9|
    |add_ln46_946_fu_1598_p2      |         +|   0|  0|  16|           9|           9|
    |add_ln46_947_fu_1756_p2      |         +|   0|  0|  16|           9|           9|
    |add_ln46_948_fu_1914_p2      |         +|   0|  0|  16|           9|           9|
    |add_ln46_949_fu_2072_p2      |         +|   0|  0|  16|           9|           9|
    |add_ln46_950_fu_2230_p2      |         +|   0|  0|  16|           9|           9|
    |add_ln46_951_fu_2388_p2      |         +|   0|  0|  16|           9|           9|
    |add_ln46_952_fu_2546_p2      |         +|   0|  0|  16|           9|           9|
    |add_ln46_953_fu_2704_p2      |         +|   0|  0|  16|           9|           9|
    |add_ln46_954_fu_2862_p2      |         +|   0|  0|  16|           9|           9|
    |add_ln46_955_fu_3020_p2      |         +|   0|  0|  16|           9|           9|
    |add_ln46_956_fu_3178_p2      |         +|   0|  0|  16|           9|           9|
    |add_ln46_957_fu_3336_p2      |         +|   0|  0|  16|           9|           9|
    |add_ln46_fu_334_p2           |         +|   0|  0|  16|           9|           9|
    |and_ln46_3762_fu_402_p2      |       and|   0|  0|   2|           1|           1|
    |and_ln46_3763_fu_408_p2      |       and|   0|  0|   2|           1|           1|
    |and_ln46_3764_fu_3454_p2     |       and|   0|  0|   2|           1|           1|
    |and_ln46_3765_fu_482_p2      |       and|   0|  0|   2|           1|           1|
    |and_ln46_3766_fu_560_p2      |       and|   0|  0|   2|           1|           1|
    |and_ln46_3767_fu_566_p2      |       and|   0|  0|   2|           1|           1|
    |and_ln46_3768_fu_3488_p2     |       and|   0|  0|   2|           1|           1|
    |and_ln46_3769_fu_640_p2      |       and|   0|  0|   2|           1|           1|
    |and_ln46_3770_fu_718_p2      |       and|   0|  0|   2|           1|           1|
    |and_ln46_3771_fu_724_p2      |       and|   0|  0|   2|           1|           1|
    |and_ln46_3772_fu_3522_p2     |       and|   0|  0|   2|           1|           1|
    |and_ln46_3773_fu_798_p2      |       and|   0|  0|   2|           1|           1|
    |and_ln46_3774_fu_876_p2      |       and|   0|  0|   2|           1|           1|
    |and_ln46_3775_fu_882_p2      |       and|   0|  0|   2|           1|           1|
    |and_ln46_3776_fu_3556_p2     |       and|   0|  0|   2|           1|           1|
    |and_ln46_3777_fu_956_p2      |       and|   0|  0|   2|           1|           1|
    |and_ln46_3778_fu_1034_p2     |       and|   0|  0|   2|           1|           1|
    |and_ln46_3779_fu_1040_p2     |       and|   0|  0|   2|           1|           1|
    |and_ln46_3780_fu_3590_p2     |       and|   0|  0|   2|           1|           1|
    |and_ln46_3781_fu_1114_p2     |       and|   0|  0|   2|           1|           1|
    |and_ln46_3782_fu_1192_p2     |       and|   0|  0|   2|           1|           1|
    |and_ln46_3783_fu_1198_p2     |       and|   0|  0|   2|           1|           1|
    |and_ln46_3784_fu_3624_p2     |       and|   0|  0|   2|           1|           1|
    |and_ln46_3785_fu_1272_p2     |       and|   0|  0|   2|           1|           1|
    |and_ln46_3786_fu_1350_p2     |       and|   0|  0|   2|           1|           1|
    |and_ln46_3787_fu_1356_p2     |       and|   0|  0|   2|           1|           1|
    |and_ln46_3788_fu_3658_p2     |       and|   0|  0|   2|           1|           1|
    |and_ln46_3789_fu_1430_p2     |       and|   0|  0|   2|           1|           1|
    |and_ln46_3790_fu_1508_p2     |       and|   0|  0|   2|           1|           1|
    |and_ln46_3791_fu_1514_p2     |       and|   0|  0|   2|           1|           1|
    |and_ln46_3792_fu_3692_p2     |       and|   0|  0|   2|           1|           1|
    |and_ln46_3793_fu_1588_p2     |       and|   0|  0|   2|           1|           1|
    |and_ln46_3794_fu_1666_p2     |       and|   0|  0|   2|           1|           1|
    |and_ln46_3795_fu_1672_p2     |       and|   0|  0|   2|           1|           1|
    |and_ln46_3796_fu_3726_p2     |       and|   0|  0|   2|           1|           1|
    |and_ln46_3797_fu_1746_p2     |       and|   0|  0|   2|           1|           1|
    |and_ln46_3798_fu_1824_p2     |       and|   0|  0|   2|           1|           1|
    |and_ln46_3799_fu_1830_p2     |       and|   0|  0|   2|           1|           1|
    |and_ln46_3800_fu_3760_p2     |       and|   0|  0|   2|           1|           1|
    |and_ln46_3801_fu_1904_p2     |       and|   0|  0|   2|           1|           1|
    |and_ln46_3802_fu_1982_p2     |       and|   0|  0|   2|           1|           1|
    |and_ln46_3803_fu_1988_p2     |       and|   0|  0|   2|           1|           1|
    |and_ln46_3804_fu_3794_p2     |       and|   0|  0|   2|           1|           1|
    |and_ln46_3805_fu_2062_p2     |       and|   0|  0|   2|           1|           1|
    |and_ln46_3806_fu_2140_p2     |       and|   0|  0|   2|           1|           1|
    |and_ln46_3807_fu_2146_p2     |       and|   0|  0|   2|           1|           1|
    |and_ln46_3808_fu_3828_p2     |       and|   0|  0|   2|           1|           1|
    |and_ln46_3809_fu_2220_p2     |       and|   0|  0|   2|           1|           1|
    |and_ln46_3810_fu_2298_p2     |       and|   0|  0|   2|           1|           1|
    |and_ln46_3811_fu_2304_p2     |       and|   0|  0|   2|           1|           1|
    |and_ln46_3812_fu_3862_p2     |       and|   0|  0|   2|           1|           1|
    |and_ln46_3813_fu_2378_p2     |       and|   0|  0|   2|           1|           1|
    |and_ln46_3814_fu_2456_p2     |       and|   0|  0|   2|           1|           1|
    |and_ln46_3815_fu_2462_p2     |       and|   0|  0|   2|           1|           1|
    |and_ln46_3816_fu_3896_p2     |       and|   0|  0|   2|           1|           1|
    |and_ln46_3817_fu_2536_p2     |       and|   0|  0|   2|           1|           1|
    |and_ln46_3818_fu_2614_p2     |       and|   0|  0|   2|           1|           1|
    |and_ln46_3819_fu_2620_p2     |       and|   0|  0|   2|           1|           1|
    |and_ln46_3820_fu_3930_p2     |       and|   0|  0|   2|           1|           1|
    |and_ln46_3821_fu_2694_p2     |       and|   0|  0|   2|           1|           1|
    |and_ln46_3822_fu_2772_p2     |       and|   0|  0|   2|           1|           1|
    |and_ln46_3823_fu_2778_p2     |       and|   0|  0|   2|           1|           1|
    |and_ln46_3824_fu_3964_p2     |       and|   0|  0|   2|           1|           1|
    |and_ln46_3825_fu_2852_p2     |       and|   0|  0|   2|           1|           1|
    |and_ln46_3826_fu_2930_p2     |       and|   0|  0|   2|           1|           1|
    |and_ln46_3827_fu_2936_p2     |       and|   0|  0|   2|           1|           1|
    |and_ln46_3828_fu_3998_p2     |       and|   0|  0|   2|           1|           1|
    |and_ln46_3829_fu_3010_p2     |       and|   0|  0|   2|           1|           1|
    |and_ln46_3830_fu_3088_p2     |       and|   0|  0|   2|           1|           1|
    |and_ln46_3831_fu_3094_p2     |       and|   0|  0|   2|           1|           1|
    |and_ln46_3832_fu_4032_p2     |       and|   0|  0|   2|           1|           1|
    |and_ln46_3833_fu_3168_p2     |       and|   0|  0|   2|           1|           1|
    |and_ln46_3834_fu_3246_p2     |       and|   0|  0|   2|           1|           1|
    |and_ln46_3835_fu_3252_p2     |       and|   0|  0|   2|           1|           1|
    |and_ln46_3836_fu_4066_p2     |       and|   0|  0|   2|           1|           1|
    |and_ln46_3837_fu_3326_p2     |       and|   0|  0|   2|           1|           1|
    |and_ln46_3838_fu_3404_p2     |       and|   0|  0|   2|           1|           1|
    |and_ln46_3839_fu_3410_p2     |       and|   0|  0|   2|           1|           1|
    |and_ln46_3840_fu_4100_p2     |       and|   0|  0|   2|           1|           1|
    |and_ln46_fu_324_p2           |       and|   0|  0|   2|           1|           1|
    |icmp_ln45_939_fu_442_p2      |      icmp|   0|  0|  23|          16|           1|
    |icmp_ln45_940_fu_600_p2      |      icmp|   0|  0|  23|          16|           1|
    |icmp_ln45_941_fu_758_p2      |      icmp|   0|  0|  23|          16|           1|
    |icmp_ln45_942_fu_916_p2      |      icmp|   0|  0|  23|          16|           1|
    |icmp_ln45_943_fu_1074_p2     |      icmp|   0|  0|  23|          16|           1|
    |icmp_ln45_944_fu_1232_p2     |      icmp|   0|  0|  23|          16|           1|
    |icmp_ln45_945_fu_1390_p2     |      icmp|   0|  0|  23|          16|           1|
    |icmp_ln45_946_fu_1548_p2     |      icmp|   0|  0|  23|          16|           1|
    |icmp_ln45_947_fu_1706_p2     |      icmp|   0|  0|  23|          16|           1|
    |icmp_ln45_948_fu_1864_p2     |      icmp|   0|  0|  23|          16|           1|
    |icmp_ln45_949_fu_2022_p2     |      icmp|   0|  0|  23|          16|           1|
    |icmp_ln45_950_fu_2180_p2     |      icmp|   0|  0|  23|          16|           1|
    |icmp_ln45_951_fu_2338_p2     |      icmp|   0|  0|  23|          16|           1|
    |icmp_ln45_952_fu_2496_p2     |      icmp|   0|  0|  23|          16|           1|
    |icmp_ln45_953_fu_2654_p2     |      icmp|   0|  0|  23|          16|           1|
    |icmp_ln45_954_fu_2812_p2     |      icmp|   0|  0|  23|          16|           1|
    |icmp_ln45_955_fu_2970_p2     |      icmp|   0|  0|  23|          16|           1|
    |icmp_ln45_956_fu_3128_p2     |      icmp|   0|  0|  23|          16|           1|
    |icmp_ln45_957_fu_3286_p2     |      icmp|   0|  0|  23|          16|           1|
    |icmp_ln45_fu_284_p2          |      icmp|   0|  0|  23|          16|           1|
    |icmp_ln46_1880_fu_360_p2     |      icmp|   0|  0|  13|           6|           1|
    |icmp_ln46_1881_fu_512_p2     |      icmp|   0|  0|  13|           6|           2|
    |icmp_ln46_1882_fu_518_p2     |      icmp|   0|  0|  13|           6|           1|
    |icmp_ln46_1883_fu_670_p2     |      icmp|   0|  0|  13|           6|           2|
    |icmp_ln46_1884_fu_676_p2     |      icmp|   0|  0|  13|           6|           1|
    |icmp_ln46_1885_fu_828_p2     |      icmp|   0|  0|  13|           6|           2|
    |icmp_ln46_1886_fu_834_p2     |      icmp|   0|  0|  13|           6|           1|
    |icmp_ln46_1887_fu_986_p2     |      icmp|   0|  0|  13|           6|           2|
    |icmp_ln46_1888_fu_992_p2     |      icmp|   0|  0|  13|           6|           1|
    |icmp_ln46_1889_fu_1144_p2    |      icmp|   0|  0|  13|           6|           2|
    |icmp_ln46_1890_fu_1150_p2    |      icmp|   0|  0|  13|           6|           1|
    |icmp_ln46_1891_fu_1302_p2    |      icmp|   0|  0|  13|           6|           2|
    |icmp_ln46_1892_fu_1308_p2    |      icmp|   0|  0|  13|           6|           1|
    |icmp_ln46_1893_fu_1460_p2    |      icmp|   0|  0|  13|           6|           2|
    |icmp_ln46_1894_fu_1466_p2    |      icmp|   0|  0|  13|           6|           1|
    |icmp_ln46_1895_fu_1618_p2    |      icmp|   0|  0|  13|           6|           2|
    |icmp_ln46_1896_fu_1624_p2    |      icmp|   0|  0|  13|           6|           1|
    |icmp_ln46_1897_fu_1776_p2    |      icmp|   0|  0|  13|           6|           2|
    |icmp_ln46_1898_fu_1782_p2    |      icmp|   0|  0|  13|           6|           1|
    |icmp_ln46_1899_fu_1934_p2    |      icmp|   0|  0|  13|           6|           2|
    |icmp_ln46_1900_fu_1940_p2    |      icmp|   0|  0|  13|           6|           1|
    |icmp_ln46_1901_fu_2092_p2    |      icmp|   0|  0|  13|           6|           2|
    |icmp_ln46_1902_fu_2098_p2    |      icmp|   0|  0|  13|           6|           1|
    |icmp_ln46_1903_fu_2250_p2    |      icmp|   0|  0|  13|           6|           2|
    |icmp_ln46_1904_fu_2256_p2    |      icmp|   0|  0|  13|           6|           1|
    |icmp_ln46_1905_fu_2408_p2    |      icmp|   0|  0|  13|           6|           2|
    |icmp_ln46_1906_fu_2414_p2    |      icmp|   0|  0|  13|           6|           1|
    |icmp_ln46_1907_fu_2566_p2    |      icmp|   0|  0|  13|           6|           2|
    |icmp_ln46_1908_fu_2572_p2    |      icmp|   0|  0|  13|           6|           1|
    |icmp_ln46_1909_fu_2724_p2    |      icmp|   0|  0|  13|           6|           2|
    |icmp_ln46_1910_fu_2730_p2    |      icmp|   0|  0|  13|           6|           1|
    |icmp_ln46_1911_fu_2882_p2    |      icmp|   0|  0|  13|           6|           2|
    |icmp_ln46_1912_fu_2888_p2    |      icmp|   0|  0|  13|           6|           1|
    |icmp_ln46_1913_fu_3040_p2    |      icmp|   0|  0|  13|           6|           2|
    |icmp_ln46_1914_fu_3046_p2    |      icmp|   0|  0|  13|           6|           1|
    |icmp_ln46_1915_fu_3198_p2    |      icmp|   0|  0|  13|           6|           2|
    |icmp_ln46_1916_fu_3204_p2    |      icmp|   0|  0|  13|           6|           1|
    |icmp_ln46_1917_fu_3356_p2    |      icmp|   0|  0|  13|           6|           2|
    |icmp_ln46_1918_fu_3362_p2    |      icmp|   0|  0|  13|           6|           1|
    |icmp_ln46_fu_354_p2          |      icmp|   0|  0|  13|           6|           2|
    |or_ln46_1880_fu_3459_p2      |        or|   0|  0|   2|           1|           1|
    |or_ln46_1881_fu_554_p2       |        or|   0|  0|   2|           1|           1|
    |or_ln46_1882_fu_3493_p2      |        or|   0|  0|   2|           1|           1|
    |or_ln46_1883_fu_712_p2       |        or|   0|  0|   2|           1|           1|
    |or_ln46_1884_fu_3527_p2      |        or|   0|  0|   2|           1|           1|
    |or_ln46_1885_fu_870_p2       |        or|   0|  0|   2|           1|           1|
    |or_ln46_1886_fu_3561_p2      |        or|   0|  0|   2|           1|           1|
    |or_ln46_1887_fu_1028_p2      |        or|   0|  0|   2|           1|           1|
    |or_ln46_1888_fu_3595_p2      |        or|   0|  0|   2|           1|           1|
    |or_ln46_1889_fu_1186_p2      |        or|   0|  0|   2|           1|           1|
    |or_ln46_1890_fu_3629_p2      |        or|   0|  0|   2|           1|           1|
    |or_ln46_1891_fu_1344_p2      |        or|   0|  0|   2|           1|           1|
    |or_ln46_1892_fu_3663_p2      |        or|   0|  0|   2|           1|           1|
    |or_ln46_1893_fu_1502_p2      |        or|   0|  0|   2|           1|           1|
    |or_ln46_1894_fu_3697_p2      |        or|   0|  0|   2|           1|           1|
    |or_ln46_1895_fu_1660_p2      |        or|   0|  0|   2|           1|           1|
    |or_ln46_1896_fu_3731_p2      |        or|   0|  0|   2|           1|           1|
    |or_ln46_1897_fu_1818_p2      |        or|   0|  0|   2|           1|           1|
    |or_ln46_1898_fu_3765_p2      |        or|   0|  0|   2|           1|           1|
    |or_ln46_1899_fu_1976_p2      |        or|   0|  0|   2|           1|           1|
    |or_ln46_1900_fu_3799_p2      |        or|   0|  0|   2|           1|           1|
    |or_ln46_1901_fu_2134_p2      |        or|   0|  0|   2|           1|           1|
    |or_ln46_1902_fu_3833_p2      |        or|   0|  0|   2|           1|           1|
    |or_ln46_1903_fu_2292_p2      |        or|   0|  0|   2|           1|           1|
    |or_ln46_1904_fu_3867_p2      |        or|   0|  0|   2|           1|           1|
    |or_ln46_1905_fu_2450_p2      |        or|   0|  0|   2|           1|           1|
    |or_ln46_1906_fu_3901_p2      |        or|   0|  0|   2|           1|           1|
    |or_ln46_1907_fu_2608_p2      |        or|   0|  0|   2|           1|           1|
    |or_ln46_1908_fu_3935_p2      |        or|   0|  0|   2|           1|           1|
    |or_ln46_1909_fu_2766_p2      |        or|   0|  0|   2|           1|           1|
    |or_ln46_1910_fu_3969_p2      |        or|   0|  0|   2|           1|           1|
    |or_ln46_1911_fu_2924_p2      |        or|   0|  0|   2|           1|           1|
    |or_ln46_1912_fu_4003_p2      |        or|   0|  0|   2|           1|           1|
    |or_ln46_1913_fu_3082_p2      |        or|   0|  0|   2|           1|           1|
    |or_ln46_1914_fu_4037_p2      |        or|   0|  0|   2|           1|           1|
    |or_ln46_1915_fu_3240_p2      |        or|   0|  0|   2|           1|           1|
    |or_ln46_1916_fu_4071_p2      |        or|   0|  0|   2|           1|           1|
    |or_ln46_1917_fu_3398_p2      |        or|   0|  0|   2|           1|           1|
    |or_ln46_1918_fu_4105_p2      |        or|   0|  0|   2|           1|           1|
    |or_ln46_fu_396_p2            |        or|   0|  0|   2|           1|           1|
    |select_ln45_939_fu_3505_p3   |    select|   0|  0|   9|           1|           9|
    |select_ln45_940_fu_3539_p3   |    select|   0|  0|   9|           1|           9|
    |select_ln45_941_fu_3573_p3   |    select|   0|  0|   9|           1|           9|
    |select_ln45_942_fu_3607_p3   |    select|   0|  0|   9|           1|           9|
    |select_ln45_943_fu_3641_p3   |    select|   0|  0|   9|           1|           9|
    |select_ln45_944_fu_3675_p3   |    select|   0|  0|   9|           1|           9|
    |select_ln45_945_fu_3709_p3   |    select|   0|  0|   9|           1|           9|
    |select_ln45_946_fu_3743_p3   |    select|   0|  0|   9|           1|           9|
    |select_ln45_947_fu_3777_p3   |    select|   0|  0|   9|           1|           9|
    |select_ln45_948_fu_3811_p3   |    select|   0|  0|   9|           1|           9|
    |select_ln45_949_fu_3845_p3   |    select|   0|  0|   9|           1|           9|
    |select_ln45_950_fu_3879_p3   |    select|   0|  0|   9|           1|           9|
    |select_ln45_951_fu_3913_p3   |    select|   0|  0|   9|           1|           9|
    |select_ln45_952_fu_3947_p3   |    select|   0|  0|   9|           1|           9|
    |select_ln45_953_fu_3981_p3   |    select|   0|  0|   9|           1|           9|
    |select_ln45_954_fu_4015_p3   |    select|   0|  0|   9|           1|           9|
    |select_ln45_955_fu_4049_p3   |    select|   0|  0|   9|           1|           9|
    |select_ln45_956_fu_4083_p3   |    select|   0|  0|   9|           1|           9|
    |select_ln45_957_fu_4117_p3   |    select|   0|  0|   9|           1|           9|
    |select_ln45_fu_3471_p3       |    select|   0|  0|   9|           1|           9|
    |select_ln46_3762_fu_414_p3   |    select|   0|  0|   8|           1|           8|
    |select_ln46_3763_fu_434_p3   |    select|   0|  0|   9|           1|           9|
    |select_ln46_3764_fu_3465_p3  |    select|   0|  0|   9|           1|           9|
    |select_ln46_3765_fu_538_p3   |    select|   0|  0|   2|           1|           1|
    |select_ln46_3766_fu_572_p3   |    select|   0|  0|   8|           1|           8|
    |select_ln46_3767_fu_592_p3   |    select|   0|  0|   9|           1|           9|
    |select_ln46_3768_fu_3499_p3  |    select|   0|  0|   9|           1|           9|
    |select_ln46_3769_fu_696_p3   |    select|   0|  0|   2|           1|           1|
    |select_ln46_3770_fu_730_p3   |    select|   0|  0|   8|           1|           8|
    |select_ln46_3771_fu_750_p3   |    select|   0|  0|   9|           1|           9|
    |select_ln46_3772_fu_3533_p3  |    select|   0|  0|   9|           1|           9|
    |select_ln46_3773_fu_854_p3   |    select|   0|  0|   2|           1|           1|
    |select_ln46_3774_fu_888_p3   |    select|   0|  0|   8|           1|           8|
    |select_ln46_3775_fu_908_p3   |    select|   0|  0|   9|           1|           9|
    |select_ln46_3776_fu_3567_p3  |    select|   0|  0|   9|           1|           9|
    |select_ln46_3777_fu_1012_p3  |    select|   0|  0|   2|           1|           1|
    |select_ln46_3778_fu_1046_p3  |    select|   0|  0|   8|           1|           8|
    |select_ln46_3779_fu_1066_p3  |    select|   0|  0|   9|           1|           9|
    |select_ln46_3780_fu_3601_p3  |    select|   0|  0|   9|           1|           9|
    |select_ln46_3781_fu_1170_p3  |    select|   0|  0|   2|           1|           1|
    |select_ln46_3782_fu_1204_p3  |    select|   0|  0|   8|           1|           8|
    |select_ln46_3783_fu_1224_p3  |    select|   0|  0|   9|           1|           9|
    |select_ln46_3784_fu_3635_p3  |    select|   0|  0|   9|           1|           9|
    |select_ln46_3785_fu_1328_p3  |    select|   0|  0|   2|           1|           1|
    |select_ln46_3786_fu_1362_p3  |    select|   0|  0|   8|           1|           8|
    |select_ln46_3787_fu_1382_p3  |    select|   0|  0|   9|           1|           9|
    |select_ln46_3788_fu_3669_p3  |    select|   0|  0|   9|           1|           9|
    |select_ln46_3789_fu_1486_p3  |    select|   0|  0|   2|           1|           1|
    |select_ln46_3790_fu_1520_p3  |    select|   0|  0|   8|           1|           8|
    |select_ln46_3791_fu_1540_p3  |    select|   0|  0|   9|           1|           9|
    |select_ln46_3792_fu_3703_p3  |    select|   0|  0|   9|           1|           9|
    |select_ln46_3793_fu_1644_p3  |    select|   0|  0|   2|           1|           1|
    |select_ln46_3794_fu_1678_p3  |    select|   0|  0|   8|           1|           8|
    |select_ln46_3795_fu_1698_p3  |    select|   0|  0|   9|           1|           9|
    |select_ln46_3796_fu_3737_p3  |    select|   0|  0|   9|           1|           9|
    |select_ln46_3797_fu_1802_p3  |    select|   0|  0|   2|           1|           1|
    |select_ln46_3798_fu_1836_p3  |    select|   0|  0|   8|           1|           8|
    |select_ln46_3799_fu_1856_p3  |    select|   0|  0|   9|           1|           9|
    |select_ln46_3800_fu_3771_p3  |    select|   0|  0|   9|           1|           9|
    |select_ln46_3801_fu_1960_p3  |    select|   0|  0|   2|           1|           1|
    |select_ln46_3802_fu_1994_p3  |    select|   0|  0|   8|           1|           8|
    |select_ln46_3803_fu_2014_p3  |    select|   0|  0|   9|           1|           9|
    |select_ln46_3804_fu_3805_p3  |    select|   0|  0|   9|           1|           9|
    |select_ln46_3805_fu_2118_p3  |    select|   0|  0|   2|           1|           1|
    |select_ln46_3806_fu_2152_p3  |    select|   0|  0|   8|           1|           8|
    |select_ln46_3807_fu_2172_p3  |    select|   0|  0|   9|           1|           9|
    |select_ln46_3808_fu_3839_p3  |    select|   0|  0|   9|           1|           9|
    |select_ln46_3809_fu_2276_p3  |    select|   0|  0|   2|           1|           1|
    |select_ln46_3810_fu_2310_p3  |    select|   0|  0|   8|           1|           8|
    |select_ln46_3811_fu_2330_p3  |    select|   0|  0|   9|           1|           9|
    |select_ln46_3812_fu_3873_p3  |    select|   0|  0|   9|           1|           9|
    |select_ln46_3813_fu_2434_p3  |    select|   0|  0|   2|           1|           1|
    |select_ln46_3814_fu_2468_p3  |    select|   0|  0|   8|           1|           8|
    |select_ln46_3815_fu_2488_p3  |    select|   0|  0|   9|           1|           9|
    |select_ln46_3816_fu_3907_p3  |    select|   0|  0|   9|           1|           9|
    |select_ln46_3817_fu_2592_p3  |    select|   0|  0|   2|           1|           1|
    |select_ln46_3818_fu_2626_p3  |    select|   0|  0|   8|           1|           8|
    |select_ln46_3819_fu_2646_p3  |    select|   0|  0|   9|           1|           9|
    |select_ln46_3820_fu_3941_p3  |    select|   0|  0|   9|           1|           9|
    |select_ln46_3821_fu_2750_p3  |    select|   0|  0|   2|           1|           1|
    |select_ln46_3822_fu_2784_p3  |    select|   0|  0|   8|           1|           8|
    |select_ln46_3823_fu_2804_p3  |    select|   0|  0|   9|           1|           9|
    |select_ln46_3824_fu_3975_p3  |    select|   0|  0|   9|           1|           9|
    |select_ln46_3825_fu_2908_p3  |    select|   0|  0|   2|           1|           1|
    |select_ln46_3826_fu_2942_p3  |    select|   0|  0|   8|           1|           8|
    |select_ln46_3827_fu_2962_p3  |    select|   0|  0|   9|           1|           9|
    |select_ln46_3828_fu_4009_p3  |    select|   0|  0|   9|           1|           9|
    |select_ln46_3829_fu_3066_p3  |    select|   0|  0|   2|           1|           1|
    |select_ln46_3830_fu_3100_p3  |    select|   0|  0|   8|           1|           8|
    |select_ln46_3831_fu_3120_p3  |    select|   0|  0|   9|           1|           9|
    |select_ln46_3832_fu_4043_p3  |    select|   0|  0|   9|           1|           9|
    |select_ln46_3833_fu_3224_p3  |    select|   0|  0|   2|           1|           1|
    |select_ln46_3834_fu_3258_p3  |    select|   0|  0|   8|           1|           8|
    |select_ln46_3835_fu_3278_p3  |    select|   0|  0|   9|           1|           9|
    |select_ln46_3836_fu_4077_p3  |    select|   0|  0|   9|           1|           9|
    |select_ln46_3837_fu_3382_p3  |    select|   0|  0|   2|           1|           1|
    |select_ln46_3838_fu_3416_p3  |    select|   0|  0|   8|           1|           8|
    |select_ln46_3839_fu_3436_p3  |    select|   0|  0|   9|           1|           9|
    |select_ln46_3840_fu_4111_p3  |    select|   0|  0|   9|           1|           9|
    |select_ln46_4761_fu_388_p3   |    select|   0|  0|   2|           1|           1|
    |select_ln46_4762_fu_426_p3   |    select|   0|  0|   9|           1|           9|
    |select_ln46_4763_fu_546_p3   |    select|   0|  0|   2|           1|           1|
    |select_ln46_4764_fu_584_p3   |    select|   0|  0|   9|           1|           9|
    |select_ln46_4765_fu_704_p3   |    select|   0|  0|   2|           1|           1|
    |select_ln46_4766_fu_742_p3   |    select|   0|  0|   9|           1|           9|
    |select_ln46_4767_fu_862_p3   |    select|   0|  0|   2|           1|           1|
    |select_ln46_4768_fu_900_p3   |    select|   0|  0|   9|           1|           9|
    |select_ln46_4769_fu_1020_p3  |    select|   0|  0|   2|           1|           1|
    |select_ln46_4770_fu_1058_p3  |    select|   0|  0|   9|           1|           9|
    |select_ln46_4771_fu_1178_p3  |    select|   0|  0|   2|           1|           1|
    |select_ln46_4772_fu_1216_p3  |    select|   0|  0|   9|           1|           9|
    |select_ln46_4773_fu_1336_p3  |    select|   0|  0|   2|           1|           1|
    |select_ln46_4774_fu_1374_p3  |    select|   0|  0|   9|           1|           9|
    |select_ln46_4775_fu_1494_p3  |    select|   0|  0|   2|           1|           1|
    |select_ln46_4776_fu_1532_p3  |    select|   0|  0|   9|           1|           9|
    |select_ln46_4777_fu_1652_p3  |    select|   0|  0|   2|           1|           1|
    |select_ln46_4778_fu_1690_p3  |    select|   0|  0|   9|           1|           9|
    |select_ln46_4779_fu_1810_p3  |    select|   0|  0|   2|           1|           1|
    |select_ln46_4780_fu_1848_p3  |    select|   0|  0|   9|           1|           9|
    |select_ln46_4781_fu_1968_p3  |    select|   0|  0|   2|           1|           1|
    |select_ln46_4782_fu_2006_p3  |    select|   0|  0|   9|           1|           9|
    |select_ln46_4783_fu_2126_p3  |    select|   0|  0|   2|           1|           1|
    |select_ln46_4784_fu_2164_p3  |    select|   0|  0|   9|           1|           9|
    |select_ln46_4785_fu_2284_p3  |    select|   0|  0|   2|           1|           1|
    |select_ln46_4786_fu_2322_p3  |    select|   0|  0|   9|           1|           9|
    |select_ln46_4787_fu_2442_p3  |    select|   0|  0|   2|           1|           1|
    |select_ln46_4788_fu_2480_p3  |    select|   0|  0|   9|           1|           9|
    |select_ln46_4789_fu_2600_p3  |    select|   0|  0|   2|           1|           1|
    |select_ln46_4790_fu_2638_p3  |    select|   0|  0|   9|           1|           9|
    |select_ln46_4791_fu_2758_p3  |    select|   0|  0|   2|           1|           1|
    |select_ln46_4792_fu_2796_p3  |    select|   0|  0|   9|           1|           9|
    |select_ln46_4793_fu_2916_p3  |    select|   0|  0|   2|           1|           1|
    |select_ln46_4794_fu_2954_p3  |    select|   0|  0|   9|           1|           9|
    |select_ln46_4795_fu_3074_p3  |    select|   0|  0|   2|           1|           1|
    |select_ln46_4796_fu_3112_p3  |    select|   0|  0|   9|           1|           9|
    |select_ln46_4797_fu_3232_p3  |    select|   0|  0|   2|           1|           1|
    |select_ln46_4798_fu_3270_p3  |    select|   0|  0|   9|           1|           9|
    |select_ln46_4799_fu_3390_p3  |    select|   0|  0|   2|           1|           1|
    |select_ln46_4800_fu_3428_p3  |    select|   0|  0|   9|           1|           9|
    |select_ln46_fu_380_p3        |    select|   0|  0|   2|           1|           1|
    |xor_ln46_1880_fu_3449_p2     |       xor|   0|  0|   2|           2|           1|
    |xor_ln46_1881_fu_3478_p2     |       xor|   0|  0|   2|           1|           2|
    |xor_ln46_1882_fu_3483_p2     |       xor|   0|  0|   2|           2|           1|
    |xor_ln46_1883_fu_3512_p2     |       xor|   0|  0|   2|           1|           2|
    |xor_ln46_1884_fu_3517_p2     |       xor|   0|  0|   2|           2|           1|
    |xor_ln46_1885_fu_3546_p2     |       xor|   0|  0|   2|           1|           2|
    |xor_ln46_1886_fu_3551_p2     |       xor|   0|  0|   2|           2|           1|
    |xor_ln46_1887_fu_3580_p2     |       xor|   0|  0|   2|           1|           2|
    |xor_ln46_1888_fu_3585_p2     |       xor|   0|  0|   2|           2|           1|
    |xor_ln46_1889_fu_3614_p2     |       xor|   0|  0|   2|           1|           2|
    |xor_ln46_1890_fu_3619_p2     |       xor|   0|  0|   2|           2|           1|
    |xor_ln46_1891_fu_3648_p2     |       xor|   0|  0|   2|           1|           2|
    |xor_ln46_1892_fu_3653_p2     |       xor|   0|  0|   2|           2|           1|
    |xor_ln46_1893_fu_3682_p2     |       xor|   0|  0|   2|           1|           2|
    |xor_ln46_1894_fu_3687_p2     |       xor|   0|  0|   2|           2|           1|
    |xor_ln46_1895_fu_3716_p2     |       xor|   0|  0|   2|           1|           2|
    |xor_ln46_1896_fu_3721_p2     |       xor|   0|  0|   2|           2|           1|
    |xor_ln46_1897_fu_3750_p2     |       xor|   0|  0|   2|           1|           2|
    |xor_ln46_1898_fu_3755_p2     |       xor|   0|  0|   2|           2|           1|
    |xor_ln46_1899_fu_3784_p2     |       xor|   0|  0|   2|           1|           2|
    |xor_ln46_1900_fu_3789_p2     |       xor|   0|  0|   2|           2|           1|
    |xor_ln46_1901_fu_3818_p2     |       xor|   0|  0|   2|           1|           2|
    |xor_ln46_1902_fu_3823_p2     |       xor|   0|  0|   2|           2|           1|
    |xor_ln46_1903_fu_3852_p2     |       xor|   0|  0|   2|           1|           2|
    |xor_ln46_1904_fu_3857_p2     |       xor|   0|  0|   2|           2|           1|
    |xor_ln46_1905_fu_3886_p2     |       xor|   0|  0|   2|           1|           2|
    |xor_ln46_1906_fu_3891_p2     |       xor|   0|  0|   2|           2|           1|
    |xor_ln46_1907_fu_3920_p2     |       xor|   0|  0|   2|           1|           2|
    |xor_ln46_1908_fu_3925_p2     |       xor|   0|  0|   2|           2|           1|
    |xor_ln46_1909_fu_3954_p2     |       xor|   0|  0|   2|           1|           2|
    |xor_ln46_1910_fu_3959_p2     |       xor|   0|  0|   2|           2|           1|
    |xor_ln46_1911_fu_3988_p2     |       xor|   0|  0|   2|           1|           2|
    |xor_ln46_1912_fu_3993_p2     |       xor|   0|  0|   2|           2|           1|
    |xor_ln46_1913_fu_4022_p2     |       xor|   0|  0|   2|           1|           2|
    |xor_ln46_1914_fu_4027_p2     |       xor|   0|  0|   2|           2|           1|
    |xor_ln46_1915_fu_4056_p2     |       xor|   0|  0|   2|           1|           2|
    |xor_ln46_1916_fu_4061_p2     |       xor|   0|  0|   2|           2|           1|
    |xor_ln46_1917_fu_4090_p2     |       xor|   0|  0|   2|           1|           2|
    |xor_ln46_1918_fu_4095_p2     |       xor|   0|  0|   2|           2|           1|
    |xor_ln46_2380_fu_374_p2      |       xor|   0|  0|   2|           1|           2|
    |xor_ln46_2381_fu_532_p2      |       xor|   0|  0|   2|           1|           2|
    |xor_ln46_2382_fu_690_p2      |       xor|   0|  0|   2|           1|           2|
    |xor_ln46_2383_fu_848_p2      |       xor|   0|  0|   2|           1|           2|
    |xor_ln46_2384_fu_1006_p2     |       xor|   0|  0|   2|           1|           2|
    |xor_ln46_2385_fu_1164_p2     |       xor|   0|  0|   2|           1|           2|
    |xor_ln46_2386_fu_1322_p2     |       xor|   0|  0|   2|           1|           2|
    |xor_ln46_2387_fu_1480_p2     |       xor|   0|  0|   2|           1|           2|
    |xor_ln46_2388_fu_1638_p2     |       xor|   0|  0|   2|           1|           2|
    |xor_ln46_2389_fu_1796_p2     |       xor|   0|  0|   2|           1|           2|
    |xor_ln46_2390_fu_1954_p2     |       xor|   0|  0|   2|           1|           2|
    |xor_ln46_2391_fu_2112_p2     |       xor|   0|  0|   2|           1|           2|
    |xor_ln46_2392_fu_2270_p2     |       xor|   0|  0|   2|           1|           2|
    |xor_ln46_2393_fu_2428_p2     |       xor|   0|  0|   2|           1|           2|
    |xor_ln46_2394_fu_2586_p2     |       xor|   0|  0|   2|           1|           2|
    |xor_ln46_2395_fu_2744_p2     |       xor|   0|  0|   2|           1|           2|
    |xor_ln46_2396_fu_2902_p2     |       xor|   0|  0|   2|           1|           2|
    |xor_ln46_2397_fu_3060_p2     |       xor|   0|  0|   2|           1|           2|
    |xor_ln46_2398_fu_3218_p2     |       xor|   0|  0|   2|           1|           2|
    |xor_ln46_2399_fu_3376_p2     |       xor|   0|  0|   2|           1|           2|
    |xor_ln46_fu_3444_p2          |       xor|   0|  0|   2|           1|           2|
    +-----------------------------+----------+----+---+----+------------+------------+
    |Total                        |          |   0|  0|2620|        1080|        1400|
    +-----------------------------+----------+----+---+----+------------+------------+

    * Multiplexer: 
    +--------------+----+-----------+-----+-----------+
    |     Name     | LUT| Input Size| Bits| Total Bits|
    +--------------+----+-----------+-----+-----------+
    |ap_return_0   |  14|          3|    9|         27|
    |ap_return_1   |  14|          3|    9|         27|
    |ap_return_10  |  14|          3|    9|         27|
    |ap_return_11  |  14|          3|    9|         27|
    |ap_return_12  |  14|          3|    9|         27|
    |ap_return_13  |  14|          3|    9|         27|
    |ap_return_14  |  14|          3|    9|         27|
    |ap_return_15  |  14|          3|    9|         27|
    |ap_return_16  |  14|          3|    9|         27|
    |ap_return_17  |  14|          3|    9|         27|
    |ap_return_18  |  14|          3|    9|         27|
    |ap_return_19  |  14|          3|    9|         27|
    |ap_return_2   |  14|          3|    9|         27|
    |ap_return_3   |  14|          3|    9|         27|
    |ap_return_4   |  14|          3|    9|         27|
    |ap_return_5   |  14|          3|    9|         27|
    |ap_return_6   |  14|          3|    9|         27|
    |ap_return_7   |  14|          3|    9|         27|
    |ap_return_8   |  14|          3|    9|         27|
    |ap_return_9   |  14|          3|    9|         27|
    +--------------+----+-----------+-----+-----------+
    |Total         | 280|         60|  180|        540|
    +--------------+----+-----------+-----+-----------+

    * Register: 
    +---------------------------+---+----+-----+-----------+
    |            Name           | FF| LUT| Bits| Const Bits|
    +---------------------------+---+----+-----+-----------+
    |add_ln46_939_reg_4284      |  9|   0|    9|          0|
    |add_ln46_940_reg_4314      |  9|   0|    9|          0|
    |add_ln46_941_reg_4344      |  9|   0|    9|          0|
    |add_ln46_942_reg_4374      |  9|   0|    9|          0|
    |add_ln46_943_reg_4404      |  9|   0|    9|          0|
    |add_ln46_944_reg_4434      |  9|   0|    9|          0|
    |add_ln46_945_reg_4464      |  9|   0|    9|          0|
    |add_ln46_946_reg_4494      |  9|   0|    9|          0|
    |add_ln46_947_reg_4524      |  9|   0|    9|          0|
    |add_ln46_948_reg_4554      |  9|   0|    9|          0|
    |add_ln46_949_reg_4584      |  9|   0|    9|          0|
    |add_ln46_950_reg_4614      |  9|   0|    9|          0|
    |add_ln46_951_reg_4644      |  9|   0|    9|          0|
    |add_ln46_952_reg_4674      |  9|   0|    9|          0|
    |add_ln46_953_reg_4704      |  9|   0|    9|          0|
    |add_ln46_954_reg_4734      |  9|   0|    9|          0|
    |add_ln46_955_reg_4764      |  9|   0|    9|          0|
    |add_ln46_956_reg_4794      |  9|   0|    9|          0|
    |add_ln46_957_reg_4824      |  9|   0|    9|          0|
    |add_ln46_reg_4254          |  9|   0|    9|          0|
    |and_ln46_3763_reg_4264     |  1|   0|    1|          0|
    |and_ln46_3767_reg_4294     |  1|   0|    1|          0|
    |and_ln46_3771_reg_4324     |  1|   0|    1|          0|
    |and_ln46_3775_reg_4354     |  1|   0|    1|          0|
    |and_ln46_3779_reg_4384     |  1|   0|    1|          0|
    |and_ln46_3783_reg_4414     |  1|   0|    1|          0|
    |and_ln46_3787_reg_4444     |  1|   0|    1|          0|
    |and_ln46_3791_reg_4474     |  1|   0|    1|          0|
    |and_ln46_3795_reg_4504     |  1|   0|    1|          0|
    |and_ln46_3799_reg_4534     |  1|   0|    1|          0|
    |and_ln46_3803_reg_4564     |  1|   0|    1|          0|
    |and_ln46_3807_reg_4594     |  1|   0|    1|          0|
    |and_ln46_3811_reg_4624     |  1|   0|    1|          0|
    |and_ln46_3815_reg_4654     |  1|   0|    1|          0|
    |and_ln46_3819_reg_4684     |  1|   0|    1|          0|
    |and_ln46_3823_reg_4714     |  1|   0|    1|          0|
    |and_ln46_3827_reg_4744     |  1|   0|    1|          0|
    |and_ln46_3831_reg_4774     |  1|   0|    1|          0|
    |and_ln46_3835_reg_4804     |  1|   0|    1|          0|
    |and_ln46_3839_reg_4834     |  1|   0|    1|          0|
    |ap_ce_reg                  |  1|   0|    1|          0|
    |ap_return_0_int_reg        |  9|   0|    9|          0|
    |ap_return_10_int_reg       |  9|   0|    9|          0|
    |ap_return_11_int_reg       |  9|   0|    9|          0|
    |ap_return_12_int_reg       |  9|   0|    9|          0|
    |ap_return_13_int_reg       |  9|   0|    9|          0|
    |ap_return_14_int_reg       |  9|   0|    9|          0|
    |ap_return_15_int_reg       |  9|   0|    9|          0|
    |ap_return_16_int_reg       |  9|   0|    9|          0|
    |ap_return_17_int_reg       |  9|   0|    9|          0|
    |ap_return_18_int_reg       |  9|   0|    9|          0|
    |ap_return_19_int_reg       |  9|   0|    9|          0|
    |ap_return_1_int_reg        |  9|   0|    9|          0|
    |ap_return_2_int_reg        |  9|   0|    9|          0|
    |ap_return_3_int_reg        |  9|   0|    9|          0|
    |ap_return_4_int_reg        |  9|   0|    9|          0|
    |ap_return_5_int_reg        |  9|   0|    9|          0|
    |ap_return_6_int_reg        |  9|   0|    9|          0|
    |ap_return_7_int_reg        |  9|   0|    9|          0|
    |ap_return_8_int_reg        |  9|   0|    9|          0|
    |ap_return_9_int_reg        |  9|   0|    9|          0|
    |icmp_ln45_939_reg_4274     |  1|   0|    1|          0|
    |icmp_ln45_940_reg_4304     |  1|   0|    1|          0|
    |icmp_ln45_941_reg_4334     |  1|   0|    1|          0|
    |icmp_ln45_942_reg_4364     |  1|   0|    1|          0|
    |icmp_ln45_943_reg_4394     |  1|   0|    1|          0|
    |icmp_ln45_944_reg_4424     |  1|   0|    1|          0|
    |icmp_ln45_945_reg_4454     |  1|   0|    1|          0|
    |icmp_ln45_946_reg_4484     |  1|   0|    1|          0|
    |icmp_ln45_947_reg_4514     |  1|   0|    1|          0|
    |icmp_ln45_948_reg_4544     |  1|   0|    1|          0|
    |icmp_ln45_949_reg_4574     |  1|   0|    1|          0|
    |icmp_ln45_950_reg_4604     |  1|   0|    1|          0|
    |icmp_ln45_951_reg_4634     |  1|   0|    1|          0|
    |icmp_ln45_952_reg_4664     |  1|   0|    1|          0|
    |icmp_ln45_953_reg_4694     |  1|   0|    1|          0|
    |icmp_ln45_954_reg_4724     |  1|   0|    1|          0|
    |icmp_ln45_955_reg_4754     |  1|   0|    1|          0|
    |icmp_ln45_956_reg_4784     |  1|   0|    1|          0|
    |icmp_ln45_957_reg_4814     |  1|   0|    1|          0|
    |icmp_ln45_reg_4244         |  1|   0|    1|          0|
    |or_ln46_1881_reg_4289      |  1|   0|    1|          0|
    |or_ln46_1883_reg_4319      |  1|   0|    1|          0|
    |or_ln46_1885_reg_4349      |  1|   0|    1|          0|
    |or_ln46_1887_reg_4379      |  1|   0|    1|          0|
    |or_ln46_1889_reg_4409      |  1|   0|    1|          0|
    |or_ln46_1891_reg_4439      |  1|   0|    1|          0|
    |or_ln46_1893_reg_4469      |  1|   0|    1|          0|
    |or_ln46_1895_reg_4499      |  1|   0|    1|          0|
    |or_ln46_1897_reg_4529      |  1|   0|    1|          0|
    |or_ln46_1899_reg_4559      |  1|   0|    1|          0|
    |or_ln46_1901_reg_4589      |  1|   0|    1|          0|
    |or_ln46_1903_reg_4619      |  1|   0|    1|          0|
    |or_ln46_1905_reg_4649      |  1|   0|    1|          0|
    |or_ln46_1907_reg_4679      |  1|   0|    1|          0|
    |or_ln46_1909_reg_4709      |  1|   0|    1|          0|
    |or_ln46_1911_reg_4739      |  1|   0|    1|          0|
    |or_ln46_1913_reg_4769      |  1|   0|    1|          0|
    |or_ln46_1915_reg_4799      |  1|   0|    1|          0|
    |or_ln46_1917_reg_4829      |  1|   0|    1|          0|
    |or_ln46_reg_4259           |  1|   0|    1|          0|
    |select_ln46_3763_reg_4269  |  9|   0|    9|          0|
    |select_ln46_3767_reg_4299  |  9|   0|    9|          0|
    |select_ln46_3771_reg_4329  |  9|   0|    9|          0|
    |select_ln46_3775_reg_4359  |  9|   0|    9|          0|
    |select_ln46_3779_reg_4389  |  9|   0|    9|          0|
    |select_ln46_3783_reg_4419  |  9|   0|    9|          0|
    |select_ln46_3787_reg_4449  |  9|   0|    9|          0|
    |select_ln46_3791_reg_4479  |  9|   0|    9|          0|
    |select_ln46_3795_reg_4509  |  9|   0|    9|          0|
    |select_ln46_3799_reg_4539  |  9|   0|    9|          0|
    |select_ln46_3803_reg_4569  |  9|   0|    9|          0|
    |select_ln46_3807_reg_4599  |  9|   0|    9|          0|
    |select_ln46_3811_reg_4629  |  9|   0|    9|          0|
    |select_ln46_3815_reg_4659  |  9|   0|    9|          0|
    |select_ln46_3819_reg_4689  |  9|   0|    9|          0|
    |select_ln46_3823_reg_4719  |  9|   0|    9|          0|
    |select_ln46_3827_reg_4749  |  9|   0|    9|          0|
    |select_ln46_3831_reg_4779  |  9|   0|    9|          0|
    |select_ln46_3835_reg_4809  |  9|   0|    9|          0|
    |select_ln46_3839_reg_4839  |  9|   0|    9|          0|
    |tmp_4696_reg_4279          |  1|   0|    1|          0|
    |tmp_4700_reg_4309          |  1|   0|    1|          0|
    |tmp_4704_reg_4339          |  1|   0|    1|          0|
    |tmp_4709_reg_4369          |  1|   0|    1|          0|
    |tmp_4714_reg_4399          |  1|   0|    1|          0|
    |tmp_4719_reg_4429          |  1|   0|    1|          0|
    |tmp_4724_reg_4459          |  1|   0|    1|          0|
    |tmp_4729_reg_4489          |  1|   0|    1|          0|
    |tmp_4734_reg_4519          |  1|   0|    1|          0|
    |tmp_4739_reg_4549          |  1|   0|    1|          0|
    |tmp_4744_reg_4579          |  1|   0|    1|          0|
    |tmp_4749_reg_4609          |  1|   0|    1|          0|
    |tmp_4754_reg_4639          |  1|   0|    1|          0|
    |tmp_4759_reg_4669          |  1|   0|    1|          0|
    |tmp_4764_reg_4699          |  1|   0|    1|          0|
    |tmp_4769_reg_4729          |  1|   0|    1|          0|
    |tmp_4774_reg_4759          |  1|   0|    1|          0|
    |tmp_4779_reg_4789          |  1|   0|    1|          0|
    |tmp_4784_reg_4819          |  1|   0|    1|          0|
    |tmp_reg_4249               |  1|   0|    1|          0|
    +---------------------------+---+----+-----+-----------+
    |Total                      |621|   0|  621|          0|
    +---------------------------+---+----+-----+-----------+



================================================================
== Interface
================================================================
* Summary: 
+--------------+-----+-----+------------+-------------------------------------------------------------------------+--------------+
|   RTL Ports  | Dir | Bits|  Protocol  |                              Source Object                              |    C Type    |
+--------------+-----+-----+------------+-------------------------------------------------------------------------+--------------+
|ap_clk        |   in|    1|  ap_ctrl_hs|  relu<ap_fixed<16, 6, 5, 3, 0>, ap_ufixed<9, 0, 4, 0, 0>, relu_config18>|  return value|
|ap_rst        |   in|    1|  ap_ctrl_hs|  relu<ap_fixed<16, 6, 5, 3, 0>, ap_ufixed<9, 0, 4, 0, 0>, relu_config18>|  return value|
|ap_return_0   |  out|    9|  ap_ctrl_hs|  relu<ap_fixed<16, 6, 5, 3, 0>, ap_ufixed<9, 0, 4, 0, 0>, relu_config18>|  return value|
|ap_return_1   |  out|    9|  ap_ctrl_hs|  relu<ap_fixed<16, 6, 5, 3, 0>, ap_ufixed<9, 0, 4, 0, 0>, relu_config18>|  return value|
|ap_return_2   |  out|    9|  ap_ctrl_hs|  relu<ap_fixed<16, 6, 5, 3, 0>, ap_ufixed<9, 0, 4, 0, 0>, relu_config18>|  return value|
|ap_return_3   |  out|    9|  ap_ctrl_hs|  relu<ap_fixed<16, 6, 5, 3, 0>, ap_ufixed<9, 0, 4, 0, 0>, relu_config18>|  return value|
|ap_return_4   |  out|    9|  ap_ctrl_hs|  relu<ap_fixed<16, 6, 5, 3, 0>, ap_ufixed<9, 0, 4, 0, 0>, relu_config18>|  return value|
|ap_return_5   |  out|    9|  ap_ctrl_hs|  relu<ap_fixed<16, 6, 5, 3, 0>, ap_ufixed<9, 0, 4, 0, 0>, relu_config18>|  return value|
|ap_return_6   |  out|    9|  ap_ctrl_hs|  relu<ap_fixed<16, 6, 5, 3, 0>, ap_ufixed<9, 0, 4, 0, 0>, relu_config18>|  return value|
|ap_return_7   |  out|    9|  ap_ctrl_hs|  relu<ap_fixed<16, 6, 5, 3, 0>, ap_ufixed<9, 0, 4, 0, 0>, relu_config18>|  return value|
|ap_return_8   |  out|    9|  ap_ctrl_hs|  relu<ap_fixed<16, 6, 5, 3, 0>, ap_ufixed<9, 0, 4, 0, 0>, relu_config18>|  return value|
|ap_return_9   |  out|    9|  ap_ctrl_hs|  relu<ap_fixed<16, 6, 5, 3, 0>, ap_ufixed<9, 0, 4, 0, 0>, relu_config18>|  return value|
|ap_return_10  |  out|    9|  ap_ctrl_hs|  relu<ap_fixed<16, 6, 5, 3, 0>, ap_ufixed<9, 0, 4, 0, 0>, relu_config18>|  return value|
|ap_return_11  |  out|    9|  ap_ctrl_hs|  relu<ap_fixed<16, 6, 5, 3, 0>, ap_ufixed<9, 0, 4, 0, 0>, relu_config18>|  return value|
|ap_return_12  |  out|    9|  ap_ctrl_hs|  relu<ap_fixed<16, 6, 5, 3, 0>, ap_ufixed<9, 0, 4, 0, 0>, relu_config18>|  return value|
|ap_return_13  |  out|    9|  ap_ctrl_hs|  relu<ap_fixed<16, 6, 5, 3, 0>, ap_ufixed<9, 0, 4, 0, 0>, relu_config18>|  return value|
|ap_return_14  |  out|    9|  ap_ctrl_hs|  relu<ap_fixed<16, 6, 5, 3, 0>, ap_ufixed<9, 0, 4, 0, 0>, relu_config18>|  return value|
|ap_return_15  |  out|    9|  ap_ctrl_hs|  relu<ap_fixed<16, 6, 5, 3, 0>, ap_ufixed<9, 0, 4, 0, 0>, relu_config18>|  return value|
|ap_return_16  |  out|    9|  ap_ctrl_hs|  relu<ap_fixed<16, 6, 5, 3, 0>, ap_ufixed<9, 0, 4, 0, 0>, relu_config18>|  return value|
|ap_return_17  |  out|    9|  ap_ctrl_hs|  relu<ap_fixed<16, 6, 5, 3, 0>, ap_ufixed<9, 0, 4, 0, 0>, relu_config18>|  return value|
|ap_return_18  |  out|    9|  ap_ctrl_hs|  relu<ap_fixed<16, 6, 5, 3, 0>, ap_ufixed<9, 0, 4, 0, 0>, relu_config18>|  return value|
|ap_return_19  |  out|    9|  ap_ctrl_hs|  relu<ap_fixed<16, 6, 5, 3, 0>, ap_ufixed<9, 0, 4, 0, 0>, relu_config18>|  return value|
|ap_ce         |   in|    1|  ap_ctrl_hs|  relu<ap_fixed<16, 6, 5, 3, 0>, ap_ufixed<9, 0, 4, 0, 0>, relu_config18>|  return value|
|data_1_val    |   in|   16|     ap_none|                                                               data_1_val|        scalar|
|data_2_val    |   in|   16|     ap_none|                                                               data_2_val|        scalar|
|data_3_val    |   in|   16|     ap_none|                                                               data_3_val|        scalar|
|data_4_val    |   in|   16|     ap_none|                                                               data_4_val|        scalar|
|data_7_val    |   in|   16|     ap_none|                                                               data_7_val|        scalar|
|data_10_val   |   in|   16|     ap_none|                                                              data_10_val|        scalar|
|data_11_val   |   in|   16|     ap_none|                                                              data_11_val|        scalar|
|data_12_val   |   in|   16|     ap_none|                                                              data_12_val|        scalar|
|data_13_val   |   in|   16|     ap_none|                                                              data_13_val|        scalar|
|data_14_val   |   in|   16|     ap_none|                                                              data_14_val|        scalar|
|data_15_val   |   in|   16|     ap_none|                                                              data_15_val|        scalar|
|data_17_val   |   in|   16|     ap_none|                                                              data_17_val|        scalar|
|data_18_val   |   in|   16|     ap_none|                                                              data_18_val|        scalar|
|data_20_val   |   in|   16|     ap_none|                                                              data_20_val|        scalar|
|data_24_val   |   in|   16|     ap_none|                                                              data_24_val|        scalar|
|data_25_val   |   in|   16|     ap_none|                                                              data_25_val|        scalar|
|data_26_val   |   in|   16|     ap_none|                                                              data_26_val|        scalar|
|data_27_val   |   in|   16|     ap_none|                                                              data_27_val|        scalar|
|data_29_val   |   in|   16|     ap_none|                                                              data_29_val|        scalar|
|data_30_val   |   in|   16|     ap_none|                                                              data_30_val|        scalar|
+--------------+-----+-----+------------+-------------------------------------------------------------------------+--------------+

