

================================================================
== Vitis HLS Report for 'softmax_stable_ap_fixed_ap_fixed_16_6_5_3_0_softmax_config24_s'
================================================================
* Date:           Sat Oct 19 21:28:33 2024

* Version:        2023.2 (Build 4023990 on Oct 11 2023)
* Project:        JetTagger
* Solution:       solution1 (Vivado IP Flow Target)
* Product family: virtexuplus
* Target device:  xcvu13p-flga2577-2-e


================================================================
== Performance Estimates
================================================================
+ Timing: 
    * Summary: 
    +--------+---------+----------+------------+
    |  Clock |  Target | Estimated| Uncertainty|
    +--------+---------+----------+------------+
    |ap_clk  |  2.00 ns|  1.384 ns|     0.54 ns|
    +--------+---------+----------+------------+

+ Latency: 
    * Summary: 
    +---------+---------+-----------+-----------+-----+-----+---------+
    |  Latency (cycles) |   Latency (absolute)  |  Interval | Pipeline|
    |   min   |   max   |    min    |    max    | min | max |   Type  |
    +---------+---------+-----------+-----------+-----+-----+---------+
    |       13|       13|  26.000 ns|  26.000 ns|    1|    1|      yes|
    +---------+---------+-----------+-----------+-----+-----+---------+

    + Detail: 
        * Instance: 
        N/A

        * Loop: 
        N/A



================================================================
== Utilization Estimates
================================================================
* Summary: 
+---------------------+---------+-------+---------+---------+------+
|         Name        | BRAM_18K|  DSP  |    FF   |   LUT   | URAM |
+---------------------+---------+-------+---------+---------+------+
|DSP                  |        -|      -|        -|        -|     -|
|Expression           |        -|      -|        0|     1189|     -|
|FIFO                 |        -|      -|        -|        -|     -|
|Instance             |        -|      1|       75|        1|     -|
|Memory               |       10|      -|        0|        0|     -|
|Multiplexer          |        -|      -|        -|       18|     -|
|Register             |        -|      -|     1139|      288|     -|
+---------------------+---------+-------+---------+---------+------+
|Total                |       10|      1|     1214|     1496|     0|
+---------------------+---------+-------+---------+---------+------+
|Available SLR        |     1344|   3072|   864000|   432000|   320|
+---------------------+---------+-------+---------+---------+------+
|Utilization SLR (%)  |       ~0|     ~0|       ~0|       ~0|     0|
+---------------------+---------+-------+---------+---------+------+
|Available            |     5376|  12288|  3456000|  1728000|  1280|
+---------------------+---------+-------+---------+---------+------+
|Utilization (%)      |       ~0|     ~0|       ~0|       ~0|     0|
+---------------------+---------+-------+---------+---------+------+

+ Detail: 
    * Instance: 
    +---------------------------+---------------------+---------+----+----+----+-----+
    |          Instance         |        Module       | BRAM_18K| DSP| FF | LUT| URAM|
    +---------------------------+---------------------+---------+----+----+----+-----+
    |mul_18s_17ns_26_2_1_U6626  |mul_18s_17ns_26_2_1  |        0|   1|  75|   1|    0|
    +---------------------------+---------------------+---------+----+----+----+-----+
    |Total                      |                     |        0|   1|  75|   1|    0|
    +---------------------------+---------------------+---------+----+----+----+-----+

    * DSP: 
    N/A

    * Memory: 
    +----------------+----------------------------------------------------------------------------------+---------+---+----+-----+------+-----+------+-------------+
    |     Memory     |                                      Module                                      | BRAM_18K| FF| LUT| URAM| Words| Bits| Banks| W*Bits*Banks|
    +----------------+----------------------------------------------------------------------------------+---------+---+----+-----+------+-----+------+-------------+
    |exp_table_U     |softmax_stable_ap_fixed_ap_fixed_16_6_5_3_0_softmax_config24_s_exp_table_ROM_bkb  |        8|  0|   0|    0|  1024|   17|     1|        17408|
    |invert_table_U  |softmax_stable_ap_fixed_ap_fixed_16_6_5_3_0_softmax_config24_s_invert_table_Rcud  |        2|  0|   0|    0|  1024|   18|     1|        18432|
    +----------------+----------------------------------------------------------------------------------+---------+---+----+-----+------+-----+------+-------------+
    |Total           |                                                                                  |       10|  0|   0|    0|  2048|   35|     2|        35840|
    +----------------+----------------------------------------------------------------------------------+---------+---+----+-----+------+-----+------+-------------+

    * FIFO: 
    N/A

    * Expression: 
    +---------------------------+----------+----+---+----+------------+------------+
    |       Variable Name       | Operation| DSP| FF| LUT| Bitwidth P0| Bitwidth P1|
    +---------------------------+----------+----+---+----+------------+------------+
    |add_ln50_1_fu_1256_p2      |         +|   0|  0|  25|          18|          18|
    |add_ln50_2_fu_948_p2       |         +|   0|  0|  25|          18|          18|
    |add_ln50_3_fu_976_p2       |         +|   0|  0|  25|          18|          18|
    |add_ln50_4_fu_1064_p2      |         +|   0|  0|  26|          19|          19|
    |add_ln50_5_fu_1004_p2      |         +|   0|  0|  25|          18|          18|
    |add_ln50_6_fu_1032_p2      |         +|   0|  0|  25|          18|          18|
    |add_ln50_7_fu_1162_p2      |         +|   0|  0|  26|          19|          19|
    |add_ln50_8_fu_1060_p2      |         +|   0|  0|  25|          18|          18|
    |add_ln50_9_fu_1158_p2      |         +|   0|  0|  25|          18|          18|
    |add_ln50_fu_1260_p2        |         +|   0|  0|  26|          19|          19|
    |sub_ln245_1_fu_404_p2      |         -|   0|  0|  24|          17|          17|
    |sub_ln245_2_fu_447_p2      |         -|   0|  0|  24|          17|          17|
    |sub_ln245_3_fu_490_p2      |         -|   0|  0|  24|          17|          17|
    |sub_ln245_4_fu_533_p2      |         -|   0|  0|  24|          17|          17|
    |sub_ln245_5_fu_576_p2      |         -|   0|  0|  24|          17|          17|
    |sub_ln245_6_fu_619_p2      |         -|   0|  0|  24|          17|          17|
    |sub_ln245_7_fu_662_p2      |         -|   0|  0|  24|          17|          17|
    |sub_ln245_fu_361_p2        |         -|   0|  0|  24|          17|          17|
    |and_ln245_1_fu_432_p2      |       and|   0|  0|   2|           1|           1|
    |and_ln245_2_fu_475_p2      |       and|   0|  0|   2|           1|           1|
    |and_ln245_3_fu_518_p2      |       and|   0|  0|   2|           1|           1|
    |and_ln245_4_fu_561_p2      |       and|   0|  0|   2|           1|           1|
    |and_ln245_5_fu_604_p2      |       and|   0|  0|   2|           1|           1|
    |and_ln245_6_fu_647_p2      |       and|   0|  0|   2|           1|           1|
    |and_ln245_7_fu_690_p2      |       and|   0|  0|   2|           1|           1|
    |and_ln245_fu_389_p2        |       and|   0|  0|   2|           1|           1|
    |and_ln50_1_fu_1092_p2      |       and|   0|  0|   2|           1|           1|
    |and_ln50_2_fu_1104_p2      |       and|   0|  0|   2|           1|           1|
    |and_ln50_3_fu_1190_p2      |       and|   0|  0|   2|           1|           1|
    |and_ln50_4_fu_1202_p2      |       and|   0|  0|   2|           1|           1|
    |and_ln50_fu_1288_p2        |       and|   0|  0|   2|           1|           1|
    |icmp_ln65_1_fu_243_p2      |      icmp|   0|  0|  23|          16|          16|
    |icmp_ln65_2_fu_277_p2      |      icmp|   0|  0|  23|          16|          16|
    |icmp_ln65_3_fu_247_p2      |      icmp|   0|  0|  23|          16|          16|
    |icmp_ln65_4_fu_251_p2      |      icmp|   0|  0|  23|          16|          16|
    |icmp_ln65_5_fu_319_p2      |      icmp|   0|  0|  23|          16|          16|
    |icmp_ln65_6_fu_339_p2      |      icmp|   0|  0|  23|          16|          16|
    |icmp_ln65_fu_239_p2        |      icmp|   0|  0|  23|          16|          16|
    |ap_block_pp0_stage0_01001  |        or|   0|  0|   2|           1|           1|
    |or_ln50_1_fu_1220_p2       |        or|   0|  0|   2|           1|           1|
    |or_ln50_fu_1122_p2         |        or|   0|  0|   2|           1|           1|
    |select_ln245_10_fu_832_p3  |    select|   0|  0|  11|           1|           9|
    |select_ln245_11_fu_850_p3  |    select|   0|  0|  10|           1|          10|
    |select_ln245_12_fu_858_p3  |    select|   0|  0|  11|           1|           9|
    |select_ln245_13_fu_876_p3  |    select|   0|  0|  10|           1|          10|
    |select_ln245_14_fu_884_p3  |    select|   0|  0|  11|           1|           9|
    |select_ln245_15_fu_902_p3  |    select|   0|  0|  10|           1|          10|
    |select_ln245_1_fu_720_p3   |    select|   0|  0|  10|           1|          10|
    |select_ln245_2_fu_728_p3   |    select|   0|  0|  11|           1|           9|
    |select_ln245_3_fu_746_p3   |    select|   0|  0|  10|           1|          10|
    |select_ln245_4_fu_754_p3   |    select|   0|  0|  11|           1|           9|
    |select_ln245_5_fu_772_p3   |    select|   0|  0|  10|           1|          10|
    |select_ln245_6_fu_780_p3   |    select|   0|  0|  11|           1|           9|
    |select_ln245_7_fu_798_p3   |    select|   0|  0|  10|           1|          10|
    |select_ln245_8_fu_806_p3   |    select|   0|  0|  11|           1|           9|
    |select_ln245_9_fu_824_p3   |    select|   0|  0|  10|           1|          10|
    |select_ln245_fu_702_p3     |    select|   0|  0|  11|           1|           9|
    |select_ln50_10_fu_1234_p3  |    select|   0|  0|  19|           1|          19|
    |select_ln50_11_fu_1242_p3  |    select|   0|  0|  18|           1|          18|
    |select_ln50_1_fu_1318_p3   |    select|   0|  0|  10|           1|          10|
    |select_ln50_2_fu_962_p3    |    select|   0|  0|  18|           1|          17|
    |select_ln50_3_fu_990_p3    |    select|   0|  0|  18|           1|          17|
    |select_ln50_4_fu_1128_p3   |    select|   0|  0|  18|           1|          17|
    |select_ln50_5_fu_1136_p3   |    select|   0|  0|  19|           1|          19|
    |select_ln50_6_fu_1144_p3   |    select|   0|  0|  18|           1|          18|
    |select_ln50_7_fu_1018_p3   |    select|   0|  0|  18|           1|          17|
    |select_ln50_8_fu_1046_p3   |    select|   0|  0|  18|           1|          17|
    |select_ln50_9_fu_1226_p3   |    select|   0|  0|  18|           1|          17|
    |select_ln50_fu_1300_p3     |    select|   0|  0|  11|           1|           9|
    |select_ln65_1_fu_271_p3    |    select|   0|  0|  16|           1|          16|
    |select_ln65_2_fu_289_p3    |    select|   0|  0|  16|           1|          16|
    |select_ln65_3_fu_302_p3    |    select|   0|  0|  16|           1|          16|
    |select_ln65_4_fu_313_p3    |    select|   0|  0|  16|           1|          16|
    |select_ln65_5_fu_331_p3    |    select|   0|  0|  16|           1|          16|
    |select_ln65_fu_260_p3      |    select|   0|  0|  16|           1|          16|
    |x_max_fu_349_p3            |    select|   0|  0|  16|           1|          16|
    |ap_enable_pp0              |       xor|   0|  0|   2|           1|           2|
    |xor_ln245_10_fu_598_p2     |       xor|   0|  0|   2|           1|           2|
    |xor_ln245_11_fu_610_p2     |       xor|   0|  0|   2|           1|           1|
    |xor_ln245_12_fu_641_p2     |       xor|   0|  0|   2|           1|           2|
    |xor_ln245_13_fu_653_p2     |       xor|   0|  0|   2|           1|           1|
    |xor_ln245_14_fu_684_p2     |       xor|   0|  0|   2|           1|           2|
    |xor_ln245_15_fu_696_p2     |       xor|   0|  0|   2|           1|           1|
    |xor_ln245_1_fu_395_p2      |       xor|   0|  0|   2|           1|           1|
    |xor_ln245_2_fu_426_p2      |       xor|   0|  0|   2|           1|           2|
    |xor_ln245_3_fu_438_p2      |       xor|   0|  0|   2|           1|           1|
    |xor_ln245_4_fu_469_p2      |       xor|   0|  0|   2|           1|           2|
    |xor_ln245_5_fu_481_p2      |       xor|   0|  0|   2|           1|           1|
    |xor_ln245_6_fu_512_p2      |       xor|   0|  0|   2|           1|           2|
    |xor_ln245_7_fu_524_p2      |       xor|   0|  0|   2|           1|           1|
    |xor_ln245_8_fu_555_p2      |       xor|   0|  0|   2|           1|           2|
    |xor_ln245_9_fu_567_p2      |       xor|   0|  0|   2|           1|           1|
    |xor_ln245_fu_383_p2        |       xor|   0|  0|   2|           1|           2|
    |xor_ln50_1_fu_1294_p2      |       xor|   0|  0|   2|           1|           1|
    |xor_ln50_2_fu_1086_p2      |       xor|   0|  0|   2|           1|           2|
    |xor_ln50_3_fu_1098_p2      |       xor|   0|  0|   2|           1|           2|
    |xor_ln50_4_fu_1110_p2      |       xor|   0|  0|   2|           1|           1|
    |xor_ln50_5_fu_1116_p2      |       xor|   0|  0|   2|           1|           2|
    |xor_ln50_6_fu_1184_p2      |       xor|   0|  0|   2|           1|           2|
    |xor_ln50_7_fu_1196_p2      |       xor|   0|  0|   2|           1|           2|
    |xor_ln50_8_fu_1208_p2      |       xor|   0|  0|   2|           1|           1|
    |xor_ln50_9_fu_1214_p2      |       xor|   0|  0|   2|           1|           2|
    |xor_ln50_fu_1282_p2        |       xor|   0|  0|   2|           1|           2|
    |xor_ln65_1_fu_266_p2       |       xor|   0|  0|   2|           1|           2|
    |xor_ln65_2_fu_283_p2       |       xor|   0|  0|   2|           1|           2|
    |xor_ln65_3_fu_297_p2       |       xor|   0|  0|   2|           1|           2|
    |xor_ln65_4_fu_308_p2       |       xor|   0|  0|   2|           1|           2|
    |xor_ln65_5_fu_325_p2       |       xor|   0|  0|   2|           1|           2|
    |xor_ln65_6_fu_343_p2       |       xor|   0|  0|   2|           1|           2|
    |xor_ln65_fu_255_p2         |       xor|   0|  0|   2|           1|           2|
    +---------------------------+----------+----+---+----+------------+------------+
    |Total                      |          |   0|  0|1189|         516|         963|
    +---------------------------+----------+----+---+----+------------+------------+

    * Multiplexer: 
    +---------+----+-----------+-----+-----------+
    |   Name  | LUT| Input Size| Bits| Total Bits|
    +---------+----+-----------+-----+-----------+
    |ap_done  |   9|          2|    1|          2|
    |res      |   9|          2|   16|         32|
    +---------+----+-----------+-----+-----------+
    |Total    |  18|          4|   17|         34|
    +---------+----+-----------+-----+-----------+

    * Register: 
    +--------------------------+----+----+-----+-----------+
    |           Name           | FF | LUT| Bits| Const Bits|
    +--------------------------+----+----+-----+-----------+
    |ap_CS_fsm                 |   1|   0|    1|          0|
    |ap_done_reg               |   1|   0|    1|          0|
    |ap_enable_reg_pp0_iter1   |   1|   0|    1|          0|
    |ap_enable_reg_pp0_iter10  |   1|   0|    1|          0|
    |ap_enable_reg_pp0_iter11  |   1|   0|    1|          0|
    |ap_enable_reg_pp0_iter12  |   1|   0|    1|          0|
    |ap_enable_reg_pp0_iter13  |   1|   0|    1|          0|
    |ap_enable_reg_pp0_iter2   |   1|   0|    1|          0|
    |ap_enable_reg_pp0_iter3   |   1|   0|    1|          0|
    |ap_enable_reg_pp0_iter4   |   1|   0|    1|          0|
    |ap_enable_reg_pp0_iter5   |   1|   0|    1|          0|
    |ap_enable_reg_pp0_iter6   |   1|   0|    1|          0|
    |ap_enable_reg_pp0_iter7   |   1|   0|    1|          0|
    |ap_enable_reg_pp0_iter8   |   1|   0|    1|          0|
    |ap_enable_reg_pp0_iter9   |   1|   0|    1|          0|
    |exp_res_1_reg_1531        |  17|   0|   17|          0|
    |exp_res_2_reg_1536        |  17|   0|   17|          0|
    |exp_res_3_reg_1541        |  17|   0|   17|          0|
    |exp_res_4_reg_1546        |  17|   0|   17|          0|
    |exp_res_5_reg_1551        |  17|   0|   17|          0|
    |exp_res_6_reg_1556        |  17|   0|   17|          0|
    |exp_res_7_reg_1561        |  17|   0|   17|          0|
    |exp_res_reg_1526          |  17|   0|   17|          0|
    |icmp_ln65_1_reg_1414      |   1|   0|    1|          0|
    |icmp_ln65_3_reg_1419      |   1|   0|    1|          0|
    |icmp_ln65_4_reg_1424      |   1|   0|    1|          0|
    |icmp_ln65_reg_1409        |   1|   0|    1|          0|
    |inv_exp_sum_reg_1613      |  18|   0|   18|          0|
    |p_read_1_reg_1353         |  16|   0|   16|          0|
    |p_read_2_reg_1360         |  16|   0|   16|          0|
    |p_read_3_reg_1367         |  16|   0|   16|          0|
    |p_read_4_reg_1374         |  16|   0|   16|          0|
    |p_read_5_reg_1381         |  16|   0|   16|          0|
    |p_read_6_reg_1388         |  16|   0|   16|          0|
    |p_read_7_reg_1395         |  16|   0|   16|          0|
    |p_read_8_reg_1402         |  16|   0|   16|          0|
    |res_preg                  |  16|   0|   16|          0|
    |select_ln245_11_reg_1471  |  10|   0|   10|          0|
    |select_ln245_13_reg_1476  |  10|   0|   10|          0|
    |select_ln245_15_reg_1481  |  10|   0|   10|          0|
    |select_ln245_1_reg_1446   |  10|   0|   10|          0|
    |select_ln245_3_reg_1451   |  10|   0|   10|          0|
    |select_ln245_5_reg_1456   |  10|   0|   10|          0|
    |select_ln245_7_reg_1461   |  10|   0|   10|          0|
    |select_ln245_9_reg_1466   |  10|   0|   10|          0|
    |select_ln50_11_reg_1597   |  18|   0|   18|          0|
    |select_ln50_1_reg_1603    |  10|   0|   10|          0|
    |select_ln50_2_reg_1567    |  18|   0|   18|          0|
    |select_ln50_3_reg_1573    |  18|   0|   18|          0|
    |select_ln50_6_reg_1591    |  18|   0|   18|          0|
    |select_ln50_7_reg_1579    |  18|   0|   18|          0|
    |select_ln50_8_reg_1585    |  18|   0|   18|          0|
    |select_ln65_2_reg_1429    |  16|   0|   16|          0|
    |select_ln65_5_reg_1435    |  16|   0|   16|          0|
    |x_max_reg_1441            |  16|   0|   16|          0|
    |exp_res_7_reg_1561        |  64|  32|   17|          0|
    |p_read_1_reg_1353         |  64|  32|   16|          0|
    |p_read_2_reg_1360         |  64|  32|   16|          0|
    |p_read_3_reg_1367         |  64|  32|   16|          0|
    |p_read_4_reg_1374         |  64|  32|   16|          0|
    |p_read_5_reg_1381         |  64|  32|   16|          0|
    |p_read_6_reg_1388         |  64|  32|   16|          0|
    |p_read_7_reg_1395         |  64|  32|   16|          0|
    |p_read_8_reg_1402         |  64|  32|   16|          0|
    +--------------------------+----+----+-----+-----------+
    |Total                     |1139| 288|  708|          0|
    +--------------------------+----+----+-----+-----------+



================================================================
== Interface
================================================================
* Summary: 
+-------------+-----+-----+------------+----------------------------------------------------------------+--------------+
|  RTL Ports  | Dir | Bits|  Protocol  |                          Source Object                         |    C Type    |
+-------------+-----+-----+------------+----------------------------------------------------------------+--------------+
|ap_clk       |   in|    1|  ap_ctrl_hs|  softmax_stable<ap_fixed,ap_fixed<16,6,5,3,0>,softmax_config24>|  return value|
|ap_rst       |   in|    1|  ap_ctrl_hs|  softmax_stable<ap_fixed,ap_fixed<16,6,5,3,0>,softmax_config24>|  return value|
|ap_start     |   in|    1|  ap_ctrl_hs|  softmax_stable<ap_fixed,ap_fixed<16,6,5,3,0>,softmax_config24>|  return value|
|ap_done      |  out|    1|  ap_ctrl_hs|  softmax_stable<ap_fixed,ap_fixed<16,6,5,3,0>,softmax_config24>|  return value|
|ap_continue  |   in|    1|  ap_ctrl_hs|  softmax_stable<ap_fixed,ap_fixed<16,6,5,3,0>,softmax_config24>|  return value|
|ap_idle      |  out|    1|  ap_ctrl_hs|  softmax_stable<ap_fixed,ap_fixed<16,6,5,3,0>,softmax_config24>|  return value|
|ap_ready     |  out|    1|  ap_ctrl_hs|  softmax_stable<ap_fixed,ap_fixed<16,6,5,3,0>,softmax_config24>|  return value|
|p_read       |   in|   16|     ap_none|                                                          p_read|        scalar|
|p_read1      |   in|   16|     ap_none|                                                         p_read1|        scalar|
|p_read2      |   in|   16|     ap_none|                                                         p_read2|        scalar|
|p_read3      |   in|   16|     ap_none|                                                         p_read3|        scalar|
|p_read4      |   in|   16|     ap_none|                                                         p_read4|        scalar|
|p_read5      |   in|   16|     ap_none|                                                         p_read5|        scalar|
|p_read6      |   in|   16|     ap_none|                                                         p_read6|        scalar|
|p_read7      |   in|   16|     ap_none|                                                         p_read7|        scalar|
|res          |  out|   16|      ap_vld|                                                             res|       pointer|
|res_ap_vld   |  out|    1|      ap_vld|                                                             res|       pointer|
+-------------+-----+-----+------------+----------------------------------------------------------------+--------------+

