================================================================
== Design Size Report
================================================================

* Total Instructions per Compilation Phase
+---------------+-----------------------------+--------------+----------------------------------------------------------------------------------------+
| Phase         | Step                        | Instructions | Description                                                                            |
+---------------+-----------------------------+--------------+----------------------------------------------------------------------------------------+
| Compile/Link  |                             |  17,577      | After all functions are compiled and linked into a single design                       |
|               |                             |              |                                                                                        |
| Unroll/Inline |                             |              | After user unroll and inline pragmas are applied                                       |
|               | (1) unroll                  | 452,088 *    | user unroll pragmas are applied                                                        |
|               | (2) simplification          | 166,144 *    | simplification of applied user unroll pragmas                                          |
|               | (3) inline                  | 146,195 *    | user inline pragmas are applied                                                        |
|               | (4) simplification          | 144,140 *    | simplification of applied user inline pragmas                                          |
|               |                             |              |                                                                                        |
| Array/Struct  |                             |              | After user array partition and struct aggregate/disaggregate pragmas are applied       |
|               | (1) array partition         | 129,810 *    | user array partition pragmas are applied                                               |
|               | (2) simplification          | 103,095 *    | simplification of applied user array partition & struct aggregate/disaggregate pragmas |
|               | (3) aggregate/disaggregate  | 103,095 *    | user struct aggregate/disaggregate pragmas are applied                                 |
|               | (4) array reshape           | 103,703 *    | apply array reshape pragmas                                                            |
|               | (5) access patterns         | 102,791 *    | array access pattern optmizations                                                      |
|               |                             |              |                                                                                        |
| Performance   |                             |              | After transformations are applied to meet performance pragma targets                   |
|               | (1) loop simplification     | 100,386 *    | loop and instruction simplification                                                    |
|               | (2) parallelization         |  98,981      | loops are unrolled or pipelined to meet performance targets                            |
|               | (3) array partition         |  98,965      | arrays are partitioned to meet performance targets                                     |
|               | (4) simplification          |  98,133      | simplification of design after performance transformations                             |
|               |                             |              |                                                                                        |
| HW Transforms |                             |              | After hardware transfomations                                                          |
|               | (1) lowering                |  98,143      | initial conversion to HW specific instructions                                         |
|               | (2) optimizations           |  98,171      | high level synthesis optimizations                                                     |
+---------------+-----------------------------+--------------+----------------------------------------------------------------------------------------+
    * - Exceeded design size warning message threshold

* Instructions per Function for each Compilation Phase
+---------------------------------------+--------------------------+--------------+-------------------+-------------------+-------------+---------------+
| Function                              | Location                 | Compile/Link | Unroll/Inline     | Array/Struct      | Performance | HW Transforms |
+---------------------------------------+--------------------------+--------------+-------------------+-------------------+-------------+---------------+
| + JetTaggerNN                         | JetTaggerNN.cpp:7        | 17,577       | 144,140 *         | 102,791 *         | 98,133      | 98,171        |
|  + normalize<ap_fixed<15, 12, A...    | nnet_batchnorm.h:31      |   733        | 16,528            | 15,891            | 15,891      | 15,892        |
|     product                           | nnet_mult.h:70           |   141        |                   |                   |             |               |
|  + pointwise_conv_1d_cl<ap_fixe...    | nnet_conv1d.h:49         | 2,417        |  5,672            |  5,943            | 5,329       | 5,334         |
|   + conv_1d_latency_cl<ap_fixed<...   | nnet_conv1d_latency.h:11 | 2,414        |  5,670            |  5,941            | 5,007       | 5,012         |
|      fill_buffer                      | nnet_code_gen.h:17       | 1,729        |  1,361            |    690            |             |               |
|      product                          | nnet_mult.h:70           |   141        |                   |                   |             |               |
|      cast<ap_fixed<15, 12, AP_RND...  | nnet_mult.h:110          |    59        |    192 (32 calls) |    192 (32 calls) |             |               |
|    relu<ap_fixed<30, 21, AP_TRN...    | nnet_activation.h:39     |   752        | 11,775            | 10,753            | 10,753      | 10,754        |
|  + pointwise_conv_1d_cl<ap_ufix...    | nnet_conv1d.h:49         | 3,302        |  8,534            |  8,452            | 7,655       | 7,660         |
|   + conv_1d_latency_cl<ap_ufixed...   | nnet_conv1d_latency.h:11 | 3,299        |  8,532            |  8,450            | 7,141       | 7,146         |
|      fill_buffer                      | nnet_code_gen.h:91       | 2,609        |  2,065            |  1,042            |             |               |
|      product                          | nnet_mult.h:70           |   141        |                   |                   |             |               |
|      cast<ap_ufixed<9, 0, AP_RND_...  | nnet_mult.h:110          |    61        |    224 (32 calls) |    224 (32 calls) |             |               |
|    relu<ap_fixed<24, 9, AP_TRN,...    | nnet_activation.h:39     |   811        | 26,622            | 27,137            | 27,137      | 27,138        |
|    linear<ap_ufixed<9, 0, AP_RN...    | nnet_activation.h:28     |    67        |  2,559            |  1,537            | 1,537       | 1,538         |
|  + global_pooling1d_cl<ap_fixed...    | nnet_pooling.h:120       |   396        |  7,956            |  7,875            | 5,601       | 5,602         |
|     pool_op_limit_1d<config10>        | nnet_pooling.h:78        |     1        |                   |                   |             |               |
|   + pool_op<ap_fixed<18, 9, AP_R...   | nnet_pooling.h:41        |   349        |  6,144 (32 calls) |  5,632 (32 calls) |             |               |
|    + pool_op<ap_fixed<18, 9, AP_R...  | nnet_pooling.h:31        |   347        |                   |                   |             |               |
|       avg<ap_fixed<18, 9, AP_RND_C... | nnet_pooling.h:20        |   345        |                   |                   |             |               |
|  + dense<ap_fixed<16, 6, AP_TRN...    | nnet_dense.h:41          |   660        |                   |                   |             |               |
|   + dense                             | nnet_dense.h:50          |   658        |                   |                   |             |               |
|    + dense_latency<ap_fixed<16, 6...  | nnet_dense_latency.h:13  |   656        |                   |                   |             |               |
|       product                         | nnet_mult.h:70           |   141        |                   |                   |             |               |
|       cast<ap_fixed<16, 6, AP_TRN,... | nnet_mult.h:110          |    61        |                   |                   |             |               |
|    relu<ap_fixed<31, 15, AP_TRN...    | nnet_activation.h:39     |   811        |  1,662            |  1,697            | 1,697       | 1,698         |
|  + dense<ap_ufixed<9, 0, AP_RND...    | nnet_dense.h:41          |   660        |                   |                   |             |               |
|   + dense                             | nnet_dense.h:50          |   658        |                   |                   |             |               |
|    + dense_latency<ap_ufixed<9, 0...  | nnet_dense_latency.h:13  |   656        |                   |                   |             |               |
|       product                         | nnet_mult.h:70           |   141        |                   |                   |             |               |
|       cast<ap_ufixed<9, 0, AP_RND_... | nnet_mult.h:110          |    61        |                   |                   |             |               |
|  + dense<ap_ufixed<9, 0, AP_RND...    | nnet_dense.h:41          |   660        |                   |                   |             |               |
|   + dense                             | nnet_dense.h:50          |   658        |                   |                   |             |               |
|    + dense_latency<ap_ufixed<9, 0...  | nnet_dense_latency.h:13  |   656        |                   |                   |             |               |
|       product                         | nnet_mult.h:70           |   141        |                   |                   |             |               |
|       cast<ap_ufixed<9, 0, AP_RND_... | nnet_mult.h:110          |    61        |                   |                   |             |               |
|    relu<ap_fixed<24, 9, AP_TRN,...    | nnet_activation.h:39     |   811        |  1,662            |  1,697            | 1,697       | 1,698         |
|    relu<ap_fixed<24, 9, AP_TRN,...    | nnet_activation.h:39     |   811        |  1,662            |  1,697            | 1,697       | 1,698         |
|  + dense<ap_ufixed<9, 0, AP_RND...    | nnet_dense.h:41          |   654        |                   |                   |             |               |
|   + dense                             | nnet_dense.h:50          |   652        |                   |                   |             |               |
|    + dense_latency<ap_ufixed<9, 0...  | nnet_dense_latency.h:13  |   650        |                   |                   |             |               |
|       product                         | nnet_mult.h:70           |   141        |                   |                   |             |               |
|       cast<ap_ufixed<9, 0, AP_RND_... | nnet_mult.h:110          |    61        |                   |                   |             |               |
|  + dense<ap_ufixed<9, 0, AP_RND...    | nnet_dense.h:41          |   743        |                   |                   |             |               |
|   + dense                             | nnet_dense.h:50          |   741        |                   |                   |             |               |
|    + dense_latency<ap_ufixed<9, 0...  | nnet_dense_latency.h:13  |   739        |                   |                   |             |               |
|       product                         | nnet_mult.h:70           |   141        |                   |                   |             |               |
|       cast<ap_ufixed<9, 0, AP_RND_... | nnet_mult.h:110          |   150        |                   |                   |             |               |
|    linear<ap_fixed<10, 6, AP_RN...    | nnet_activation.h:28     |    81        |      7            |      7            |     7       |     8         |
|  + softmax<ap_fixed<31, 13, AP_...    | nnet_activation.h:379    | 2,999        |                   |                   |             |               |
|   + softmax_legacy<ap_fixed<31, ...   | nnet_activation.h:298    | 2,997        |                   |                   |             |               |
|    + init_exp_table_legacy<softma...  | nnet_activation.h:272    |   426        |                   |                   |             |               |
|       exp_fcn_float                   | nnet_activation.h:131    |     4        |                   |                   |             |               |
|      init_invert_table_legacy<sof...  | nnet_activation.h:283    |   811        |                   |                   |             |               |
|  + dense_latency<ap_fixed<16, 6...    | nnet_dense_latency.h:13  |              | 17,541            |  4,671            | 4,340       | 4,341         |
|     cast<ap_fixed<16, 6, AP_TRN,...   | nnet_mult.h:110          |              |    224 (32 calls) |    224 (32 calls) |             |               |
|  + dense_latency<ap_ufixed<9, 0...    | nnet_dense_latency.h:13  |              | 17,110            |  3,639            | 3,332       | 3,333         |
|     cast<ap_ufixed<9, 0, AP_RND_...   | nnet_mult.h:110          |              |    224 (32 calls) |    224 (32 calls) |             |               |
|  + dense_latency<ap_ufixed<9, 0...    | nnet_dense_latency.h:13  |              | 16,652            |  2,572            | 2,237       | 2,238         |
|     cast<ap_ufixed<9, 0, AP_RND_...   | nnet_mult.h:110          |              |    224 (32 calls) |    224 (32 calls) |             |               |
|    dense_latency<ap_ufixed<9, 0...    | nnet_dense_latency.h:13  |              |  5,168            |  3,194            | 3,194       | 3,195         |
|    dense_latency<ap_ufixed<9, 0...    | nnet_dense_latency.h:13  |              |    538            |    503            |   503       |   504         |
|    softmax_legacy<ap_fixed<31, ...    | nnet_activation.h:298    |              |  2,351            |  2,369            | 2,369       | 2,370         |
+---------------------------------------+--------------------------+--------------+-------------------+-------------------+-------------+---------------+
    * - Exceeded design size warning message threshold

* Design Size Message Settings
+---------------------------------------------+--------+------------------------------------------------------------------+
| Message Setting                             | Value  | Description                                                      |
+---------------------------------------------+--------+------------------------------------------------------------------+
| config_compile -design_size_maximum_warning | 100000 | Show a warning when total design instructions exceeds this value |
+---------------------------------------------+--------+------------------------------------------------------------------+


