

================================================================
== Vitis HLS Report for 'dense_latency_ap_ufixed_9_0_4_0_0_ap_fixed_24_9_5_3_0_config14_s'
================================================================
* Date:           Tue Oct 29 14:12:33 2024

* Version:        2023.2 (Build 4023990 on Oct 11 2023)
* Project:        JetTaggerNN_prj
* Solution:       solution1 (Vivado IP Flow Target)
* Product family: virtexuplus
* Target device:  xcvu9p-flga2104-2L-e


================================================================
== Performance Estimates
================================================================
+ Timing: 
    * Summary: 
    +--------+---------+----------+------------+
    |  Clock |  Target | Estimated| Uncertainty|
    +--------+---------+----------+------------+
    |ap_clk  |  2.80 ns|  1.595 ns|     0.76 ns|
    +--------+---------+----------+------------+

+ Latency: 
    * Summary: 
    +---------+---------+-----------+-----------+-----+-----+---------+
    |  Latency (cycles) |   Latency (absolute)  |  Interval | Pipeline|
    |   min   |   max   |    min    |    max    | min | max |   Type  |
    +---------+---------+-----------+-----------+-----+-----+---------+
    |        4|        4|  11.200 ns|  11.200 ns|    1|    1|      yes|
    +---------+---------+-----------+-----------+-----+-----+---------+

    + Detail: 
        * Instance: 
        N/A

        * Loop: 
        N/A



================================================================
== Utilization Estimates
================================================================
* Summary: 
+---------------------+---------+------+---------+---------+-----+
|         Name        | BRAM_18K|  DSP |    FF   |   LUT   | URAM|
+---------------------+---------+------+---------+---------+-----+
|DSP                  |        -|     -|        -|        -|    -|
|Expression           |        -|     -|        0|     7615|    -|
|FIFO                 |        -|     -|        -|        -|    -|
|Instance             |        -|     0|        0|     6370|    -|
|Memory               |        -|     -|        -|        -|    -|
|Multiplexer          |        -|     -|        -|      189|    -|
|Register             |        -|     -|     4761|      352|    -|
+---------------------+---------+------+---------+---------+-----+
|Total                |        0|     0|     4761|    14526|    0|
+---------------------+---------+------+---------+---------+-----+
|Available SLR        |     1440|  2280|   788160|   394080|  320|
+---------------------+---------+------+---------+---------+-----+
|Utilization SLR (%)  |        0|     0|       ~0|        3|    0|
+---------------------+---------+------+---------+---------+-----+
|Available            |     4320|  6840|  2364480|  1182240|  960|
+---------------------+---------+------+---------+---------+-----+
|Utilization (%)      |        0|     0|       ~0|        1|    0|
+---------------------+---------+------+---------+---------+-----+

+ Detail: 
    * Instance: 
    +--------------------------+--------------------+---------+----+---+----+-----+
    |         Instance         |       Module       | BRAM_18K| DSP| FF| LUT| URAM|
    +--------------------------+--------------------+---------+----+---+----+-----+
    |mul_9ns_5ns_13_1_1_U5218  |mul_9ns_5ns_13_1_1  |        0|   0|  0|  49|    0|
    |mul_9ns_5ns_13_1_1_U5233  |mul_9ns_5ns_13_1_1  |        0|   0|  0|  49|    0|
    |mul_9ns_5ns_13_1_1_U5238  |mul_9ns_5ns_13_1_1  |        0|   0|  0|  49|    0|
    |mul_9ns_5ns_13_1_1_U5240  |mul_9ns_5ns_13_1_1  |        0|   0|  0|  49|    0|
    |mul_9ns_5ns_13_1_1_U5270  |mul_9ns_5ns_13_1_1  |        0|   0|  0|  49|    0|
    |mul_9ns_5ns_13_1_1_U5301  |mul_9ns_5ns_13_1_1  |        0|   0|  0|  49|    0|
    |mul_9ns_5ns_13_1_1_U5325  |mul_9ns_5ns_13_1_1  |        0|   0|  0|  49|    0|
    |mul_9ns_5s_14_1_1_U5230   |mul_9ns_5s_14_1_1   |        0|   0|  0|  49|    0|
    |mul_9ns_5s_14_1_1_U5245   |mul_9ns_5s_14_1_1   |        0|   0|  0|  49|    0|
    |mul_9ns_5s_14_1_1_U5272   |mul_9ns_5s_14_1_1   |        0|   0|  0|  49|    0|
    |mul_9ns_5s_14_1_1_U5276   |mul_9ns_5s_14_1_1   |        0|   0|  0|  49|    0|
    |mul_9ns_6ns_14_1_1_U5206  |mul_9ns_6ns_14_1_1  |        0|   0|  0|  49|    0|
    |mul_9ns_6ns_14_1_1_U5210  |mul_9ns_6ns_14_1_1  |        0|   0|  0|  49|    0|
    |mul_9ns_6ns_14_1_1_U5211  |mul_9ns_6ns_14_1_1  |        0|   0|  0|  49|    0|
    |mul_9ns_6ns_14_1_1_U5222  |mul_9ns_6ns_14_1_1  |        0|   0|  0|  49|    0|
    |mul_9ns_6ns_14_1_1_U5224  |mul_9ns_6ns_14_1_1  |        0|   0|  0|  49|    0|
    |mul_9ns_6ns_14_1_1_U5226  |mul_9ns_6ns_14_1_1  |        0|   0|  0|  49|    0|
    |mul_9ns_6ns_14_1_1_U5232  |mul_9ns_6ns_14_1_1  |        0|   0|  0|  49|    0|
    |mul_9ns_6ns_14_1_1_U5239  |mul_9ns_6ns_14_1_1  |        0|   0|  0|  49|    0|
    |mul_9ns_6ns_14_1_1_U5248  |mul_9ns_6ns_14_1_1  |        0|   0|  0|  49|    0|
    |mul_9ns_6ns_14_1_1_U5253  |mul_9ns_6ns_14_1_1  |        0|   0|  0|  49|    0|
    |mul_9ns_6ns_14_1_1_U5262  |mul_9ns_6ns_14_1_1  |        0|   0|  0|  49|    0|
    |mul_9ns_6ns_14_1_1_U5263  |mul_9ns_6ns_14_1_1  |        0|   0|  0|  49|    0|
    |mul_9ns_6ns_14_1_1_U5274  |mul_9ns_6ns_14_1_1  |        0|   0|  0|  49|    0|
    |mul_9ns_6ns_14_1_1_U5278  |mul_9ns_6ns_14_1_1  |        0|   0|  0|  49|    0|
    |mul_9ns_6ns_14_1_1_U5281  |mul_9ns_6ns_14_1_1  |        0|   0|  0|  49|    0|
    |mul_9ns_6ns_14_1_1_U5289  |mul_9ns_6ns_14_1_1  |        0|   0|  0|  49|    0|
    |mul_9ns_6ns_14_1_1_U5291  |mul_9ns_6ns_14_1_1  |        0|   0|  0|  49|    0|
    |mul_9ns_6ns_14_1_1_U5295  |mul_9ns_6ns_14_1_1  |        0|   0|  0|  49|    0|
    |mul_9ns_6ns_14_1_1_U5315  |mul_9ns_6ns_14_1_1  |        0|   0|  0|  49|    0|
    |mul_9ns_6ns_14_1_1_U5321  |mul_9ns_6ns_14_1_1  |        0|   0|  0|  49|    0|
    |mul_9ns_6ns_14_1_1_U5334  |mul_9ns_6ns_14_1_1  |        0|   0|  0|  49|    0|
    |mul_9ns_6s_15_1_1_U5205   |mul_9ns_6s_15_1_1   |        0|   0|  0|  49|    0|
    |mul_9ns_6s_15_1_1_U5213   |mul_9ns_6s_15_1_1   |        0|   0|  0|  49|    0|
    |mul_9ns_6s_15_1_1_U5216   |mul_9ns_6s_15_1_1   |        0|   0|  0|  49|    0|
    |mul_9ns_6s_15_1_1_U5219   |mul_9ns_6s_15_1_1   |        0|   0|  0|  49|    0|
    |mul_9ns_6s_15_1_1_U5229   |mul_9ns_6s_15_1_1   |        0|   0|  0|  49|    0|
    |mul_9ns_6s_15_1_1_U5244   |mul_9ns_6s_15_1_1   |        0|   0|  0|  49|    0|
    |mul_9ns_6s_15_1_1_U5247   |mul_9ns_6s_15_1_1   |        0|   0|  0|  49|    0|
    |mul_9ns_6s_15_1_1_U5271   |mul_9ns_6s_15_1_1   |        0|   0|  0|  49|    0|
    |mul_9ns_6s_15_1_1_U5287   |mul_9ns_6s_15_1_1   |        0|   0|  0|  49|    0|
    |mul_9ns_6s_15_1_1_U5298   |mul_9ns_6s_15_1_1   |        0|   0|  0|  49|    0|
    |mul_9ns_6s_15_1_1_U5305   |mul_9ns_6s_15_1_1   |        0|   0|  0|  49|    0|
    |mul_9ns_6s_15_1_1_U5311   |mul_9ns_6s_15_1_1   |        0|   0|  0|  49|    0|
    |mul_9ns_6s_15_1_1_U5324   |mul_9ns_6s_15_1_1   |        0|   0|  0|  49|    0|
    |mul_9ns_6s_15_1_1_U5328   |mul_9ns_6s_15_1_1   |        0|   0|  0|  49|    0|
    |mul_9ns_6s_15_1_1_U5331   |mul_9ns_6s_15_1_1   |        0|   0|  0|  49|    0|
    |mul_9ns_6s_15_1_1_U5332   |mul_9ns_6s_15_1_1   |        0|   0|  0|  49|    0|
    |mul_9ns_7ns_15_1_1_U5209  |mul_9ns_7ns_15_1_1  |        0|   0|  0|  49|    0|
    |mul_9ns_7ns_15_1_1_U5220  |mul_9ns_7ns_15_1_1  |        0|   0|  0|  49|    0|
    |mul_9ns_7ns_15_1_1_U5225  |mul_9ns_7ns_15_1_1  |        0|   0|  0|  49|    0|
    |mul_9ns_7ns_15_1_1_U5258  |mul_9ns_7ns_15_1_1  |        0|   0|  0|  49|    0|
    |mul_9ns_7ns_15_1_1_U5259  |mul_9ns_7ns_15_1_1  |        0|   0|  0|  49|    0|
    |mul_9ns_7ns_15_1_1_U5264  |mul_9ns_7ns_15_1_1  |        0|   0|  0|  49|    0|
    |mul_9ns_7ns_15_1_1_U5265  |mul_9ns_7ns_15_1_1  |        0|   0|  0|  49|    0|
    |mul_9ns_7ns_15_1_1_U5268  |mul_9ns_7ns_15_1_1  |        0|   0|  0|  49|    0|
    |mul_9ns_7ns_15_1_1_U5275  |mul_9ns_7ns_15_1_1  |        0|   0|  0|  49|    0|
    |mul_9ns_7ns_15_1_1_U5277  |mul_9ns_7ns_15_1_1  |        0|   0|  0|  49|    0|
    |mul_9ns_7ns_15_1_1_U5284  |mul_9ns_7ns_15_1_1  |        0|   0|  0|  49|    0|
    |mul_9ns_7ns_15_1_1_U5292  |mul_9ns_7ns_15_1_1  |        0|   0|  0|  49|    0|
    |mul_9ns_7ns_15_1_1_U5300  |mul_9ns_7ns_15_1_1  |        0|   0|  0|  49|    0|
    |mul_9ns_7ns_15_1_1_U5306  |mul_9ns_7ns_15_1_1  |        0|   0|  0|  49|    0|
    |mul_9ns_7ns_15_1_1_U5307  |mul_9ns_7ns_15_1_1  |        0|   0|  0|  49|    0|
    |mul_9ns_7ns_15_1_1_U5308  |mul_9ns_7ns_15_1_1  |        0|   0|  0|  49|    0|
    |mul_9ns_7ns_15_1_1_U5310  |mul_9ns_7ns_15_1_1  |        0|   0|  0|  49|    0|
    |mul_9ns_7ns_15_1_1_U5313  |mul_9ns_7ns_15_1_1  |        0|   0|  0|  49|    0|
    |mul_9ns_7ns_15_1_1_U5314  |mul_9ns_7ns_15_1_1  |        0|   0|  0|  49|    0|
    |mul_9ns_7ns_15_1_1_U5317  |mul_9ns_7ns_15_1_1  |        0|   0|  0|  49|    0|
    |mul_9ns_7ns_15_1_1_U5322  |mul_9ns_7ns_15_1_1  |        0|   0|  0|  49|    0|
    |mul_9ns_7ns_15_1_1_U5327  |mul_9ns_7ns_15_1_1  |        0|   0|  0|  49|    0|
    |mul_9ns_7ns_15_1_1_U5330  |mul_9ns_7ns_15_1_1  |        0|   0|  0|  49|    0|
    |mul_9ns_7s_16_1_1_U5207   |mul_9ns_7s_16_1_1   |        0|   0|  0|  49|    0|
    |mul_9ns_7s_16_1_1_U5212   |mul_9ns_7s_16_1_1   |        0|   0|  0|  49|    0|
    |mul_9ns_7s_16_1_1_U5214   |mul_9ns_7s_16_1_1   |        0|   0|  0|  49|    0|
    |mul_9ns_7s_16_1_1_U5221   |mul_9ns_7s_16_1_1   |        0|   0|  0|  49|    0|
    |mul_9ns_7s_16_1_1_U5227   |mul_9ns_7s_16_1_1   |        0|   0|  0|  49|    0|
    |mul_9ns_7s_16_1_1_U5236   |mul_9ns_7s_16_1_1   |        0|   0|  0|  49|    0|
    |mul_9ns_7s_16_1_1_U5241   |mul_9ns_7s_16_1_1   |        0|   0|  0|  49|    0|
    |mul_9ns_7s_16_1_1_U5246   |mul_9ns_7s_16_1_1   |        0|   0|  0|  49|    0|
    |mul_9ns_7s_16_1_1_U5255   |mul_9ns_7s_16_1_1   |        0|   0|  0|  49|    0|
    |mul_9ns_7s_16_1_1_U5256   |mul_9ns_7s_16_1_1   |        0|   0|  0|  49|    0|
    |mul_9ns_7s_16_1_1_U5257   |mul_9ns_7s_16_1_1   |        0|   0|  0|  49|    0|
    |mul_9ns_7s_16_1_1_U5260   |mul_9ns_7s_16_1_1   |        0|   0|  0|  49|    0|
    |mul_9ns_7s_16_1_1_U5261   |mul_9ns_7s_16_1_1   |        0|   0|  0|  49|    0|
    |mul_9ns_7s_16_1_1_U5266   |mul_9ns_7s_16_1_1   |        0|   0|  0|  49|    0|
    |mul_9ns_7s_16_1_1_U5269   |mul_9ns_7s_16_1_1   |        0|   0|  0|  49|    0|
    |mul_9ns_7s_16_1_1_U5273   |mul_9ns_7s_16_1_1   |        0|   0|  0|  49|    0|
    |mul_9ns_7s_16_1_1_U5288   |mul_9ns_7s_16_1_1   |        0|   0|  0|  49|    0|
    |mul_9ns_7s_16_1_1_U5290   |mul_9ns_7s_16_1_1   |        0|   0|  0|  49|    0|
    |mul_9ns_7s_16_1_1_U5293   |mul_9ns_7s_16_1_1   |        0|   0|  0|  49|    0|
    |mul_9ns_7s_16_1_1_U5297   |mul_9ns_7s_16_1_1   |        0|   0|  0|  49|    0|
    |mul_9ns_7s_16_1_1_U5302   |mul_9ns_7s_16_1_1   |        0|   0|  0|  49|    0|
    |mul_9ns_7s_16_1_1_U5309   |mul_9ns_7s_16_1_1   |        0|   0|  0|  49|    0|
    |mul_9ns_7s_16_1_1_U5316   |mul_9ns_7s_16_1_1   |        0|   0|  0|  49|    0|
    |mul_9ns_7s_16_1_1_U5318   |mul_9ns_7s_16_1_1   |        0|   0|  0|  49|    0|
    |mul_9ns_7s_16_1_1_U5319   |mul_9ns_7s_16_1_1   |        0|   0|  0|  49|    0|
    |mul_9ns_7s_16_1_1_U5326   |mul_9ns_7s_16_1_1   |        0|   0|  0|  49|    0|
    |mul_9ns_7s_16_1_1_U5329   |mul_9ns_7s_16_1_1   |        0|   0|  0|  49|    0|
    |mul_9ns_7s_16_1_1_U5333   |mul_9ns_7s_16_1_1   |        0|   0|  0|  49|    0|
    |mul_9ns_8ns_16_1_1_U5215  |mul_9ns_8ns_16_1_1  |        0|   0|  0|  49|    0|
    |mul_9ns_8ns_16_1_1_U5217  |mul_9ns_8ns_16_1_1  |        0|   0|  0|  49|    0|
    |mul_9ns_8ns_16_1_1_U5223  |mul_9ns_8ns_16_1_1  |        0|   0|  0|  49|    0|
    |mul_9ns_8ns_16_1_1_U5228  |mul_9ns_8ns_16_1_1  |        0|   0|  0|  49|    0|
    |mul_9ns_8ns_16_1_1_U5234  |mul_9ns_8ns_16_1_1  |        0|   0|  0|  49|    0|
    |mul_9ns_8ns_16_1_1_U5242  |mul_9ns_8ns_16_1_1  |        0|   0|  0|  49|    0|
    |mul_9ns_8ns_16_1_1_U5250  |mul_9ns_8ns_16_1_1  |        0|   0|  0|  49|    0|
    |mul_9ns_8ns_16_1_1_U5267  |mul_9ns_8ns_16_1_1  |        0|   0|  0|  49|    0|
    |mul_9ns_8ns_16_1_1_U5279  |mul_9ns_8ns_16_1_1  |        0|   0|  0|  49|    0|
    |mul_9ns_8ns_16_1_1_U5282  |mul_9ns_8ns_16_1_1  |        0|   0|  0|  49|    0|
    |mul_9ns_8ns_16_1_1_U5285  |mul_9ns_8ns_16_1_1  |        0|   0|  0|  49|    0|
    |mul_9ns_8ns_16_1_1_U5294  |mul_9ns_8ns_16_1_1  |        0|   0|  0|  49|    0|
    |mul_9ns_8ns_16_1_1_U5296  |mul_9ns_8ns_16_1_1  |        0|   0|  0|  49|    0|
    |mul_9ns_8ns_16_1_1_U5299  |mul_9ns_8ns_16_1_1  |        0|   0|  0|  49|    0|
    |mul_9ns_8ns_16_1_1_U5323  |mul_9ns_8ns_16_1_1  |        0|   0|  0|  49|    0|
    |mul_9ns_8s_17_1_1_U5208   |mul_9ns_8s_17_1_1   |        0|   0|  0|  49|    0|
    |mul_9ns_8s_17_1_1_U5231   |mul_9ns_8s_17_1_1   |        0|   0|  0|  49|    0|
    |mul_9ns_8s_17_1_1_U5235   |mul_9ns_8s_17_1_1   |        0|   0|  0|  49|    0|
    |mul_9ns_8s_17_1_1_U5237   |mul_9ns_8s_17_1_1   |        0|   0|  0|  49|    0|
    |mul_9ns_8s_17_1_1_U5243   |mul_9ns_8s_17_1_1   |        0|   0|  0|  49|    0|
    |mul_9ns_8s_17_1_1_U5249   |mul_9ns_8s_17_1_1   |        0|   0|  0|  49|    0|
    |mul_9ns_8s_17_1_1_U5251   |mul_9ns_8s_17_1_1   |        0|   0|  0|  49|    0|
    |mul_9ns_8s_17_1_1_U5252   |mul_9ns_8s_17_1_1   |        0|   0|  0|  49|    0|
    |mul_9ns_8s_17_1_1_U5254   |mul_9ns_8s_17_1_1   |        0|   0|  0|  49|    0|
    |mul_9ns_8s_17_1_1_U5280   |mul_9ns_8s_17_1_1   |        0|   0|  0|  49|    0|
    |mul_9ns_8s_17_1_1_U5286   |mul_9ns_8s_17_1_1   |        0|   0|  0|  49|    0|
    |mul_9ns_8s_17_1_1_U5303   |mul_9ns_8s_17_1_1   |        0|   0|  0|  49|    0|
    |mul_9ns_8s_17_1_1_U5304   |mul_9ns_8s_17_1_1   |        0|   0|  0|  49|    0|
    |mul_9ns_8s_17_1_1_U5312   |mul_9ns_8s_17_1_1   |        0|   0|  0|  49|    0|
    |mul_9ns_8s_17_1_1_U5320   |mul_9ns_8s_17_1_1   |        0|   0|  0|  49|    0|
    |mul_9ns_9ns_17_1_1_U5283  |mul_9ns_9ns_17_1_1  |        0|   0|  0|  49|    0|
    +--------------------------+--------------------+---------+----+---+----+-----+
    |Total                     |                    |        0|   0|  0|6370|    0|
    +--------------------------+--------------------+---------+----+---+----+-----+

    * DSP: 
    N/A

    * Memory: 
    N/A

    * FIFO: 
    N/A

    * Expression: 
    +---------------------------+----------+----+---+----+------------+------------+
    |       Variable Name       | Operation| DSP| FF| LUT| Bitwidth P0| Bitwidth P1|
    +---------------------------+----------+----+---+----+------------+------------+
    |add_ln42_14_fu_131439_p2   |         +|   0|  0|  22|          15|          15|
    |add_ln42_15_fu_131469_p2   |         +|   0|  0|  20|          13|          13|
    |add_ln42_16_fu_132261_p2   |         +|   0|  0|  22|          15|          15|
    |add_ln42_17_fu_132464_p2   |         +|   0|  0|  22|          15|          15|
    |add_ln42_18_fu_131612_p2   |         +|   0|  0|  20|          13|          13|
    |add_ln42_19_fu_132510_p2   |         +|   0|  0|  22|          15|          15|
    |add_ln42_20_fu_133000_p2   |         +|   0|  0|  22|          15|          15|
    |add_ln42_21_fu_133247_p2   |         +|   0|  0|  20|          13|          13|
    |add_ln42_22_fu_135963_p2   |         +|   0|  0|  21|          14|          14|
    |add_ln42_23_fu_136013_p2   |         +|   0|  0|  21|          14|          14|
    |add_ln42_24_fu_133421_p2   |         +|   0|  0|  21|          14|          14|
    |add_ln42_25_fu_133691_p2   |         +|   0|  0|  22|          15|          15|
    |add_ln42_26_fu_133844_p2   |         +|   0|  0|  22|          15|          15|
    |add_ln42_27_fu_134381_p2   |         +|   0|  0|  20|          13|          13|
    |add_ln42_28_fu_134420_p2   |         +|   0|  0|  21|          14|          14|
    |add_ln42_29_fu_134773_p2   |         +|   0|  0|  22|          15|          15|
    |add_ln42_30_fu_134789_p2   |         +|   0|  0|  20|          13|          13|
    |add_ln42_31_fu_136430_p2   |         +|   0|  0|  19|          12|          12|
    |add_ln42_32_fu_136480_p2   |         +|   0|  0|  23|          16|          16|
    |add_ln42_33_fu_136719_p2   |         +|   0|  0|  21|          14|          14|
    |add_ln42_34_fu_135156_p2   |         +|   0|  0|  20|          13|          13|
    |add_ln42_35_fu_135290_p2   |         +|   0|  0|  19|          12|          12|
    |add_ln42_fu_131955_p2      |         +|   0|  0|  21|          14|          14|
    |add_ln58_340_fu_135326_p2  |         +|   0|  0|  17|          10|           9|
    |add_ln58_341_fu_135335_p2  |         +|   0|  0|  18|          11|          11|
    |add_ln58_342_fu_135341_p2  |         +|   0|  0|  17|          11|          10|
    |add_ln58_343_fu_135347_p2  |         +|   0|  0|  18|          11|          11|
    |add_ln58_344_fu_135357_p2  |         +|   0|  0|  18|          11|           9|
    |add_ln58_345_fu_135366_p2  |         +|   0|  0|  17|          10|          10|
    |add_ln58_346_fu_135375_p2  |         +|   0|  0|  16|           9|           9|
    |add_ln58_347_fu_135380_p2  |         +|   0|  0|  19|          12|          11|
    |add_ln58_348_fu_135390_p2  |         +|   0|  0|  17|          10|           9|
    |add_ln58_349_fu_135399_p2  |         +|   0|  0|  17|          11|          11|
    |add_ln58_350_fu_135405_p2  |         +|   0|  0|  18|          11|          11|
    |add_ln58_351_fu_135411_p2  |         +|   0|  0|  20|          13|          13|
    |add_ln58_352_fu_135417_p2  |         +|   0|  0|  17|          10|          10|
    |add_ln58_353_fu_135427_p2  |         +|   0|  0|  17|          11|          11|
    |add_ln58_354_fu_137013_p2  |         +|   0|  0|  17|          12|          12|
    |add_ln58_355_fu_135433_p2  |         +|   0|  0|  17|          11|          11|
    |add_ln58_356_fu_135439_p2  |         +|   0|  0|  17|          10|          10|
    |add_ln58_357_fu_135448_p2  |         +|   0|  0|  17|          12|          12|
    |add_ln58_358_fu_135454_p2  |         +|   0|  0|  17|          12|          12|
    |add_ln58_359_fu_137025_p2  |         +|   0|  0|  17|          13|          13|
    |add_ln58_360_fu_137031_p2  |         +|   0|  0|  18|          11|          11|
    |add_ln58_361_fu_137041_p2  |         +|   0|  0|  17|          13|          13|
    |add_ln58_362_fu_137047_p2  |         +|   0|  0|  19|          12|          12|
    |add_ln58_363_fu_137053_p2  |         +|   0|  0|  17|          10|          10|
    |add_ln58_364_fu_137063_p2  |         +|   0|  0|  17|          13|          13|
    |add_ln58_365_fu_138229_p2  |         +|   0|  0|  21|          14|          14|
    |add_ln58_366_fu_137069_p2  |         +|   0|  0|  17|          12|          12|
    |add_ln58_367_fu_137075_p2  |         +|   0|  0|  17|          12|          12|
    |add_ln58_368_fu_137081_p2  |         +|   0|  0|  16|           9|           9|
    |add_ln58_369_fu_137090_p2  |         +|   0|  0|  18|          11|          11|
    |add_ln58_370_fu_138245_p2  |         +|   0|  0|  20|          13|          13|
    |add_ln58_371_fu_138255_p2  |         +|   0|  0|  22|          15|          15|
    |add_ln58_372_fu_135460_p2  |         +|   0|  0|  18|          11|           8|
    |add_ln58_373_fu_135469_p2  |         +|   0|  0|  17|          13|          13|
    |add_ln58_374_fu_135475_p2  |         +|   0|  0|  17|          13|          13|
    |add_ln58_375_fu_137099_p2  |         +|   0|  0|  20|          13|          13|
    |add_ln58_376_fu_137109_p2  |         +|   0|  0|  16|          14|          14|
    |add_ln58_377_fu_137115_p2  |         +|   0|  0|  16|          14|          14|
    |add_ln58_378_fu_135481_p2  |         +|   0|  0|  17|          12|          12|
    |add_ln58_379_fu_135487_p2  |         +|   0|  0|  17|          12|          12|
    |add_ln58_380_fu_138267_p2  |         +|   0|  0|  16|          15|          15|
    |add_ln58_381_fu_137121_p2  |         +|   0|  0|  18|          11|          11|
    |add_ln58_382_fu_135493_p2  |         +|   0|  0|  17|          10|          10|
    |add_ln58_383_fu_137134_p2  |         +|   0|  0|  18|          11|          11|
    |add_ln58_384_fu_137144_p2  |         +|   0|  0|  19|          12|          12|
    |add_ln58_385_fu_138276_p2  |         +|   0|  0|  16|          15|          15|
    |add_ln58_386_fu_135499_p2  |         +|   0|  0|  19|          12|          12|
    |add_ln58_387_fu_137153_p2  |         +|   0|  0|  20|          13|          13|
    |add_ln58_388_fu_137163_p2  |         +|   0|  0|  16|          14|          14|
    |add_ln58_389_fu_137169_p2  |         +|   0|  0|  19|          12|          12|
    |add_ln58_390_fu_137175_p2  |         +|   0|  0|  16|          14|          14|
    |add_ln58_391_fu_138288_p2  |         +|   0|  0|  16|          15|          15|
    |add_ln58_392_fu_138294_p2  |         +|   0|  0|  16|          15|          15|
    |add_ln58_393_fu_137181_p2  |         +|   0|  0|  18|          11|          11|
    |add_ln58_394_fu_138303_p2  |         +|   0|  0|  16|          15|          15|
    |add_ln58_395_fu_137187_p2  |         +|   0|  0|  17|          13|          13|
    |add_ln58_396_fu_137193_p2  |         +|   0|  0|  18|          11|          11|
    |add_ln58_397_fu_137203_p2  |         +|   0|  0|  17|          13|          13|
    |add_ln58_398_fu_138312_p2  |         +|   0|  0|  16|          15|          15|
    |add_ln58_399_fu_135505_p2  |         +|   0|  0|  17|          11|          11|
    |add_ln58_400_fu_135511_p2  |         +|   0|  0|  17|          10|          10|
    |add_ln58_401_fu_137215_p2  |         +|   0|  0|  17|          13|          13|
    |add_ln58_402_fu_137221_p2  |         +|   0|  0|  17|          13|          13|
    |add_ln58_403_fu_137231_p2  |         +|   0|  0|  16|          14|          14|
    |add_ln58_404_fu_137237_p2  |         +|   0|  0|  19|          12|          12|
    |add_ln58_405_fu_137247_p2  |         +|   0|  0|  16|          14|          14|
    |add_ln58_406_fu_137253_p2  |         +|   0|  0|  17|          13|          13|
    |add_ln58_407_fu_135517_p2  |         +|   0|  0|  17|          10|          10|
    |add_ln58_408_fu_137262_p2  |         +|   0|  0|  18|          11|          11|
    |add_ln58_409_fu_137272_p2  |         +|   0|  0|  17|          13|          13|
    |add_ln58_410_fu_138324_p2  |         +|   0|  0|  22|          15|          15|
    |add_ln58_411_fu_135523_p2  |         +|   0|  0|  17|          10|          10|
    |add_ln58_412_fu_135533_p2  |         +|   0|  0|  17|          11|          11|
    |add_ln58_413_fu_137281_p2  |         +|   0|  0|  17|          12|          12|
    |add_ln58_414_fu_135539_p2  |         +|   0|  0|  16|           9|           9|
    |add_ln58_415_fu_135549_p2  |         +|   0|  0|  17|          10|          10|
    |add_ln58_416_fu_137290_p2  |         +|   0|  0|  17|          12|          12|
    |add_ln58_417_fu_137300_p2  |         +|   0|  0|  20|          13|          13|
    |add_ln58_418_fu_137306_p2  |         +|   0|  0|  20|          13|          13|
    |add_ln58_419_fu_138336_p2  |         +|   0|  0|  16|          14|          14|
    |add_ln58_420_fu_137312_p2  |         +|   0|  0|  17|          11|          11|
    |add_ln58_421_fu_137318_p2  |         +|   0|  0|  16|           9|           9|
    |add_ln58_422_fu_137328_p2  |         +|   0|  0|  17|          11|          11|
    |add_ln58_423_fu_138345_p2  |         +|   0|  0|  16|          14|          14|
    |add_ln58_424_fu_135555_p2  |         +|   0|  0|  18|          10|          10|
    |add_ln58_425_fu_135561_p2  |         +|   0|  0|  18|          10|          10|
    |add_ln58_426_fu_137334_p2  |         +|   0|  0|  17|          12|          12|
    |add_ln58_427_fu_137339_p2  |         +|   0|  0|  17|          12|          12|
    |add_ln58_428_fu_135567_p2  |         +|   0|  0|  18|          10|          10|
    |add_ln58_429_fu_131725_p2  |         +|   0|  0|  15|           8|           8|
    |add_ln58_430_fu_135576_p2  |         +|   0|  0|  18|          10|          10|
    |add_ln58_431_fu_137352_p2  |         +|   0|  0|  20|          13|          13|
    |add_ln58_432_fu_138354_p2  |         +|   0|  0|  21|          14|          14|
    |add_ln58_433_fu_137358_p2  |         +|   0|  0|  17|          10|          10|
    |add_ln58_434_fu_137368_p2  |         +|   0|  0|  18|          11|          11|
    |add_ln58_435_fu_138363_p2  |         +|   0|  0|  16|          14|          14|
    |add_ln58_436_fu_135582_p2  |         +|   0|  0|  18|          11|          11|
    |add_ln58_437_fu_138372_p2  |         +|   0|  0|  16|          14|          14|
    |add_ln58_438_fu_135588_p2  |         +|   0|  0|  19|          12|          12|
    |add_ln58_439_fu_137377_p2  |         +|   0|  0|  17|          13|          13|
    |add_ln58_440_fu_137383_p2  |         +|   0|  0|  17|          13|          13|
    |add_ln58_441_fu_137393_p2  |         +|   0|  0|  19|          12|          12|
    |add_ln58_442_fu_137403_p2  |         +|   0|  0|  16|          14|          14|
    |add_ln58_443_fu_137409_p2  |         +|   0|  0|  16|          14|          14|
    |add_ln58_444_fu_137415_p2  |         +|   0|  0|  20|          13|          13|
    |add_ln58_445_fu_138384_p2  |         +|   0|  0|  16|          15|          15|
    |add_ln58_446_fu_137421_p2  |         +|   0|  0|  19|          12|          12|
    |add_ln58_447_fu_137431_p2  |         +|   0|  0|  17|          13|          13|
    |add_ln58_448_fu_137437_p2  |         +|   0|  0|  17|          13|          13|
    |add_ln58_449_fu_137447_p2  |         +|   0|  0|  21|          14|          14|
    |add_ln58_450_fu_138393_p2  |         +|   0|  0|  16|          15|          15|
    |add_ln58_451_fu_135594_p2  |         +|   0|  0|  18|          11|           9|
    |add_ln58_452_fu_137456_p2  |         +|   0|  0|  17|          12|          12|
    |add_ln58_453_fu_137462_p2  |         +|   0|  0|  17|          12|          12|
    |add_ln58_454_fu_137472_p2  |         +|   0|  0|  20|          13|          13|
    |add_ln58_455_fu_137482_p2  |         +|   0|  0|  21|          14|          14|
    |add_ln58_456_fu_138399_p2  |         +|   0|  0|  16|          14|          14|
    |add_ln58_457_fu_137488_p2  |         +|   0|  0|  17|          12|          12|
    |add_ln58_458_fu_137494_p2  |         +|   0|  0|  17|          12|          12|
    |add_ln58_459_fu_138407_p2  |         +|   0|  0|  16|          14|          14|
    |add_ln58_460_fu_137500_p2  |         +|   0|  0|  18|          11|          11|
    |add_ln58_461_fu_135600_p2  |         +|   0|  0|  17|          10|          10|
    |add_ln58_462_fu_137509_p2  |         +|   0|  0|  18|          11|          11|
    |add_ln58_463_fu_138423_p2  |         +|   0|  0|  19|          12|          12|
    |add_ln58_464_fu_138433_p2  |         +|   0|  0|  22|          15|          15|
    |add_ln58_465_fu_135606_p2  |         +|   0|  0|  19|          12|           8|
    |add_ln58_466_fu_137518_p2  |         +|   0|  0|  17|          13|          13|
    |add_ln58_467_fu_137524_p2  |         +|   0|  0|  18|          11|          11|
    |add_ln58_468_fu_135612_p2  |         +|   0|  0|  19|          12|          12|
    |add_ln58_469_fu_137537_p2  |         +|   0|  0|  17|          13|          13|
    |add_ln58_470_fu_137547_p2  |         +|   0|  0|  16|          14|          14|
    |add_ln58_471_fu_138439_p2  |         +|   0|  0|  19|          12|          12|
    |add_ln58_472_fu_137553_p2  |         +|   0|  0|  16|          14|          14|
    |add_ln58_473_fu_138452_p2  |         +|   0|  0|  16|          15|          15|
    |add_ln58_474_fu_137559_p2  |         +|   0|  0|  20|          13|          13|
    |add_ln58_475_fu_137565_p2  |         +|   0|  0|  19|          12|          12|
    |add_ln58_476_fu_137575_p2  |         +|   0|  0|  20|          13|          13|
    |add_ln58_477_fu_138464_p2  |         +|   0|  0|  21|          14|          14|
    |add_ln58_478_fu_138474_p2  |         +|   0|  0|  16|          15|          15|
    |add_ln58_479_fu_135618_p2  |         +|   0|  0|  18|          11|          10|
    |add_ln58_480_fu_135627_p2  |         +|   0|  0|  17|          13|          13|
    |add_ln58_481_fu_135633_p2  |         +|   0|  0|  17|          13|          13|
    |add_ln58_482_fu_137584_p2  |         +|   0|  0|  21|          14|          14|
    |add_ln58_483_fu_135639_p2  |         +|   0|  0|  20|          13|          13|
    |add_ln58_484_fu_137597_p2  |         +|   0|  0|  21|          14|          14|
    |add_ln58_485_fu_137607_p2  |         +|   0|  0|  16|          15|          15|
    |add_ln58_486_fu_137613_p2  |         +|   0|  0|  16|          15|          15|
    |add_ln58_487_fu_137619_p2  |         +|   0|  0|  20|          13|          13|
    |add_ln58_488_fu_138483_p2  |         +|   0|  0|  16|          15|          15|
    |add_ln58_489_fu_138488_p2  |         +|   0|  0|  17|          11|          11|
    |add_ln58_490_fu_137625_p2  |         +|   0|  0|  15|           8|           8|
    |add_ln58_491_fu_138497_p2  |         +|   0|  0|  17|          11|          11|
    |add_ln58_492_fu_138507_p2  |         +|   0|  0|  16|          15|          15|
    |add_ln58_493_fu_137631_p2  |         +|   0|  0|  16|          14|          14|
    |add_ln58_494_fu_137637_p2  |         +|   0|  0|  16|          14|          14|
    |add_ln58_495_fu_137643_p2  |         +|   0|  0|  16|          14|          14|
    |add_ln58_496_fu_135645_p2  |         +|   0|  0|  20|          13|          13|
    |add_ln58_497_fu_137652_p2  |         +|   0|  0|  16|          14|          14|
    |add_ln58_498_fu_138516_p2  |         +|   0|  0|  22|          15|          15|
    |add_ln58_499_fu_138522_p2  |         +|   0|  0|  16|          15|          15|
    |add_ln58_500_fu_137658_p2  |         +|   0|  0|  19|          12|          12|
    |add_ln58_501_fu_137668_p2  |         +|   0|  0|  20|          13|          13|
    |add_ln58_502_fu_138531_p2  |         +|   0|  0|  16|          15|          15|
    |add_ln58_503_fu_137674_p2  |         +|   0|  0|  17|          12|          12|
    |add_ln58_504_fu_135651_p2  |         +|   0|  0|  18|          11|          11|
    |add_ln58_505_fu_137687_p2  |         +|   0|  0|  19|          12|          12|
    |add_ln58_506_fu_137697_p2  |         +|   0|  0|  20|          13|          13|
    |add_ln58_507_fu_138540_p2  |         +|   0|  0|  16|          14|          14|
    |add_ln58_508_fu_137703_p2  |         +|   0|  0|  16|           9|           9|
    |add_ln58_509_fu_138549_p2  |         +|   0|  0|  16|          14|          14|
    |add_ln58_510_fu_137709_p2  |         +|   0|  0|  20|          13|          13|
    |add_ln58_511_fu_137719_p2  |         +|   0|  0|  20|          13|          13|
    |add_ln58_512_fu_137729_p2  |         +|   0|  0|  21|          14|          14|
    |add_ln58_513_fu_138562_p2  |         +|   0|  0|  22|          15|          15|
    |add_ln58_514_fu_135657_p2  |         +|   0|  0|  16|           9|           8|
    |add_ln58_515_fu_137738_p2  |         +|   0|  0|  18|          11|          11|
    |add_ln58_516_fu_137747_p2  |         +|   0|  0|  19|          12|          12|
    |add_ln58_517_fu_137757_p2  |         +|   0|  0|  20|          13|          13|
    |add_ln58_518_fu_138571_p2  |         +|   0|  0|  16|          14|          14|
    |add_ln58_519_fu_135663_p2  |         +|   0|  0|  16|           9|           9|
    |add_ln58_520_fu_135673_p2  |         +|   0|  0|  18|          11|          11|
    |add_ln58_521_fu_138580_p2  |         +|   0|  0|  16|          14|          14|
    |add_ln58_522_fu_137763_p2  |         +|   0|  0|  20|          13|          13|
    |add_ln58_523_fu_138593_p2  |         +|   0|  0|  16|          15|          15|
    |add_ln58_524_fu_137769_p2  |         +|   0|  0|  17|          13|          13|
    |add_ln58_525_fu_137775_p2  |         +|   0|  0|  18|          11|          11|
    |add_ln58_526_fu_137785_p2  |         +|   0|  0|  17|          13|          13|
    |add_ln58_527_fu_138602_p2  |         +|   0|  0|  16|          15|          15|
    |add_ln58_528_fu_137791_p2  |         +|   0|  0|  17|          13|          13|
    |add_ln58_529_fu_137797_p2  |         +|   0|  0|  17|          13|          13|
    |add_ln58_530_fu_137807_p2  |         +|   0|  0|  20|          13|          13|
    |add_ln58_531_fu_137817_p2  |         +|   0|  0|  21|          14|          14|
    |add_ln58_532_fu_137823_p2  |         +|   0|  0|  17|          10|          10|
    |add_ln58_533_fu_138611_p2  |         +|   0|  0|  16|          14|          14|
    |add_ln58_534_fu_137829_p2  |         +|   0|  0|  18|          11|          11|
    |add_ln58_535_fu_137839_p2  |         +|   0|  0|  20|          13|          13|
    |add_ln58_536_fu_138619_p2  |         +|   0|  0|  16|          14|          14|
    |add_ln58_537_fu_138629_p2  |         +|   0|  0|  16|          15|          15|
    |add_ln58_538_fu_137845_p2  |         +|   0|  0|  19|          12|          12|
    |add_ln58_539_fu_138638_p2  |         +|   0|  0|  16|          15|          15|
    |add_ln58_540_fu_131731_p2  |         +|   0|  0|  18|          11|          10|
    |add_ln58_541_fu_135682_p2  |         +|   0|  0|  20|          13|          13|
    |add_ln58_542_fu_135688_p2  |         +|   0|  0|  17|          13|          13|
    |add_ln58_543_fu_135694_p2  |         +|   0|  0|  17|          13|          13|
    |add_ln58_544_fu_135700_p2  |         +|   0|  0|  19|          12|          12|
    |add_ln58_545_fu_137857_p2  |         +|   0|  0|  21|          14|          14|
    |add_ln58_546_fu_137863_p2  |         +|   0|  0|  16|          14|          14|
    |add_ln58_547_fu_137869_p2  |         +|   0|  0|  18|          11|          11|
    |add_ln58_548_fu_137879_p2  |         +|   0|  0|  16|          14|          14|
    |add_ln58_549_fu_137885_p2  |         +|   0|  0|  20|          13|          13|
    |add_ln58_550_fu_137891_p2  |         +|   0|  0|  19|          12|          12|
    |add_ln58_551_fu_137901_p2  |         +|   0|  0|  20|          13|          13|
    |add_ln58_552_fu_138653_p2  |         +|   0|  0|  21|          14|          14|
    |add_ln58_553_fu_138663_p2  |         +|   0|  0|  22|          15|          15|
    |add_ln58_554_fu_135706_p2  |         +|   0|  0|  18|          11|          11|
    |add_ln58_555_fu_135712_p2  |         +|   0|  0|  17|          11|          11|
    |add_ln58_556_fu_135718_p2  |         +|   0|  0|  17|          11|          11|
    |add_ln58_557_fu_137910_p2  |         +|   0|  0|  17|          13|          13|
    |add_ln58_558_fu_137916_p2  |         +|   0|  0|  17|          13|          13|
    |add_ln58_559_fu_137926_p2  |         +|   0|  0|  21|          14|          14|
    |add_ln58_560_fu_135724_p2  |         +|   0|  0|  20|          13|          13|
    |add_ln58_561_fu_137935_p2  |         +|   0|  0|  21|          14|          14|
    |add_ln58_562_fu_138675_p2  |         +|   0|  0|  22|          15|          15|
    |add_ln58_563_fu_138681_p2  |         +|   0|  0|  19|          12|          12|
    |add_ln58_564_fu_138691_p2  |         +|   0|  0|  16|          15|          15|
    |add_ln58_565_fu_137941_p2  |         +|   0|  0|  16|           9|           9|
    |add_ln58_566_fu_138700_p2  |         +|   0|  0|  17|          10|          10|
    |add_ln58_567_fu_138710_p2  |         +|   0|  0|  16|          15|          15|
    |add_ln58_568_fu_137947_p2  |         +|   0|  0|  16|          14|          14|
    |add_ln58_569_fu_137953_p2  |         +|   0|  0|  16|          14|          14|
    |add_ln58_570_fu_135730_p2  |         +|   0|  0|  20|          13|          13|
    |add_ln58_571_fu_137966_p2  |         +|   0|  0|  16|          15|          15|
    |add_ln58_572_fu_137972_p2  |         +|   0|  0|  16|          15|          15|
    |add_ln58_573_fu_137978_p2  |         +|   0|  0|  20|          13|          13|
    |add_ln58_574_fu_138719_p2  |         +|   0|  0|  16|          15|          15|
    |add_ln58_575_fu_137984_p2  |         +|   0|  0|  19|          12|          12|
    |add_ln58_576_fu_135736_p2  |         +|   0|  0|  17|          10|          10|
    |add_ln58_577_fu_137997_p2  |         +|   0|  0|  18|          11|          11|
    |add_ln58_578_fu_138007_p2  |         +|   0|  0|  20|          13|          13|
    |add_ln58_579_fu_138727_p2  |         +|   0|  0|  16|          15|          15|
    |add_ln58_580_fu_135742_p2  |         +|   0|  0|  18|          11|          11|
    |add_ln58_581_fu_138016_p2  |         +|   0|  0|  17|          12|          12|
    |add_ln58_582_fu_138022_p2  |         +|   0|  0|  17|          12|          12|
    |add_ln58_583_fu_138032_p2  |         +|   0|  0|  20|          13|          13|
    |add_ln58_584_fu_135748_p2  |         +|   0|  0|  17|          10|          10|
    |add_ln58_585_fu_138041_p2  |         +|   0|  0|  20|          13|          13|
    |add_ln58_586_fu_138739_p2  |         +|   0|  0|  16|          14|          14|
    |add_ln58_587_fu_138745_p2  |         +|   0|  0|  16|          14|          14|
    |add_ln58_588_fu_138755_p2  |         +|   0|  0|  16|          15|          15|
    |add_ln58_589_fu_138047_p2  |         +|   0|  0|  19|          12|          12|
    |add_ln58_590_fu_138053_p2  |         +|   0|  0|  19|          12|          12|
    |add_ln58_591_fu_138767_p2  |         +|   0|  0|  20|          13|          13|
    |add_ln58_592_fu_138777_p2  |         +|   0|  0|  16|          15|          15|
    |add_ln58_593_fu_138059_p2  |         +|   0|  0|  19|          12|          12|
    |add_ln58_594_fu_135754_p2  |         +|   0|  0|  20|          13|          13|
    |add_ln58_595_fu_138072_p2  |         +|   0|  0|  16|          14|          14|
    |add_ln58_596_fu_138078_p2  |         +|   0|  0|  16|          14|          14|
    |add_ln58_597_fu_138786_p2  |         +|   0|  0|  22|          15|          15|
    |add_ln58_598_fu_138084_p2  |         +|   0|  0|  17|          10|          10|
    |add_ln58_599_fu_138795_p2  |         +|   0|  0|  16|          15|          15|
    |add_ln58_600_fu_138801_p2  |         +|   0|  0|  17|          13|          13|
    |add_ln58_601_fu_138090_p2  |         +|   0|  0|  16|           9|           9|
    |add_ln58_602_fu_138810_p2  |         +|   0|  0|  17|          13|          13|
    |add_ln58_603_fu_138820_p2  |         +|   0|  0|  16|          15|          15|
    |add_ln58_604_fu_135775_p2  |         +|   0|  0|  17|          10|          10|
    |add_ln58_605_fu_135785_p2  |         +|   0|  0|  19|          12|          12|
    |add_ln58_606_fu_138099_p2  |         +|   0|  0|  20|          13|          13|
    |add_ln58_607_fu_138109_p2  |         +|   0|  0|  19|          12|          12|
    |add_ln58_608_fu_138119_p2  |         +|   0|  0|  16|          14|          14|
    |add_ln58_609_fu_138125_p2  |         +|   0|  0|  16|          14|          14|
    |add_ln58_610_fu_138829_p2  |         +|   0|  0|  20|          13|          13|
    |add_ln58_611_fu_138839_p2  |         +|   0|  0|  16|          15|          15|
    |add_ln58_612_fu_138131_p2  |         +|   0|  0|  19|          12|          12|
    |add_ln58_613_fu_138137_p2  |         +|   0|  0|  16|           9|           9|
    |add_ln58_614_fu_138147_p2  |         +|   0|  0|  18|          11|          11|
    |add_ln58_615_fu_138851_p2  |         +|   0|  0|  21|          14|          14|
    |add_ln58_616_fu_138861_p2  |         +|   0|  0|  16|          15|          15|
    |add_ln58_fu_136998_p2      |         +|   0|  0|  17|          13|          10|
    |sub_ln42_17_fu_132104_p2   |         -|   0|  0|  22|          15|          15|
    |sub_ln42_18_fu_132221_p2   |         -|   0|  0|  21|          14|          14|
    |sub_ln42_19_fu_132277_p2   |         -|   0|  0|  23|          16|          16|
    |sub_ln42_20_fu_131585_p2   |         -|   0|  0|  19|          12|          12|
    |sub_ln42_21_fu_132545_p2   |         -|   0|  0|  23|          16|          16|
    |sub_ln42_22_fu_133212_p2   |         -|   0|  0|  21|          14|          14|
    |sub_ln42_23_fu_133263_p2   |         -|   0|  0|  22|          15|          15|
    |sub_ln42_24_fu_136081_p2   |         -|   0|  0|  21|          14|          14|
    |sub_ln42_25_fu_133461_p2   |         -|   0|  0|  22|          15|          15|
    |sub_ln42_26_fu_133485_p2   |         -|   0|  0|  19|          12|          12|
    |sub_ln42_27_fu_133512_p2   |         -|   0|  0|  23|          16|          16|
    |sub_ln42_28_fu_133634_p2   |         -|   0|  0|  23|          16|          16|
    |sub_ln42_29_fu_133721_p2   |         -|   0|  0|  21|          14|          14|
    |sub_ln42_30_fu_133745_p2   |         -|   0|  0|  19|          12|          12|
    |sub_ln42_31_fu_133820_p2   |         -|   0|  0|  20|          13|          13|
    |sub_ln42_32_fu_136195_p2   |         -|   0|  0|  21|          14|          14|
    |sub_ln42_33_fu_133944_p2   |         -|   0|  0|  22|          15|          15|
    |sub_ln42_34_fu_134108_p2   |         -|   0|  0|  22|          15|          15|
    |sub_ln42_35_fu_134243_p2   |         -|   0|  0|  21|          14|          14|
    |sub_ln42_36_fu_134355_p2   |         -|   0|  0|  20|          13|          13|
    |sub_ln42_37_fu_134492_p2   |         -|   0|  0|  21|          14|          14|
    |sub_ln42_38_fu_134679_p2   |         -|   0|  0|  20|          13|          13|
    |sub_ln42_39_fu_134720_p2   |         -|   0|  0|  23|          16|          16|
    |sub_ln42_40_fu_134753_p2   |         -|   0|  0|  23|          16|          16|
    |sub_ln42_41_fu_136590_p2   |         -|   0|  0|  23|          16|          16|
    |sub_ln42_42_fu_136634_p2   |         -|   0|  0|  23|          16|          16|
    |sub_ln42_43_fu_136653_p2   |         -|   0|  0|  20|          13|          13|
    |sub_ln42_44_fu_136865_p2   |         -|   0|  0|  19|          12|          12|
    |sub_ln42_45_fu_135243_p2   |         -|   0|  0|  21|          14|          14|
    |sub_ln42_46_fu_136982_p2   |         -|   0|  0|  23|          16|          16|
    |sub_ln42_fu_131281_p2      |         -|   0|  0|  22|          15|          15|
    |sub_ln73_100_fu_131867_p2  |         -|   0|  0|  22|          15|          15|
    |sub_ln73_101_fu_131883_p2  |         -|   0|  0|  20|          13|          13|
    |sub_ln73_102_fu_131921_p2  |         -|   0|  0|  18|           1|          11|
    |sub_ln73_103_fu_131998_p2  |         -|   0|  0|  22|          15|          15|
    |sub_ln73_104_fu_132041_p2  |         -|   0|  0|  23|           1|          16|
    |sub_ln73_105_fu_132066_p2  |         -|   0|  0|  24|          17|          17|
    |sub_ln73_106_fu_132150_p2  |         -|   0|  0|  24|          17|          17|
    |sub_ln73_107_fu_132166_p2  |         -|   0|  0|  21|           1|          14|
    |sub_ln73_108_fu_132310_p2  |         -|   0|  0|  20|          13|          13|
    |sub_ln73_109_fu_132336_p2  |         -|   0|  0|  22|          15|          15|
    |sub_ln73_110_fu_131559_p2  |         -|   0|  0|  19|           1|          12|
    |sub_ln73_111_fu_131569_p2  |         -|   0|  0|  20|          13|          13|
    |sub_ln73_112_fu_132406_p2  |         -|   0|  0|  21|           1|          14|
    |sub_ln73_113_fu_131638_p2  |         -|   0|  0|  20|           1|          13|
    |sub_ln73_114_fu_132568_p2  |         -|   0|  0|  21|          14|          14|
    |sub_ln73_115_fu_132588_p2  |         -|   0|  0|  21|          14|          14|
    |sub_ln73_116_fu_132608_p2  |         -|   0|  0|  22|          15|          15|
    |sub_ln73_117_fu_132678_p2  |         -|   0|  0|  23|          16|          16|
    |sub_ln73_118_fu_132759_p2  |         -|   0|  0|  23|          16|          16|
    |sub_ln73_119_fu_132811_p2  |         -|   0|  0|  22|          15|          15|
    |sub_ln73_120_fu_132827_p2  |         -|   0|  0|  21|           1|          14|
    |sub_ln73_121_fu_132871_p2  |         -|   0|  0|  19|           1|          12|
    |sub_ln73_122_fu_132921_p2  |         -|   0|  0|  23|           1|          16|
    |sub_ln73_123_fu_132931_p2  |         -|   0|  0|  24|          17|          17|
    |sub_ln73_124_fu_133028_p2  |         -|   0|  0|  22|          15|          15|
    |sub_ln73_125_fu_133044_p2  |         -|   0|  0|  22|           1|          15|
    |sub_ln73_126_fu_133104_p2  |         -|   0|  0|  23|          16|          16|
    |sub_ln73_127_fu_133130_p2  |         -|   0|  0|  21|           1|          14|
    |sub_ln73_128_fu_133161_p2  |         -|   0|  0|  20|           1|          13|
    |sub_ln73_129_fu_133231_p2  |         -|   0|  0|  22|          15|          15|
    |sub_ln73_130_fu_133291_p2  |         -|   0|  0|  19|           1|          12|
    |sub_ln73_131_fu_133301_p2  |         -|   0|  0|  20|          13|          13|
    |sub_ln73_132_fu_133353_p2  |         -|   0|  0|  21|          14|          14|
    |sub_ln73_133_fu_135988_p2  |         -|   0|  0|  21|          14|          14|
    |sub_ln73_134_fu_136046_p2  |         -|   0|  0|  20|           1|          13|
    |sub_ln73_135_fu_136056_p2  |         -|   0|  0|  21|          14|          14|
    |sub_ln73_136_fu_133580_p2  |         -|   0|  0|  22|          15|          15|
    |sub_ln73_137_fu_133981_p2  |         -|   0|  0|  20|           1|          13|
    |sub_ln73_138_fu_133999_p2  |         -|   0|  0|  21|          14|          14|
    |sub_ln73_139_fu_136242_p2  |         -|   0|  0|  19|           1|          12|
    |sub_ln73_140_fu_134078_p2  |         -|   0|  0|  20|          13|          13|
    |sub_ln73_141_fu_134181_p2  |         -|   0|  0|  22|          15|          15|
    |sub_ln73_142_fu_134223_p2  |         -|   0|  0|  21|          14|          14|
    |sub_ln73_143_fu_134259_p2  |         -|   0|  0|  21|           1|          14|
    |sub_ln73_144_fu_134280_p2  |         -|   0|  0|  22|          15|          15|
    |sub_ln73_145_fu_134317_p2  |         -|   0|  0|  20|           1|          13|
    |sub_ln73_146_fu_134456_p2  |         -|   0|  0|  19|           1|          12|
    |sub_ln73_147_fu_134466_p2  |         -|   0|  0|  20|          13|          13|
    |sub_ln73_148_fu_134532_p2  |         -|   0|  0|  19|           1|          12|
    |sub_ln73_149_fu_134542_p2  |         -|   0|  0|  20|          13|          13|
    |sub_ln73_150_fu_134582_p2  |         -|   0|  0|  21|          14|          14|
    |sub_ln73_151_fu_134628_p2  |         -|   0|  0|  20|          13|          13|
    |sub_ln73_152_fu_134655_p2  |         -|   0|  0|  22|          15|          15|
    |sub_ln73_153_fu_136514_p2  |         -|   0|  0|  22|          15|          15|
    |sub_ln73_154_fu_136570_p2  |         -|   0|  0|  23|          16|          16|
    |sub_ln73_155_fu_136748_p2  |         -|   0|  0|  21|          14|          14|
    |sub_ln73_156_fu_136802_p2  |         -|   0|  0|  22|          15|          15|
    |sub_ln73_157_fu_136836_p2  |         -|   0|  0|  20|           1|          13|
    |sub_ln73_158_fu_136846_p2  |         -|   0|  0|  21|          14|          14|
    |sub_ln73_159_fu_135074_p2  |         -|   0|  0|  22|           1|          15|
    |sub_ln73_160_fu_135084_p2  |         -|   0|  0|  23|          16|          16|
    |sub_ln73_161_fu_135136_p2  |         -|   0|  0|  20|          13|          13|
    |sub_ln73_162_fu_135186_p2  |         -|   0|  0|  22|          15|          15|
    |sub_ln73_163_fu_135270_p2  |         -|   0|  0|  23|          16|          16|
    |sub_ln73_164_fu_135306_p2  |         -|   0|  0|  21|          14|          14|
    |sub_ln73_4_fu_134436_p2    |         -|   0|  0|  17|           1|          10|
    |sub_ln73_5_fu_134915_p2    |         -|   0|  0|  17|           1|          10|
    |sub_ln73_95_fu_131149_p2   |         -|   0|  0|  19|          12|          12|
    |sub_ln73_96_fu_131190_p2   |         -|   0|  0|  21|           1|          14|
    |sub_ln73_97_fu_131204_p2   |         -|   0|  0|  22|          15|          15|
    |sub_ln73_98_fu_131812_p2   |         -|   0|  0|  20|           1|          13|
    |sub_ln73_99_fu_131838_p2   |         -|   0|  0|  21|           1|          14|
    |sub_ln73_fu_132901_p2      |         -|   0|  0|  17|           1|          10|
    |ap_block_pp0_stage0_11001  |        or|   0|  0|   2|           1|           1|
    |ap_enable_pp0              |       xor|   0|  0|   2|           1|           2|
    +---------------------------+----------+----+---+----+------------+------------+
    |Total                      |          |   0|  0|7615|        4948|        5264|
    +---------------------------+----------+----+---+----+------------+------------+

    * Multiplexer: 
    +--------------+----+-----------+-----+-----------+
    |     Name     | LUT| Input Size| Bits| Total Bits|
    +--------------+----+-----------+-----+-----------+
    |ap_done       |   9|          2|    1|          2|
    |ap_return_0   |   9|          2|   16|         32|
    |ap_return_1   |   9|          2|   16|         32|
    |ap_return_10  |   9|          2|   16|         32|
    |ap_return_11  |   9|          2|   16|         32|
    |ap_return_12  |   9|          2|   16|         32|
    |ap_return_13  |   9|          2|   16|         32|
    |ap_return_14  |   9|          2|   16|         32|
    |ap_return_15  |   9|          2|   16|         32|
    |ap_return_16  |   9|          2|   16|         32|
    |ap_return_17  |   9|          2|   16|         32|
    |ap_return_18  |   9|          2|   16|         32|
    |ap_return_19  |   9|          2|   16|         32|
    |ap_return_2   |   9|          2|   16|         32|
    |ap_return_3   |   9|          2|   16|         32|
    |ap_return_4   |   9|          2|   16|         32|
    |ap_return_5   |   9|          2|   16|         32|
    |ap_return_6   |   9|          2|   16|         32|
    |ap_return_7   |   9|          2|   16|         32|
    |ap_return_8   |   9|          2|   16|         32|
    |ap_return_9   |   9|          2|   16|         32|
    +--------------+----+-----------+-----+-----------+
    |Total         | 189|         42|  321|        642|
    +--------------+----+-----------+-----+-----------+

    * Register: 
    +-----------------------------------------+----+----+-----+-----------+
    |                   Name                  | FF | LUT| Bits| Const Bits|
    +-----------------------------------------+----+----+-----+-----------+
    |add_ln58_346_reg_140500                  |   9|   0|    9|          0|
    |add_ln58_350_reg_140505                  |  11|   0|   11|          0|
    |add_ln58_351_reg_140510                  |  13|   0|   13|          0|
    |add_ln58_355_reg_140515                  |  11|   0|   11|          0|
    |add_ln58_358_reg_140520                  |  12|   0|   12|          0|
    |add_ln58_362_reg_140755                  |  12|   0|   12|          0|
    |add_ln58_364_reg_140760                  |  13|   0|   13|          0|
    |add_ln58_367_reg_140765                  |  12|   0|   12|          0|
    |add_ln58_369_reg_140770                  |  11|   0|   11|          0|
    |add_ln58_374_reg_140525                  |  13|   0|   13|          0|
    |add_ln58_377_reg_140775                  |  14|   0|   14|          0|
    |add_ln58_379_reg_140530                  |  12|   0|   12|          0|
    |add_ln58_379_reg_140530_pp0_iter3_reg    |  12|   0|   12|          0|
    |add_ln58_382_reg_140535                  |  10|   0|   10|          0|
    |add_ln58_384_reg_140780                  |  12|   0|   12|          0|
    |add_ln58_386_reg_140540                  |  12|   0|   12|          0|
    |add_ln58_389_reg_140785                  |  12|   0|   12|          0|
    |add_ln58_390_reg_140790                  |  14|   0|   14|          0|
    |add_ln58_393_reg_140795                  |  11|   0|   11|          0|
    |add_ln58_397_reg_140800                  |  13|   0|   13|          0|
    |add_ln58_399_reg_140545                  |  11|   0|   11|          0|
    |add_ln58_400_reg_140550                  |  10|   0|   10|          0|
    |add_ln58_405_reg_140805                  |  14|   0|   14|          0|
    |add_ln58_407_reg_140555                  |  10|   0|   10|          0|
    |add_ln58_409_reg_140810                  |  13|   0|   13|          0|
    |add_ln58_412_reg_140560                  |  11|   0|   11|          0|
    |add_ln58_415_reg_140565                  |  10|   0|   10|          0|
    |add_ln58_417_reg_140815                  |  13|   0|   13|          0|
    |add_ln58_418_reg_140820                  |  13|   0|   13|          0|
    |add_ln58_422_reg_140825                  |  11|   0|   11|          0|
    |add_ln58_429_reg_139748                  |   8|   0|    8|          0|
    |add_ln58_430_reg_140570                  |  10|   0|   10|          0|
    |add_ln58_431_reg_140830                  |  13|   0|   13|          0|
    |add_ln58_434_reg_140835                  |  11|   0|   11|          0|
    |add_ln58_436_reg_140575                  |  11|   0|   11|          0|
    |add_ln58_436_reg_140575_pp0_iter3_reg    |  11|   0|   11|          0|
    |add_ln58_438_reg_140580                  |  12|   0|   12|          0|
    |add_ln58_443_reg_140840                  |  14|   0|   14|          0|
    |add_ln58_444_reg_140845                  |  13|   0|   13|          0|
    |add_ln58_449_reg_140850                  |  14|   0|   14|          0|
    |add_ln58_451_reg_140585                  |  11|   0|   11|          0|
    |add_ln58_455_reg_140855                  |  14|   0|   14|          0|
    |add_ln58_458_reg_140860                  |  12|   0|   12|          0|
    |add_ln58_460_reg_140865                  |  11|   0|   11|          0|
    |add_ln58_461_reg_140590                  |  10|   0|   10|          0|
    |add_ln58_462_reg_140870                  |  11|   0|   11|          0|
    |add_ln58_465_reg_140595                  |  12|   0|   12|          0|
    |add_ln58_468_reg_140600                  |  12|   0|   12|          0|
    |add_ln58_472_reg_140875                  |  14|   0|   14|          0|
    |add_ln58_474_reg_140880                  |  13|   0|   13|          0|
    |add_ln58_476_reg_140885                  |  13|   0|   13|          0|
    |add_ln58_481_reg_140605                  |  13|   0|   13|          0|
    |add_ln58_483_reg_140610                  |  13|   0|   13|          0|
    |add_ln58_486_reg_140890                  |  15|   0|   15|          0|
    |add_ln58_487_reg_140895                  |  13|   0|   13|          0|
    |add_ln58_490_reg_140900                  |   8|   0|    8|          0|
    |add_ln58_496_reg_140615                  |  13|   0|   13|          0|
    |add_ln58_497_reg_140905                  |  14|   0|   14|          0|
    |add_ln58_501_reg_140910                  |  13|   0|   13|          0|
    |add_ln58_504_reg_140620                  |  11|   0|   11|          0|
    |add_ln58_506_reg_140915                  |  13|   0|   13|          0|
    |add_ln58_508_reg_140920                  |   9|   0|    9|          0|
    |add_ln58_512_reg_140925                  |  14|   0|   14|          0|
    |add_ln58_514_reg_140625                  |   9|   0|    9|          0|
    |add_ln58_517_reg_140930                  |  13|   0|   13|          0|
    |add_ln58_520_reg_140630                  |  11|   0|   11|          0|
    |add_ln58_520_reg_140630_pp0_iter3_reg    |  11|   0|   11|          0|
    |add_ln58_522_reg_140935                  |  13|   0|   13|          0|
    |add_ln58_526_reg_140940                  |  13|   0|   13|          0|
    |add_ln58_531_reg_140945                  |  14|   0|   14|          0|
    |add_ln58_532_reg_140950                  |  10|   0|   10|          0|
    |add_ln58_535_reg_140955                  |  13|   0|   13|          0|
    |add_ln58_538_reg_140960                  |  12|   0|   12|          0|
    |add_ln58_540_reg_139753                  |  11|   0|   11|          0|
    |add_ln58_543_reg_140635                  |  13|   0|   13|          0|
    |add_ln58_544_reg_140640                  |  12|   0|   12|          0|
    |add_ln58_548_reg_140965                  |  14|   0|   14|          0|
    |add_ln58_549_reg_140970                  |  13|   0|   13|          0|
    |add_ln58_551_reg_140975                  |  13|   0|   13|          0|
    |add_ln58_556_reg_140645                  |  11|   0|   11|          0|
    |add_ln58_559_reg_140980                  |  14|   0|   14|          0|
    |add_ln58_560_reg_140650                  |  13|   0|   13|          0|
    |add_ln58_561_reg_140985                  |  14|   0|   14|          0|
    |add_ln58_565_reg_140990                  |   9|   0|    9|          0|
    |add_ln58_570_reg_140655                  |  13|   0|   13|          0|
    |add_ln58_572_reg_140995                  |  15|   0|   15|          0|
    |add_ln58_573_reg_141000                  |  13|   0|   13|          0|
    |add_ln58_576_reg_140660                  |  10|   0|   10|          0|
    |add_ln58_578_reg_141005                  |  13|   0|   13|          0|
    |add_ln58_580_reg_140665                  |  11|   0|   11|          0|
    |add_ln58_583_reg_141010                  |  13|   0|   13|          0|
    |add_ln58_584_reg_140670                  |  10|   0|   10|          0|
    |add_ln58_585_reg_141015                  |  13|   0|   13|          0|
    |add_ln58_589_reg_141020                  |  12|   0|   12|          0|
    |add_ln58_590_reg_141025                  |  12|   0|   12|          0|
    |add_ln58_594_reg_140675                  |  13|   0|   13|          0|
    |add_ln58_596_reg_141030                  |  14|   0|   14|          0|
    |add_ln58_598_reg_141035                  |  10|   0|   10|          0|
    |add_ln58_601_reg_141040                  |   9|   0|    9|          0|
    |add_ln58_605_reg_140680                  |  12|   0|   12|          0|
    |add_ln58_609_reg_141045                  |  14|   0|   14|          0|
    |add_ln58_612_reg_141050                  |  12|   0|   12|          0|
    |add_ln58_614_reg_141055                  |  11|   0|   11|          0|
    |ap_CS_fsm                                |   1|   0|    1|          0|
    |ap_done_reg                              |   1|   0|    1|          0|
    |ap_enable_reg_pp0_iter1                  |   1|   0|    1|          0|
    |ap_enable_reg_pp0_iter2                  |   1|   0|    1|          0|
    |ap_enable_reg_pp0_iter3                  |   1|   0|    1|          0|
    |ap_enable_reg_pp0_iter4                  |   1|   0|    1|          0|
    |ap_return_0_preg                         |  16|   0|   21|          5|
    |ap_return_10_preg                        |  16|   0|   21|          5|
    |ap_return_11_preg                        |  16|   0|   21|          5|
    |ap_return_12_preg                        |  16|   0|   21|          5|
    |ap_return_13_preg                        |  16|   0|   21|          5|
    |ap_return_14_preg                        |  16|   0|   21|          5|
    |ap_return_15_preg                        |  16|   0|   21|          5|
    |ap_return_16_preg                        |  16|   0|   21|          5|
    |ap_return_17_preg                        |  16|   0|   21|          5|
    |ap_return_18_preg                        |  16|   0|   21|          5|
    |ap_return_19_preg                        |  16|   0|   21|          5|
    |ap_return_1_preg                         |  16|   0|   21|          5|
    |ap_return_2_preg                         |  16|   0|   21|          5|
    |ap_return_3_preg                         |  16|   0|   21|          5|
    |ap_return_4_preg                         |  16|   0|   21|          5|
    |ap_return_5_preg                         |  16|   0|   21|          5|
    |ap_return_6_preg                         |  16|   0|   21|          5|
    |ap_return_7_preg                         |  16|   0|   21|          5|
    |ap_return_8_preg                         |  16|   0|   21|          5|
    |ap_return_9_preg                         |  16|   0|   21|          5|
    |mult_111_reg_139440                      |   6|   0|    6|          0|
    |mult_111_reg_139440_pp0_iter1_reg        |   6|   0|    6|          0|
    |mult_112_reg_139445                      |   8|   0|    8|          0|
    |mult_112_reg_139445_pp0_iter1_reg        |   8|   0|    8|          0|
    |mult_113_reg_139450                      |   5|   0|    5|          0|
    |mult_114_reg_140047                      |   9|   0|    9|          0|
    |mult_115_reg_139461                      |   6|   0|    6|          0|
    |mult_116_reg_139472                      |   7|   0|    7|          0|
    |mult_116_reg_139472_pp0_iter1_reg        |   7|   0|    7|          0|
    |mult_117_reg_139467                      |   5|   0|    5|          0|
    |mult_117_reg_139467_pp0_iter1_reg        |   5|   0|    5|          0|
    |mult_118_reg_140117                      |  10|   0|   10|          0|
    |mult_120_reg_140128                      |   8|   0|    8|          0|
    |mult_121_reg_140143                      |  10|   0|   10|          0|
    |mult_122_reg_140199                      |  10|   0|   10|          0|
    |mult_122_reg_140199_pp0_iter3_reg        |  10|   0|   10|          0|
    |mult_123_reg_139477                      |   8|   0|    8|          0|
    |mult_123_reg_139477_pp0_iter1_reg        |   8|   0|    8|          0|
    |mult_124_reg_140219                      |   9|   0|    9|          0|
    |mult_125_reg_140239                      |   8|   0|    8|          0|
    |mult_126_reg_140244                      |   9|   0|    9|          0|
    |mult_127_reg_139482                      |   8|   0|    8|          0|
    |mult_127_reg_139482_pp0_iter1_reg        |   8|   0|    8|          0|
    |mult_128_reg_140264                      |   9|   0|    9|          0|
    |mult_129_reg_140279                      |   9|   0|    9|          0|
    |mult_130_reg_140300                      |   8|   0|    8|          0|
    |mult_131_reg_140330                      |   8|   0|    8|          0|
    |mult_133_reg_140357                      |  10|   0|   10|          0|
    |mult_137_reg_139492                      |   4|   0|    4|          0|
    |mult_138_reg_139497                      |   5|   0|    5|          0|
    |mult_139_reg_140459                      |   9|   0|    9|          0|
    |mult_140_reg_140448                      |   9|   0|   10|          1|
    |mult_141_reg_140485                      |   9|   0|    9|          0|
    |mult_142_reg_140745                      |  10|   0|   10|          0|
    |mult_143_reg_140495                      |   7|   0|    7|          0|
    |mult_143_reg_140495_pp0_iter3_reg        |   7|   0|    7|          0|
    |mult_reg_139657                          |   8|   0|    8|          0|
    |mult_s_reg_139434                        |   5|   0|    5|          0|
    |mult_s_reg_139434_pp0_iter1_reg          |   5|   0|    5|          0|
    |p_read1049_reg_139273                    |   9|   0|    9|          0|
    |p_read1150_reg_139258                    |   9|   0|    9|          0|
    |p_read1251_reg_139241                    |   9|   0|    9|          0|
    |p_read1352_reg_139227                    |   9|   0|    9|          0|
    |p_read140_reg_139406                     |   9|   0|    9|          0|
    |p_read140_reg_139406_pp0_iter1_reg       |   9|   0|    9|          0|
    |p_read241_reg_139391                     |   9|   0|    9|          0|
    |p_read241_reg_139391_pp0_iter1_reg       |   9|   0|    9|          0|
    |p_read342_reg_139375                     |   9|   0|    9|          0|
    |p_read342_reg_139375_pp0_iter1_reg       |   9|   0|    9|          0|
    |p_read39_reg_139420                      |   9|   0|    9|          0|
    |p_read39_reg_139420_pp0_iter1_reg        |   9|   0|    9|          0|
    |p_read443_reg_139361                     |   9|   0|    9|          0|
    |p_read443_reg_139361_pp0_iter1_reg       |   9|   0|    9|          0|
    |p_read544_reg_139347                     |   9|   0|    9|          0|
    |p_read544_reg_139347_pp0_iter1_reg       |   9|   0|    9|          0|
    |p_read645_reg_139333                     |   9|   0|    9|          0|
    |p_read746_reg_139317                     |   9|   0|    9|          0|
    |p_read746_reg_139317_pp0_iter1_reg       |   9|   0|    9|          0|
    |p_read847_reg_139304                     |   9|   0|    9|          0|
    |p_read948_reg_139289                     |   9|   0|    9|          0|
    |p_read948_reg_139289_pp0_iter1_reg       |   9|   0|    9|          0|
    |sext_ln17_89_reg_139843                  |   9|   0|    9|          0|
    |shl_ln73_217_reg_139683                  |   9|   0|   11|          2|
    |sub_ln73_113_reg_139708                  |  10|   0|   13|          3|
    |tmp_270_reg_139523                       |  10|   0|   10|          0|
    |tmp_271_reg_139528                       |  10|   0|   10|          0|
    |tmp_272_reg_139573                       |   9|   0|    9|          0|
    |tmp_273_reg_139605                       |   8|   0|    8|          0|
    |tmp_274_reg_139625                       |   9|   0|    9|          0|
    |tmp_276_reg_139635                       |  11|   0|   11|          0|
    |tmp_277_reg_139640                       |   8|   0|    8|          0|
    |tmp_279_reg_139823                       |  10|   0|   10|          0|
    |tmp_280_reg_139833                       |  10|   0|   10|          0|
    |tmp_281_reg_139838                       |  11|   0|   11|          0|
    |tmp_282_reg_139667                       |  10|   0|   10|          0|
    |tmp_283_reg_139672                       |   9|   0|    9|          0|
    |tmp_284_reg_139853                       |  10|   0|   10|          0|
    |tmp_285_reg_139858                       |  11|   0|   11|          0|
    |tmp_286_reg_139868                       |  10|   0|   10|          0|
    |tmp_287_reg_139698                       |   8|   0|    8|          0|
    |tmp_288_reg_139873                       |   9|   0|    9|          0|
    |tmp_291_reg_139878                       |  11|   0|   11|          0|
    |tmp_292_reg_139888                       |  10|   0|   10|          0|
    |tmp_293_reg_139893                       |  11|   0|   11|          0|
    |tmp_294_reg_139713                       |   9|   0|    9|          0|
    |tmp_295_reg_139898                       |  10|   0|   10|          0|
    |tmp_296_reg_139913                       |  11|   0|   11|          0|
    |tmp_297_reg_139718                       |   9|   0|    9|          0|
    |tmp_298_reg_139928                       |  11|   0|   11|          0|
    |tmp_299_reg_139943                       |   8|   0|    8|          0|
    |tmp_301_reg_139958                       |   9|   0|    9|          0|
    |tmp_302_reg_139968                       |   9|   0|    9|          0|
    |tmp_303_reg_139973                       |   9|   0|    9|          0|
    |tmp_304_reg_139983                       |   9|   0|    9|          0|
    |tmp_305_reg_140003                       |   8|   0|    8|          0|
    |tmp_306_reg_139456                       |   4|   0|    4|          0|
    |tmp_308_reg_140042                       |  10|   0|   10|          0|
    |tmp_309_reg_140052                       |  10|   0|   10|          0|
    |tmp_310_reg_140062                       |  11|   0|   11|          0|
    |tmp_311_reg_140072                       |  11|   0|   11|          0|
    |tmp_312_reg_140077                       |   9|   0|    9|          0|
    |tmp_313_reg_140087                       |  10|   0|   10|          0|
    |tmp_313_reg_140087_pp0_iter3_reg         |  10|   0|   10|          0|
    |tmp_314_reg_140107                       |   8|   0|    8|          0|
    |tmp_316_reg_140123                       |  10|   0|   10|          0|
    |tmp_317_reg_140133                       |  11|   0|   11|          0|
    |tmp_318_reg_140148                       |  11|   0|   11|          0|
    |tmp_319_reg_140184                       |  10|   0|   10|          0|
    |tmp_320_reg_140194                       |   9|   0|    9|          0|
    |tmp_321_reg_140204                       |   9|   0|    9|          0|
    |tmp_322_reg_140249                       |   8|   0|    8|          0|
    |tmp_323_reg_140254                       |   9|   0|    9|          0|
    |tmp_324_reg_140274                       |   9|   0|    9|          0|
    |tmp_325_reg_140289                       |  10|   0|   10|          0|
    |tmp_326_reg_140310                       |  11|   0|   11|          0|
    |tmp_326_reg_140310_pp0_iter3_reg         |  11|   0|   11|          0|
    |tmp_327_reg_139487                       |   5|   0|    5|          0|
    |tmp_328_reg_140320                       |  11|   0|   11|          0|
    |tmp_328_reg_140320_pp0_iter3_reg         |  11|   0|   11|          0|
    |tmp_329_reg_140325                       |  10|   0|   10|          0|
    |tmp_330_reg_140690                       |  11|   0|   11|          0|
    |tmp_331_reg_139738                       |   9|   0|    9|          0|
    |tmp_332_reg_140705                       |  11|   0|   11|          0|
    |tmp_333_reg_140347                       |  10|   0|   10|          0|
    |tmp_333_reg_140347_pp0_iter3_reg         |  10|   0|   10|          0|
    |tmp_334_reg_140710                       |  11|   0|   11|          0|
    |tmp_335_reg_140715                       |  11|   0|   11|          0|
    |tmp_337_reg_140725                       |  11|   0|   11|          0|
    |tmp_338_reg_139743                       |   9|   0|    9|          0|
    |tmp_338_reg_139743_pp0_iter2_reg         |   9|   0|    9|          0|
    |tmp_339_reg_140377                       |  10|   0|   10|          0|
    |tmp_340_reg_140392                       |  10|   0|   10|          0|
    |tmp_341_reg_140402                       |   8|   0|    8|          0|
    |tmp_342_reg_140407                       |  10|   0|   10|          0|
    |tmp_343_reg_140412                       |  10|   0|   10|          0|
    |tmp_344_reg_140428                       |  11|   0|   11|          0|
    |tmp_345_reg_140443                       |   9|   0|    9|          0|
    |tmp_347_reg_140750                       |  11|   0|   11|          0|
    |tmp_reg_139518                           |   8|   0|    8|          0|
    |trunc_ln17_16_reg_139548                 |  10|   0|   10|          0|
    |trunc_ln17_17_reg_139553                 |   9|   0|    9|          0|
    |trunc_ln17_18_reg_139568                 |  10|   0|   10|          0|
    |trunc_ln17_19_reg_139595                 |  11|   0|   11|          0|
    |trunc_ln17_20_reg_139615                 |  11|   0|   11|          0|
    |trunc_ln17_21_reg_139620                 |  10|   0|   10|          0|
    |trunc_ln17_23_reg_139923                 |  11|   0|   11|          0|
    |trunc_ln17_24_reg_139963                 |  12|   0|   12|          0|
    |trunc_ln17_s_reg_139543                  |  11|   0|   11|          0|
    |trunc_ln42_105_reg_139533                |  10|   0|   10|          0|
    |trunc_ln42_106_reg_139763                |  11|   0|   11|          0|
    |trunc_ln42_107_reg_139538                |  11|   0|   11|          0|
    |trunc_ln42_108_reg_139768                |  11|   0|   11|          0|
    |trunc_ln42_109_reg_139558                |  11|   0|   11|          0|
    |trunc_ln42_110_reg_139563                |  10|   0|   10|          0|
    |trunc_ln42_111_reg_139578                |  11|   0|   11|          0|
    |trunc_ln42_112_reg_139773                |   8|   0|    8|          0|
    |trunc_ln42_113_reg_139778                |  10|   0|   10|          0|
    |trunc_ln42_115_reg_139600                |   9|   0|    9|          0|
    |trunc_ln42_116_reg_139610                |  11|   0|   11|          0|
    |trunc_ln42_117_reg_139783                |  11|   0|   11|          0|
    |trunc_ln42_119_reg_139788                |  12|   0|   12|          0|
    |trunc_ln42_120_reg_139793                |  11|   0|   11|          0|
    |trunc_ln42_121_reg_139798                |  10|   0|   10|          0|
    |trunc_ln42_122_reg_139803                |  10|   0|   10|          0|
    |trunc_ln42_123_reg_139808                |  12|   0|   12|          0|
    |trunc_ln42_125_reg_139813                |  12|   0|   12|          0|
    |trunc_ln42_127_reg_139818                |  11|   0|   11|          0|
    |trunc_ln42_129_reg_139828                |  10|   0|   10|          0|
    |trunc_ln42_130_reg_139662                |   9|   0|    9|          0|
    |trunc_ln42_133_reg_139688                |   8|   0|    8|          0|
    |trunc_ln42_134_reg_139848                |  11|   0|   11|          0|
    |trunc_ln42_136_reg_139863                |  12|   0|   12|          0|
    |trunc_ln42_137_reg_139693                |   7|   0|    7|          0|
    |trunc_ln42_137_reg_139693_pp0_iter2_reg  |   7|   0|    7|          0|
    |trunc_ln42_138_reg_139703                |  10|   0|   10|          0|
    |trunc_ln42_141_reg_139883                |  10|   0|   10|          0|
    |trunc_ln42_143_reg_139903                |  10|   0|   10|          0|
    |trunc_ln42_144_reg_139908                |  10|   0|   10|          0|
    |trunc_ln42_146_reg_139918                |  10|   0|   10|          0|
    |trunc_ln42_150_reg_139933                |  12|   0|   12|          0|
    |trunc_ln42_151_reg_139938                |  11|   0|   11|          0|
    |trunc_ln42_152_reg_139948                |  10|   0|   10|          0|
    |trunc_ln42_153_reg_139953                |  10|   0|   10|          0|
    |trunc_ln42_154_reg_139978                |  11|   0|   11|          0|
    |trunc_ln42_157_reg_139988                |  12|   0|   12|          0|
    |trunc_ln42_157_reg_139988_pp0_iter3_reg  |  12|   0|   12|          0|
    |trunc_ln42_158_reg_139993                |   9|   0|    9|          0|
    |trunc_ln42_159_reg_139728                |  11|   0|   11|          0|
    |trunc_ln42_160_reg_139998                |  10|   0|   10|          0|
    |trunc_ln42_162_reg_140008                |   8|   0|    8|          0|
    |trunc_ln42_163_reg_140021                |   9|   0|    9|          0|
    |trunc_ln42_164_reg_140026                |  10|   0|   10|          0|
    |trunc_ln42_165_reg_140031                |  11|   0|   11|          0|
    |trunc_ln42_167_reg_140036                |  11|   0|   11|          0|
    |trunc_ln42_168_reg_140685                |   9|   0|    9|          0|
    |trunc_ln42_171_reg_140057                |   7|   0|    7|          0|
    |trunc_ln42_173_reg_140067                |  11|   0|   11|          0|
    |trunc_ln42_175_reg_140082                |  12|   0|   12|          0|
    |trunc_ln42_176_reg_140092                |  11|   0|   11|          0|
    |trunc_ln42_179_reg_140097                |  12|   0|   12|          0|
    |trunc_ln42_180_reg_140102                |  12|   0|   12|          0|
    |trunc_ln42_181_reg_140112                |  10|   0|   10|          0|
    |trunc_ln42_183_reg_140138                |  10|   0|   10|          0|
    |trunc_ln42_184_reg_140153                |   9|   0|    9|          0|
    |trunc_ln42_185_reg_140159                |  11|   0|   11|          0|
    |trunc_ln42_187_reg_140164                |  12|   0|   12|          0|
    |trunc_ln42_187_reg_140164_pp0_iter3_reg  |  12|   0|   12|          0|
    |trunc_ln42_188_reg_140169                |  12|   0|   12|          0|
    |trunc_ln42_189_reg_140174                |  10|   0|   10|          0|
    |trunc_ln42_190_reg_140179                |  10|   0|   10|          0|
    |trunc_ln42_191_reg_140189                |   8|   0|    8|          0|
    |trunc_ln42_192_reg_140209                |   9|   0|    9|          0|
    |trunc_ln42_193_reg_140214                |  10|   0|   10|          0|
    |trunc_ln42_195_reg_140224                |  10|   0|   10|          0|
    |trunc_ln42_196_reg_140229                |  11|   0|   11|          0|
    |trunc_ln42_198_reg_140234                |  12|   0|   12|          0|
    |trunc_ln42_199_reg_140259                |  12|   0|   12|          0|
    |trunc_ln42_201_reg_140269                |   8|   0|    8|          0|
    |trunc_ln42_202_reg_140284                |   8|   0|    8|          0|
    |trunc_ln42_203_reg_139733                |   9|   0|    9|          0|
    |trunc_ln42_205_reg_140294                |   8|   0|    8|          0|
    |trunc_ln42_207_reg_140305                |  10|   0|   10|          0|
    |trunc_ln42_208_reg_140315                |  10|   0|   10|          0|
    |trunc_ln42_209_reg_140695                |  11|   0|   11|          0|
    |trunc_ln42_210_reg_140700                |  12|   0|   12|          0|
    |trunc_ln42_211_reg_140342                |  11|   0|   11|          0|
    |trunc_ln42_213_reg_140352                |  11|   0|   11|          0|
    |trunc_ln42_214_reg_140362                |  12|   0|   12|          0|
    |trunc_ln42_215_reg_140367                |  10|   0|   10|          0|
    |trunc_ln42_217_reg_140720                |  11|   0|   11|          0|
    |trunc_ln42_218_reg_140372                |  12|   0|   12|          0|
    |trunc_ln42_220_reg_140382                |  10|   0|   10|          0|
    |trunc_ln42_221_reg_140387                |  11|   0|   11|          0|
    |trunc_ln42_223_reg_140397                |  11|   0|   11|          0|
    |trunc_ln42_225_reg_140730                |   9|   0|    9|          0|
    |trunc_ln42_226_reg_140417                |  11|   0|   11|          0|
    |trunc_ln42_227_reg_140735                |  12|   0|   12|          0|
    |trunc_ln42_228_reg_140433                |  10|   0|   10|          0|
    |trunc_ln42_229_reg_140438                |  11|   0|   11|          0|
    |trunc_ln42_230_reg_140454                |   8|   0|    8|          0|
    |trunc_ln42_231_reg_140464                |  10|   0|   10|          0|
    |trunc_ln42_232_reg_140469                |  10|   0|   10|          0|
    |trunc_ln42_233_reg_140740                |  10|   0|   10|          0|
    |trunc_ln42_234_reg_140475                |  11|   0|   11|          0|
    |trunc_ln42_235_reg_140480                |  11|   0|   11|          0|
    |trunc_ln42_236_reg_140490                |  11|   0|   11|          0|
    |trunc_ln42_s_reg_139508                  |  11|   0|   11|          0|
    |trunc_ln8_reg_139513                     |  10|   0|   10|          0|
    |trunc_ln_reg_139758                      |  12|   0|   12|          0|
    |zext_ln42_171_reg_140422                 |   9|   0|   15|          6|
    |zext_ln42_43_reg_140335                  |   9|   0|   16|          7|
    |zext_ln42_88_reg_139630                  |   9|   0|   15|          6|
    |zext_ln73_181_reg_139502                 |   9|   0|   16|          7|
    |zext_ln73_187_reg_139583                 |   9|   0|   16|          7|
    |zext_ln73_190_reg_139589                 |   9|   0|   13|          4|
    |zext_ln73_198_reg_139645                 |   9|   0|   13|          4|
    |zext_ln73_199_reg_139650                 |   9|   0|   15|          6|
    |zext_ln73_209_reg_139677                 |   9|   0|   15|          6|
    |zext_ln73_226_reg_139723                 |   9|   0|   16|          7|
    |zext_ln73_237_reg_140013                 |   9|   0|   14|          5|
    |mult_113_reg_139450                      |  64|  32|    5|          0|
    |mult_115_reg_139461                      |  64|  32|    6|          0|
    |mult_137_reg_139492                      |  64|  32|    4|          0|
    |mult_138_reg_139497                      |  64|  32|    5|          0|
    |p_read1049_reg_139273                    |  64|  32|    9|          0|
    |p_read1150_reg_139258                    |  64|  32|    9|          0|
    |p_read1251_reg_139241                    |  64|  32|    9|          0|
    |p_read1352_reg_139227                    |  64|  32|    9|          0|
    |p_read645_reg_139333                     |  64|  32|    9|          0|
    |p_read847_reg_139304                     |  64|  32|    9|          0|
    |tmp_327_reg_139487                       |  64|  32|    5|          0|
    +-----------------------------------------+----+----+-----+-----------+
    |Total                                    |4761| 352| 4307|        171|
    +-----------------------------------------+----+----+-----+-----------+



================================================================
== Interface
================================================================
* Summary: 
+--------------+-----+-----+------------+-----------------------------------------------------------------------------+--------------+
|   RTL Ports  | Dir | Bits|  Protocol  |                                Source Object                                |    C Type    |
+--------------+-----+-----+------------+-----------------------------------------------------------------------------+--------------+
|ap_clk        |   in|    1|  ap_ctrl_hs|  dense_latency<ap_ufixed<9, 0, 4, 0, 0>, ap_fixed<24, 9, 5, 3, 0>, config14>|  return value|
|ap_rst        |   in|    1|  ap_ctrl_hs|  dense_latency<ap_ufixed<9, 0, 4, 0, 0>, ap_fixed<24, 9, 5, 3, 0>, config14>|  return value|
|ap_start      |   in|    1|  ap_ctrl_hs|  dense_latency<ap_ufixed<9, 0, 4, 0, 0>, ap_fixed<24, 9, 5, 3, 0>, config14>|  return value|
|ap_done       |  out|    1|  ap_ctrl_hs|  dense_latency<ap_ufixed<9, 0, 4, 0, 0>, ap_fixed<24, 9, 5, 3, 0>, config14>|  return value|
|ap_continue   |   in|    1|  ap_ctrl_hs|  dense_latency<ap_ufixed<9, 0, 4, 0, 0>, ap_fixed<24, 9, 5, 3, 0>, config14>|  return value|
|ap_idle       |  out|    1|  ap_ctrl_hs|  dense_latency<ap_ufixed<9, 0, 4, 0, 0>, ap_fixed<24, 9, 5, 3, 0>, config14>|  return value|
|ap_ready      |  out|    1|  ap_ctrl_hs|  dense_latency<ap_ufixed<9, 0, 4, 0, 0>, ap_fixed<24, 9, 5, 3, 0>, config14>|  return value|
|ap_return_0   |  out|   21|  ap_ctrl_hs|  dense_latency<ap_ufixed<9, 0, 4, 0, 0>, ap_fixed<24, 9, 5, 3, 0>, config14>|  return value|
|ap_return_1   |  out|   21|  ap_ctrl_hs|  dense_latency<ap_ufixed<9, 0, 4, 0, 0>, ap_fixed<24, 9, 5, 3, 0>, config14>|  return value|
|ap_return_2   |  out|   21|  ap_ctrl_hs|  dense_latency<ap_ufixed<9, 0, 4, 0, 0>, ap_fixed<24, 9, 5, 3, 0>, config14>|  return value|
|ap_return_3   |  out|   21|  ap_ctrl_hs|  dense_latency<ap_ufixed<9, 0, 4, 0, 0>, ap_fixed<24, 9, 5, 3, 0>, config14>|  return value|
|ap_return_4   |  out|   21|  ap_ctrl_hs|  dense_latency<ap_ufixed<9, 0, 4, 0, 0>, ap_fixed<24, 9, 5, 3, 0>, config14>|  return value|
|ap_return_5   |  out|   21|  ap_ctrl_hs|  dense_latency<ap_ufixed<9, 0, 4, 0, 0>, ap_fixed<24, 9, 5, 3, 0>, config14>|  return value|
|ap_return_6   |  out|   21|  ap_ctrl_hs|  dense_latency<ap_ufixed<9, 0, 4, 0, 0>, ap_fixed<24, 9, 5, 3, 0>, config14>|  return value|
|ap_return_7   |  out|   21|  ap_ctrl_hs|  dense_latency<ap_ufixed<9, 0, 4, 0, 0>, ap_fixed<24, 9, 5, 3, 0>, config14>|  return value|
|ap_return_8   |  out|   21|  ap_ctrl_hs|  dense_latency<ap_ufixed<9, 0, 4, 0, 0>, ap_fixed<24, 9, 5, 3, 0>, config14>|  return value|
|ap_return_9   |  out|   21|  ap_ctrl_hs|  dense_latency<ap_ufixed<9, 0, 4, 0, 0>, ap_fixed<24, 9, 5, 3, 0>, config14>|  return value|
|ap_return_10  |  out|   21|  ap_ctrl_hs|  dense_latency<ap_ufixed<9, 0, 4, 0, 0>, ap_fixed<24, 9, 5, 3, 0>, config14>|  return value|
|ap_return_11  |  out|   21|  ap_ctrl_hs|  dense_latency<ap_ufixed<9, 0, 4, 0, 0>, ap_fixed<24, 9, 5, 3, 0>, config14>|  return value|
|ap_return_12  |  out|   21|  ap_ctrl_hs|  dense_latency<ap_ufixed<9, 0, 4, 0, 0>, ap_fixed<24, 9, 5, 3, 0>, config14>|  return value|
|ap_return_13  |  out|   21|  ap_ctrl_hs|  dense_latency<ap_ufixed<9, 0, 4, 0, 0>, ap_fixed<24, 9, 5, 3, 0>, config14>|  return value|
|ap_return_14  |  out|   21|  ap_ctrl_hs|  dense_latency<ap_ufixed<9, 0, 4, 0, 0>, ap_fixed<24, 9, 5, 3, 0>, config14>|  return value|
|ap_return_15  |  out|   21|  ap_ctrl_hs|  dense_latency<ap_ufixed<9, 0, 4, 0, 0>, ap_fixed<24, 9, 5, 3, 0>, config14>|  return value|
|ap_return_16  |  out|   21|  ap_ctrl_hs|  dense_latency<ap_ufixed<9, 0, 4, 0, 0>, ap_fixed<24, 9, 5, 3, 0>, config14>|  return value|
|ap_return_17  |  out|   21|  ap_ctrl_hs|  dense_latency<ap_ufixed<9, 0, 4, 0, 0>, ap_fixed<24, 9, 5, 3, 0>, config14>|  return value|
|ap_return_18  |  out|   21|  ap_ctrl_hs|  dense_latency<ap_ufixed<9, 0, 4, 0, 0>, ap_fixed<24, 9, 5, 3, 0>, config14>|  return value|
|ap_return_19  |  out|   21|  ap_ctrl_hs|  dense_latency<ap_ufixed<9, 0, 4, 0, 0>, ap_fixed<24, 9, 5, 3, 0>, config14>|  return value|
|p_read        |   in|    9|     ap_none|                                                                       p_read|        scalar|
|p_read1       |   in|    9|     ap_none|                                                                      p_read1|        scalar|
|p_read2       |   in|    9|     ap_none|                                                                      p_read2|        scalar|
|p_read3       |   in|    9|     ap_none|                                                                      p_read3|        scalar|
|p_read4       |   in|    9|     ap_none|                                                                      p_read4|        scalar|
|p_read5       |   in|    9|     ap_none|                                                                      p_read5|        scalar|
|p_read6       |   in|    9|     ap_none|                                                                      p_read6|        scalar|
|p_read7       |   in|    9|     ap_none|                                                                      p_read7|        scalar|
|p_read8       |   in|    9|     ap_none|                                                                      p_read8|        scalar|
|p_read9       |   in|    9|     ap_none|                                                                      p_read9|        scalar|
|p_read10      |   in|    9|     ap_none|                                                                     p_read10|        scalar|
|p_read11      |   in|    9|     ap_none|                                                                     p_read11|        scalar|
|p_read12      |   in|    9|     ap_none|                                                                     p_read12|        scalar|
|p_read13      |   in|    9|     ap_none|                                                                     p_read13|        scalar|
+--------------+-----+-----+------------+-----------------------------------------------------------------------------+--------------+

