

================================================================
== Vitis HLS Report for 'dense_latency_ap_ufixed_9_0_4_0_0_ap_fixed_31_13_5_3_0_config20_s'
================================================================
* Date:           Tue Oct 29 14:12:40 2024

* Version:        2023.2 (Build 4023990 on Oct 11 2023)
* Project:        JetTaggerNN_prj
* Solution:       solution1 (Vivado IP Flow Target)
* Product family: virtexuplus
* Target device:  xcvu9p-flga2104-2L-e


================================================================
== Performance Estimates
================================================================
+ Timing: 
    * Summary: 
    +--------+---------+----------+------------+
    |  Clock |  Target | Estimated| Uncertainty|
    +--------+---------+----------+------------+
    |ap_clk  |  2.80 ns|  1.892 ns|     0.76 ns|
    +--------+---------+----------+------------+

+ Latency: 
    * Summary: 
    +---------+---------+-----------+-----------+-----+-----+---------+
    |  Latency (cycles) |   Latency (absolute)  |  Interval | Pipeline|
    |   min   |   max   |    min    |    max    | min | max |   Type  |
    +---------+---------+-----------+-----------+-----+-----+---------+
    |        4|        4|  11.200 ns|  11.200 ns|    1|    1|      yes|
    +---------+---------+-----------+-----------+-----+-----+---------+

    + Detail: 
        * Instance: 
        N/A

        * Loop: 
        N/A



================================================================
== Utilization Estimates
================================================================
* Summary: 
+---------------------+---------+------+---------+---------+-----+
|         Name        | BRAM_18K|  DSP |    FF   |   LUT   | URAM|
+---------------------+---------+------+---------+---------+-----+
|DSP                  |        -|     -|        -|        -|    -|
|Expression           |        -|     -|        0|     3269|    -|
|FIFO                 |        -|     -|        -|        -|    -|
|Instance             |        -|    73|        0|     4331|    -|
|Memory               |        -|     -|        -|        -|    -|
|Multiplexer          |        -|     -|        -|       81|    -|
|Register             |        -|     -|     2748|        -|    -|
+---------------------+---------+------+---------+---------+-----+
|Total                |        0|    73|     2748|     7681|    0|
+---------------------+---------+------+---------+---------+-----+
|Available SLR        |     1440|  2280|   788160|   394080|  320|
+---------------------+---------+------+---------+---------+-----+
|Utilization SLR (%)  |        0|     3|       ~0|        1|    0|
+---------------------+---------+------+---------+---------+-----+
|Available            |     4320|  6840|  2364480|  1182240|  960|
+---------------------+---------+------+---------+---------+-----+
|Utilization (%)      |        0|     1|       ~0|       ~0|    0|
+---------------------+---------+------+---------+---------+-----+

+ Detail: 
    * Instance: 
    +---------------------------+---------------------+---------+----+---+----+-----+
    |          Instance         |        Module       | BRAM_18K| DSP| FF| LUT| URAM|
    +---------------------------+---------------------+---------+----+---+----+-----+
    |mul_9ns_10ns_18_1_1_U5489  |mul_9ns_10ns_18_1_1  |        0|   0|  0|  62|    0|
    |mul_9ns_10ns_18_1_1_U5496  |mul_9ns_10ns_18_1_1  |        0|   0|  0|  62|    0|
    |mul_9ns_10ns_18_1_1_U5498  |mul_9ns_10ns_18_1_1  |        0|   0|  0|  62|    0|
    |mul_9ns_10ns_18_1_1_U5513  |mul_9ns_10ns_18_1_1  |        0|   0|  0|  62|    0|
    |mul_9ns_10ns_18_1_1_U5514  |mul_9ns_10ns_18_1_1  |        0|   0|  0|  62|    0|
    |mul_9ns_10ns_18_1_1_U5527  |mul_9ns_10ns_18_1_1  |        0|   0|  0|  62|    0|
    |mul_9ns_10ns_18_1_1_U5528  |mul_9ns_10ns_18_1_1  |        0|   0|  0|  62|    0|
    |mul_9ns_10ns_18_1_1_U5544  |mul_9ns_10ns_18_1_1  |        0|   0|  0|  62|    0|
    |mul_9ns_10ns_18_1_1_U5558  |mul_9ns_10ns_18_1_1  |        0|   0|  0|  62|    0|
    |mul_9ns_10ns_18_1_1_U5566  |mul_9ns_10ns_18_1_1  |        0|   0|  0|  62|    0|
    |mul_9ns_10ns_18_1_1_U5568  |mul_9ns_10ns_18_1_1  |        0|   0|  0|  62|    0|
    |mul_9ns_10ns_18_1_1_U5572  |mul_9ns_10ns_18_1_1  |        0|   0|  0|  62|    0|
    |mul_9ns_10ns_18_1_1_U5581  |mul_9ns_10ns_18_1_1  |        0|   0|  0|  62|    0|
    |mul_9ns_10ns_18_1_1_U5601  |mul_9ns_10ns_18_1_1  |        0|   0|  0|  62|    0|
    |mul_9ns_10ns_18_1_1_U5607  |mul_9ns_10ns_18_1_1  |        0|   0|  0|  62|    0|
    |mul_9ns_10ns_18_1_1_U5623  |mul_9ns_10ns_18_1_1  |        0|   0|  0|  62|    0|
    |mul_9ns_10ns_18_1_1_U5628  |mul_9ns_10ns_18_1_1  |        0|   0|  0|  62|    0|
    |mul_9ns_10ns_18_1_1_U5630  |mul_9ns_10ns_18_1_1  |        0|   0|  0|  62|    0|
    |mul_9ns_10s_19_1_1_U5490   |mul_9ns_10s_19_1_1   |        0|   0|  0|  62|    0|
    |mul_9ns_10s_19_1_1_U5501   |mul_9ns_10s_19_1_1   |        0|   0|  0|  62|    0|
    |mul_9ns_10s_19_1_1_U5523   |mul_9ns_10s_19_1_1   |        0|   0|  0|  62|    0|
    |mul_9ns_10s_19_1_1_U5530   |mul_9ns_10s_19_1_1   |        0|   0|  0|  62|    0|
    |mul_9ns_10s_19_1_1_U5553   |mul_9ns_10s_19_1_1   |        0|   0|  0|  62|    0|
    |mul_9ns_10s_19_1_1_U5557   |mul_9ns_10s_19_1_1   |        0|   0|  0|  62|    0|
    |mul_9ns_10s_19_1_1_U5563   |mul_9ns_10s_19_1_1   |        0|   0|  0|  62|    0|
    |mul_9ns_10s_19_1_1_U5569   |mul_9ns_10s_19_1_1   |        0|   0|  0|  62|    0|
    |mul_9ns_10s_19_1_1_U5571   |mul_9ns_10s_19_1_1   |        0|   0|  0|  62|    0|
    |mul_9ns_10s_19_1_1_U5573   |mul_9ns_10s_19_1_1   |        0|   0|  0|  62|    0|
    |mul_9ns_10s_19_1_1_U5595   |mul_9ns_10s_19_1_1   |        0|   0|  0|  62|    0|
    |mul_9ns_10s_19_1_1_U5599   |mul_9ns_10s_19_1_1   |        0|   0|  0|  62|    0|
    |mul_9ns_11ns_19_1_1_U5491  |mul_9ns_11ns_19_1_1  |        0|   1|  0|   6|    0|
    |mul_9ns_11ns_19_1_1_U5497  |mul_9ns_11ns_19_1_1  |        0|   1|  0|   6|    0|
    |mul_9ns_11ns_19_1_1_U5503  |mul_9ns_11ns_19_1_1  |        0|   1|  0|   6|    0|
    |mul_9ns_11ns_19_1_1_U5525  |mul_9ns_11ns_19_1_1  |        0|   1|  0|   6|    0|
    |mul_9ns_11ns_19_1_1_U5531  |mul_9ns_11ns_19_1_1  |        0|   1|  0|   6|    0|
    |mul_9ns_11ns_19_1_1_U5536  |mul_9ns_11ns_19_1_1  |        0|   1|  0|   6|    0|
    |mul_9ns_11ns_19_1_1_U5546  |mul_9ns_11ns_19_1_1  |        0|   1|  0|   6|    0|
    |mul_9ns_11ns_19_1_1_U5547  |mul_9ns_11ns_19_1_1  |        0|   1|  0|   6|    0|
    |mul_9ns_11ns_19_1_1_U5552  |mul_9ns_11ns_19_1_1  |        0|   1|  0|   6|    0|
    |mul_9ns_11ns_19_1_1_U5555  |mul_9ns_11ns_19_1_1  |        0|   1|  0|   6|    0|
    |mul_9ns_11ns_19_1_1_U5570  |mul_9ns_11ns_19_1_1  |        0|   1|  0|   6|    0|
    |mul_9ns_11ns_19_1_1_U5577  |mul_9ns_11ns_19_1_1  |        0|   1|  0|   6|    0|
    |mul_9ns_11ns_19_1_1_U5589  |mul_9ns_11ns_19_1_1  |        0|   1|  0|   6|    0|
    |mul_9ns_11ns_19_1_1_U5606  |mul_9ns_11ns_19_1_1  |        0|   1|  0|   6|    0|
    |mul_9ns_11ns_19_1_1_U5614  |mul_9ns_11ns_19_1_1  |        0|   1|  0|   6|    0|
    |mul_9ns_11ns_19_1_1_U5621  |mul_9ns_11ns_19_1_1  |        0|   1|  0|   6|    0|
    |mul_9ns_11ns_19_1_1_U5626  |mul_9ns_11ns_19_1_1  |        0|   1|  0|   6|    0|
    |mul_9ns_11s_20_1_1_U5493   |mul_9ns_11s_20_1_1   |        0|   1|  0|   6|    0|
    |mul_9ns_11s_20_1_1_U5495   |mul_9ns_11s_20_1_1   |        0|   1|  0|   6|    0|
    |mul_9ns_11s_20_1_1_U5499   |mul_9ns_11s_20_1_1   |        0|   1|  0|   6|    0|
    |mul_9ns_11s_20_1_1_U5505   |mul_9ns_11s_20_1_1   |        0|   1|  0|   6|    0|
    |mul_9ns_11s_20_1_1_U5509   |mul_9ns_11s_20_1_1   |        0|   1|  0|   6|    0|
    |mul_9ns_11s_20_1_1_U5521   |mul_9ns_11s_20_1_1   |        0|   1|  0|   6|    0|
    |mul_9ns_11s_20_1_1_U5524   |mul_9ns_11s_20_1_1   |        0|   1|  0|   6|    0|
    |mul_9ns_11s_20_1_1_U5526   |mul_9ns_11s_20_1_1   |        0|   1|  0|   6|    0|
    |mul_9ns_11s_20_1_1_U5529   |mul_9ns_11s_20_1_1   |        0|   1|  0|   6|    0|
    |mul_9ns_11s_20_1_1_U5533   |mul_9ns_11s_20_1_1   |        0|   1|  0|   6|    0|
    |mul_9ns_11s_20_1_1_U5534   |mul_9ns_11s_20_1_1   |        0|   1|  0|   6|    0|
    |mul_9ns_11s_20_1_1_U5538   |mul_9ns_11s_20_1_1   |        0|   1|  0|   6|    0|
    |mul_9ns_11s_20_1_1_U5545   |mul_9ns_11s_20_1_1   |        0|   1|  0|   6|    0|
    |mul_9ns_11s_20_1_1_U5556   |mul_9ns_11s_20_1_1   |        0|   1|  0|   6|    0|
    |mul_9ns_11s_20_1_1_U5559   |mul_9ns_11s_20_1_1   |        0|   1|  0|   6|    0|
    |mul_9ns_11s_20_1_1_U5567   |mul_9ns_11s_20_1_1   |        0|   1|  0|   6|    0|
    |mul_9ns_11s_20_1_1_U5574   |mul_9ns_11s_20_1_1   |        0|   1|  0|   6|    0|
    |mul_9ns_11s_20_1_1_U5576   |mul_9ns_11s_20_1_1   |        0|   1|  0|   6|    0|
    |mul_9ns_11s_20_1_1_U5580   |mul_9ns_11s_20_1_1   |        0|   1|  0|   6|    0|
    |mul_9ns_11s_20_1_1_U5583   |mul_9ns_11s_20_1_1   |        0|   1|  0|   6|    0|
    |mul_9ns_11s_20_1_1_U5585   |mul_9ns_11s_20_1_1   |        0|   1|  0|   6|    0|
    |mul_9ns_11s_20_1_1_U5588   |mul_9ns_11s_20_1_1   |        0|   1|  0|   6|    0|
    |mul_9ns_11s_20_1_1_U5593   |mul_9ns_11s_20_1_1   |        0|   1|  0|   6|    0|
    |mul_9ns_11s_20_1_1_U5598   |mul_9ns_11s_20_1_1   |        0|   1|  0|   6|    0|
    |mul_9ns_11s_20_1_1_U5600   |mul_9ns_11s_20_1_1   |        0|   1|  0|   6|    0|
    |mul_9ns_11s_20_1_1_U5602   |mul_9ns_11s_20_1_1   |        0|   1|  0|   6|    0|
    |mul_9ns_11s_20_1_1_U5610   |mul_9ns_11s_20_1_1   |        0|   1|  0|   6|    0|
    |mul_9ns_11s_20_1_1_U5612   |mul_9ns_11s_20_1_1   |        0|   1|  0|   6|    0|
    |mul_9ns_11s_20_1_1_U5613   |mul_9ns_11s_20_1_1   |        0|   1|  0|   6|    0|
    |mul_9ns_11s_20_1_1_U5615   |mul_9ns_11s_20_1_1   |        0|   1|  0|   6|    0|
    |mul_9ns_11s_20_1_1_U5618   |mul_9ns_11s_20_1_1   |        0|   1|  0|   6|    0|
    |mul_9ns_11s_20_1_1_U5624   |mul_9ns_11s_20_1_1   |        0|   1|  0|   6|    0|
    |mul_9ns_11s_20_1_1_U5631   |mul_9ns_11s_20_1_1   |        0|   1|  0|   6|    0|
    |mul_9ns_12ns_20_1_1_U5488  |mul_9ns_12ns_20_1_1  |        0|   1|  0|   5|    0|
    |mul_9ns_12ns_20_1_1_U5494  |mul_9ns_12ns_20_1_1  |        0|   1|  0|   5|    0|
    |mul_9ns_12ns_20_1_1_U5512  |mul_9ns_12ns_20_1_1  |        0|   1|  0|   5|    0|
    |mul_9ns_12ns_20_1_1_U5548  |mul_9ns_12ns_20_1_1  |        0|   1|  0|   5|    0|
    |mul_9ns_12ns_20_1_1_U5549  |mul_9ns_12ns_20_1_1  |        0|   1|  0|   5|    0|
    |mul_9ns_12ns_20_1_1_U5584  |mul_9ns_12ns_20_1_1  |        0|   1|  0|   5|    0|
    |mul_9ns_12ns_20_1_1_U5609  |mul_9ns_12ns_20_1_1  |        0|   1|  0|   5|    0|
    |mul_9ns_12ns_20_1_1_U5616  |mul_9ns_12ns_20_1_1  |        0|   1|  0|   5|    0|
    |mul_9ns_12ns_20_1_1_U5619  |mul_9ns_12ns_20_1_1  |        0|   1|  0|   5|    0|
    |mul_9ns_12ns_20_1_1_U5627  |mul_9ns_12ns_20_1_1  |        0|   1|  0|   5|    0|
    |mul_9ns_12s_21_1_1_U5500   |mul_9ns_12s_21_1_1   |        0|   1|  0|   5|    0|
    |mul_9ns_12s_21_1_1_U5502   |mul_9ns_12s_21_1_1   |        0|   1|  0|   5|    0|
    |mul_9ns_12s_21_1_1_U5504   |mul_9ns_12s_21_1_1   |        0|   1|  0|   5|    0|
    |mul_9ns_12s_21_1_1_U5507   |mul_9ns_12s_21_1_1   |        0|   1|  0|   5|    0|
    |mul_9ns_12s_21_1_1_U5510   |mul_9ns_12s_21_1_1   |        0|   1|  0|   5|    0|
    |mul_9ns_12s_21_1_1_U5518   |mul_9ns_12s_21_1_1   |        0|   1|  0|   5|    0|
    |mul_9ns_12s_21_1_1_U5539   |mul_9ns_12s_21_1_1   |        0|   1|  0|   5|    0|
    |mul_9ns_12s_21_1_1_U5541   |mul_9ns_12s_21_1_1   |        0|   1|  0|   5|    0|
    |mul_9ns_12s_21_1_1_U5582   |mul_9ns_12s_21_1_1   |        0|   1|  0|   5|    0|
    |mul_9ns_12s_21_1_1_U5597   |mul_9ns_12s_21_1_1   |        0|   1|  0|   5|    0|
    |mul_9ns_12s_21_1_1_U5605   |mul_9ns_12s_21_1_1   |        0|   1|  0|   5|    0|
    |mul_9ns_13s_22_1_1_U5551   |mul_9ns_13s_22_1_1   |        0|   1|  0|   4|    0|
    |mul_9ns_13s_22_1_1_U5560   |mul_9ns_13s_22_1_1   |        0|   1|  0|   4|    0|
    |mul_9ns_6ns_14_1_1_U5564   |mul_9ns_6ns_14_1_1   |        0|   0|  0|  49|    0|
    |mul_9ns_6s_15_1_1_U5517    |mul_9ns_6s_15_1_1    |        0|   0|  0|  49|    0|
    |mul_9ns_6s_15_1_1_U5532    |mul_9ns_6s_15_1_1    |        0|   0|  0|  49|    0|
    |mul_9ns_7ns_15_1_1_U5508   |mul_9ns_7ns_15_1_1   |        0|   0|  0|  49|    0|
    |mul_9ns_7ns_15_1_1_U5579   |mul_9ns_7ns_15_1_1   |        0|   0|  0|  49|    0|
    |mul_9ns_7ns_15_1_1_U5617   |mul_9ns_7ns_15_1_1   |        0|   0|  0|  49|    0|
    |mul_9ns_7ns_15_1_1_U5620   |mul_9ns_7ns_15_1_1   |        0|   0|  0|  49|    0|
    |mul_9ns_7ns_15_1_1_U5622   |mul_9ns_7ns_15_1_1   |        0|   0|  0|  49|    0|
    |mul_9ns_7s_16_1_1_U5562    |mul_9ns_7s_16_1_1    |        0|   0|  0|  49|    0|
    |mul_9ns_8ns_16_1_1_U5516   |mul_9ns_8ns_16_1_1   |        0|   0|  0|  49|    0|
    |mul_9ns_8ns_16_1_1_U5520   |mul_9ns_8ns_16_1_1   |        0|   0|  0|  49|    0|
    |mul_9ns_8ns_16_1_1_U5543   |mul_9ns_8ns_16_1_1   |        0|   0|  0|  49|    0|
    |mul_9ns_8ns_16_1_1_U5565   |mul_9ns_8ns_16_1_1   |        0|   0|  0|  49|    0|
    |mul_9ns_8s_17_1_1_U5492    |mul_9ns_8s_17_1_1    |        0|   0|  0|  49|    0|
    |mul_9ns_8s_17_1_1_U5542    |mul_9ns_8s_17_1_1    |        0|   0|  0|  49|    0|
    |mul_9ns_8s_17_1_1_U5550    |mul_9ns_8s_17_1_1    |        0|   0|  0|  49|    0|
    |mul_9ns_8s_17_1_1_U5578    |mul_9ns_8s_17_1_1    |        0|   0|  0|  49|    0|
    |mul_9ns_8s_17_1_1_U5587    |mul_9ns_8s_17_1_1    |        0|   0|  0|  49|    0|
    |mul_9ns_8s_17_1_1_U5590    |mul_9ns_8s_17_1_1    |        0|   0|  0|  49|    0|
    |mul_9ns_8s_17_1_1_U5629    |mul_9ns_8s_17_1_1    |        0|   0|  0|  49|    0|
    |mul_9ns_9ns_17_1_1_U5487   |mul_9ns_9ns_17_1_1   |        0|   0|  0|  49|    0|
    |mul_9ns_9ns_17_1_1_U5506   |mul_9ns_9ns_17_1_1   |        0|   0|  0|  49|    0|
    |mul_9ns_9ns_17_1_1_U5511   |mul_9ns_9ns_17_1_1   |        0|   0|  0|  49|    0|
    |mul_9ns_9ns_17_1_1_U5519   |mul_9ns_9ns_17_1_1   |        0|   0|  0|  49|    0|
    |mul_9ns_9ns_17_1_1_U5535   |mul_9ns_9ns_17_1_1   |        0|   0|  0|  49|    0|
    |mul_9ns_9ns_17_1_1_U5537   |mul_9ns_9ns_17_1_1   |        0|   0|  0|  49|    0|
    |mul_9ns_9ns_17_1_1_U5561   |mul_9ns_9ns_17_1_1   |        0|   0|  0|  49|    0|
    |mul_9ns_9ns_17_1_1_U5575   |mul_9ns_9ns_17_1_1   |        0|   0|  0|  49|    0|
    |mul_9ns_9ns_17_1_1_U5586   |mul_9ns_9ns_17_1_1   |        0|   0|  0|  49|    0|
    |mul_9ns_9ns_17_1_1_U5592   |mul_9ns_9ns_17_1_1   |        0|   0|  0|  49|    0|
    |mul_9ns_9ns_17_1_1_U5608   |mul_9ns_9ns_17_1_1   |        0|   0|  0|  49|    0|
    |mul_9ns_9ns_17_1_1_U5611   |mul_9ns_9ns_17_1_1   |        0|   0|  0|  49|    0|
    |mul_9ns_9ns_17_1_1_U5625   |mul_9ns_9ns_17_1_1   |        0|   0|  0|  49|    0|
    |mul_9ns_9s_18_1_1_U5515    |mul_9ns_9s_18_1_1    |        0|   0|  0|  49|    0|
    |mul_9ns_9s_18_1_1_U5522    |mul_9ns_9s_18_1_1    |        0|   0|  0|  49|    0|
    |mul_9ns_9s_18_1_1_U5540    |mul_9ns_9s_18_1_1    |        0|   0|  0|  49|    0|
    |mul_9ns_9s_18_1_1_U5554    |mul_9ns_9s_18_1_1    |        0|   0|  0|  49|    0|
    |mul_9ns_9s_18_1_1_U5591    |mul_9ns_9s_18_1_1    |        0|   0|  0|  49|    0|
    |mul_9ns_9s_18_1_1_U5594    |mul_9ns_9s_18_1_1    |        0|   0|  0|  49|    0|
    |mul_9ns_9s_18_1_1_U5596    |mul_9ns_9s_18_1_1    |        0|   0|  0|  49|    0|
    |mul_9ns_9s_18_1_1_U5603    |mul_9ns_9s_18_1_1    |        0|   0|  0|  49|    0|
    |mul_9ns_9s_18_1_1_U5604    |mul_9ns_9s_18_1_1    |        0|   0|  0|  49|    0|
    +---------------------------+---------------------+---------+----+---+----+-----+
    |Total                      |                     |        0|  73|  0|4331|    0|
    +---------------------------+---------------------+---------+----+---+----+-----+

    * DSP: 
    N/A

    * Memory: 
    N/A

    * FIFO: 
    N/A

    * Expression: 
    +---------------------------+----------+----+---+----+------------+------------+
    |       Variable Name       | Operation| DSP| FF| LUT| Bitwidth P0| Bitwidth P1|
    +---------------------------+----------+----+---+----+------------+------------+
    |add_ln42_1_fu_151561_p2    |         +|   0|  0|  23|          16|          16|
    |add_ln42_fu_150392_p2      |         +|   0|  0|  19|          12|          12|
    |add_ln58_100_fu_153123_p2  |         +|   0|  0|  17|          11|          11|
    |add_ln58_101_fu_153133_p2  |         +|   0|  0|  17|          13|          13|
    |add_ln58_102_fu_153686_p2  |         +|   0|  0|  16|          16|          16|
    |add_ln58_104_fu_153139_p2  |         +|   0|  0|  18|          11|          11|
    |add_ln58_105_fu_153155_p2  |         +|   0|  0|  17|          12|          12|
    |add_ln58_106_fu_153161_p2  |         +|   0|  0|  17|          12|          12|
    |add_ln58_107_fu_153173_p2  |         +|   0|  0|  17|          11|          11|
    |add_ln58_108_fu_153183_p2  |         +|   0|  0|  17|          11|          11|
    |add_ln58_109_fu_153704_p2  |         +|   0|  0|  20|          13|          13|
    |add_ln58_10_fu_152498_p2   |         +|   0|  0|  16|          14|          14|
    |add_ln58_110_fu_153192_p2  |         +|   0|  0|  21|          14|          14|
    |add_ln58_111_fu_153198_p2  |         +|   0|  0|  20|          13|          13|
    |add_ln58_112_fu_153208_p2  |         +|   0|  0|  20|          13|          13|
    |add_ln58_113_fu_153218_p2  |         +|   0|  0|  21|          14|          14|
    |add_ln58_114_fu_153720_p2  |         +|   0|  0|  22|          15|          15|
    |add_ln58_115_fu_153224_p2  |         +|   0|  0|  17|          13|          13|
    |add_ln58_116_fu_153230_p2  |         +|   0|  0|  18|          11|          11|
    |add_ln58_117_fu_153240_p2  |         +|   0|  0|  17|          13|          13|
    |add_ln58_118_fu_153246_p2  |         +|   0|  0|  17|          10|          10|
    |add_ln58_119_fu_151913_p2  |         +|   0|  0|  17|          10|          10|
    |add_ln58_11_fu_152504_p2   |         +|   0|  0|  16|          14|          14|
    |add_ln58_120_fu_153259_p2  |         +|   0|  0|  18|          11|          11|
    |add_ln58_121_fu_153736_p2  |         +|   0|  0|  21|          14|          14|
    |add_ln58_122_fu_153746_p2  |         +|   0|  0|  16|          16|          16|
    |add_ln58_124_fu_153268_p2  |         +|   0|  0|  19|          12|          12|
    |add_ln58_125_fu_153273_p2  |         +|   0|  0|  19|          12|          12|
    |add_ln58_126_fu_153285_p2  |         +|   0|  0|  17|          12|          12|
    |add_ln58_127_fu_153291_p2  |         +|   0|  0|  17|          12|          12|
    |add_ln58_128_fu_153301_p2  |         +|   0|  0|  20|          13|          13|
    |add_ln58_129_fu_153764_p2  |         +|   0|  0|  21|          14|          14|
    |add_ln58_12_fu_152510_p2   |         +|   0|  0|  20|          13|          13|
    |add_ln58_130_fu_153770_p2  |         +|   0|  0|  22|          15|          15|
    |add_ln58_131_fu_153307_p2  |         +|   0|  0|  20|          13|          13|
    |add_ln58_132_fu_153317_p2  |         +|   0|  0|  21|          14|          14|
    |add_ln58_133_fu_153783_p2  |         +|   0|  0|  23|          16|          16|
    |add_ln58_134_fu_153323_p2  |         +|   0|  0|  19|          12|          12|
    |add_ln58_135_fu_153333_p2  |         +|   0|  0|  20|          13|          13|
    |add_ln58_136_fu_153346_p2  |         +|   0|  0|  18|          11|          11|
    |add_ln58_137_fu_153795_p2  |         +|   0|  0|  21|          14|          14|
    |add_ln58_138_fu_153849_p2  |         +|   0|  0|  16|          16|          16|
    |add_ln58_13_fu_152520_p2   |         +|   0|  0|  20|          13|          13|
    |add_ln58_140_fu_153352_p2  |         +|   0|  0|  17|          10|           8|
    |add_ln58_141_fu_153362_p2  |         +|   0|  0|  19|          12|          12|
    |add_ln58_142_fu_153807_p2  |         +|   0|  0|  20|          13|          13|
    |add_ln58_143_fu_153370_p2  |         +|   0|  0|  19|          12|          12|
    |add_ln58_144_fu_153379_p2  |         +|   0|  0|  17|          13|          13|
    |add_ln58_145_fu_153388_p2  |         +|   0|  0|  17|          13|          13|
    |add_ln58_146_fu_153820_p2  |         +|   0|  0|  21|          14|          14|
    |add_ln58_147_fu_153394_p2  |         +|   0|  0|  18|          11|          11|
    |add_ln58_148_fu_153406_p2  |         +|   0|  0|  19|          12|          12|
    |add_ln58_149_fu_153412_p2  |         +|   0|  0|  22|          15|          15|
    |add_ln58_14_fu_152530_p2   |         +|   0|  0|  21|          14|          14|
    |add_ln58_150_fu_153832_p2  |         +|   0|  0|  16|          15|          15|
    |add_ln58_151_fu_153837_p2  |         +|   0|  0|  16|          15|          15|
    |add_ln58_152_fu_153418_p2  |         +|   0|  0|  21|          14|          14|
    |add_ln58_153_fu_153428_p2  |         +|   0|  0|  20|          13|          13|
    |add_ln58_154_fu_153438_p2  |         +|   0|  0|  16|          15|          15|
    |add_ln58_155_fu_153444_p2  |         +|   0|  0|  17|          13|          13|
    |add_ln58_156_fu_153453_p2  |         +|   0|  0|  17|          13|          13|
    |add_ln58_157_fu_153463_p2  |         +|   0|  0|  16|          15|          15|
    |add_ln58_158_fu_153869_p2  |         +|   0|  0|  16|          16|          16|
    |add_ln58_15_fu_153484_p2   |         +|   0|  0|  22|          15|          15|
    |add_ln58_16_fu_152536_p2   |         +|   0|  0|  19|          12|          12|
    |add_ln58_17_fu_152546_p2   |         +|   0|  0|  19|          12|          12|
    |add_ln58_18_fu_152556_p2   |         +|   0|  0|  20|          13|          13|
    |add_ln58_19_fu_152562_p2   |         +|   0|  0|  17|          11|          11|
    |add_ln58_1_fu_152416_p2    |         +|   0|  0|  17|          13|          13|
    |add_ln58_20_fu_152572_p2   |         +|   0|  0|  17|          11|          11|
    |add_ln58_21_fu_153500_p2   |         +|   0|  0|  21|          14|          14|
    |add_ln58_22_fu_153510_p2   |         +|   0|  0|  16|          16|          16|
    |add_ln58_24_fu_152578_p2   |         +|   0|  0|  19|          12|          12|
    |add_ln58_25_fu_152587_p2   |         +|   0|  0|  17|          12|          12|
    |add_ln58_26_fu_152596_p2   |         +|   0|  0|  17|          12|          12|
    |add_ln58_27_fu_152602_p2   |         +|   0|  0|  19|          12|          12|
    |add_ln58_28_fu_152612_p2   |         +|   0|  0|  18|          11|          11|
    |add_ln58_29_fu_152622_p2   |         +|   0|  0|  17|          13|          13|
    |add_ln58_2_fu_152426_p2    |         +|   0|  0|  16|          14|          14|
    |add_ln58_30_fu_152631_p2   |         +|   0|  0|  17|          13|          13|
    |add_ln58_31_fu_153528_p2   |         +|   0|  0|  21|          14|          14|
    |add_ln58_32_fu_152640_p2   |         +|   0|  0|  17|          10|          10|
    |add_ln58_33_fu_152645_p2   |         +|   0|  0|  21|          14|          14|
    |add_ln58_34_fu_152655_p2   |         +|   0|  0|  20|          13|          13|
    |add_ln58_35_fu_152665_p2   |         +|   0|  0|  22|          15|          15|
    |add_ln58_36_fu_153541_p2   |         +|   0|  0|  16|          15|          15|
    |add_ln58_37_fu_152671_p2   |         +|   0|  0|  19|          12|          12|
    |add_ln58_38_fu_152681_p2   |         +|   0|  0|  18|          11|          11|
    |add_ln58_39_fu_152691_p2   |         +|   0|  0|  17|          13|          13|
    |add_ln58_3_fu_152432_p2    |         +|   0|  0|  16|          14|          14|
    |add_ln58_40_fu_152703_p2   |         +|   0|  0|  16|           9|           9|
    |add_ln58_41_fu_152713_p2   |         +|   0|  0|  17|          13|          13|
    |add_ln58_42_fu_153549_p2   |         +|   0|  0|  16|          15|          15|
    |add_ln58_44_fu_152719_p2   |         +|   0|  0|  18|          11|          10|
    |add_ln58_45_fu_152728_p2   |         +|   0|  0|  18|          11|          11|
    |add_ln58_46_fu_152738_p2   |         +|   0|  0|  19|          12|          12|
    |add_ln58_47_fu_152747_p2   |         +|   0|  0|  19|          12|          12|
    |add_ln58_48_fu_152756_p2   |         +|   0|  0|  20|          13|          13|
    |add_ln58_49_fu_153571_p2   |         +|   0|  0|  21|          14|          14|
    |add_ln58_4_fu_152438_p2    |         +|   0|  0|  18|          11|          10|
    |add_ln58_50_fu_152762_p2   |         +|   0|  0|  15|           8|           8|
    |add_ln58_51_fu_152772_p2   |         +|   0|  0|  16|          14|          14|
    |add_ln58_52_fu_152778_p2   |         +|   0|  0|  16|          14|          14|
    |add_ln58_53_fu_152784_p2   |         +|   0|  0|  20|          13|          13|
    |add_ln58_54_fu_152794_p2   |         +|   0|  0|  20|          13|          13|
    |add_ln58_55_fu_152804_p2   |         +|   0|  0|  21|          14|          14|
    |add_ln58_56_fu_153587_p2   |         +|   0|  0|  22|          15|          15|
    |add_ln58_57_fu_152810_p2   |         +|   0|  0|  20|          13|          13|
    |add_ln58_58_fu_152820_p2   |         +|   0|  0|  19|          12|          12|
    |add_ln58_59_fu_152830_p2   |         +|   0|  0|  16|          14|          14|
    |add_ln58_5_fu_152451_p2    |         +|   0|  0|  17|          11|          11|
    |add_ln58_60_fu_152836_p2   |         +|   0|  0|  19|          12|          12|
    |add_ln58_61_fu_152846_p2   |         +|   0|  0|  16|          14|          14|
    |add_ln58_62_fu_153600_p2   |         +|   0|  0|  16|          16|          16|
    |add_ln58_64_fu_152852_p2   |         +|   0|  0|  19|          12|          10|
    |add_ln58_65_fu_152862_p2   |         +|   0|  0|  18|          11|          11|
    |add_ln58_66_fu_152871_p2   |         +|   0|  0|  17|          13|          13|
    |add_ln58_67_fu_152886_p2   |         +|   0|  0|  17|          12|          12|
    |add_ln58_68_fu_152892_p2   |         +|   0|  0|  17|          12|          12|
    |add_ln58_69_fu_152902_p2   |         +|   0|  0|  17|          13|          13|
    |add_ln58_6_fu_152457_p2    |         +|   0|  0|  17|          11|          11|
    |add_ln58_70_fu_152908_p2   |         +|   0|  0|  21|          14|          14|
    |add_ln58_71_fu_152918_p2   |         +|   0|  0|  20|          13|          13|
    |add_ln58_72_fu_152928_p2   |         +|   0|  0|  22|          15|          15|
    |add_ln58_73_fu_152934_p2   |         +|   0|  0|  20|          13|          13|
    |add_ln58_74_fu_152944_p2   |         +|   0|  0|  20|          13|          13|
    |add_ln58_75_fu_152954_p2   |         +|   0|  0|  21|          14|          14|
    |add_ln58_76_fu_153621_p2   |         +|   0|  0|  23|          16|          16|
    |add_ln58_77_fu_152960_p2   |         +|   0|  0|  19|          12|          12|
    |add_ln58_78_fu_152970_p2   |         +|   0|  0|  18|          11|          11|
    |add_ln58_79_fu_152980_p2   |         +|   0|  0|  17|          13|          13|
    |add_ln58_7_fu_152467_p2    |         +|   0|  0|  17|          12|          12|
    |add_ln58_80_fu_152992_p2   |         +|   0|  0|  17|          10|          10|
    |add_ln58_81_fu_153002_p2   |         +|   0|  0|  17|          13|          13|
    |add_ln58_82_fu_153630_p2   |         +|   0|  0|  16|          16|          16|
    |add_ln58_84_fu_153011_p2   |         +|   0|  0|  19|          12|          12|
    |add_ln58_85_fu_153020_p2   |         +|   0|  0|  18|          11|          11|
    |add_ln58_86_fu_153029_p2   |         +|   0|  0|  20|          13|          13|
    |add_ln58_87_fu_153041_p2   |         +|   0|  0|  17|          13|          13|
    |add_ln58_88_fu_153050_p2   |         +|   0|  0|  17|          13|          13|
    |add_ln58_89_fu_153648_p2   |         +|   0|  0|  21|          14|          14|
    |add_ln58_8_fu_152479_p2    |         +|   0|  0|  17|          10|          10|
    |add_ln58_90_fu_153056_p2   |         +|   0|  0|  18|          11|          11|
    |add_ln58_91_fu_153066_p2   |         +|   0|  0|  21|          14|          14|
    |add_ln58_92_fu_153072_p2   |         +|   0|  0|  21|          14|          14|
    |add_ln58_93_fu_153078_p2   |         +|   0|  0|  20|          13|          13|
    |add_ln58_94_fu_153667_p2   |         +|   0|  0|  16|          15|          15|
    |add_ln58_95_fu_153673_p2   |         +|   0|  0|  16|          15|          15|
    |add_ln58_96_fu_153084_p2   |         +|   0|  0|  19|          12|          12|
    |add_ln58_97_fu_153094_p2   |         +|   0|  0|  18|          11|          10|
    |add_ln58_98_fu_153104_p2   |         +|   0|  0|  17|          13|          13|
    |add_ln58_99_fu_153110_p2   |         +|   0|  0|  17|          11|          11|
    |add_ln58_9_fu_152489_p2    |         +|   0|  0|  17|          12|          12|
    |add_ln58_fu_152410_p2      |         +|   0|  0|  17|          13|          12|
    |add_ln73_fu_152316_p2      |         +|   0|  0|  24|          17|          17|
    |x_1_fu_153559_p2           |         +|   0|  0|  23|          16|          16|
    |x_2_fu_153606_p2           |         +|   0|  0|  16|          16|          16|
    |x_3_fu_153636_p2           |         +|   0|  0|  16|          16|          16|
    |x_4_fu_153692_p2           |         +|   0|  0|  16|          16|          16|
    |x_5_fu_153752_p2           |         +|   0|  0|  16|          16|          16|
    |x_6_fu_153854_p2           |         +|   0|  0|  16|          16|          16|
    |x_7_fu_153875_p2           |         +|   0|  0|  16|          16|          16|
    |x_fu_153516_p2             |         +|   0|  0|  16|          16|          16|
    |sub_ln42_1_fu_151236_p2    |         -|   0|  0|  23|          16|          16|
    |sub_ln42_fu_150055_p2      |         -|   0|  0|  21|          14|          14|
    |sub_ln73_32_fu_152043_p2   |         -|   0|  0|  26|          19|          19|
    |sub_ln73_33_fu_150459_p2   |         -|   0|  0|  26|          19|          19|
    |sub_ln73_34_fu_152142_p2   |         -|   0|  0|  25|          18|          18|
    |sub_ln73_35_fu_150856_p2   |         -|   0|  0|  25|           1|          18|
    |sub_ln73_36_fu_151073_p2   |         -|   0|  0|  27|          20|          20|
    |sub_ln73_37_fu_152269_p2   |         -|   0|  0|  22|          15|          15|
    |sub_ln73_38_fu_151806_p2   |         -|   0|  0|  24|           1|          17|
    |sub_ln73_39_fu_151827_p2   |         -|   0|  0|  25|          18|          18|
    |sub_ln73_fu_149840_p2      |         -|   0|  0|  23|          16|          16|
    |ap_block_pp0_stage0_11001  |        or|   0|  0|   2|           1|           1|
    |ap_enable_pp0              |       xor|   0|  0|   2|           1|           2|
    +---------------------------+----------+----+---+----+------------+------------+
    |Total                      |          |   0|  0|3269|        2290|        2316|
    +---------------------------+----------+----+---+----+------------+------------+

    * Multiplexer: 
    +-------------+----+-----------+-----+-----------+
    |     Name    | LUT| Input Size| Bits| Total Bits|
    +-------------+----+-----------+-----+-----------+
    |ap_done      |   9|          2|    1|          2|
    |ap_return_0  |   9|          2|   16|         32|
    |ap_return_1  |   9|          2|   16|         32|
    |ap_return_2  |   9|          2|   16|         32|
    |ap_return_3  |   9|          2|   16|         32|
    |ap_return_4  |   9|          2|   16|         32|
    |ap_return_5  |   9|          2|   16|         32|
    |ap_return_6  |   9|          2|   16|         32|
    |ap_return_7  |   9|          2|   16|         32|
    +-------------+----+-----------+-----+-----------+
    |Total        |  81|         18|  129|        258|
    +-------------+----+-----------+-----+-----------+

    * Register: 
    +---------------------------------------+----+----+-----+-----------+
    |                  Name                 | FF | LUT| Bits| Const Bits|
    +---------------------------------------+----+----+-----+-----------+
    |add_ln58_101_reg_155075                |  13|   0|   13|          0|
    |add_ln58_106_reg_155080                |  12|   0|   12|          0|
    |add_ln58_108_reg_155085                |  11|   0|   11|          0|
    |add_ln58_110_reg_155090                |  14|   0|   14|          0|
    |add_ln58_113_reg_155095                |  14|   0|   14|          0|
    |add_ln58_117_reg_155100                |  13|   0|   13|          0|
    |add_ln58_119_reg_154940                |  10|   0|   10|          0|
    |add_ln58_11_reg_154960                 |  14|   0|   14|          0|
    |add_ln58_120_reg_155105                |  11|   0|   11|          0|
    |add_ln58_124_reg_155110                |  12|   0|   12|          0|
    |add_ln58_128_reg_155115                |  13|   0|   13|          0|
    |add_ln58_129_reg_155190                |  14|   0|   14|          0|
    |add_ln58_132_reg_155120                |  14|   0|   14|          0|
    |add_ln58_133_reg_155195                |  16|   0|   16|          0|
    |add_ln58_135_reg_155125                |  13|   0|   13|          0|
    |add_ln58_136_reg_155130                |  11|   0|   11|          0|
    |add_ln58_137_reg_155200                |  14|   0|   14|          0|
    |add_ln58_141_reg_155135                |  12|   0|   12|          0|
    |add_ln58_145_reg_155140                |  13|   0|   13|          0|
    |add_ln58_146_reg_155205                |  14|   0|   14|          0|
    |add_ln58_148_reg_155145                |  12|   0|   12|          0|
    |add_ln58_149_reg_155150                |  15|   0|   15|          0|
    |add_ln58_14_reg_154965                 |  14|   0|   14|          0|
    |add_ln58_151_reg_155210                |  15|   0|   15|          0|
    |add_ln58_157_reg_155155                |  15|   0|   15|          0|
    |add_ln58_157_reg_155155_pp0_iter3_reg  |  15|   0|   15|          0|
    |add_ln58_18_reg_154970                 |  13|   0|   13|          0|
    |add_ln58_20_reg_154975                 |  11|   0|   11|          0|
    |add_ln58_26_reg_154980                 |  12|   0|   12|          0|
    |add_ln58_30_reg_154985                 |  13|   0|   13|          0|
    |add_ln58_32_reg_154990                 |  10|   0|   10|          0|
    |add_ln58_35_reg_154995                 |  15|   0|   15|          0|
    |add_ln58_3_reg_154950                  |  14|   0|   14|          0|
    |add_ln58_41_reg_155000                 |  13|   0|   13|          0|
    |add_ln58_46_reg_155005                 |  12|   0|   12|          0|
    |add_ln58_48_reg_155010                 |  13|   0|   13|          0|
    |add_ln58_52_reg_155015                 |  14|   0|   14|          0|
    |add_ln58_55_reg_155020                 |  14|   0|   14|          0|
    |add_ln58_61_reg_155025                 |  14|   0|   14|          0|
    |add_ln58_69_reg_155030                 |  13|   0|   13|          0|
    |add_ln58_72_reg_155035                 |  15|   0|   15|          0|
    |add_ln58_75_reg_155040                 |  14|   0|   14|          0|
    |add_ln58_81_reg_155045                 |  13|   0|   13|          0|
    |add_ln58_86_reg_155050                 |  13|   0|   13|          0|
    |add_ln58_88_reg_155055                 |  13|   0|   13|          0|
    |add_ln58_91_reg_155060                 |  14|   0|   14|          0|
    |add_ln58_92_reg_155065                 |  14|   0|   14|          0|
    |add_ln58_93_reg_155070                 |  13|   0|   13|          0|
    |add_ln58_9_reg_154955                  |  12|   0|   12|          0|
    |ap_CS_fsm                              |   1|   0|    1|          0|
    |ap_done_reg                            |   1|   0|    1|          0|
    |ap_enable_reg_pp0_iter1                |   1|   0|    1|          0|
    |ap_enable_reg_pp0_iter2                |   1|   0|    1|          0|
    |ap_enable_reg_pp0_iter3                |   1|   0|    1|          0|
    |ap_enable_reg_pp0_iter4                |   1|   0|    1|          0|
    |ap_return_0_preg                       |  16|   0|   24|          8|
    |ap_return_1_preg                       |  16|   0|   24|          8|
    |ap_return_2_preg                       |  16|   0|   24|          8|
    |ap_return_3_preg                       |  16|   0|   24|          8|
    |ap_return_4_preg                       |  16|   0|   24|          8|
    |ap_return_5_preg                       |  16|   0|   24|          8|
    |ap_return_6_preg                       |  16|   0|   24|          8|
    |ap_return_7_preg                       |  16|   0|   24|          8|
    |mult_10_reg_154235                     |  12|   0|   12|          0|
    |mult_11_reg_154250                     |  12|   0|   12|          0|
    |mult_12_reg_154260                     |  12|   0|   12|          0|
    |mult_13_reg_154265                     |   9|   0|    9|          0|
    |mult_14_reg_154270                     |   6|   0|    6|          0|
    |mult_15_reg_154275                     |  12|   0|   12|          0|
    |mult_16_reg_154325                     |  14|   0|   14|          0|
    |mult_17_reg_154340                     |  10|   0|   10|          0|
    |mult_18_reg_154345                     |   9|   0|    9|          0|
    |mult_19_reg_154360                     |  13|   0|   13|          0|
    |mult_1_reg_154180                      |  10|   0|   10|          0|
    |mult_20_reg_154365                     |  13|   0|   13|          0|
    |mult_21_reg_154380                     |  11|   0|   11|          0|
    |mult_22_reg_154385                     |  11|   0|   11|          0|
    |mult_24_reg_154395                     |   4|   0|    4|          0|
    |mult_25_reg_154400                     |  12|   0|   12|          0|
    |mult_26_reg_154405                     |  11|   0|   11|          0|
    |mult_27_reg_154410                     |   8|   0|    8|          0|
    |mult_28_reg_154415                     |  12|   0|   12|          0|
    |mult_29_reg_154420                     |  10|   0|   10|          0|
    |mult_2_reg_154185                      |  12|   0|   12|          0|
    |mult_30_reg_154435                     |  12|   0|   12|          0|
    |mult_31_reg_154440                     |  12|   0|   12|          0|
    |mult_32_reg_154445                     |  10|   0|   10|          0|
    |mult_33_reg_154455                     |  11|   0|   11|          0|
    |mult_34_reg_154460                     |   7|   0|    7|          0|
    |mult_35_reg_154465                     |  11|   0|   11|          0|
    |mult_36_reg_154470                     |  12|   0|   12|          0|
    |mult_37_reg_154475                     |  12|   0|   12|          0|
    |mult_38_reg_154480                     |  11|   0|   11|          0|
    |mult_39_reg_154485                     |  12|   0|   12|          0|
    |mult_3_reg_154190                      |  12|   0|   12|          0|
    |mult_40_reg_154490                     |  11|   0|   11|          0|
    |mult_41_reg_154495                     |  11|   0|   11|          0|
    |mult_42_reg_154500                     |  12|   0|   12|          0|
    |mult_43_reg_154505                     |  12|   0|   12|          0|
    |mult_45_reg_154515                     |  12|   0|   12|          0|
    |mult_46_reg_154535                     |  12|   0|   12|          0|
    |mult_47_reg_154540                     |  12|   0|   12|          0|
    |mult_48_reg_154545                     |  12|   0|   12|          0|
    |mult_49_reg_154560                     |  10|   0|   10|          0|
    |mult_4_reg_154195                      |  13|   0|   13|          0|
    |mult_50_reg_154945                     |  14|   0|   14|          0|
    |mult_51_reg_154585                     |  11|   0|   11|          0|
    |mult_52_reg_154590                     |   9|   0|    9|          0|
    |mult_53_reg_154595                     |  10|   0|   10|          0|
    |mult_54_reg_154605                     |  12|   0|   12|          0|
    |mult_55_reg_154610                     |  10|   0|   10|          0|
    |mult_56_reg_154615                     |  10|   0|   10|          0|
    |mult_57_reg_154620                     |  11|   0|   11|          0|
    |mult_58_reg_154635                     |  12|   0|   12|          0|
    |mult_59_reg_154640                     |  13|   0|   13|          0|
    |mult_60_reg_154645                     |  13|   0|   13|          0|
    |mult_61_reg_154655                     |  13|   0|   13|          0|
    |mult_62_reg_154680                     |  12|   0|   12|          0|
    |mult_63_reg_154685                     |  12|   0|   12|          0|
    |mult_65_reg_154715                     |  12|   0|   12|          0|
    |mult_66_reg_154720                     |  12|   0|   12|          0|
    |mult_67_reg_154740                     |  11|   0|   11|          0|
    |mult_68_reg_154750                     |  12|   0|   12|          0|
    |mult_69_reg_154755                     |  12|   0|   12|          0|
    |mult_6_reg_154205                      |  13|   0|   13|          0|
    |mult_70_reg_154765                     |   9|   0|    9|          0|
    |mult_71_reg_154780                     |  12|   0|   12|          0|
    |mult_72_reg_154785                     |  13|   0|   13|          0|
    |mult_73_reg_154800                     |  13|   0|   13|          0|
    |mult_74_reg_154805                     |  12|   0|   12|          0|
    |mult_75_reg_154825                     |   7|   0|    7|          0|
    |mult_76_reg_154835                     |  12|   0|   12|          0|
    |mult_77_reg_154840                     |  10|   0|   10|          0|
    |mult_78_reg_154850                     |  10|   0|   10|          0|
    |mult_79_reg_154855                     |  12|   0|   12|          0|
    |mult_7_reg_154210                      |  12|   0|   12|          0|
    |mult_80_reg_154865                     |  11|   0|   11|          0|
    |mult_81_reg_154880                     |  11|   0|   11|          0|
    |mult_82_reg_154885                     |   9|   0|    9|          0|
    |mult_83_reg_154895                     |   9|   0|    9|          0|
    |mult_84_reg_154900                     |  10|   0|   10|          0|
    |mult_85_reg_154910                     |  12|   0|   12|          0|
    |mult_86_reg_154920                     |   9|   0|    9|          0|
    |mult_87_reg_154925                     |   9|   0|    9|          0|
    |mult_8_reg_154215                      |  13|   0|   13|          0|
    |mult_9_reg_154230                      |  12|   0|   12|          0|
    |mult_reg_154175                        |  13|   0|   13|          0|
    |mult_s_reg_154170                      |   8|   0|    8|          0|
    |p_read1066_reg_154114                  |   9|   0|    9|          0|
    |p_read1066_reg_154114_pp0_iter1_reg    |   9|   0|    9|          0|
    |p_read1167_reg_154104                  |   9|   0|    9|          0|
    |p_read1268_reg_154096                  |   9|   0|    9|          0|
    |p_read1369_reg_154088                  |   9|   0|    9|          0|
    |p_read1369_reg_154088_pp0_iter1_reg    |   9|   0|    9|          0|
    |p_read1470_reg_154080                  |   9|   0|    9|          0|
    |p_read1571_reg_154071                  |   9|   0|    9|          0|
    |p_read1571_reg_154071_pp0_iter1_reg    |   9|   0|    9|          0|
    |p_read161_reg_154161                   |   9|   0|    9|          0|
    |p_read1772_reg_154062                  |   9|   0|    9|          0|
    |p_read1873_reg_154053                  |   9|   0|    9|          0|
    |p_read2074_reg_154043                  |   9|   0|    9|          0|
    |p_read2475_reg_154032                  |   9|   0|    9|          0|
    |p_read2475_reg_154032_pp0_iter1_reg    |   9|   0|    9|          0|
    |p_read2576_reg_154023                  |   9|   0|    9|          0|
    |p_read262_reg_154153                   |   9|   0|    9|          0|
    |p_read2677_reg_154013                  |   9|   0|    9|          0|
    |p_read2778_reg_154005                  |   9|   0|    9|          0|
    |p_read2979_reg_153998                  |   9|   0|    9|          0|
    |p_read3080_reg_153987                  |   9|   0|    9|          0|
    |p_read363_reg_154145                   |   9|   0|    9|          0|
    |p_read464_reg_154135                   |   9|   0|    9|          0|
    |p_read765_reg_154125                   |   9|   0|    9|          0|
    |tmp_161_reg_154225                     |  11|   0|   11|          0|
    |tmp_162_reg_154240                     |  11|   0|   11|          0|
    |tmp_163_reg_154245                     |   9|   0|    9|          0|
    |tmp_164_reg_154255                     |   9|   0|    9|          0|
    |tmp_165_reg_154280                     |   9|   0|    9|          0|
    |tmp_166_reg_154285                     |  12|   0|   12|          0|
    |tmp_167_reg_154290                     |  10|   0|   10|          0|
    |tmp_168_reg_154300                     |   6|   0|    6|          0|
    |tmp_169_reg_154305                     |   7|   0|    7|          0|
    |tmp_170_reg_154310                     |  10|   0|   10|          0|
    |tmp_171_reg_154315                     |   9|   0|    9|          0|
    |tmp_172_reg_154320                     |  12|   0|   12|          0|
    |tmp_173_reg_154330                     |   8|   0|    8|          0|
    |tmp_174_reg_154335                     |  11|   0|   11|          0|
    |tmp_175_reg_154350                     |  12|   0|   12|          0|
    |tmp_177_reg_154370                     |  10|   0|   10|          0|
    |tmp_178_reg_154375                     |  11|   0|   11|          0|
    |tmp_179_reg_154390                     |  10|   0|   10|          0|
    |tmp_180_reg_154430                     |  10|   0|   10|          0|
    |tmp_181_reg_154450                     |  11|   0|   11|          0|
    |tmp_182_reg_154510                     |  12|   0|   12|          0|
    |tmp_182_reg_154510_pp0_iter2_reg       |  12|   0|   12|          0|
    |tmp_183_reg_154520                     |   9|   0|    9|          0|
    |tmp_184_reg_154525                     |  10|   0|   10|          0|
    |tmp_185_reg_154530                     |  10|   0|   10|          0|
    |tmp_186_reg_154555                     |  10|   0|   10|          0|
    |tmp_187_reg_154565                     |   9|   0|    9|          0|
    |tmp_188_reg_154575                     |   9|   0|    9|          0|
    |tmp_189_reg_154580                     |  10|   0|   10|          0|
    |tmp_190_reg_154625                     |   7|   0|    7|          0|
    |tmp_190_reg_154625_pp0_iter2_reg       |   7|   0|    7|          0|
    |tmp_191_reg_154630                     |   9|   0|    9|          0|
    |tmp_192_reg_154660                     |  12|   0|   12|          0|
    |tmp_193_reg_154670                     |   9|   0|    9|          0|
    |tmp_194_reg_154675                     |  10|   0|   10|          0|
    |tmp_195_reg_154690                     |   8|   0|    8|          0|
    |tmp_196_reg_154695                     |   8|   0|    8|          0|
    |tmp_197_reg_154700                     |  10|   0|   10|          0|
    |tmp_198_reg_154705                     |  10|   0|   10|          0|
    |tmp_199_reg_154710                     |   9|   0|    9|          0|
    |tmp_200_reg_154725                     |   9|   0|    9|          0|
    |tmp_201_reg_154735                     |  10|   0|   10|          0|
    |tmp_202_reg_154745                     |  10|   0|   10|          0|
    |tmp_203_reg_154760                     |  10|   0|   10|          0|
    |tmp_204_reg_154770                     |   8|   0|    8|          0|
    |tmp_205_reg_154790                     |  10|   0|   10|          0|
    |tmp_206_reg_154810                     |  11|   0|   11|          0|
    |tmp_207_reg_154815                     |   8|   0|    8|          0|
    |tmp_208_reg_154820                     |   7|   0|    7|          0|
    |tmp_209_reg_154845                     |   9|   0|    9|          0|
    |tmp_211_reg_154860                     |   7|   0|    7|          0|
    |tmp_212_reg_154870                     |   7|   0|    7|          0|
    |tmp_213_reg_154890                     |   9|   0|    9|          0|
    |tmp_214_reg_154905                     |   8|   0|    8|          0|
    |tmp_215_reg_154915                     |  10|   0|   10|          0|
    |tmp_216_reg_154930                     |  11|   0|   11|          0|
    |tmp_217_reg_154935                     |  11|   0|   11|          0|
    |tmp_reg_154200                         |  12|   0|   12|          0|
    |trunc_ln17_10_reg_154730               |  12|   0|   12|          0|
    |trunc_ln17_11_reg_154775               |  11|   0|   11|          0|
    |trunc_ln17_12_reg_154795               |  11|   0|   11|          0|
    |trunc_ln17_13_reg_154830               |  12|   0|   12|          0|
    |trunc_ln17_14_reg_154875               |  11|   0|   11|          0|
    |trunc_ln17_1_reg_154220                |  11|   0|   11|          0|
    |trunc_ln17_2_reg_154355                |  11|   0|   11|          0|
    |trunc_ln17_3_reg_154425                |  11|   0|   11|          0|
    |trunc_ln17_4_reg_154550                |  11|   0|   11|          0|
    |trunc_ln17_5_reg_154570                |  11|   0|   11|          0|
    |trunc_ln17_6_reg_154600                |  11|   0|   11|          0|
    |trunc_ln17_7_reg_154650                |  12|   0|   12|          0|
    |trunc_ln17_8_reg_154665                |  12|   0|   12|          0|
    |trunc_ln17_s_reg_154295                |  10|   0|   10|          0|
    |x_1_reg_155165                         |  16|   0|   16|          0|
    |x_2_reg_155170                         |  16|   0|   16|          0|
    |x_3_reg_155175                         |  16|   0|   16|          0|
    |x_4_reg_155180                         |  16|   0|   16|          0|
    |x_5_reg_155185                         |  16|   0|   16|          0|
    |x_reg_155160                           |  16|   0|   16|          0|
    +---------------------------------------+----+----+-----+-----------+
    |Total                                  |2748|   0| 2812|         64|
    +---------------------------------------+----+----+-----+-----------+



================================================================
== Interface
================================================================
* Summary: 
+-------------+-----+-----+------------+------------------------------------------------------------------------------+--------------+
|  RTL Ports  | Dir | Bits|  Protocol  |                                 Source Object                                |    C Type    |
+-------------+-----+-----+------------+------------------------------------------------------------------------------+--------------+
|ap_clk       |   in|    1|  ap_ctrl_hs|  dense_latency<ap_ufixed<9, 0, 4, 0, 0>, ap_fixed<31, 13, 5, 3, 0>, config20>|  return value|
|ap_rst       |   in|    1|  ap_ctrl_hs|  dense_latency<ap_ufixed<9, 0, 4, 0, 0>, ap_fixed<31, 13, 5, 3, 0>, config20>|  return value|
|ap_start     |   in|    1|  ap_ctrl_hs|  dense_latency<ap_ufixed<9, 0, 4, 0, 0>, ap_fixed<31, 13, 5, 3, 0>, config20>|  return value|
|ap_done      |  out|    1|  ap_ctrl_hs|  dense_latency<ap_ufixed<9, 0, 4, 0, 0>, ap_fixed<31, 13, 5, 3, 0>, config20>|  return value|
|ap_continue  |   in|    1|  ap_ctrl_hs|  dense_latency<ap_ufixed<9, 0, 4, 0, 0>, ap_fixed<31, 13, 5, 3, 0>, config20>|  return value|
|ap_idle      |  out|    1|  ap_ctrl_hs|  dense_latency<ap_ufixed<9, 0, 4, 0, 0>, ap_fixed<31, 13, 5, 3, 0>, config20>|  return value|
|ap_ready     |  out|    1|  ap_ctrl_hs|  dense_latency<ap_ufixed<9, 0, 4, 0, 0>, ap_fixed<31, 13, 5, 3, 0>, config20>|  return value|
|ap_return_0  |  out|   24|  ap_ctrl_hs|  dense_latency<ap_ufixed<9, 0, 4, 0, 0>, ap_fixed<31, 13, 5, 3, 0>, config20>|  return value|
|ap_return_1  |  out|   24|  ap_ctrl_hs|  dense_latency<ap_ufixed<9, 0, 4, 0, 0>, ap_fixed<31, 13, 5, 3, 0>, config20>|  return value|
|ap_return_2  |  out|   24|  ap_ctrl_hs|  dense_latency<ap_ufixed<9, 0, 4, 0, 0>, ap_fixed<31, 13, 5, 3, 0>, config20>|  return value|
|ap_return_3  |  out|   24|  ap_ctrl_hs|  dense_latency<ap_ufixed<9, 0, 4, 0, 0>, ap_fixed<31, 13, 5, 3, 0>, config20>|  return value|
|ap_return_4  |  out|   24|  ap_ctrl_hs|  dense_latency<ap_ufixed<9, 0, 4, 0, 0>, ap_fixed<31, 13, 5, 3, 0>, config20>|  return value|
|ap_return_5  |  out|   24|  ap_ctrl_hs|  dense_latency<ap_ufixed<9, 0, 4, 0, 0>, ap_fixed<31, 13, 5, 3, 0>, config20>|  return value|
|ap_return_6  |  out|   24|  ap_ctrl_hs|  dense_latency<ap_ufixed<9, 0, 4, 0, 0>, ap_fixed<31, 13, 5, 3, 0>, config20>|  return value|
|ap_return_7  |  out|   24|  ap_ctrl_hs|  dense_latency<ap_ufixed<9, 0, 4, 0, 0>, ap_fixed<31, 13, 5, 3, 0>, config20>|  return value|
|p_read1      |   in|    9|     ap_none|                                                                       p_read1|        scalar|
|p_read2      |   in|    9|     ap_none|                                                                       p_read2|        scalar|
|p_read3      |   in|    9|     ap_none|                                                                       p_read3|        scalar|
|p_read4      |   in|    9|     ap_none|                                                                       p_read4|        scalar|
|p_read7      |   in|    9|     ap_none|                                                                       p_read7|        scalar|
|p_read10     |   in|    9|     ap_none|                                                                      p_read10|        scalar|
|p_read11     |   in|    9|     ap_none|                                                                      p_read11|        scalar|
|p_read12     |   in|    9|     ap_none|                                                                      p_read12|        scalar|
|p_read13     |   in|    9|     ap_none|                                                                      p_read13|        scalar|
|p_read14     |   in|    9|     ap_none|                                                                      p_read14|        scalar|
|p_read15     |   in|    9|     ap_none|                                                                      p_read15|        scalar|
|p_read17     |   in|    9|     ap_none|                                                                      p_read17|        scalar|
|p_read18     |   in|    9|     ap_none|                                                                      p_read18|        scalar|
|p_read20     |   in|    9|     ap_none|                                                                      p_read20|        scalar|
|p_read24     |   in|    9|     ap_none|                                                                      p_read24|        scalar|
|p_read25     |   in|    9|     ap_none|                                                                      p_read25|        scalar|
|p_read26     |   in|    9|     ap_none|                                                                      p_read26|        scalar|
|p_read27     |   in|    9|     ap_none|                                                                      p_read27|        scalar|
|p_read29     |   in|    9|     ap_none|                                                                      p_read29|        scalar|
|p_read30     |   in|    9|     ap_none|                                                                      p_read30|        scalar|
+-------------+-----+-----+------------+------------------------------------------------------------------------------+--------------+

