

================================================================
== Vitis HLS Report for 'dense_latency_ap_ufixed_9_0_4_0_0_ap_fixed_10_6_0_0_0_config22_s'
================================================================
* Date:           Tue Oct 29 14:12:41 2024

* Version:        2023.2 (Build 4023990 on Oct 11 2023)
* Project:        JetTaggerNN_prj
* Solution:       solution1 (Vivado IP Flow Target)
* Product family: virtexuplus
* Target device:  xcvu9p-flga2104-2L-e


================================================================
== Performance Estimates
================================================================
+ Timing: 
    * Summary: 
    +--------+---------+----------+------------+
    |  Clock |  Target | Estimated| Uncertainty|
    +--------+---------+----------+------------+
    |ap_clk  |  2.80 ns|  1.860 ns|     0.76 ns|
    +--------+---------+----------+------------+

+ Latency: 
    * Summary: 
    +---------+---------+-----------+-----------+-----+-----+---------+
    |  Latency (cycles) |   Latency (absolute)  |  Interval | Pipeline|
    |   min   |   max   |    min    |    max    | min | max |   Type  |
    +---------+---------+-----------+-----------+-----+-----+---------+
    |        5|        5|  14.000 ns|  14.000 ns|    1|    1|      yes|
    +---------+---------+-----------+-----------+-----+-----+---------+

    + Detail: 
        * Instance: 
        N/A

        * Loop: 
        N/A



================================================================
== Utilization Estimates
================================================================
* Summary: 
+---------------------+---------+------+---------+---------+-----+
|         Name        | BRAM_18K|  DSP |    FF   |   LUT   | URAM|
+---------------------+---------+------+---------+---------+-----+
|DSP                  |        -|     -|        -|        -|    -|
|Expression           |        -|     -|        0|      311|    -|
|FIFO                 |        -|     -|        -|        -|    -|
|Instance             |        -|     1|        0|      545|    -|
|Memory               |        -|     -|        -|        -|    -|
|Multiplexer          |        -|     -|        -|       18|    -|
|Register             |        -|     -|      332|        -|    -|
+---------------------+---------+------+---------+---------+-----+
|Total                |        0|     1|      332|      874|    0|
+---------------------+---------+------+---------+---------+-----+
|Available SLR        |     1440|  2280|   788160|   394080|  320|
+---------------------+---------+------+---------+---------+-----+
|Utilization SLR (%)  |        0|    ~0|       ~0|       ~0|    0|
+---------------------+---------+------+---------+---------+-----+
|Available            |     4320|  6840|  2364480|  1182240|  960|
+---------------------+---------+------+---------+---------+-----+
|Utilization (%)      |        0|    ~0|       ~0|       ~0|    0|
+---------------------+---------+------+---------+---------+-----+

+ Detail: 
    * Instance: 
    +---------------------------+---------------------+---------+----+---+----+-----+
    |          Instance         |        Module       | BRAM_18K| DSP| FF| LUT| URAM|
    +---------------------------+---------------------+---------+----+---+----+-----+
    |mul_9ns_11ns_19_1_1_U5663  |mul_9ns_11ns_19_1_1  |        0|   1|  0|   6|    0|
    |mul_9ns_8ns_16_1_1_U5659   |mul_9ns_8ns_16_1_1   |        0|   0|  0|  49|    0|
    |mul_9ns_8ns_16_1_1_U5665   |mul_9ns_8ns_16_1_1   |        0|   0|  0|  49|    0|
    |mul_9ns_8ns_16_1_1_U5667   |mul_9ns_8ns_16_1_1   |        0|   0|  0|  49|    0|
    |mul_9ns_8s_17_1_1_U5664    |mul_9ns_8s_17_1_1    |        0|   0|  0|  49|    0|
    |mul_9ns_9ns_17_1_1_U5660   |mul_9ns_9ns_17_1_1   |        0|   0|  0|  49|    0|
    |mul_9ns_9ns_17_1_1_U5662   |mul_9ns_9ns_17_1_1   |        0|   0|  0|  49|    0|
    |mul_9ns_9ns_17_1_1_U5666   |mul_9ns_9ns_17_1_1   |        0|   0|  0|  49|    0|
    |mul_9ns_9ns_17_1_1_U5668   |mul_9ns_9ns_17_1_1   |        0|   0|  0|  49|    0|
    |mul_9ns_9ns_17_1_1_U5669   |mul_9ns_9ns_17_1_1   |        0|   0|  0|  49|    0|
    |mul_9ns_9s_18_1_1_U5661    |mul_9ns_9s_18_1_1    |        0|   0|  0|  49|    0|
    |mul_9ns_9s_18_1_1_U5670    |mul_9ns_9s_18_1_1    |        0|   0|  0|  49|    0|
    +---------------------------+---------------------+---------+----+---+----+-----+
    |Total                      |                     |        0|   1|  0| 545|    0|
    +---------------------------+---------------------+---------+----+---+----+-----+

    * DSP: 
    N/A

    * Memory: 
    N/A

    * FIFO: 
    N/A

    * Expression: 
    +---------------------------+----------+----+---+----+------------+------------+
    |       Variable Name       | Operation| DSP| FF| LUT| Bitwidth P0| Bitwidth P1|
    +---------------------------+----------+----+---+----+------------+------------+
    |add_ln111_fu_2182_p2       |         +|   0|  0|  16|           9|           9|
    |add_ln58_617_fu_2026_p2    |         +|   0|  0|  17|          11|          11|
    |add_ln58_618_fu_2034_p2    |         +|   0|  0|  17|          11|          11|
    |add_ln58_619_fu_2047_p2    |         +|   0|  0|  18|          10|          10|
    |add_ln58_620_fu_2053_p2    |         +|   0|  0|  18|          10|          10|
    |add_ln58_621_fu_2063_p2    |         +|   0|  0|  19|          12|          12|
    |add_ln58_622_fu_2072_p2    |         +|   0|  0|  17|          10|          10|
    |add_ln58_623_fu_2084_p2    |         +|   0|  0|  18|          11|          11|
    |add_ln58_624_fu_2094_p2    |         +|   0|  0|  19|          12|          12|
    |add_ln58_625_fu_2107_p2    |         +|   0|  0|  18|          11|          11|
    |add_ln58_626_fu_2122_p2    |         +|   0|  0|  19|          12|          12|
    |add_ln58_627_fu_2132_p2    |         +|   0|  0|  20|          13|          13|
    |add_ln58_fu_2020_p2        |         +|   0|  0|  17|          10|           6|
    |add_ln73_fu_1905_p2        |         +|   0|  0|  25|          18|          18|
    |x_fu_2144_p2               |         +|   0|  0|  21|          14|          14|
    |and_ln111_1_fu_2210_p2     |       and|   0|  0|   2|           1|           1|
    |and_ln111_fu_2200_p2       |       and|   0|  0|   2|           1|           1|
    |ap_block_pp0_stage0_11001  |        or|   0|  0|   2|           1|           1|
    |select_ln111_1_fu_2224_p3  |    select|   0|  0|  10|           1|           9|
    |select_ln111_2_fu_2232_p3  |    select|   0|  0|  10|           1|          10|
    |select_ln111_fu_2216_p3    |    select|   0|  0|   2|           1|           1|
    |ap_enable_pp0              |       xor|   0|  0|   2|           1|           2|
    |xor_ln111_fu_2205_p2       |       xor|   0|  0|   2|           1|           2|
    +---------------------------+----------+----+---+----+------------+------------+
    |Total                      |          |   0|  0| 311|         182|         197|
    +---------------------------+----------+----+---+----+------------+------------+

    * Multiplexer: 
    +-----------+----+-----------+-----+-----------+
    |    Name   | LUT| Input Size| Bits| Total Bits|
    +-----------+----+-----------+-----+-----------+
    |ap_done    |   9|          2|    1|          2|
    |ap_return  |   9|          2|   10|         20|
    +-----------+----+-----------+-----+-----------+
    |Total      |  18|          4|   11|         22|
    +-----------+----+-----------+-----+-----------+

    * Register: 
    +-------------------------------------+----+----+-----+-----------+
    |                 Name                | FF | LUT| Bits| Const Bits|
    +-------------------------------------+----+----+-----+-----------+
    |add_ln58_621_reg_2371                |  12|   0|   12|          0|
    |add_ln58_621_reg_2371_pp0_iter3_reg  |  12|   0|   12|          0|
    |add_ln58_624_reg_2376                |  12|   0|   12|          0|
    |add_ln58_625_reg_2381                |  11|   0|   11|          0|
    |add_ln58_627_reg_2386                |  13|   0|   13|          0|
    |ap_CS_fsm                            |   1|   0|    1|          0|
    |ap_done_reg                          |   1|   0|    1|          0|
    |ap_enable_reg_pp0_iter1              |   1|   0|    1|          0|
    |ap_enable_reg_pp0_iter2              |   1|   0|    1|          0|
    |ap_enable_reg_pp0_iter3              |   1|   0|    1|          0|
    |ap_enable_reg_pp0_iter4              |   1|   0|    1|          0|
    |ap_enable_reg_pp0_iter5              |   1|   0|    1|          0|
    |ap_return_preg                       |  10|   0|   10|          0|
    |p_read1125_reg_2276                  |   9|   0|    9|          0|
    |p_read1526_reg_2271                  |   9|   0|    9|          0|
    |p_read1827_reg_2265                  |   9|   0|    9|          0|
    |p_read1928_reg_2260                  |   9|   0|    9|          0|
    |p_read2229_reg_2255                  |   9|   0|    9|          0|
    |p_read2530_reg_2250                  |   9|   0|    9|          0|
    |p_read2831_reg_2245                  |   9|   0|    9|          0|
    |p_read3132_reg_2240                  |   9|   0|    9|          0|
    |p_read321_reg_2296                   |   9|   0|    9|          0|
    |p_read422_reg_2291                   |   9|   0|    9|          0|
    |p_read623_reg_2286                   |   9|   0|    9|          0|
    |p_read924_reg_2281                   |   9|   0|    9|          0|
    |p_read924_reg_2281_pp0_iter1_reg     |   9|   0|    9|          0|
    |p_read_2458_reg_2301                 |   9|   0|    9|          0|
    |tmp_368_reg_2316                     |   9|   0|    9|          0|
    |tmp_369_reg_2326                     |   9|   0|    9|          0|
    |tmp_370_reg_2331                     |   9|   0|    9|          0|
    |tmp_371_reg_2336                     |  10|   0|   10|          0|
    |tmp_373_reg_2351                     |   9|   0|    9|          0|
    |tmp_374_reg_2356                     |   8|   0|    8|          0|
    |tmp_376_reg_2361                     |   8|   0|    8|          0|
    |tmp_4788_reg_2391                    |   1|   0|    1|          0|
    |tmp_4789_reg_2402                    |   1|   0|    1|          0|
    |tmp_reg_2306                         |   9|   0|    9|          0|
    |trunc_ln42_238_reg_2321              |  10|   0|   10|          0|
    |trunc_ln42_239_reg_2366              |   9|   0|    9|          0|
    |trunc_ln42_s_reg_2311                |  10|   0|   10|          0|
    |trunc_ln70_3_reg_2341                |   8|   0|    8|          0|
    |trunc_ln70_4_reg_2346                |  11|   0|   11|          0|
    |trunc_ln9_reg_2397                   |   8|   0|    8|          0|
    +-------------------------------------+----+----+-----+-----------+
    |Total                                | 332|   0|  332|          0|
    +-------------------------------------+----+----+-----+-----------+



================================================================
== Interface
================================================================
* Summary: 
+-------------+-----+-----+------------+-----------------------------------------------------------------------------+--------------+
|  RTL Ports  | Dir | Bits|  Protocol  |                                Source Object                                |    C Type    |
+-------------+-----+-----+------------+-----------------------------------------------------------------------------+--------------+
|ap_clk       |   in|    1|  ap_ctrl_hs|  dense_latency<ap_ufixed<9, 0, 4, 0, 0>, ap_fixed<10, 6, 0, 0, 0>, config22>|  return value|
|ap_rst       |   in|    1|  ap_ctrl_hs|  dense_latency<ap_ufixed<9, 0, 4, 0, 0>, ap_fixed<10, 6, 0, 0, 0>, config22>|  return value|
|ap_start     |   in|    1|  ap_ctrl_hs|  dense_latency<ap_ufixed<9, 0, 4, 0, 0>, ap_fixed<10, 6, 0, 0, 0>, config22>|  return value|
|ap_done      |  out|    1|  ap_ctrl_hs|  dense_latency<ap_ufixed<9, 0, 4, 0, 0>, ap_fixed<10, 6, 0, 0, 0>, config22>|  return value|
|ap_continue  |   in|    1|  ap_ctrl_hs|  dense_latency<ap_ufixed<9, 0, 4, 0, 0>, ap_fixed<10, 6, 0, 0, 0>, config22>|  return value|
|ap_idle      |  out|    1|  ap_ctrl_hs|  dense_latency<ap_ufixed<9, 0, 4, 0, 0>, ap_fixed<10, 6, 0, 0, 0>, config22>|  return value|
|ap_ready     |  out|    1|  ap_ctrl_hs|  dense_latency<ap_ufixed<9, 0, 4, 0, 0>, ap_fixed<10, 6, 0, 0, 0>, config22>|  return value|
|ap_return    |  out|   10|  ap_ctrl_hs|  dense_latency<ap_ufixed<9, 0, 4, 0, 0>, ap_fixed<10, 6, 0, 0, 0>, config22>|  return value|
|p_read       |   in|    9|     ap_none|                                                                       p_read|        scalar|
|p_read3      |   in|    9|     ap_none|                                                                      p_read3|        scalar|
|p_read4      |   in|    9|     ap_none|                                                                      p_read4|        scalar|
|p_read6      |   in|    9|     ap_none|                                                                      p_read6|        scalar|
|p_read9      |   in|    9|     ap_none|                                                                      p_read9|        scalar|
|p_read11     |   in|    9|     ap_none|                                                                     p_read11|        scalar|
|p_read15     |   in|    9|     ap_none|                                                                     p_read15|        scalar|
|p_read18     |   in|    9|     ap_none|                                                                     p_read18|        scalar|
|p_read19     |   in|    9|     ap_none|                                                                     p_read19|        scalar|
|p_read22     |   in|    9|     ap_none|                                                                     p_read22|        scalar|
|p_read25     |   in|    9|     ap_none|                                                                     p_read25|        scalar|
|p_read28     |   in|    9|     ap_none|                                                                     p_read28|        scalar|
|p_read31     |   in|    9|     ap_none|                                                                     p_read31|        scalar|
+-------------+-----+-----+------------+-----------------------------------------------------------------------------+--------------+

