

================================================================
== Vitis HLS Report for 'dense_latency_ap_ufixed_9_0_4_0_0_ap_fixed_24_9_5_3_0_config16_s'
================================================================
* Date:           Tue Oct 29 14:12:35 2024

* Version:        2023.2 (Build 4023990 on Oct 11 2023)
* Project:        JetTaggerNN_prj
* Solution:       solution1 (Vivado IP Flow Target)
* Product family: virtexuplus
* Target device:  xcvu9p-flga2104-2L-e


================================================================
== Performance Estimates
================================================================
+ Timing: 
    * Summary: 
    +--------+---------+----------+------------+
    |  Clock |  Target | Estimated| Uncertainty|
    +--------+---------+----------+------------+
    |ap_clk  |  2.80 ns|  1.563 ns|     0.76 ns|
    +--------+---------+----------+------------+

+ Latency: 
    * Summary: 
    +---------+---------+-----------+-----------+-----+-----+---------+
    |  Latency (cycles) |   Latency (absolute)  |  Interval | Pipeline|
    |   min   |   max   |    min    |    max    | min | max |   Type  |
    +---------+---------+-----------+-----------+-----+-----+---------+
    |        4|        4|  11.200 ns|  11.200 ns|    1|    1|      yes|
    +---------+---------+-----------+-----------+-----+-----+---------+

    + Detail: 
        * Instance: 
        N/A

        * Loop: 
        N/A



================================================================
== Utilization Estimates
================================================================
* Summary: 
+---------------------+---------+------+---------+---------+-----+
|         Name        | BRAM_18K|  DSP |    FF   |   LUT   | URAM|
+---------------------+---------+------+---------+---------+-----+
|DSP                  |        -|     -|        -|        -|    -|
|Expression           |        -|     -|        0|     5080|    -|
|FIFO                 |        -|     -|        -|        -|    -|
|Instance             |        -|     0|        0|     4459|    -|
|Memory               |        -|     -|        -|        -|    -|
|Multiplexer          |        -|     -|        -|      126|    -|
|Register             |        -|     -|     2874|       64|    -|
+---------------------+---------+------+---------+---------+-----+
|Total                |        0|     0|     2874|     9729|    0|
+---------------------+---------+------+---------+---------+-----+
|Available SLR        |     1440|  2280|   788160|   394080|  320|
+---------------------+---------+------+---------+---------+-----+
|Utilization SLR (%)  |        0|     0|       ~0|        2|    0|
+---------------------+---------+------+---------+---------+-----+
|Available            |     4320|  6840|  2364480|  1182240|  960|
+---------------------+---------+------+---------+---------+-----+
|Utilization (%)      |        0|     0|       ~0|       ~0|    0|
+---------------------+---------+------+---------+---------+-----+

+ Detail: 
    * Instance: 
    +--------------------------+--------------------+---------+----+---+----+-----+
    |         Instance         |       Module       | BRAM_18K| DSP| FF| LUT| URAM|
    +--------------------------+--------------------+---------+----+---+----+-----+
    |mul_9ns_5ns_13_1_1_U5362  |mul_9ns_5ns_13_1_1  |        0|   0|  0|  49|    0|
    |mul_9ns_5ns_13_1_1_U5372  |mul_9ns_5ns_13_1_1  |        0|   0|  0|  49|    0|
    |mul_9ns_5ns_13_1_1_U5376  |mul_9ns_5ns_13_1_1  |        0|   0|  0|  49|    0|
    |mul_9ns_5ns_13_1_1_U5383  |mul_9ns_5ns_13_1_1  |        0|   0|  0|  49|    0|
    |mul_9ns_5ns_13_1_1_U5420  |mul_9ns_5ns_13_1_1  |        0|   0|  0|  49|    0|
    |mul_9ns_5s_14_1_1_U5389   |mul_9ns_5s_14_1_1   |        0|   0|  0|  49|    0|
    |mul_9ns_5s_14_1_1_U5408   |mul_9ns_5s_14_1_1   |        0|   0|  0|  49|    0|
    |mul_9ns_5s_14_1_1_U5418   |mul_9ns_5s_14_1_1   |        0|   0|  0|  49|    0|
    |mul_9ns_5s_14_1_1_U5436   |mul_9ns_5s_14_1_1   |        0|   0|  0|  49|    0|
    |mul_9ns_6ns_14_1_1_U5352  |mul_9ns_6ns_14_1_1  |        0|   0|  0|  49|    0|
    |mul_9ns_6ns_14_1_1_U5353  |mul_9ns_6ns_14_1_1  |        0|   0|  0|  49|    0|
    |mul_9ns_6ns_14_1_1_U5357  |mul_9ns_6ns_14_1_1  |        0|   0|  0|  49|    0|
    |mul_9ns_6ns_14_1_1_U5358  |mul_9ns_6ns_14_1_1  |        0|   0|  0|  49|    0|
    |mul_9ns_6ns_14_1_1_U5360  |mul_9ns_6ns_14_1_1  |        0|   0|  0|  49|    0|
    |mul_9ns_6ns_14_1_1_U5364  |mul_9ns_6ns_14_1_1  |        0|   0|  0|  49|    0|
    |mul_9ns_6ns_14_1_1_U5386  |mul_9ns_6ns_14_1_1  |        0|   0|  0|  49|    0|
    |mul_9ns_6ns_14_1_1_U5390  |mul_9ns_6ns_14_1_1  |        0|   0|  0|  49|    0|
    |mul_9ns_6ns_14_1_1_U5400  |mul_9ns_6ns_14_1_1  |        0|   0|  0|  49|    0|
    |mul_9ns_6ns_14_1_1_U5427  |mul_9ns_6ns_14_1_1  |        0|   0|  0|  49|    0|
    |mul_9ns_6ns_14_1_1_U5428  |mul_9ns_6ns_14_1_1  |        0|   0|  0|  49|    0|
    |mul_9ns_6ns_14_1_1_U5435  |mul_9ns_6ns_14_1_1  |        0|   0|  0|  49|    0|
    |mul_9ns_6s_15_1_1_U5349   |mul_9ns_6s_15_1_1   |        0|   0|  0|  49|    0|
    |mul_9ns_6s_15_1_1_U5354   |mul_9ns_6s_15_1_1   |        0|   0|  0|  49|    0|
    |mul_9ns_6s_15_1_1_U5363   |mul_9ns_6s_15_1_1   |        0|   0|  0|  49|    0|
    |mul_9ns_6s_15_1_1_U5369   |mul_9ns_6s_15_1_1   |        0|   0|  0|  49|    0|
    |mul_9ns_6s_15_1_1_U5370   |mul_9ns_6s_15_1_1   |        0|   0|  0|  49|    0|
    |mul_9ns_6s_15_1_1_U5373   |mul_9ns_6s_15_1_1   |        0|   0|  0|  49|    0|
    |mul_9ns_6s_15_1_1_U5384   |mul_9ns_6s_15_1_1   |        0|   0|  0|  49|    0|
    |mul_9ns_6s_15_1_1_U5388   |mul_9ns_6s_15_1_1   |        0|   0|  0|  49|    0|
    |mul_9ns_6s_15_1_1_U5394   |mul_9ns_6s_15_1_1   |        0|   0|  0|  49|    0|
    |mul_9ns_6s_15_1_1_U5401   |mul_9ns_6s_15_1_1   |        0|   0|  0|  49|    0|
    |mul_9ns_6s_15_1_1_U5403   |mul_9ns_6s_15_1_1   |        0|   0|  0|  49|    0|
    |mul_9ns_6s_15_1_1_U5410   |mul_9ns_6s_15_1_1   |        0|   0|  0|  49|    0|
    |mul_9ns_6s_15_1_1_U5419   |mul_9ns_6s_15_1_1   |        0|   0|  0|  49|    0|
    |mul_9ns_6s_15_1_1_U5422   |mul_9ns_6s_15_1_1   |        0|   0|  0|  49|    0|
    |mul_9ns_6s_15_1_1_U5423   |mul_9ns_6s_15_1_1   |        0|   0|  0|  49|    0|
    |mul_9ns_7ns_15_1_1_U5350  |mul_9ns_7ns_15_1_1  |        0|   0|  0|  49|    0|
    |mul_9ns_7ns_15_1_1_U5351  |mul_9ns_7ns_15_1_1  |        0|   0|  0|  49|    0|
    |mul_9ns_7ns_15_1_1_U5355  |mul_9ns_7ns_15_1_1  |        0|   0|  0|  49|    0|
    |mul_9ns_7ns_15_1_1_U5374  |mul_9ns_7ns_15_1_1  |        0|   0|  0|  49|    0|
    |mul_9ns_7ns_15_1_1_U5382  |mul_9ns_7ns_15_1_1  |        0|   0|  0|  49|    0|
    |mul_9ns_7ns_15_1_1_U5392  |mul_9ns_7ns_15_1_1  |        0|   0|  0|  49|    0|
    |mul_9ns_7ns_15_1_1_U5393  |mul_9ns_7ns_15_1_1  |        0|   0|  0|  49|    0|
    |mul_9ns_7ns_15_1_1_U5396  |mul_9ns_7ns_15_1_1  |        0|   0|  0|  49|    0|
    |mul_9ns_7ns_15_1_1_U5404  |mul_9ns_7ns_15_1_1  |        0|   0|  0|  49|    0|
    |mul_9ns_7ns_15_1_1_U5411  |mul_9ns_7ns_15_1_1  |        0|   0|  0|  49|    0|
    |mul_9ns_7ns_15_1_1_U5414  |mul_9ns_7ns_15_1_1  |        0|   0|  0|  49|    0|
    |mul_9ns_7ns_15_1_1_U5416  |mul_9ns_7ns_15_1_1  |        0|   0|  0|  49|    0|
    |mul_9ns_7ns_15_1_1_U5434  |mul_9ns_7ns_15_1_1  |        0|   0|  0|  49|    0|
    |mul_9ns_7s_16_1_1_U5366   |mul_9ns_7s_16_1_1   |        0|   0|  0|  49|    0|
    |mul_9ns_7s_16_1_1_U5367   |mul_9ns_7s_16_1_1   |        0|   0|  0|  49|    0|
    |mul_9ns_7s_16_1_1_U5368   |mul_9ns_7s_16_1_1   |        0|   0|  0|  49|    0|
    |mul_9ns_7s_16_1_1_U5371   |mul_9ns_7s_16_1_1   |        0|   0|  0|  49|    0|
    |mul_9ns_7s_16_1_1_U5381   |mul_9ns_7s_16_1_1   |        0|   0|  0|  49|    0|
    |mul_9ns_7s_16_1_1_U5391   |mul_9ns_7s_16_1_1   |        0|   0|  0|  49|    0|
    |mul_9ns_7s_16_1_1_U5395   |mul_9ns_7s_16_1_1   |        0|   0|  0|  49|    0|
    |mul_9ns_7s_16_1_1_U5398   |mul_9ns_7s_16_1_1   |        0|   0|  0|  49|    0|
    |mul_9ns_7s_16_1_1_U5399   |mul_9ns_7s_16_1_1   |        0|   0|  0|  49|    0|
    |mul_9ns_7s_16_1_1_U5409   |mul_9ns_7s_16_1_1   |        0|   0|  0|  49|    0|
    |mul_9ns_7s_16_1_1_U5413   |mul_9ns_7s_16_1_1   |        0|   0|  0|  49|    0|
    |mul_9ns_7s_16_1_1_U5421   |mul_9ns_7s_16_1_1   |        0|   0|  0|  49|    0|
    |mul_9ns_7s_16_1_1_U5425   |mul_9ns_7s_16_1_1   |        0|   0|  0|  49|    0|
    |mul_9ns_7s_16_1_1_U5431   |mul_9ns_7s_16_1_1   |        0|   0|  0|  49|    0|
    |mul_9ns_7s_16_1_1_U5432   |mul_9ns_7s_16_1_1   |        0|   0|  0|  49|    0|
    |mul_9ns_7s_16_1_1_U5438   |mul_9ns_7s_16_1_1   |        0|   0|  0|  49|    0|
    |mul_9ns_8ns_16_1_1_U5359  |mul_9ns_8ns_16_1_1  |        0|   0|  0|  49|    0|
    |mul_9ns_8ns_16_1_1_U5365  |mul_9ns_8ns_16_1_1  |        0|   0|  0|  49|    0|
    |mul_9ns_8ns_16_1_1_U5379  |mul_9ns_8ns_16_1_1  |        0|   0|  0|  49|    0|
    |mul_9ns_8ns_16_1_1_U5385  |mul_9ns_8ns_16_1_1  |        0|   0|  0|  49|    0|
    |mul_9ns_8ns_16_1_1_U5406  |mul_9ns_8ns_16_1_1  |        0|   0|  0|  49|    0|
    |mul_9ns_8ns_16_1_1_U5412  |mul_9ns_8ns_16_1_1  |        0|   0|  0|  49|    0|
    |mul_9ns_8ns_16_1_1_U5424  |mul_9ns_8ns_16_1_1  |        0|   0|  0|  49|    0|
    |mul_9ns_8ns_16_1_1_U5429  |mul_9ns_8ns_16_1_1  |        0|   0|  0|  49|    0|
    |mul_9ns_8s_17_1_1_U5356   |mul_9ns_8s_17_1_1   |        0|   0|  0|  49|    0|
    |mul_9ns_8s_17_1_1_U5375   |mul_9ns_8s_17_1_1   |        0|   0|  0|  49|    0|
    |mul_9ns_8s_17_1_1_U5377   |mul_9ns_8s_17_1_1   |        0|   0|  0|  49|    0|
    |mul_9ns_8s_17_1_1_U5378   |mul_9ns_8s_17_1_1   |        0|   0|  0|  49|    0|
    |mul_9ns_8s_17_1_1_U5380   |mul_9ns_8s_17_1_1   |        0|   0|  0|  49|    0|
    |mul_9ns_8s_17_1_1_U5387   |mul_9ns_8s_17_1_1   |        0|   0|  0|  49|    0|
    |mul_9ns_8s_17_1_1_U5397   |mul_9ns_8s_17_1_1   |        0|   0|  0|  49|    0|
    |mul_9ns_8s_17_1_1_U5402   |mul_9ns_8s_17_1_1   |        0|   0|  0|  49|    0|
    |mul_9ns_8s_17_1_1_U5405   |mul_9ns_8s_17_1_1   |        0|   0|  0|  49|    0|
    |mul_9ns_8s_17_1_1_U5407   |mul_9ns_8s_17_1_1   |        0|   0|  0|  49|    0|
    |mul_9ns_8s_17_1_1_U5415   |mul_9ns_8s_17_1_1   |        0|   0|  0|  49|    0|
    |mul_9ns_8s_17_1_1_U5417   |mul_9ns_8s_17_1_1   |        0|   0|  0|  49|    0|
    |mul_9ns_8s_17_1_1_U5426   |mul_9ns_8s_17_1_1   |        0|   0|  0|  49|    0|
    |mul_9ns_8s_17_1_1_U5430   |mul_9ns_8s_17_1_1   |        0|   0|  0|  49|    0|
    |mul_9ns_8s_17_1_1_U5433   |mul_9ns_8s_17_1_1   |        0|   0|  0|  49|    0|
    |mul_9ns_8s_17_1_1_U5437   |mul_9ns_8s_17_1_1   |        0|   0|  0|  49|    0|
    |mul_9ns_8s_17_1_1_U5439   |mul_9ns_8s_17_1_1   |        0|   0|  0|  49|    0|
    |mul_9ns_9s_18_1_1_U5361   |mul_9ns_9s_18_1_1   |        0|   0|  0|  49|    0|
    +--------------------------+--------------------+---------+----+---+----+-----+
    |Total                     |                    |        0|   0|  0|4459|    0|
    +--------------------------+--------------------+---------+----+---+----+-----+

    * DSP: 
    N/A

    * Memory: 
    N/A

    * FIFO: 
    N/A

    * Expression: 
    +---------------------------+----------+----+---+----+------------+------------+
    |       Variable Name       | Operation| DSP| FF| LUT| Bitwidth P0| Bitwidth P1|
    +---------------------------+----------+----+---+----+------------+------------+
    |add_ln42_10_fu_62758_p2    |         +|   0|  0|  22|          15|          15|
    |add_ln42_11_fu_63286_p2    |         +|   0|  0|  22|          15|          15|
    |add_ln42_12_fu_63418_p2    |         +|   0|  0|  20|          13|          13|
    |add_ln42_13_fu_63541_p2    |         +|   0|  0|  19|          12|          12|
    |add_ln42_2_fu_60367_p2     |         +|   0|  0|  19|          12|          12|
    |add_ln42_3_fu_60596_p2     |         +|   0|  0|  21|          14|          14|
    |add_ln42_4_fu_61431_p2     |         +|   0|  0|  23|          16|          16|
    |add_ln42_5_fu_60759_p2     |         +|   0|  0|  23|          16|          16|
    |add_ln42_6_fu_60786_p2     |         +|   0|  0|  20|          13|          13|
    |add_ln42_7_fu_61740_p2     |         +|   0|  0|  21|          14|          14|
    |add_ln42_8_fu_62264_p2     |         +|   0|  0|  19|          12|          12|
    |add_ln42_9_fu_62617_p2     |         +|   0|  0|  19|          12|          12|
    |add_ln42_fu_60301_p2       |         +|   0|  0|  22|          15|          15|
    |add_ln58_160_fu_63920_p2   |         +|   0|  0|  17|          11|          10|
    |add_ln58_161_fu_63926_p2   |         +|   0|  0|  18|          11|          11|
    |add_ln58_162_fu_63936_p2   |         +|   0|  0|  17|          13|           9|
    |add_ln58_163_fu_63942_p2   |         +|   0|  0|  18|          11|          11|
    |add_ln58_164_fu_63952_p2   |         +|   0|  0|  17|          12|          12|
    |add_ln58_165_fu_63958_p2   |         +|   0|  0|  16|           9|           7|
    |add_ln58_166_fu_63968_p2   |         +|   0|  0|  18|          11|          11|
    |add_ln58_167_fu_61129_p2   |         +|   0|  0|  17|          10|           9|
    |add_ln58_168_fu_63976_p2   |         +|   0|  0|  19|          12|          12|
    |add_ln58_169_fu_63986_p2   |         +|   0|  0|  17|          11|          11|
    |add_ln58_170_fu_63992_p2   |         +|   0|  0|  17|          11|          11|
    |add_ln58_171_fu_64002_p2   |         +|   0|  0|  17|          12|          12|
    |add_ln58_172_fu_64650_p2   |         +|   0|  0|  17|          13|          13|
    |add_ln58_173_fu_64008_p2   |         +|   0|  0|  19|          12|          12|
    |add_ln58_174_fu_64659_p2   |         +|   0|  0|  17|          13|          13|
    |add_ln58_175_fu_64665_p2   |         +|   0|  0|  17|          13|          13|
    |add_ln58_176_fu_64675_p2   |         +|   0|  0|  20|          13|          13|
    |add_ln58_177_fu_64685_p2   |         +|   0|  0|  22|          15|          15|
    |add_ln58_178_fu_64691_p2   |         +|   0|  0|  17|          10|          10|
    |add_ln58_179_fu_65454_p2   |         +|   0|  0|  16|          15|          15|
    |add_ln58_180_fu_64014_p2   |         +|   0|  0|  17|          10|          10|
    |add_ln58_181_fu_64700_p2   |         +|   0|  0|  16|           9|           9|
    |add_ln58_182_fu_64710_p2   |         +|   0|  0|  18|          11|          11|
    |add_ln58_183_fu_65462_p2   |         +|   0|  0|  16|          15|          15|
    |add_ln58_184_fu_64020_p2   |         +|   0|  0|  17|          11|          11|
    |add_ln58_185_fu_64026_p2   |         +|   0|  0|  19|          12|          12|
    |add_ln58_186_fu_64722_p2   |         +|   0|  0|  17|          13|          13|
    |add_ln58_187_fu_64728_p2   |         +|   0|  0|  17|          13|          13|
    |add_ln58_188_fu_64032_p2   |         +|   0|  0|  19|          12|          12|
    |add_ln58_189_fu_64741_p2   |         +|   0|  0|  20|          13|          13|
    |add_ln58_190_fu_64751_p2   |         +|   0|  0|  21|          14|          14|
    |add_ln58_191_fu_64757_p2   |         +|   0|  0|  18|          11|          11|
    |add_ln58_192_fu_64767_p2   |         +|   0|  0|  17|          12|          12|
    |add_ln58_193_fu_61135_p2   |         +|   0|  0|  16|           9|           9|
    |add_ln58_194_fu_64041_p2   |         +|   0|  0|  17|          10|          10|
    |add_ln58_195_fu_64776_p2   |         +|   0|  0|  17|          12|          12|
    |add_ln58_196_fu_65474_p2   |         +|   0|  0|  22|          15|          15|
    |add_ln58_197_fu_61141_p2   |         +|   0|  0|  19|          12|           9|
    |add_ln58_198_fu_64050_p2   |         +|   0|  0|  17|          13|          13|
    |add_ln58_199_fu_64056_p2   |         +|   0|  0|  17|          13|          13|
    |add_ln58_200_fu_64062_p2   |         +|   0|  0|  17|          13|          13|
    |add_ln58_201_fu_61147_p2   |         +|   0|  0|  16|           9|           9|
    |add_ln58_202_fu_64071_p2   |         +|   0|  0|  17|          10|          10|
    |add_ln58_203_fu_64081_p2   |         +|   0|  0|  17|          13|          13|
    |add_ln58_204_fu_64785_p2   |         +|   0|  0|  16|          14|          14|
    |add_ln58_205_fu_64791_p2   |         +|   0|  0|  20|          13|          13|
    |add_ln58_206_fu_64801_p2   |         +|   0|  0|  16|          14|          14|
    |add_ln58_207_fu_64087_p2   |         +|   0|  0|  19|          12|          12|
    |add_ln58_208_fu_64093_p2   |         +|   0|  0|  18|          11|          11|
    |add_ln58_209_fu_64813_p2   |         +|   0|  0|  20|          13|          13|
    |add_ln58_210_fu_65486_p2   |         +|   0|  0|  22|          15|          15|
    |add_ln58_211_fu_64819_p2   |         +|   0|  0|  20|          13|          13|
    |add_ln58_212_fu_64829_p2   |         +|   0|  0|  19|          12|          12|
    |add_ln58_213_fu_64839_p2   |         +|   0|  0|  16|          14|          14|
    |add_ln58_214_fu_64845_p2   |         +|   0|  0|  16|          14|          14|
    |add_ln58_215_fu_64851_p2   |         +|   0|  0|  20|          13|          13|
    |add_ln58_216_fu_65498_p2   |         +|   0|  0|  16|          15|          15|
    |add_ln58_217_fu_64857_p2   |         +|   0|  0|  18|          11|          11|
    |add_ln58_218_fu_61153_p2   |         +|   0|  0|  15|           8|           8|
    |add_ln58_219_fu_64870_p2   |         +|   0|  0|  18|          11|          11|
    |add_ln58_220_fu_64880_p2   |         +|   0|  0|  19|          12|          12|
    |add_ln58_221_fu_65507_p2   |         +|   0|  0|  16|          15|          15|
    |add_ln58_222_fu_64099_p2   |         +|   0|  0|  20|          13|           6|
    |add_ln58_223_fu_64109_p2   |         +|   0|  0|  16|          14|          14|
    |add_ln58_224_fu_64115_p2   |         +|   0|  0|  16|          14|          14|
    |add_ln58_225_fu_64121_p2   |         +|   0|  0|  20|          13|          13|
    |add_ln58_226_fu_64892_p2   |         +|   0|  0|  16|          15|          15|
    |add_ln58_227_fu_64898_p2   |         +|   0|  0|  16|          15|          15|
    |add_ln58_228_fu_64127_p2   |         +|   0|  0|  19|          12|          12|
    |add_ln58_229_fu_64907_p2   |         +|   0|  0|  21|          14|          14|
    |add_ln58_230_fu_64917_p2   |         +|   0|  0|  16|          15|          15|
    |add_ln58_231_fu_64923_p2   |         +|   0|  0|  17|          12|          12|
    |add_ln58_232_fu_64133_p2   |         +|   0|  0|  18|           9|           9|
    |add_ln58_233_fu_64139_p2   |         +|   0|  0|  18|           9|           9|
    |add_ln58_234_fu_64932_p2   |         +|   0|  0|  17|          12|          12|
    |add_ln58_235_fu_64942_p2   |         +|   0|  0|  16|          15|          15|
    |add_ln58_236_fu_64948_p2   |         +|   0|  0|  17|          13|          13|
    |add_ln58_237_fu_64958_p2   |         +|   0|  0|  19|          12|          12|
    |add_ln58_238_fu_64968_p2   |         +|   0|  0|  21|          14|          14|
    |add_ln58_239_fu_65513_p2   |         +|   0|  0|  16|          14|          14|
    |add_ln58_240_fu_64974_p2   |         +|   0|  0|  19|          12|          12|
    |add_ln58_241_fu_65521_p2   |         +|   0|  0|  16|          14|          14|
    |add_ln58_242_fu_64980_p2   |         +|   0|  0|  19|          12|          12|
    |add_ln58_243_fu_64145_p2   |         +|   0|  0|  17|          10|          10|
    |add_ln58_244_fu_64993_p2   |         +|   0|  0|  18|          11|          11|
    |add_ln58_245_fu_65003_p2   |         +|   0|  0|  20|          13|          13|
    |add_ln58_246_fu_65534_p2   |         +|   0|  0|  22|          15|          15|
    |add_ln58_247_fu_64151_p2   |         +|   0|  0|  16|          14|          11|
    |add_ln58_248_fu_64157_p2   |         +|   0|  0|  16|          14|          14|
    |add_ln58_249_fu_65012_p2   |         +|   0|  0|  19|          12|          12|
    |add_ln58_250_fu_65022_p2   |         +|   0|  0|  16|          15|          15|
    |add_ln58_251_fu_65028_p2   |         +|   0|  0|  16|          15|          15|
    |add_ln58_252_fu_65034_p2   |         +|   0|  0|  20|          13|          13|
    |add_ln58_253_fu_65044_p2   |         +|   0|  0|  21|          14|          14|
    |add_ln58_254_fu_65546_p2   |         +|   0|  0|  16|          16|          16|
    |add_ln58_255_fu_65050_p2   |         +|   0|  0|  18|          11|          11|
    |add_ln58_256_fu_64163_p2   |         +|   0|  0|  14|           7|           7|
    |add_ln58_257_fu_65063_p2   |         +|   0|  0|  18|          11|          11|
    |add_ln58_258_fu_65073_p2   |         +|   0|  0|  19|          12|          12|
    |add_ln58_259_fu_65555_p2   |         +|   0|  0|  16|          16|          16|
    |add_ln58_260_fu_61159_p2   |         +|   0|  0|  17|          10|          10|
    |add_ln58_261_fu_61169_p2   |         +|   0|  0|  17|          12|          12|
    |add_ln58_262_fu_61175_p2   |         +|   0|  0|  17|          12|          12|
    |add_ln58_263_fu_65082_p2   |         +|   0|  0|  19|          12|          12|
    |add_ln58_264_fu_65092_p2   |         +|   0|  0|  16|          14|          14|
    |add_ln58_265_fu_65098_p2   |         +|   0|  0|  16|          14|          14|
    |add_ln58_266_fu_65104_p2   |         +|   0|  0|  20|          13|          13|
    |add_ln58_267_fu_65114_p2   |         +|   0|  0|  21|          14|          14|
    |add_ln58_268_fu_65567_p2   |         +|   0|  0|  16|          15|          15|
    |add_ln58_269_fu_65120_p2   |         +|   0|  0|  17|          12|          12|
    |add_ln58_270_fu_64169_p2   |         +|   0|  0|  14|           7|           7|
    |add_ln58_271_fu_65129_p2   |         +|   0|  0|  17|          10|          10|
    |add_ln58_272_fu_65139_p2   |         +|   0|  0|  17|          12|          12|
    |add_ln58_273_fu_65576_p2   |         +|   0|  0|  16|          15|          15|
    |add_ln58_274_fu_64175_p2   |         +|   0|  0|  17|          13|          13|
    |add_ln58_275_fu_64181_p2   |         +|   0|  0|  17|          13|          13|
    |add_ln58_276_fu_65148_p2   |         +|   0|  0|  21|          14|          14|
    |add_ln58_277_fu_65158_p2   |         +|   0|  0|  19|          12|          12|
    |add_ln58_278_fu_65168_p2   |         +|   0|  0|  22|          15|          15|
    |add_ln58_279_fu_65582_p2   |         +|   0|  0|  16|          15|          15|
    |add_ln58_280_fu_65174_p2   |         +|   0|  0|  19|          12|          12|
    |add_ln58_281_fu_65590_p2   |         +|   0|  0|  16|          15|          15|
    |add_ln58_282_fu_65180_p2   |         +|   0|  0|  18|          11|          11|
    |add_ln58_283_fu_64187_p2   |         +|   0|  0|  16|           9|           9|
    |add_ln58_284_fu_65193_p2   |         +|   0|  0|  19|          12|          12|
    |add_ln58_285_fu_65603_p2   |         +|   0|  0|  23|          16|          16|
    |add_ln58_286_fu_64193_p2   |         +|   0|  0|  17|          13|          13|
    |add_ln58_287_fu_65202_p2   |         +|   0|  0|  20|          13|          13|
    |add_ln58_288_fu_65212_p2   |         +|   0|  0|  16|          14|          14|
    |add_ln58_289_fu_65218_p2   |         +|   0|  0|  19|          12|          12|
    |add_ln58_290_fu_65224_p2   |         +|   0|  0|  18|          11|          11|
    |add_ln58_291_fu_65234_p2   |         +|   0|  0|  16|          14|          14|
    |add_ln58_292_fu_65615_p2   |         +|   0|  0|  22|          15|          15|
    |add_ln58_293_fu_65240_p2   |         +|   0|  0|  20|          13|          13|
    |add_ln58_294_fu_65628_p2   |         +|   0|  0|  16|          14|          14|
    |add_ln58_295_fu_65246_p2   |         +|   0|  0|  19|          12|          12|
    |add_ln58_296_fu_65256_p2   |         +|   0|  0|  20|          13|          13|
    |add_ln58_297_fu_65637_p2   |         +|   0|  0|  16|          14|          14|
    |add_ln58_298_fu_65647_p2   |         +|   0|  0|  23|          16|          16|
    |add_ln58_299_fu_64199_p2   |         +|   0|  0|  17|          12|          11|
    |add_ln58_300_fu_64205_p2   |         +|   0|  0|  18|          11|          11|
    |add_ln58_301_fu_64214_p2   |         +|   0|  0|  17|          12|          12|
    |add_ln58_302_fu_64224_p2   |         +|   0|  0|  17|          13|          13|
    |add_ln58_303_fu_64230_p2   |         +|   0|  0|  17|          13|          13|
    |add_ln58_304_fu_64236_p2   |         +|   0|  0|  20|          13|          13|
    |add_ln58_305_fu_65268_p2   |         +|   0|  0|  22|          15|          15|
    |add_ln58_306_fu_65274_p2   |         +|   0|  0|  16|          15|          15|
    |add_ln58_307_fu_65280_p2   |         +|   0|  0|  20|          13|          13|
    |add_ln58_308_fu_65290_p2   |         +|   0|  0|  16|          15|          15|
    |add_ln58_309_fu_65296_p2   |         +|   0|  0|  19|          12|          12|
    |add_ln58_310_fu_65306_p2   |         +|   0|  0|  19|          12|          12|
    |add_ln58_311_fu_65316_p2   |         +|   0|  0|  20|          13|          13|
    |add_ln58_312_fu_65659_p2   |         +|   0|  0|  23|          16|          16|
    |add_ln58_313_fu_61181_p2   |         +|   0|  0|  16|           9|           8|
    |add_ln58_314_fu_64245_p2   |         +|   0|  0|  18|          11|          11|
    |add_ln58_315_fu_64254_p2   |         +|   0|  0|  21|          14|          14|
    |add_ln58_316_fu_64260_p2   |         +|   0|  0|  20|          13|          13|
    |add_ln58_317_fu_65328_p2   |         +|   0|  0|  16|          15|          15|
    |add_ln58_318_fu_65334_p2   |         +|   0|  0|  16|          15|          15|
    |add_ln58_319_fu_65340_p2   |         +|   0|  0|  18|          10|          10|
    |add_ln58_320_fu_65346_p2   |         +|   0|  0|  18|          10|          10|
    |add_ln58_321_fu_65356_p2   |         +|   0|  0|  16|          15|          15|
    |add_ln58_322_fu_64266_p2   |         +|   0|  0|  17|          13|          13|
    |add_ln58_323_fu_61187_p2   |         +|   0|  0|  15|           8|           8|
    |add_ln58_324_fu_64275_p2   |         +|   0|  0|  17|          10|          10|
    |add_ln58_325_fu_64285_p2   |         +|   0|  0|  17|          13|          13|
    |add_ln58_326_fu_65365_p2   |         +|   0|  0|  16|          15|          15|
    |add_ln58_327_fu_64291_p2   |         +|   0|  0|  17|          12|          12|
    |add_ln58_328_fu_64297_p2   |         +|   0|  0|  17|          12|          12|
    |add_ln58_329_fu_65371_p2   |         +|   0|  0|  17|          12|          12|
    |add_ln58_330_fu_65376_p2   |         +|   0|  0|  17|          12|          12|
    |add_ln58_331_fu_65386_p2   |         +|   0|  0|  17|          13|          13|
    |add_ln58_332_fu_65392_p2   |         +|   0|  0|  17|          13|          13|
    |add_ln58_333_fu_65402_p2   |         +|   0|  0|  16|          14|          14|
    |add_ln58_334_fu_65408_p2   |         +|   0|  0|  17|          10|          10|
    |add_ln58_335_fu_65417_p2   |         +|   0|  0|  16|          14|          14|
    |add_ln58_336_fu_65423_p2   |         +|   0|  0|  20|          13|          13|
    |add_ln58_337_fu_64303_p2   |         +|   0|  0|  17|          10|          10|
    |add_ln58_338_fu_65436_p2   |         +|   0|  0|  21|          14|          14|
    |add_ln58_339_fu_65671_p2   |         +|   0|  0|  22|          15|          15|
    |add_ln58_fu_61123_p2       |         +|   0|  0|  17|          10|           8|
    |sub_ln42_10_fu_62500_p2    |         -|   0|  0|  22|          15|          15|
    |sub_ln42_11_fu_62903_p2    |         -|   0|  0|  21|          14|          14|
    |sub_ln42_12_fu_63032_p2    |         -|   0|  0|  20|          13|          13|
    |sub_ln42_13_fu_63157_p2    |         -|   0|  0|  21|          14|          14|
    |sub_ln42_14_fu_63249_p2    |         -|   0|  0|  23|          16|          16|
    |sub_ln42_15_fu_63394_p2    |         -|   0|  0|  20|          13|          13|
    |sub_ln42_16_fu_63901_p2    |         -|   0|  0|  21|          14|          14|
    |sub_ln42_2_fu_61240_p2     |         -|   0|  0|  22|          15|          15|
    |sub_ln42_3_fu_61406_p2     |         -|   0|  0|  23|          16|          16|
    |sub_ln42_4_fu_61461_p2     |         -|   0|  0|  22|          15|          15|
    |sub_ln42_5_fu_61564_p2     |         -|   0|  0|  22|          15|          15|
    |sub_ln42_6_fu_60909_p2     |         -|   0|  0|  20|          13|          13|
    |sub_ln42_7_fu_61829_p2     |         -|   0|  0|  22|          15|          15|
    |sub_ln42_8_fu_62098_p2     |         -|   0|  0|  21|          14|          14|
    |sub_ln42_9_fu_62320_p2     |         -|   0|  0|  19|          12|          12|
    |sub_ln42_fu_60562_p2       |         -|   0|  0|  21|          14|          14|
    |sub_ln73_1_fu_61020_p2     |         -|   0|  0|  17|           1|          10|
    |sub_ln73_2_fu_62841_p2     |         -|   0|  0|  17|           1|          10|
    |sub_ln73_3_fu_63191_p2     |         -|   0|  0|  17|           1|          10|
    |sub_ln73_40_fu_60340_p2    |         -|   0|  0|  22|           1|          15|
    |sub_ln73_41_fu_60424_p2    |         -|   0|  0|  21|          14|          14|
    |sub_ln73_42_fu_60531_p2    |         -|   0|  0|  19|          12|          12|
    |sub_ln73_43_fu_61279_p2    |         -|   0|  0|  18|           1|          11|
    |sub_ln73_44_fu_61302_p2    |         -|   0|  0|  21|           1|          14|
    |sub_ln73_45_fu_61311_p2    |         -|   0|  0|  22|          15|          15|
    |sub_ln73_46_fu_61338_p2    |         -|   0|  0|  22|          15|          15|
    |sub_ln73_47_fu_60637_p2    |         -|   0|  0|  24|           1|          17|
    |sub_ln73_48_fu_61360_p2    |         -|   0|  0|  25|          18|          18|
    |sub_ln73_49_fu_60729_p2    |         -|   0|  0|  21|          14|          14|
    |sub_ln73_50_fu_61485_p2    |         -|   0|  0|  23|           1|          16|
    |sub_ln73_51_fu_61497_p2    |         -|   0|  0|  24|          17|          17|
    |sub_ln73_52_fu_61588_p2    |         -|   0|  0|  22|           1|          15|
    |sub_ln73_53_fu_61606_p2    |         -|   0|  0|  23|          16|          16|
    |sub_ln73_54_fu_61643_p2    |         -|   0|  0|  21|           1|          14|
    |sub_ln73_55_fu_61653_p2    |         -|   0|  0|  22|          15|          15|
    |sub_ln73_56_fu_61696_p2    |         -|   0|  0|  20|          13|          13|
    |sub_ln73_57_fu_60925_p2    |         -|   0|  0|  20|           1|          13|
    |sub_ln73_58_fu_61781_p2    |         -|   0|  0|  22|           1|          15|
    |sub_ln73_59_fu_61802_p2    |         -|   0|  0|  23|          16|          16|
    |sub_ln73_60_fu_60976_p2    |         -|   0|  0|  23|           1|          16|
    |sub_ln73_61_fu_61906_p2    |         -|   0|  0|  24|          17|          17|
    |sub_ln73_62_fu_61966_p2    |         -|   0|  0|  21|          14|          14|
    |sub_ln73_63_fu_62024_p2    |         -|   0|  0|  20|          13|          13|
    |sub_ln73_64_fu_62125_p2    |         -|   0|  0|  18|           1|          11|
    |sub_ln73_65_fu_62230_p2    |         -|   0|  0|  21|          14|          14|
    |sub_ln73_66_fu_62280_p2    |         -|   0|  0|  18|           1|          11|
    |sub_ln73_67_fu_62355_p2    |         -|   0|  0|  22|          15|          15|
    |sub_ln73_68_fu_62411_p2    |         -|   0|  0|  21|           1|          14|
    |sub_ln73_69_fu_62436_p2    |         -|   0|  0|  22|          15|          15|
    |sub_ln73_70_fu_62474_p2    |         -|   0|  0|  22|          15|          15|
    |sub_ln73_71_fu_62547_p2    |         -|   0|  0|  23|           1|          16|
    |sub_ln73_72_fu_62557_p2    |         -|   0|  0|  24|          17|          17|
    |sub_ln73_73_fu_64460_p2    |         -|   0|  0|  21|           1|          14|
    |sub_ln73_74_fu_62697_p2    |         -|   0|  0|  22|          15|          15|
    |sub_ln73_75_fu_62738_p2    |         -|   0|  0|  19|          12|          12|
    |sub_ln73_76_fu_62787_p2    |         -|   0|  0|  20|           1|          13|
    |sub_ln73_77_fu_62951_p2    |         -|   0|  0|  18|           1|          11|
    |sub_ln73_78_fu_63096_p2    |         -|   0|  0|  20|           1|          13|
    |sub_ln73_79_fu_63106_p2    |         -|   0|  0|  21|          14|          14|
    |sub_ln73_80_fu_61054_p2    |         -|   0|  0|  19|          12|          12|
    |sub_ln73_81_fu_63222_p2    |         -|   0|  0|  22|          15|          15|
    |sub_ln73_82_fu_63339_p2    |         -|   0|  0|  21|          14|          14|
    |sub_ln73_83_fu_61088_p2    |         -|   0|  0|  22|           1|          15|
    |sub_ln73_84_fu_61098_p2    |         -|   0|  0|  23|          16|          16|
    |sub_ln73_85_fu_63444_p2    |         -|   0|  0|  21|           1|          14|
    |sub_ln73_86_fu_63464_p2    |         -|   0|  0|  18|           1|          11|
    |sub_ln73_87_fu_63624_p2    |         -|   0|  0|  22|           1|          15|
    |sub_ln73_88_fu_63645_p2    |         -|   0|  0|  23|          16|          16|
    |sub_ln73_89_fu_63712_p2    |         -|   0|  0|  19|           1|          12|
    |sub_ln73_90_fu_63722_p2    |         -|   0|  0|  20|          13|          13|
    |sub_ln73_91_fu_63778_p2    |         -|   0|  0|  21|          14|          14|
    |sub_ln73_92_fu_63815_p2    |         -|   0|  0|  21|           1|          14|
    |sub_ln73_93_fu_63825_p2    |         -|   0|  0|  22|          15|          15|
    |sub_ln73_94_fu_63841_p2    |         -|   0|  0|  18|           1|          11|
    |sub_ln73_fu_60839_p2       |         -|   0|  0|  17|           1|          10|
    |ap_block_pp0_stage0_11001  |        or|   0|  0|   2|           1|           1|
    |ap_enable_pp0              |       xor|   0|  0|   2|           1|           2|
    +---------------------------+----------+----+---+----+------------+------------+
    |Total                      |          |   0|  0|5080|        3157|        3485|
    +---------------------------+----------+----+---+----+------------+------------+

    * Multiplexer: 
    +--------------+----+-----------+-----+-----------+
    |     Name     | LUT| Input Size| Bits| Total Bits|
    +--------------+----+-----------+-----+-----------+
    |ap_done       |   9|          2|    1|          2|
    |ap_return_0   |   9|          2|   16|         32|
    |ap_return_1   |   9|          2|   16|         32|
    |ap_return_10  |   9|          2|   16|         32|
    |ap_return_11  |   9|          2|   16|         32|
    |ap_return_12  |   9|          2|   16|         32|
    |ap_return_2   |   9|          2|   16|         32|
    |ap_return_3   |   9|          2|   16|         32|
    |ap_return_4   |   9|          2|   16|         32|
    |ap_return_5   |   9|          2|   16|         32|
    |ap_return_6   |   9|          2|   16|         32|
    |ap_return_7   |   9|          2|   16|         32|
    |ap_return_8   |   9|          2|   16|         32|
    |ap_return_9   |   9|          2|   16|         32|
    +--------------+----+-----------+-----+-----------+
    |Total         | 126|         28|  209|        418|
    +--------------+----+-----------+-----+-----------+

    * Register: 
    +---------------------------------------+----+----+-----+-----------+
    |                  Name                 | FF | LUT| Bits| Const Bits|
    +---------------------------------------+----+----+-----+-----------+
    |add_ln58_166_reg_66815                 |  11|   0|   11|          0|
    |add_ln58_167_reg_66333                 |  10|   0|   10|          0|
    |add_ln58_171_reg_66820                 |  12|   0|   12|          0|
    |add_ln58_173_reg_66825                 |  12|   0|   12|          0|
    |add_ln58_177_reg_66960                 |  15|   0|   15|          0|
    |add_ln58_178_reg_66965                 |  10|   0|   10|          0|
    |add_ln58_180_reg_66830                 |  10|   0|   10|          0|
    |add_ln58_182_reg_66970                 |  11|   0|   11|          0|
    |add_ln58_184_reg_66835                 |  11|   0|   11|          0|
    |add_ln58_185_reg_66840                 |  12|   0|   12|          0|
    |add_ln58_188_reg_66845                 |  12|   0|   12|          0|
    |add_ln58_190_reg_66975                 |  14|   0|   14|          0|
    |add_ln58_193_reg_66338                 |   9|   0|    9|          0|
    |add_ln58_194_reg_66850                 |  10|   0|   10|          0|
    |add_ln58_195_reg_66980                 |  12|   0|   12|          0|
    |add_ln58_197_reg_66343                 |  12|   0|   12|          0|
    |add_ln58_201_reg_66348                 |   9|   0|    9|          0|
    |add_ln58_203_reg_66855                 |  13|   0|   13|          0|
    |add_ln58_206_reg_66985                 |  14|   0|   14|          0|
    |add_ln58_207_reg_66860                 |  12|   0|   12|          0|
    |add_ln58_208_reg_66865                 |  11|   0|   11|          0|
    |add_ln58_209_reg_66990                 |  13|   0|   13|          0|
    |add_ln58_214_reg_66995                 |  14|   0|   14|          0|
    |add_ln58_215_reg_67000                 |  13|   0|   13|          0|
    |add_ln58_218_reg_66353                 |   8|   0|    8|          0|
    |add_ln58_218_reg_66353_pp0_iter2_reg   |   8|   0|    8|          0|
    |add_ln58_220_reg_67005                 |  12|   0|   12|          0|
    |add_ln58_224_reg_66870                 |  14|   0|   14|          0|
    |add_ln58_225_reg_66875                 |  13|   0|   13|          0|
    |add_ln58_228_reg_66880                 |  12|   0|   12|          0|
    |add_ln58_233_reg_66885                 |   9|   0|    9|          0|
    |add_ln58_235_reg_67010                 |  15|   0|   15|          0|
    |add_ln58_238_reg_67015                 |  14|   0|   14|          0|
    |add_ln58_240_reg_67020                 |  12|   0|   12|          0|
    |add_ln58_243_reg_66890                 |  10|   0|   10|          0|
    |add_ln58_245_reg_67025                 |  13|   0|   13|          0|
    |add_ln58_248_reg_66895                 |  14|   0|   14|          0|
    |add_ln58_251_reg_67030                 |  15|   0|   15|          0|
    |add_ln58_253_reg_67035                 |  14|   0|   14|          0|
    |add_ln58_256_reg_66900                 |   7|   0|    7|          0|
    |add_ln58_258_reg_67040                 |  12|   0|   12|          0|
    |add_ln58_262_reg_66358                 |  12|   0|   12|          0|
    |add_ln58_262_reg_66358_pp0_iter2_reg   |  12|   0|   12|          0|
    |add_ln58_265_reg_67045                 |  14|   0|   14|          0|
    |add_ln58_267_reg_67050                 |  14|   0|   14|          0|
    |add_ln58_270_reg_66905                 |   7|   0|    7|          0|
    |add_ln58_272_reg_67055                 |  12|   0|   12|          0|
    |add_ln58_275_reg_66910                 |  13|   0|   13|          0|
    |add_ln58_278_reg_67060                 |  15|   0|   15|          0|
    |add_ln58_280_reg_67065                 |  12|   0|   12|          0|
    |add_ln58_283_reg_66915                 |   9|   0|    9|          0|
    |add_ln58_284_reg_67070                 |  12|   0|   12|          0|
    |add_ln58_286_reg_66920                 |  13|   0|   13|          0|
    |add_ln58_289_reg_67075                 |  12|   0|   12|          0|
    |add_ln58_291_reg_67080                 |  14|   0|   14|          0|
    |add_ln58_293_reg_67085                 |  13|   0|   13|          0|
    |add_ln58_296_reg_67090                 |  13|   0|   13|          0|
    |add_ln58_303_reg_66925                 |  13|   0|   13|          0|
    |add_ln58_304_reg_66930                 |  13|   0|   13|          0|
    |add_ln58_308_reg_67095                 |  15|   0|   15|          0|
    |add_ln58_311_reg_67100                 |  13|   0|   13|          0|
    |add_ln58_313_reg_66363                 |   9|   0|    9|          0|
    |add_ln58_315_reg_66935                 |  14|   0|   14|          0|
    |add_ln58_316_reg_66940                 |  13|   0|   13|          0|
    |add_ln58_323_reg_66368                 |   8|   0|    8|          0|
    |add_ln58_325_reg_66945                 |  13|   0|   13|          0|
    |add_ln58_326_reg_67105                 |  15|   0|   15|          0|
    |add_ln58_328_reg_66950                 |  12|   0|   12|          0|
    |add_ln58_335_reg_67110                 |  14|   0|   14|          0|
    |add_ln58_337_reg_66955                 |  10|   0|   10|          0|
    |add_ln58_338_reg_67115                 |  14|   0|   14|          0|
    |add_ln58_reg_66328                     |  10|   0|   10|          0|
    |ap_CS_fsm                              |   1|   0|    1|          0|
    |ap_done_reg                            |   1|   0|    1|          0|
    |ap_enable_reg_pp0_iter1                |   1|   0|    1|          0|
    |ap_enable_reg_pp0_iter2                |   1|   0|    1|          0|
    |ap_enable_reg_pp0_iter3                |   1|   0|    1|          0|
    |ap_enable_reg_pp0_iter4                |   1|   0|    1|          0|
    |ap_return_0_preg                       |  16|   0|   21|          5|
    |ap_return_10_preg                      |  16|   0|   21|          5|
    |ap_return_11_preg                      |  16|   0|   21|          5|
    |ap_return_12_preg                      |  16|   0|   21|          5|
    |ap_return_1_preg                       |  16|   0|   21|          5|
    |ap_return_2_preg                       |  16|   0|   21|          5|
    |ap_return_3_preg                       |  16|   0|   21|          5|
    |ap_return_4_preg                       |  16|   0|   21|          5|
    |ap_return_5_preg                       |  16|   0|   21|          5|
    |ap_return_6_preg                       |  16|   0|   21|          5|
    |ap_return_7_preg                       |  16|   0|   21|          5|
    |ap_return_8_preg                       |  16|   0|   21|          5|
    |ap_return_9_preg                       |  16|   0|   21|          5|
    |mult_102_reg_66714                     |   8|   0|    8|          0|
    |mult_102_reg_66714_pp0_iter3_reg       |   8|   0|    8|          0|
    |mult_103_reg_66099                     |   8|   0|    8|          0|
    |mult_103_reg_66099_pp0_iter1_reg       |   8|   0|    8|          0|
    |mult_104_reg_66104                     |   7|   0|    7|          0|
    |mult_107_reg_66114                     |   5|   0|    5|          0|
    |mult_107_reg_66114_pp0_iter1_reg       |   5|   0|    5|          0|
    |mult_108_reg_66119                     |   4|   0|    4|          0|
    |mult_108_reg_66119_pp0_iter1_reg       |   4|   0|    4|          0|
    |mult_109_reg_66810                     |   9|   0|    9|          0|
    |mult_89_reg_66443                      |   8|   0|    8|          0|
    |mult_90_reg_66518                      |   8|   0|    8|          0|
    |mult_91_reg_66084                      |   8|   0|    8|          0|
    |mult_91_reg_66084_pp0_iter1_reg        |   8|   0|    8|          0|
    |mult_92_reg_66528                      |  10|   0|   10|          0|
    |mult_93_reg_66533                      |  10|   0|   10|          0|
    |mult_94_reg_66563                      |  10|   0|   10|          0|
    |mult_97_reg_66629                      |   9|   0|    9|          0|
    |mult_99_reg_66664                      |   9|   0|    9|          0|
    |mult_reg_66149                         |  13|   0|   13|          0|
    |mult_s_reg_66079                       |   8|   0|    8|          0|
    |p_read1035_reg_65929                   |   9|   0|    9|          0|
    |p_read1035_reg_65929_pp0_iter1_reg     |   9|   0|    9|          0|
    |p_read1136_reg_65916                   |   9|   0|    9|          0|
    |p_read1136_reg_65916_pp0_iter1_reg     |   9|   0|    9|          0|
    |p_read1237_reg_65905                   |   9|   0|    9|          0|
    |p_read126_reg_66050                    |   9|   0|    9|          0|
    |p_read126_reg_66050_pp0_iter1_reg      |   9|   0|    9|          0|
    |p_read1338_reg_65893                   |   9|   0|    9|          0|
    |p_read1338_reg_65893_pp0_iter1_reg     |   9|   0|    9|          0|
    |p_read227_reg_66037                    |   9|   0|    9|          0|
    |p_read227_reg_66037_pp0_iter1_reg      |   9|   0|    9|          0|
    |p_read25_reg_66065                     |   9|   0|    9|          0|
    |p_read328_reg_66023                    |   9|   0|    9|          0|
    |p_read328_reg_66023_pp0_iter1_reg      |   9|   0|    9|          0|
    |p_read429_reg_66008                    |   9|   0|    9|          0|
    |p_read429_reg_66008_pp0_iter1_reg      |   9|   0|    9|          0|
    |p_read530_reg_65996                    |   9|   0|    9|          0|
    |p_read530_reg_65996_pp0_iter1_reg      |   9|   0|    9|          0|
    |p_read631_reg_65982                    |   9|   0|    9|          0|
    |p_read631_reg_65982_pp0_iter1_reg      |   9|   0|    9|          0|
    |p_read732_reg_65969                    |   9|   0|    9|          0|
    |p_read732_reg_65969_pp0_iter1_reg      |   9|   0|    9|          0|
    |p_read833_reg_65957                    |   9|   0|    9|          0|
    |p_read934_reg_65945                    |   9|   0|    9|          0|
    |p_read934_reg_65945_pp0_iter1_reg      |   9|   0|    9|          0|
    |shl_ln42_3_reg_66246                   |   9|   0|   10|          1|
    |sub_ln73_47_reg_66204                  |  10|   0|   17|          7|
    |sub_ln73_60_reg_66298                  |  10|   0|   16|          6|
    |tmp_218_reg_66154                      |  11|   0|   11|          0|
    |tmp_219_reg_66174                      |   9|   0|    9|          0|
    |tmp_220_reg_66179                      |   9|   0|    9|          0|
    |tmp_221_reg_66194                      |   8|   0|    8|          0|
    |tmp_223_reg_66199                      |  11|   0|   11|          0|
    |tmp_224_reg_66214                      |  10|   0|   10|          0|
    |tmp_225_reg_66224                      |   9|   0|    9|          0|
    |tmp_229_reg_66258                      |   9|   0|    9|          0|
    |tmp_230_reg_66263                      |   8|   0|    8|          0|
    |tmp_231_reg_66273                      |  10|   0|   10|          0|
    |tmp_232_reg_66278                      |  10|   0|   10|          0|
    |tmp_234_reg_66288                      |  10|   0|   10|          0|
    |tmp_235_reg_66303                      |  10|   0|   10|          0|
    |tmp_235_reg_66303_pp0_iter2_reg        |  10|   0|   10|          0|
    |tmp_236_reg_66313                      |   9|   0|    9|          0|
    |tmp_237_reg_66448                      |  11|   0|   11|          0|
    |tmp_238_reg_66453                      |  11|   0|   11|          0|
    |tmp_239_reg_66468                      |  10|   0|   10|          0|
    |tmp_240_reg_66503                      |   7|   0|    7|          0|
    |tmp_241_reg_66558                      |  10|   0|   10|          0|
    |tmp_242_reg_66568                      |   7|   0|    7|          0|
    |tmp_243_reg_66573                      |  10|   0|   10|          0|
    |tmp_244_reg_66583                      |  10|   0|   10|          0|
    |tmp_244_reg_66583_pp0_iter3_reg        |  10|   0|   10|          0|
    |tmp_246_reg_66089                      |   5|   0|    5|          0|
    |tmp_246_reg_66089_pp0_iter1_reg        |   5|   0|    5|          0|
    |tmp_247_reg_66594                      |  10|   0|   10|          0|
    |tmp_248_reg_66599                      |  11|   0|   11|          0|
    |tmp_249_reg_66639                      |  11|   0|   11|          0|
    |tmp_250_reg_66644                      |   9|   0|    9|          0|
    |tmp_251_reg_66649                      |   9|   0|    9|          0|
    |tmp_252_reg_66679                      |  11|   0|   11|          0|
    |tmp_253_reg_66694                      |   9|   0|    9|          0|
    |tmp_254_reg_66094                      |   4|   0|    4|          0|
    |tmp_255_reg_66699                      |   8|   0|    8|          0|
    |tmp_256_reg_66724                      |   9|   0|    9|          0|
    |tmp_257_reg_66109                      |   4|   0|    4|          0|
    |tmp_258_reg_66780                      |  10|   0|   10|          0|
    |tmp_259_reg_66790                      |  10|   0|   10|          0|
    |tmp_260_reg_66805                      |   9|   0|    9|          0|
    |tmp_reg_66134                          |   7|   0|    7|          0|
    |trunc_ln17_10_reg_66144                |  11|   0|   11|          0|
    |trunc_ln17_12_reg_66169                |  11|   0|   11|          0|
    |trunc_ln17_15_reg_66689                |  10|   0|   10|          0|
    |trunc_ln17_s_reg_66253                 |  11|   0|   11|          0|
    |trunc_ln42_100_reg_66785               |  10|   0|   10|          0|
    |trunc_ln42_102_reg_66795               |  11|   0|   11|          0|
    |trunc_ln42_103_reg_66800               |  12|   0|   12|          0|
    |trunc_ln42_10_reg_66378                |  10|   0|   10|          0|
    |trunc_ln42_11_reg_66209                |   9|   0|    9|          0|
    |trunc_ln42_12_reg_66219                |  11|   0|   11|          0|
    |trunc_ln42_13_reg_66229                |   9|   0|    9|          0|
    |trunc_ln42_14_reg_66241                |   9|   0|    9|          0|
    |trunc_ln42_14_reg_66241_pp0_iter2_reg  |   9|   0|    9|          0|
    |trunc_ln42_16_reg_66383                |  12|   0|   12|          0|
    |trunc_ln42_17_reg_66388                |   9|   0|    9|          0|
    |trunc_ln42_19_reg_66268                |  10|   0|   10|          0|
    |trunc_ln42_19_reg_66268_pp0_iter2_reg  |  10|   0|   10|          0|
    |trunc_ln42_1_reg_66139                 |  12|   0|   12|          0|
    |trunc_ln42_21_reg_66393                |  11|   0|   11|          0|
    |trunc_ln42_22_reg_66398                |  11|   0|   11|          0|
    |trunc_ln42_23_reg_66403                |  10|   0|   10|          0|
    |trunc_ln42_24_reg_66408                |  11|   0|   11|          0|
    |trunc_ln42_26_reg_66413                |  12|   0|   12|          0|
    |trunc_ln42_27_reg_66283                |   8|   0|    8|          0|
    |trunc_ln42_27_reg_66283_pp0_iter2_reg  |   8|   0|    8|          0|
    |trunc_ln42_29_reg_66418                |  11|   0|   11|          0|
    |trunc_ln42_31_reg_66423                |  11|   0|   11|          0|
    |trunc_ln42_32_reg_66428                |  12|   0|   12|          0|
    |trunc_ln42_33_reg_66433                |  11|   0|   11|          0|
    |trunc_ln42_34_reg_66438                |  11|   0|   11|          0|
    |trunc_ln42_35_reg_66293                |  10|   0|   10|          0|
    |trunc_ln42_39_reg_66458                |  10|   0|   10|          0|
    |trunc_ln42_3_reg_66159                 |  12|   0|   12|          0|
    |trunc_ln42_40_reg_66463                |  12|   0|   12|          0|
    |trunc_ln42_41_reg_66473                |  11|   0|   11|          0|
    |trunc_ln42_43_reg_66318                |   9|   0|    9|          0|
    |trunc_ln42_44_reg_66478                |   6|   0|    6|          0|
    |trunc_ln42_45_reg_66483                |  12|   0|   12|          0|
    |trunc_ln42_47_reg_66488                |  12|   0|   12|          0|
    |trunc_ln42_48_reg_66493                |  10|   0|   10|          0|
    |trunc_ln42_49_reg_66498                |  11|   0|   11|          0|
    |trunc_ln42_4_reg_66164                 |  11|   0|   11|          0|
    |trunc_ln42_52_reg_66508                |  11|   0|   11|          0|
    |trunc_ln42_53_reg_66513                |  12|   0|   12|          0|
    |trunc_ln42_56_reg_66523                |  10|   0|   10|          0|
    |trunc_ln42_58_reg_66538                |  11|   0|   11|          0|
    |trunc_ln42_59_reg_66543                |  12|   0|   12|          0|
    |trunc_ln42_5_reg_66184                 |   7|   0|    7|          0|
    |trunc_ln42_60_reg_66548                |  12|   0|   12|          0|
    |trunc_ln42_61_reg_66553                |  10|   0|   10|          0|
    |trunc_ln42_65_reg_66578                |  10|   0|   10|          0|
    |trunc_ln42_67_reg_66589                |  10|   0|   10|          0|
    |trunc_ln42_69_reg_66604                |   5|   0|    5|          0|
    |trunc_ln42_70_reg_66609                |  10|   0|   10|          0|
    |trunc_ln42_71_reg_66614                |  12|   0|   12|          0|
    |trunc_ln42_72_reg_66619                |  10|   0|   10|          0|
    |trunc_ln42_74_reg_66624                |  12|   0|   12|          0|
    |trunc_ln42_75_reg_66634                |  12|   0|   12|          0|
    |trunc_ln42_75_reg_66634_pp0_iter3_reg  |  12|   0|   12|          0|
    |trunc_ln42_76_reg_66654                |   9|   0|    9|          0|
    |trunc_ln42_77_reg_66659                |  12|   0|   12|          0|
    |trunc_ln42_79_reg_66669                |  10|   0|   10|          0|
    |trunc_ln42_81_reg_66674                |  10|   0|   10|          0|
    |trunc_ln42_82_reg_66684                |  11|   0|   11|          0|
    |trunc_ln42_84_reg_66323                |  11|   0|   11|          0|
    |trunc_ln42_85_reg_66704                |  12|   0|   12|          0|
    |trunc_ln42_86_reg_66709                |   9|   0|    9|          0|
    |trunc_ln42_88_reg_66719                |  12|   0|   12|          0|
    |trunc_ln42_89_reg_66729                |  12|   0|   12|          0|
    |trunc_ln42_90_reg_66734                |  10|   0|   10|          0|
    |trunc_ln42_91_reg_66739                |  11|   0|   11|          0|
    |trunc_ln42_92_reg_66744                |  10|   0|   10|          0|
    |trunc_ln42_93_reg_66749                |  11|   0|   11|          0|
    |trunc_ln42_94_reg_66754                |  11|   0|   11|          0|
    |trunc_ln42_95_reg_66759                |  10|   0|   10|          0|
    |trunc_ln42_96_reg_66764                |  11|   0|   11|          0|
    |trunc_ln42_97_reg_66769                |   8|   0|    8|          0|
    |trunc_ln42_98_reg_66774                |  10|   0|   10|          0|
    |trunc_ln42_9_reg_66373                 |  10|   0|   10|          0|
    |trunc_ln42_s_reg_66129                 |  10|   0|   10|          0|
    |trunc_ln7_reg_66124                    |  10|   0|   10|          0|
    |zext_ln42_27_reg_66189                 |   9|   0|   14|          5|
    |zext_ln42_34_reg_66234                 |   9|   0|   16|          7|
    |zext_ln42_54_reg_66308                 |   9|   0|   14|          5|
    |p_read1237_reg_65905                   |  64|  32|    9|          0|
    |p_read833_reg_65957                    |  64|  32|    9|          0|
    +---------------------------------------+----+----+-----+-----------+
    |Total                                  |2874|  64| 2860|         96|
    +---------------------------------------+----+----+-----+-----------+



================================================================
== Interface
================================================================
* Summary: 
+--------------+-----+-----+------------+-----------------------------------------------------------------------------+--------------+
|   RTL Ports  | Dir | Bits|  Protocol  |                                Source Object                                |    C Type    |
+--------------+-----+-----+------------+-----------------------------------------------------------------------------+--------------+
|ap_clk        |   in|    1|  ap_ctrl_hs|  dense_latency<ap_ufixed<9, 0, 4, 0, 0>, ap_fixed<24, 9, 5, 3, 0>, config16>|  return value|
|ap_rst        |   in|    1|  ap_ctrl_hs|  dense_latency<ap_ufixed<9, 0, 4, 0, 0>, ap_fixed<24, 9, 5, 3, 0>, config16>|  return value|
|ap_start      |   in|    1|  ap_ctrl_hs|  dense_latency<ap_ufixed<9, 0, 4, 0, 0>, ap_fixed<24, 9, 5, 3, 0>, config16>|  return value|
|ap_done       |  out|    1|  ap_ctrl_hs|  dense_latency<ap_ufixed<9, 0, 4, 0, 0>, ap_fixed<24, 9, 5, 3, 0>, config16>|  return value|
|ap_continue   |   in|    1|  ap_ctrl_hs|  dense_latency<ap_ufixed<9, 0, 4, 0, 0>, ap_fixed<24, 9, 5, 3, 0>, config16>|  return value|
|ap_idle       |  out|    1|  ap_ctrl_hs|  dense_latency<ap_ufixed<9, 0, 4, 0, 0>, ap_fixed<24, 9, 5, 3, 0>, config16>|  return value|
|ap_ready      |  out|    1|  ap_ctrl_hs|  dense_latency<ap_ufixed<9, 0, 4, 0, 0>, ap_fixed<24, 9, 5, 3, 0>, config16>|  return value|
|ap_return_0   |  out|   21|  ap_ctrl_hs|  dense_latency<ap_ufixed<9, 0, 4, 0, 0>, ap_fixed<24, 9, 5, 3, 0>, config16>|  return value|
|ap_return_1   |  out|   21|  ap_ctrl_hs|  dense_latency<ap_ufixed<9, 0, 4, 0, 0>, ap_fixed<24, 9, 5, 3, 0>, config16>|  return value|
|ap_return_2   |  out|   21|  ap_ctrl_hs|  dense_latency<ap_ufixed<9, 0, 4, 0, 0>, ap_fixed<24, 9, 5, 3, 0>, config16>|  return value|
|ap_return_3   |  out|   21|  ap_ctrl_hs|  dense_latency<ap_ufixed<9, 0, 4, 0, 0>, ap_fixed<24, 9, 5, 3, 0>, config16>|  return value|
|ap_return_4   |  out|   21|  ap_ctrl_hs|  dense_latency<ap_ufixed<9, 0, 4, 0, 0>, ap_fixed<24, 9, 5, 3, 0>, config16>|  return value|
|ap_return_5   |  out|   21|  ap_ctrl_hs|  dense_latency<ap_ufixed<9, 0, 4, 0, 0>, ap_fixed<24, 9, 5, 3, 0>, config16>|  return value|
|ap_return_6   |  out|   21|  ap_ctrl_hs|  dense_latency<ap_ufixed<9, 0, 4, 0, 0>, ap_fixed<24, 9, 5, 3, 0>, config16>|  return value|
|ap_return_7   |  out|   21|  ap_ctrl_hs|  dense_latency<ap_ufixed<9, 0, 4, 0, 0>, ap_fixed<24, 9, 5, 3, 0>, config16>|  return value|
|ap_return_8   |  out|   21|  ap_ctrl_hs|  dense_latency<ap_ufixed<9, 0, 4, 0, 0>, ap_fixed<24, 9, 5, 3, 0>, config16>|  return value|
|ap_return_9   |  out|   21|  ap_ctrl_hs|  dense_latency<ap_ufixed<9, 0, 4, 0, 0>, ap_fixed<24, 9, 5, 3, 0>, config16>|  return value|
|ap_return_10  |  out|   21|  ap_ctrl_hs|  dense_latency<ap_ufixed<9, 0, 4, 0, 0>, ap_fixed<24, 9, 5, 3, 0>, config16>|  return value|
|ap_return_11  |  out|   21|  ap_ctrl_hs|  dense_latency<ap_ufixed<9, 0, 4, 0, 0>, ap_fixed<24, 9, 5, 3, 0>, config16>|  return value|
|ap_return_12  |  out|   21|  ap_ctrl_hs|  dense_latency<ap_ufixed<9, 0, 4, 0, 0>, ap_fixed<24, 9, 5, 3, 0>, config16>|  return value|
|p_read        |   in|    9|     ap_none|                                                                       p_read|        scalar|
|p_read1       |   in|    9|     ap_none|                                                                      p_read1|        scalar|
|p_read2       |   in|    9|     ap_none|                                                                      p_read2|        scalar|
|p_read3       |   in|    9|     ap_none|                                                                      p_read3|        scalar|
|p_read4       |   in|    9|     ap_none|                                                                      p_read4|        scalar|
|p_read5       |   in|    9|     ap_none|                                                                      p_read5|        scalar|
|p_read6       |   in|    9|     ap_none|                                                                      p_read6|        scalar|
|p_read7       |   in|    9|     ap_none|                                                                      p_read7|        scalar|
|p_read8       |   in|    9|     ap_none|                                                                      p_read8|        scalar|
|p_read9       |   in|    9|     ap_none|                                                                      p_read9|        scalar|
|p_read10      |   in|    9|     ap_none|                                                                     p_read10|        scalar|
|p_read11      |   in|    9|     ap_none|                                                                     p_read11|        scalar|
|p_read12      |   in|    9|     ap_none|                                                                     p_read12|        scalar|
|p_read13      |   in|    9|     ap_none|                                                                     p_read13|        scalar|
+--------------+-----+-----+------------+-----------------------------------------------------------------------------+--------------+

