

================================================================
== Vitis HLS Report for 'linear_ap_fixed_10_6_0_0_0_ap_fixed_16_6_5_3_0_linear_config23_s'
================================================================
* Date:           Tue Oct 29 14:12:42 2024

* Version:        2023.2 (Build 4023990 on Oct 11 2023)
* Project:        JetTaggerNN_prj
* Solution:       solution1 (Vivado IP Flow Target)
* Product family: virtexuplus
* Target device:  xcvu9p-flga2104-2L-e


================================================================
== Performance Estimates
================================================================
+ Timing: 
    * Summary: 
    +--------+---------+----------+------------+
    |  Clock |  Target | Estimated| Uncertainty|
    +--------+---------+----------+------------+
    |ap_clk  |  2.80 ns|  1.022 ns|     0.76 ns|
    +--------+---------+----------+------------+

+ Latency: 
    * Summary: 
    +---------+---------+----------+----------+-----+-----+---------+
    |  Latency (cycles) |  Latency (absolute) |  Interval | Pipeline|
    |   min   |   max   |    min   |    max   | min | max |   Type  |
    +---------+---------+----------+----------+-----+-----+---------+
    |        0|        0|      0 ns|      0 ns|    1|    1|      yes|
    +---------+---------+----------+----------+-----+-----+---------+

    + Detail: 
        * Instance: 
        N/A

        * Loop: 
        N/A



================================================================
== Utilization Estimates
================================================================
* Summary: 
+---------------------+---------+------+---------+---------+-----+
|         Name        | BRAM_18K|  DSP |    FF   |   LUT   | URAM|
+---------------------+---------+------+---------+---------+-----+
|DSP                  |        -|     -|        -|        -|    -|
|Expression           |        -|     -|        0|        2|    -|
|FIFO                 |        -|     -|        -|        -|    -|
|Instance             |        -|     -|        -|        -|    -|
|Memory               |        -|     -|        -|        -|    -|
|Multiplexer          |        -|     -|        -|       18|    -|
|Register             |        -|     -|       12|        -|    -|
+---------------------+---------+------+---------+---------+-----+
|Total                |        0|     0|       12|       20|    0|
+---------------------+---------+------+---------+---------+-----+
|Available SLR        |     1440|  2280|   788160|   394080|  320|
+---------------------+---------+------+---------+---------+-----+
|Utilization SLR (%)  |        0|     0|       ~0|       ~0|    0|
+---------------------+---------+------+---------+---------+-----+
|Available            |     4320|  6840|  2364480|  1182240|  960|
+---------------------+---------+------+---------+---------+-----+
|Utilization (%)      |        0|     0|       ~0|       ~0|    0|
+---------------------+---------+------+---------+---------+-----+

+ Detail: 
    * Instance: 
    N/A

    * DSP: 
    N/A

    * Memory: 
    N/A

    * FIFO: 
    N/A

    * Expression: 
    +-----------------+----------+----+---+----+------------+------------+
    |  Variable Name  | Operation| DSP| FF| LUT| Bitwidth P0| Bitwidth P1|
    +-----------------+----------+----+---+----+------------+------------+
    |ap_block_state1  |        or|   0|  0|   2|           1|           1|
    +-----------------+----------+----+---+----+------------+------------+
    |Total            |          |   0|  0|   2|           1|           1|
    +-----------------+----------+----+---+----+------------+------------+

    * Multiplexer: 
    +-------------+----+-----------+-----+-----------+
    |     Name    | LUT| Input Size| Bits| Total Bits|
    +-------------+----+-----------+-----+-----------+
    |ap_done      |   9|          2|    1|          2|
    |layer23_out  |   9|          2|   10|         20|
    +-------------+----+-----------+-----+-----------+
    |Total        |  18|          4|   11|         22|
    +-------------+----+-----------+-----+-----------+

    * Register: 
    +------------------+----+----+-----+-----------+
    |       Name       | FF | LUT| Bits| Const Bits|
    +------------------+----+----+-----+-----------+
    |ap_CS_fsm         |   1|   0|    1|          0|
    |ap_done_reg       |   1|   0|    1|          0|
    |layer23_out_preg  |  10|   0|   16|          6|
    +------------------+----+----+-----+-----------+
    |Total             |  12|   0|   18|          6|
    +------------------+----+----+-----+-----------+



================================================================
== Interface
================================================================
* Summary: 
+--------------------+-----+-----+------------+-----------------------------------------------------------------------------+--------------+
|      RTL Ports     | Dir | Bits|  Protocol  |                                Source Object                                |    C Type    |
+--------------------+-----+-----+------------+-----------------------------------------------------------------------------+--------------+
|ap_clk              |   in|    1|  ap_ctrl_hs|  linear<ap_fixed<10, 6, 0, 0, 0>, ap_fixed<16, 6, 5, 3, 0>, linear_config23>|  return value|
|ap_rst              |   in|    1|  ap_ctrl_hs|  linear<ap_fixed<10, 6, 0, 0, 0>, ap_fixed<16, 6, 5, 3, 0>, linear_config23>|  return value|
|ap_start            |   in|    1|  ap_ctrl_hs|  linear<ap_fixed<10, 6, 0, 0, 0>, ap_fixed<16, 6, 5, 3, 0>, linear_config23>|  return value|
|ap_done             |  out|    1|  ap_ctrl_hs|  linear<ap_fixed<10, 6, 0, 0, 0>, ap_fixed<16, 6, 5, 3, 0>, linear_config23>|  return value|
|ap_continue         |   in|    1|  ap_ctrl_hs|  linear<ap_fixed<10, 6, 0, 0, 0>, ap_fixed<16, 6, 5, 3, 0>, linear_config23>|  return value|
|ap_idle             |  out|    1|  ap_ctrl_hs|  linear<ap_fixed<10, 6, 0, 0, 0>, ap_fixed<16, 6, 5, 3, 0>, linear_config23>|  return value|
|ap_ready            |  out|    1|  ap_ctrl_hs|  linear<ap_fixed<10, 6, 0, 0, 0>, ap_fixed<16, 6, 5, 3, 0>, linear_config23>|  return value|
|p_read              |   in|   10|     ap_none|                                                                       p_read|        scalar|
|layer23_out         |  out|   16|      ap_vld|                                                                  layer23_out|       pointer|
|layer23_out_ap_vld  |  out|    1|      ap_vld|                                                                  layer23_out|       pointer|
+--------------------+-----+-----+------------+-----------------------------------------------------------------------------+--------------+

