

================================================================
== Vitis HLS Report for 'relu_ap_fixed_24_9_5_3_0_ap_ufixed_9_0_4_0_0_relu_config18_s'
================================================================
* Date:           Tue Oct 29 14:12:37 2024

* Version:        2023.2 (Build 4023990 on Oct 11 2023)
* Project:        JetTaggerNN_prj
* Solution:       solution1 (Vivado IP Flow Target)
* Product family: virtexuplus
* Target device:  xcvu9p-flga2104-2L-e


================================================================
== Performance Estimates
================================================================
+ Timing: 
    * Summary: 
    +--------+---------+----------+------------+
    |  Clock |  Target | Estimated| Uncertainty|
    +--------+---------+----------+------------+
    |ap_clk  |  2.80 ns|  1.729 ns|     0.76 ns|
    +--------+---------+----------+------------+

+ Latency: 
    * Summary: 
    +---------+---------+----------+----------+-----+-----+---------+
    |  Latency (cycles) |  Latency (absolute) |  Interval | Pipeline|
    |   min   |   max   |    min   |    max   | min | max |   Type  |
    +---------+---------+----------+----------+-----+-----+---------+
    |        1|        1|  2.800 ns|  2.800 ns|    1|    1|      yes|
    +---------+---------+----------+----------+-----+-----+---------+

    + Detail: 
        * Instance: 
        N/A

        * Loop: 
        N/A



================================================================
== Utilization Estimates
================================================================
* Summary: 
+---------------------+---------+------+---------+---------+-----+
|         Name        | BRAM_18K|  DSP |    FF   |   LUT   | URAM|
+---------------------+---------+------+---------+---------+-----+
|DSP                  |        -|     -|        -|        -|    -|
|Expression           |        -|     -|        0|     2884|    -|
|FIFO                 |        -|     -|        -|        -|    -|
|Instance             |        -|     -|        -|        -|    -|
|Memory               |        -|     -|        -|        -|    -|
|Multiplexer          |        -|     -|        -|      189|    -|
|Register             |        -|     -|      703|        -|    -|
+---------------------+---------+------+---------+---------+-----+
|Total                |        0|     0|      703|     3073|    0|
+---------------------+---------+------+---------+---------+-----+
|Available SLR        |     1440|  2280|   788160|   394080|  320|
+---------------------+---------+------+---------+---------+-----+
|Utilization SLR (%)  |        0|     0|       ~0|       ~0|    0|
+---------------------+---------+------+---------+---------+-----+
|Available            |     4320|  6840|  2364480|  1182240|  960|
+---------------------+---------+------+---------+---------+-----+
|Utilization (%)      |        0|     0|       ~0|       ~0|    0|
+---------------------+---------+------+---------+---------+-----+

+ Detail: 
    * Instance: 
    N/A

    * DSP: 
    N/A

    * Memory: 
    N/A

    * FIFO: 
    N/A

    * Expression: 
    +-----------------------------+----------+----+---+----+------------+------------+
    |        Variable Name        | Operation| DSP| FF| LUT| Bitwidth P0| Bitwidth P1|
    +-----------------------------+----------+----+---+----+------------+------------+
    |add_ln46_441_fu_1367_p2      |         +|   0|  0|  16|           9|           9|
    |add_ln46_442_fu_1525_p2      |         +|   0|  0|  16|           9|           9|
    |add_ln46_443_fu_1683_p2      |         +|   0|  0|  16|           9|           9|
    |add_ln46_444_fu_1841_p2      |         +|   0|  0|  16|           9|           9|
    |add_ln46_445_fu_1999_p2      |         +|   0|  0|  16|           9|           9|
    |add_ln46_446_fu_2157_p2      |         +|   0|  0|  16|           9|           9|
    |add_ln46_447_fu_2315_p2      |         +|   0|  0|  16|           9|           9|
    |add_ln46_448_fu_2473_p2      |         +|   0|  0|  16|           9|           9|
    |add_ln46_449_fu_2631_p2      |         +|   0|  0|  16|           9|           9|
    |add_ln46_450_fu_2789_p2      |         +|   0|  0|  16|           9|           9|
    |add_ln46_451_fu_2947_p2      |         +|   0|  0|  16|           9|           9|
    |add_ln46_452_fu_3105_p2      |         +|   0|  0|  16|           9|           9|
    |add_ln46_453_fu_3263_p2      |         +|   0|  0|  16|           9|           9|
    |add_ln46_454_fu_3421_p2      |         +|   0|  0|  16|           9|           9|
    |add_ln46_455_fu_3579_p2      |         +|   0|  0|  16|           9|           9|
    |add_ln46_456_fu_3737_p2      |         +|   0|  0|  16|           9|           9|
    |add_ln46_457_fu_3895_p2      |         +|   0|  0|  16|           9|           9|
    |add_ln46_458_fu_4053_p2      |         +|   0|  0|  16|           9|           9|
    |add_ln46_459_fu_4211_p2      |         +|   0|  0|  16|           9|           9|
    |add_ln46_fu_1209_p2          |         +|   0|  0|  16|           9|           9|
    |and_ln46_1838_fu_1261_p2     |       and|   0|  0|   2|           1|           1|
    |and_ln46_1839_fu_1272_p2     |       and|   0|  0|   2|           1|           1|
    |and_ln46_1840_fu_1357_p2     |       and|   0|  0|   2|           1|           1|
    |and_ln46_1841_fu_1419_p2     |       and|   0|  0|   2|           1|           1|
    |and_ln46_1842_fu_1430_p2     |       and|   0|  0|   2|           1|           1|
    |and_ln46_1843_fu_1515_p2     |       and|   0|  0|   2|           1|           1|
    |and_ln46_1844_fu_1577_p2     |       and|   0|  0|   2|           1|           1|
    |and_ln46_1845_fu_1588_p2     |       and|   0|  0|   2|           1|           1|
    |and_ln46_1846_fu_1673_p2     |       and|   0|  0|   2|           1|           1|
    |and_ln46_1847_fu_1735_p2     |       and|   0|  0|   2|           1|           1|
    |and_ln46_1848_fu_1746_p2     |       and|   0|  0|   2|           1|           1|
    |and_ln46_1849_fu_1831_p2     |       and|   0|  0|   2|           1|           1|
    |and_ln46_1850_fu_1893_p2     |       and|   0|  0|   2|           1|           1|
    |and_ln46_1851_fu_1904_p2     |       and|   0|  0|   2|           1|           1|
    |and_ln46_1852_fu_1989_p2     |       and|   0|  0|   2|           1|           1|
    |and_ln46_1853_fu_2051_p2     |       and|   0|  0|   2|           1|           1|
    |and_ln46_1854_fu_2062_p2     |       and|   0|  0|   2|           1|           1|
    |and_ln46_1855_fu_2147_p2     |       and|   0|  0|   2|           1|           1|
    |and_ln46_1856_fu_2209_p2     |       and|   0|  0|   2|           1|           1|
    |and_ln46_1857_fu_2220_p2     |       and|   0|  0|   2|           1|           1|
    |and_ln46_1858_fu_2305_p2     |       and|   0|  0|   2|           1|           1|
    |and_ln46_1859_fu_2367_p2     |       and|   0|  0|   2|           1|           1|
    |and_ln46_1860_fu_2378_p2     |       and|   0|  0|   2|           1|           1|
    |and_ln46_1861_fu_2463_p2     |       and|   0|  0|   2|           1|           1|
    |and_ln46_1862_fu_2525_p2     |       and|   0|  0|   2|           1|           1|
    |and_ln46_1863_fu_2536_p2     |       and|   0|  0|   2|           1|           1|
    |and_ln46_1864_fu_2621_p2     |       and|   0|  0|   2|           1|           1|
    |and_ln46_1865_fu_2683_p2     |       and|   0|  0|   2|           1|           1|
    |and_ln46_1866_fu_2694_p2     |       and|   0|  0|   2|           1|           1|
    |and_ln46_1867_fu_2779_p2     |       and|   0|  0|   2|           1|           1|
    |and_ln46_1868_fu_2841_p2     |       and|   0|  0|   2|           1|           1|
    |and_ln46_1869_fu_2852_p2     |       and|   0|  0|   2|           1|           1|
    |and_ln46_1870_fu_2937_p2     |       and|   0|  0|   2|           1|           1|
    |and_ln46_1871_fu_2999_p2     |       and|   0|  0|   2|           1|           1|
    |and_ln46_1872_fu_3010_p2     |       and|   0|  0|   2|           1|           1|
    |and_ln46_1873_fu_3095_p2     |       and|   0|  0|   2|           1|           1|
    |and_ln46_1874_fu_3157_p2     |       and|   0|  0|   2|           1|           1|
    |and_ln46_1875_fu_3168_p2     |       and|   0|  0|   2|           1|           1|
    |and_ln46_1876_fu_3253_p2     |       and|   0|  0|   2|           1|           1|
    |and_ln46_1877_fu_3315_p2     |       and|   0|  0|   2|           1|           1|
    |and_ln46_1878_fu_3326_p2     |       and|   0|  0|   2|           1|           1|
    |and_ln46_1879_fu_3411_p2     |       and|   0|  0|   2|           1|           1|
    |and_ln46_1880_fu_3473_p2     |       and|   0|  0|   2|           1|           1|
    |and_ln46_1881_fu_3484_p2     |       and|   0|  0|   2|           1|           1|
    |and_ln46_1882_fu_3569_p2     |       and|   0|  0|   2|           1|           1|
    |and_ln46_1883_fu_3631_p2     |       and|   0|  0|   2|           1|           1|
    |and_ln46_1884_fu_3642_p2     |       and|   0|  0|   2|           1|           1|
    |and_ln46_1885_fu_3727_p2     |       and|   0|  0|   2|           1|           1|
    |and_ln46_1886_fu_3789_p2     |       and|   0|  0|   2|           1|           1|
    |and_ln46_1887_fu_3800_p2     |       and|   0|  0|   2|           1|           1|
    |and_ln46_1888_fu_3885_p2     |       and|   0|  0|   2|           1|           1|
    |and_ln46_1889_fu_3947_p2     |       and|   0|  0|   2|           1|           1|
    |and_ln46_1890_fu_3958_p2     |       and|   0|  0|   2|           1|           1|
    |and_ln46_1891_fu_4043_p2     |       and|   0|  0|   2|           1|           1|
    |and_ln46_1892_fu_4105_p2     |       and|   0|  0|   2|           1|           1|
    |and_ln46_1893_fu_4116_p2     |       and|   0|  0|   2|           1|           1|
    |and_ln46_1894_fu_4201_p2     |       and|   0|  0|   2|           1|           1|
    |and_ln46_1895_fu_4263_p2     |       and|   0|  0|   2|           1|           1|
    |and_ln46_1896_fu_4274_p2     |       and|   0|  0|   2|           1|           1|
    |and_ln46_2658_fu_1256_p2     |       and|   0|  0|   2|           1|           1|
    |and_ln46_2659_fu_1282_p2     |       and|   0|  0|   2|           1|           1|
    |and_ln46_2660_fu_1414_p2     |       and|   0|  0|   2|           1|           1|
    |and_ln46_2661_fu_1440_p2     |       and|   0|  0|   2|           1|           1|
    |and_ln46_2662_fu_1572_p2     |       and|   0|  0|   2|           1|           1|
    |and_ln46_2663_fu_1598_p2     |       and|   0|  0|   2|           1|           1|
    |and_ln46_2664_fu_1730_p2     |       and|   0|  0|   2|           1|           1|
    |and_ln46_2665_fu_1756_p2     |       and|   0|  0|   2|           1|           1|
    |and_ln46_2666_fu_1888_p2     |       and|   0|  0|   2|           1|           1|
    |and_ln46_2667_fu_1914_p2     |       and|   0|  0|   2|           1|           1|
    |and_ln46_2668_fu_2046_p2     |       and|   0|  0|   2|           1|           1|
    |and_ln46_2669_fu_2072_p2     |       and|   0|  0|   2|           1|           1|
    |and_ln46_2670_fu_2204_p2     |       and|   0|  0|   2|           1|           1|
    |and_ln46_2671_fu_2230_p2     |       and|   0|  0|   2|           1|           1|
    |and_ln46_2672_fu_2362_p2     |       and|   0|  0|   2|           1|           1|
    |and_ln46_2673_fu_2388_p2     |       and|   0|  0|   2|           1|           1|
    |and_ln46_2674_fu_2520_p2     |       and|   0|  0|   2|           1|           1|
    |and_ln46_2675_fu_2546_p2     |       and|   0|  0|   2|           1|           1|
    |and_ln46_2676_fu_2678_p2     |       and|   0|  0|   2|           1|           1|
    |and_ln46_2677_fu_2704_p2     |       and|   0|  0|   2|           1|           1|
    |and_ln46_2678_fu_2836_p2     |       and|   0|  0|   2|           1|           1|
    |and_ln46_2679_fu_2862_p2     |       and|   0|  0|   2|           1|           1|
    |and_ln46_2680_fu_2994_p2     |       and|   0|  0|   2|           1|           1|
    |and_ln46_2681_fu_3020_p2     |       and|   0|  0|   2|           1|           1|
    |and_ln46_2682_fu_3152_p2     |       and|   0|  0|   2|           1|           1|
    |and_ln46_2683_fu_3178_p2     |       and|   0|  0|   2|           1|           1|
    |and_ln46_2684_fu_3310_p2     |       and|   0|  0|   2|           1|           1|
    |and_ln46_2685_fu_3336_p2     |       and|   0|  0|   2|           1|           1|
    |and_ln46_2686_fu_3468_p2     |       and|   0|  0|   2|           1|           1|
    |and_ln46_2687_fu_3494_p2     |       and|   0|  0|   2|           1|           1|
    |and_ln46_2688_fu_3626_p2     |       and|   0|  0|   2|           1|           1|
    |and_ln46_2689_fu_3652_p2     |       and|   0|  0|   2|           1|           1|
    |and_ln46_2690_fu_3784_p2     |       and|   0|  0|   2|           1|           1|
    |and_ln46_2691_fu_3810_p2     |       and|   0|  0|   2|           1|           1|
    |and_ln46_2692_fu_3942_p2     |       and|   0|  0|   2|           1|           1|
    |and_ln46_2693_fu_3968_p2     |       and|   0|  0|   2|           1|           1|
    |and_ln46_2694_fu_4100_p2     |       and|   0|  0|   2|           1|           1|
    |and_ln46_2695_fu_4126_p2     |       and|   0|  0|   2|           1|           1|
    |and_ln46_2696_fu_4258_p2     |       and|   0|  0|   2|           1|           1|
    |and_ln46_2697_fu_4284_p2     |       and|   0|  0|   2|           1|           1|
    |and_ln46_fu_1199_p2          |       and|   0|  0|   2|           1|           1|
    |icmp_ln45_952_fu_1324_p2     |      icmp|   0|  0|  28|          21|           1|
    |icmp_ln45_953_fu_1482_p2     |      icmp|   0|  0|  28|          21|           1|
    |icmp_ln45_954_fu_1640_p2     |      icmp|   0|  0|  28|          21|           1|
    |icmp_ln45_955_fu_1798_p2     |      icmp|   0|  0|  28|          21|           1|
    |icmp_ln45_956_fu_1956_p2     |      icmp|   0|  0|  28|          21|           1|
    |icmp_ln45_957_fu_2114_p2     |      icmp|   0|  0|  28|          21|           1|
    |icmp_ln45_958_fu_2272_p2     |      icmp|   0|  0|  28|          21|           1|
    |icmp_ln45_959_fu_2430_p2     |      icmp|   0|  0|  28|          21|           1|
    |icmp_ln45_960_fu_2588_p2     |      icmp|   0|  0|  28|          21|           1|
    |icmp_ln45_961_fu_2746_p2     |      icmp|   0|  0|  28|          21|           1|
    |icmp_ln45_962_fu_2904_p2     |      icmp|   0|  0|  28|          21|           1|
    |icmp_ln45_963_fu_3062_p2     |      icmp|   0|  0|  28|          21|           1|
    |icmp_ln45_964_fu_3220_p2     |      icmp|   0|  0|  28|          21|           1|
    |icmp_ln45_965_fu_3378_p2     |      icmp|   0|  0|  28|          21|           1|
    |icmp_ln45_966_fu_3536_p2     |      icmp|   0|  0|  28|          21|           1|
    |icmp_ln45_967_fu_3694_p2     |      icmp|   0|  0|  28|          21|           1|
    |icmp_ln45_968_fu_3852_p2     |      icmp|   0|  0|  28|          21|           1|
    |icmp_ln45_969_fu_4010_p2     |      icmp|   0|  0|  28|          21|           1|
    |icmp_ln45_970_fu_4168_p2     |      icmp|   0|  0|  28|          21|           1|
    |icmp_ln45_fu_1166_p2         |      icmp|   0|  0|  28|          21|           1|
    |icmp_ln46_1838_fu_242_p2     |      icmp|   0|  0|  13|           6|           2|
    |icmp_ln46_1839_fu_248_p2     |      icmp|   0|  0|  13|           6|           1|
    |icmp_ln46_1840_fu_266_p2     |      icmp|   0|  0|  12|           5|           1|
    |icmp_ln46_1841_fu_290_p2     |      icmp|   0|  0|  13|           6|           2|
    |icmp_ln46_1842_fu_296_p2     |      icmp|   0|  0|  13|           6|           1|
    |icmp_ln46_1843_fu_314_p2     |      icmp|   0|  0|  12|           5|           1|
    |icmp_ln46_1844_fu_338_p2     |      icmp|   0|  0|  13|           6|           2|
    |icmp_ln46_1845_fu_344_p2     |      icmp|   0|  0|  13|           6|           1|
    |icmp_ln46_1846_fu_362_p2     |      icmp|   0|  0|  12|           5|           1|
    |icmp_ln46_1847_fu_386_p2     |      icmp|   0|  0|  13|           6|           2|
    |icmp_ln46_1848_fu_392_p2     |      icmp|   0|  0|  13|           6|           1|
    |icmp_ln46_1849_fu_410_p2     |      icmp|   0|  0|  12|           5|           1|
    |icmp_ln46_1850_fu_434_p2     |      icmp|   0|  0|  13|           6|           2|
    |icmp_ln46_1851_fu_440_p2     |      icmp|   0|  0|  13|           6|           1|
    |icmp_ln46_1852_fu_458_p2     |      icmp|   0|  0|  12|           5|           1|
    |icmp_ln46_1853_fu_482_p2     |      icmp|   0|  0|  13|           6|           2|
    |icmp_ln46_1854_fu_488_p2     |      icmp|   0|  0|  13|           6|           1|
    |icmp_ln46_1855_fu_506_p2     |      icmp|   0|  0|  12|           5|           1|
    |icmp_ln46_1856_fu_530_p2     |      icmp|   0|  0|  13|           6|           2|
    |icmp_ln46_1857_fu_536_p2     |      icmp|   0|  0|  13|           6|           1|
    |icmp_ln46_1858_fu_554_p2     |      icmp|   0|  0|  12|           5|           1|
    |icmp_ln46_1859_fu_578_p2     |      icmp|   0|  0|  13|           6|           2|
    |icmp_ln46_1860_fu_584_p2     |      icmp|   0|  0|  13|           6|           1|
    |icmp_ln46_1861_fu_602_p2     |      icmp|   0|  0|  12|           5|           1|
    |icmp_ln46_1862_fu_626_p2     |      icmp|   0|  0|  13|           6|           2|
    |icmp_ln46_1863_fu_632_p2     |      icmp|   0|  0|  13|           6|           1|
    |icmp_ln46_1864_fu_650_p2     |      icmp|   0|  0|  12|           5|           1|
    |icmp_ln46_1865_fu_674_p2     |      icmp|   0|  0|  13|           6|           2|
    |icmp_ln46_1866_fu_680_p2     |      icmp|   0|  0|  13|           6|           1|
    |icmp_ln46_1867_fu_698_p2     |      icmp|   0|  0|  12|           5|           1|
    |icmp_ln46_1868_fu_722_p2     |      icmp|   0|  0|  13|           6|           2|
    |icmp_ln46_1869_fu_728_p2     |      icmp|   0|  0|  13|           6|           1|
    |icmp_ln46_1870_fu_746_p2     |      icmp|   0|  0|  12|           5|           1|
    |icmp_ln46_1871_fu_770_p2     |      icmp|   0|  0|  13|           6|           2|
    |icmp_ln46_1872_fu_776_p2     |      icmp|   0|  0|  13|           6|           1|
    |icmp_ln46_1873_fu_794_p2     |      icmp|   0|  0|  12|           5|           1|
    |icmp_ln46_1874_fu_818_p2     |      icmp|   0|  0|  13|           6|           2|
    |icmp_ln46_1875_fu_824_p2     |      icmp|   0|  0|  13|           6|           1|
    |icmp_ln46_1876_fu_842_p2     |      icmp|   0|  0|  12|           5|           1|
    |icmp_ln46_1877_fu_866_p2     |      icmp|   0|  0|  13|           6|           2|
    |icmp_ln46_1878_fu_872_p2     |      icmp|   0|  0|  13|           6|           1|
    |icmp_ln46_1879_fu_890_p2     |      icmp|   0|  0|  12|           5|           1|
    |icmp_ln46_1880_fu_914_p2     |      icmp|   0|  0|  13|           6|           2|
    |icmp_ln46_1881_fu_920_p2     |      icmp|   0|  0|  13|           6|           1|
    |icmp_ln46_1882_fu_938_p2     |      icmp|   0|  0|  12|           5|           1|
    |icmp_ln46_1883_fu_962_p2     |      icmp|   0|  0|  13|           6|           2|
    |icmp_ln46_1884_fu_968_p2     |      icmp|   0|  0|  13|           6|           1|
    |icmp_ln46_1885_fu_986_p2     |      icmp|   0|  0|  12|           5|           1|
    |icmp_ln46_1886_fu_1010_p2    |      icmp|   0|  0|  13|           6|           2|
    |icmp_ln46_1887_fu_1016_p2    |      icmp|   0|  0|  13|           6|           1|
    |icmp_ln46_1888_fu_1034_p2    |      icmp|   0|  0|  12|           5|           1|
    |icmp_ln46_1889_fu_1058_p2    |      icmp|   0|  0|  13|           6|           2|
    |icmp_ln46_1890_fu_1064_p2    |      icmp|   0|  0|  13|           6|           1|
    |icmp_ln46_1891_fu_1082_p2    |      icmp|   0|  0|  12|           5|           1|
    |icmp_ln46_1892_fu_1106_p2    |      icmp|   0|  0|  13|           6|           2|
    |icmp_ln46_1893_fu_1112_p2    |      icmp|   0|  0|  13|           6|           1|
    |icmp_ln46_1894_fu_1130_p2    |      icmp|   0|  0|  12|           5|           1|
    |icmp_ln46_1895_fu_1154_p2    |      icmp|   0|  0|  13|           6|           2|
    |icmp_ln46_1896_fu_1160_p2    |      icmp|   0|  0|  13|           6|           1|
    |icmp_ln46_fu_218_p2          |      icmp|   0|  0|  12|           5|           1|
    |ap_block_pp0_stage0_11001    |        or|   0|  0|   2|           1|           1|
    |or_ln46_1838_fu_1245_p2      |        or|   0|  0|   2|           1|           1|
    |or_ln46_1839_fu_1287_p2      |        or|   0|  0|   2|           1|           1|
    |or_ln46_1840_fu_1352_p2      |        or|   0|  0|   2|           1|           1|
    |or_ln46_1841_fu_1403_p2      |        or|   0|  0|   2|           1|           1|
    |or_ln46_1842_fu_1445_p2      |        or|   0|  0|   2|           1|           1|
    |or_ln46_1843_fu_1510_p2      |        or|   0|  0|   2|           1|           1|
    |or_ln46_1844_fu_1561_p2      |        or|   0|  0|   2|           1|           1|
    |or_ln46_1845_fu_1603_p2      |        or|   0|  0|   2|           1|           1|
    |or_ln46_1846_fu_1668_p2      |        or|   0|  0|   2|           1|           1|
    |or_ln46_1847_fu_1719_p2      |        or|   0|  0|   2|           1|           1|
    |or_ln46_1848_fu_1761_p2      |        or|   0|  0|   2|           1|           1|
    |or_ln46_1849_fu_1826_p2      |        or|   0|  0|   2|           1|           1|
    |or_ln46_1850_fu_1877_p2      |        or|   0|  0|   2|           1|           1|
    |or_ln46_1851_fu_1919_p2      |        or|   0|  0|   2|           1|           1|
    |or_ln46_1852_fu_1984_p2      |        or|   0|  0|   2|           1|           1|
    |or_ln46_1853_fu_2035_p2      |        or|   0|  0|   2|           1|           1|
    |or_ln46_1854_fu_2077_p2      |        or|   0|  0|   2|           1|           1|
    |or_ln46_1855_fu_2142_p2      |        or|   0|  0|   2|           1|           1|
    |or_ln46_1856_fu_2193_p2      |        or|   0|  0|   2|           1|           1|
    |or_ln46_1857_fu_2235_p2      |        or|   0|  0|   2|           1|           1|
    |or_ln46_1858_fu_2300_p2      |        or|   0|  0|   2|           1|           1|
    |or_ln46_1859_fu_2351_p2      |        or|   0|  0|   2|           1|           1|
    |or_ln46_1860_fu_2393_p2      |        or|   0|  0|   2|           1|           1|
    |or_ln46_1861_fu_2458_p2      |        or|   0|  0|   2|           1|           1|
    |or_ln46_1862_fu_2509_p2      |        or|   0|  0|   2|           1|           1|
    |or_ln46_1863_fu_2551_p2      |        or|   0|  0|   2|           1|           1|
    |or_ln46_1864_fu_2616_p2      |        or|   0|  0|   2|           1|           1|
    |or_ln46_1865_fu_2667_p2      |        or|   0|  0|   2|           1|           1|
    |or_ln46_1866_fu_2709_p2      |        or|   0|  0|   2|           1|           1|
    |or_ln46_1867_fu_2774_p2      |        or|   0|  0|   2|           1|           1|
    |or_ln46_1868_fu_2825_p2      |        or|   0|  0|   2|           1|           1|
    |or_ln46_1869_fu_2867_p2      |        or|   0|  0|   2|           1|           1|
    |or_ln46_1870_fu_2932_p2      |        or|   0|  0|   2|           1|           1|
    |or_ln46_1871_fu_2983_p2      |        or|   0|  0|   2|           1|           1|
    |or_ln46_1872_fu_3025_p2      |        or|   0|  0|   2|           1|           1|
    |or_ln46_1873_fu_3090_p2      |        or|   0|  0|   2|           1|           1|
    |or_ln46_1874_fu_3141_p2      |        or|   0|  0|   2|           1|           1|
    |or_ln46_1875_fu_3183_p2      |        or|   0|  0|   2|           1|           1|
    |or_ln46_1876_fu_3248_p2      |        or|   0|  0|   2|           1|           1|
    |or_ln46_1877_fu_3299_p2      |        or|   0|  0|   2|           1|           1|
    |or_ln46_1878_fu_3341_p2      |        or|   0|  0|   2|           1|           1|
    |or_ln46_1879_fu_3406_p2      |        or|   0|  0|   2|           1|           1|
    |or_ln46_1880_fu_3457_p2      |        or|   0|  0|   2|           1|           1|
    |or_ln46_1881_fu_3499_p2      |        or|   0|  0|   2|           1|           1|
    |or_ln46_1882_fu_3564_p2      |        or|   0|  0|   2|           1|           1|
    |or_ln46_1883_fu_3615_p2      |        or|   0|  0|   2|           1|           1|
    |or_ln46_1884_fu_3657_p2      |        or|   0|  0|   2|           1|           1|
    |or_ln46_1885_fu_3722_p2      |        or|   0|  0|   2|           1|           1|
    |or_ln46_1886_fu_3773_p2      |        or|   0|  0|   2|           1|           1|
    |or_ln46_1887_fu_3815_p2      |        or|   0|  0|   2|           1|           1|
    |or_ln46_1888_fu_3880_p2      |        or|   0|  0|   2|           1|           1|
    |or_ln46_1889_fu_3931_p2      |        or|   0|  0|   2|           1|           1|
    |or_ln46_1890_fu_3973_p2      |        or|   0|  0|   2|           1|           1|
    |or_ln46_1891_fu_4038_p2      |        or|   0|  0|   2|           1|           1|
    |or_ln46_1892_fu_4089_p2      |        or|   0|  0|   2|           1|           1|
    |or_ln46_1893_fu_4131_p2      |        or|   0|  0|   2|           1|           1|
    |or_ln46_1894_fu_4196_p2      |        or|   0|  0|   2|           1|           1|
    |or_ln46_1895_fu_4247_p2      |        or|   0|  0|   2|           1|           1|
    |or_ln46_1896_fu_4289_p2      |        or|   0|  0|   2|           1|           1|
    |or_ln46_fu_1194_p2           |        or|   0|  0|   2|           1|           1|
    |select_ln45_952_fu_1474_p3   |    select|   0|  0|   9|           1|           9|
    |select_ln45_953_fu_1632_p3   |    select|   0|  0|   9|           1|           9|
    |select_ln45_954_fu_1790_p3   |    select|   0|  0|   9|           1|           9|
    |select_ln45_955_fu_1948_p3   |    select|   0|  0|   9|           1|           9|
    |select_ln45_956_fu_2106_p3   |    select|   0|  0|   9|           1|           9|
    |select_ln45_957_fu_2264_p3   |    select|   0|  0|   9|           1|           9|
    |select_ln45_958_fu_2422_p3   |    select|   0|  0|   9|           1|           9|
    |select_ln45_959_fu_2580_p3   |    select|   0|  0|   9|           1|           9|
    |select_ln45_960_fu_2738_p3   |    select|   0|  0|   9|           1|           9|
    |select_ln45_961_fu_2896_p3   |    select|   0|  0|   9|           1|           9|
    |select_ln45_962_fu_3054_p3   |    select|   0|  0|   9|           1|           9|
    |select_ln45_963_fu_3212_p3   |    select|   0|  0|   9|           1|           9|
    |select_ln45_964_fu_3370_p3   |    select|   0|  0|   9|           1|           9|
    |select_ln45_965_fu_3528_p3   |    select|   0|  0|   9|           1|           9|
    |select_ln45_966_fu_3686_p3   |    select|   0|  0|   9|           1|           9|
    |select_ln45_967_fu_3844_p3   |    select|   0|  0|   9|           1|           9|
    |select_ln45_968_fu_4002_p3   |    select|   0|  0|   9|           1|           9|
    |select_ln45_969_fu_4160_p3   |    select|   0|  0|   9|           1|           9|
    |select_ln45_970_fu_4318_p3   |    select|   0|  0|   9|           1|           9|
    |select_ln45_fu_1316_p3       |    select|   0|  0|   9|           1|           9|
    |select_ln46_1838_fu_1300_p3  |    select|   0|  0|   9|           1|           9|
    |select_ln46_1839_fu_1308_p3  |    select|   0|  0|   9|           1|           9|
    |select_ln46_1840_fu_1391_p3  |    select|   0|  0|   2|           1|           1|
    |select_ln46_1841_fu_1458_p3  |    select|   0|  0|   9|           1|           9|
    |select_ln46_1842_fu_1466_p3  |    select|   0|  0|   9|           1|           9|
    |select_ln46_1843_fu_1549_p3  |    select|   0|  0|   2|           1|           1|
    |select_ln46_1844_fu_1616_p3  |    select|   0|  0|   9|           1|           9|
    |select_ln46_1845_fu_1624_p3  |    select|   0|  0|   9|           1|           9|
    |select_ln46_1846_fu_1707_p3  |    select|   0|  0|   2|           1|           1|
    |select_ln46_1847_fu_1774_p3  |    select|   0|  0|   9|           1|           9|
    |select_ln46_1848_fu_1782_p3  |    select|   0|  0|   9|           1|           9|
    |select_ln46_1849_fu_1865_p3  |    select|   0|  0|   2|           1|           1|
    |select_ln46_1850_fu_1932_p3  |    select|   0|  0|   9|           1|           9|
    |select_ln46_1851_fu_1940_p3  |    select|   0|  0|   9|           1|           9|
    |select_ln46_1852_fu_2023_p3  |    select|   0|  0|   2|           1|           1|
    |select_ln46_1853_fu_2090_p3  |    select|   0|  0|   9|           1|           9|
    |select_ln46_1854_fu_2098_p3  |    select|   0|  0|   9|           1|           9|
    |select_ln46_1855_fu_2181_p3  |    select|   0|  0|   2|           1|           1|
    |select_ln46_1856_fu_2248_p3  |    select|   0|  0|   9|           1|           9|
    |select_ln46_1857_fu_2256_p3  |    select|   0|  0|   9|           1|           9|
    |select_ln46_1858_fu_2339_p3  |    select|   0|  0|   2|           1|           1|
    |select_ln46_1859_fu_2406_p3  |    select|   0|  0|   9|           1|           9|
    |select_ln46_1860_fu_2414_p3  |    select|   0|  0|   9|           1|           9|
    |select_ln46_1861_fu_2497_p3  |    select|   0|  0|   2|           1|           1|
    |select_ln46_1862_fu_2564_p3  |    select|   0|  0|   9|           1|           9|
    |select_ln46_1863_fu_2572_p3  |    select|   0|  0|   9|           1|           9|
    |select_ln46_1864_fu_2655_p3  |    select|   0|  0|   2|           1|           1|
    |select_ln46_1865_fu_2722_p3  |    select|   0|  0|   9|           1|           9|
    |select_ln46_1866_fu_2730_p3  |    select|   0|  0|   9|           1|           9|
    |select_ln46_1867_fu_2813_p3  |    select|   0|  0|   2|           1|           1|
    |select_ln46_1868_fu_2880_p3  |    select|   0|  0|   9|           1|           9|
    |select_ln46_1869_fu_2888_p3  |    select|   0|  0|   9|           1|           9|
    |select_ln46_1870_fu_2971_p3  |    select|   0|  0|   2|           1|           1|
    |select_ln46_1871_fu_3038_p3  |    select|   0|  0|   9|           1|           9|
    |select_ln46_1872_fu_3046_p3  |    select|   0|  0|   9|           1|           9|
    |select_ln46_1873_fu_3129_p3  |    select|   0|  0|   2|           1|           1|
    |select_ln46_1874_fu_3196_p3  |    select|   0|  0|   9|           1|           9|
    |select_ln46_1875_fu_3204_p3  |    select|   0|  0|   9|           1|           9|
    |select_ln46_1876_fu_3287_p3  |    select|   0|  0|   2|           1|           1|
    |select_ln46_1877_fu_3354_p3  |    select|   0|  0|   9|           1|           9|
    |select_ln46_1878_fu_3362_p3  |    select|   0|  0|   9|           1|           9|
    |select_ln46_1879_fu_3445_p3  |    select|   0|  0|   2|           1|           1|
    |select_ln46_1880_fu_3512_p3  |    select|   0|  0|   9|           1|           9|
    |select_ln46_1881_fu_3520_p3  |    select|   0|  0|   9|           1|           9|
    |select_ln46_1882_fu_3603_p3  |    select|   0|  0|   2|           1|           1|
    |select_ln46_1883_fu_3670_p3  |    select|   0|  0|   9|           1|           9|
    |select_ln46_1884_fu_3678_p3  |    select|   0|  0|   9|           1|           9|
    |select_ln46_1885_fu_3761_p3  |    select|   0|  0|   2|           1|           1|
    |select_ln46_1886_fu_3828_p3  |    select|   0|  0|   9|           1|           9|
    |select_ln46_1887_fu_3836_p3  |    select|   0|  0|   9|           1|           9|
    |select_ln46_1888_fu_3919_p3  |    select|   0|  0|   2|           1|           1|
    |select_ln46_1889_fu_3986_p3  |    select|   0|  0|   9|           1|           9|
    |select_ln46_1890_fu_3994_p3  |    select|   0|  0|   9|           1|           9|
    |select_ln46_1891_fu_4077_p3  |    select|   0|  0|   2|           1|           1|
    |select_ln46_1892_fu_4144_p3  |    select|   0|  0|   9|           1|           9|
    |select_ln46_1893_fu_4152_p3  |    select|   0|  0|   9|           1|           9|
    |select_ln46_1894_fu_4235_p3  |    select|   0|  0|   2|           1|           1|
    |select_ln46_1895_fu_4302_p3  |    select|   0|  0|   9|           1|           9|
    |select_ln46_1896_fu_4310_p3  |    select|   0|  0|   9|           1|           9|
    |select_ln46_2658_fu_1239_p3  |    select|   0|  0|   2|           1|           1|
    |select_ln46_2659_fu_1293_p3  |    select|   0|  0|   9|           1|           9|
    |select_ln46_2660_fu_1397_p3  |    select|   0|  0|   2|           1|           1|
    |select_ln46_2661_fu_1451_p3  |    select|   0|  0|   9|           1|           9|
    |select_ln46_2662_fu_1555_p3  |    select|   0|  0|   2|           1|           1|
    |select_ln46_2663_fu_1609_p3  |    select|   0|  0|   9|           1|           9|
    |select_ln46_2664_fu_1713_p3  |    select|   0|  0|   2|           1|           1|
    |select_ln46_2665_fu_1767_p3  |    select|   0|  0|   9|           1|           9|
    |select_ln46_2666_fu_1871_p3  |    select|   0|  0|   2|           1|           1|
    |select_ln46_2667_fu_1925_p3  |    select|   0|  0|   9|           1|           9|
    |select_ln46_2668_fu_2029_p3  |    select|   0|  0|   2|           1|           1|
    |select_ln46_2669_fu_2083_p3  |    select|   0|  0|   9|           1|           9|
    |select_ln46_2670_fu_2187_p3  |    select|   0|  0|   2|           1|           1|
    |select_ln46_2671_fu_2241_p3  |    select|   0|  0|   9|           1|           9|
    |select_ln46_2672_fu_2345_p3  |    select|   0|  0|   2|           1|           1|
    |select_ln46_2673_fu_2399_p3  |    select|   0|  0|   9|           1|           9|
    |select_ln46_2674_fu_2503_p3  |    select|   0|  0|   2|           1|           1|
    |select_ln46_2675_fu_2557_p3  |    select|   0|  0|   9|           1|           9|
    |select_ln46_2676_fu_2661_p3  |    select|   0|  0|   2|           1|           1|
    |select_ln46_2677_fu_2715_p3  |    select|   0|  0|   9|           1|           9|
    |select_ln46_2678_fu_2819_p3  |    select|   0|  0|   2|           1|           1|
    |select_ln46_2679_fu_2873_p3  |    select|   0|  0|   9|           1|           9|
    |select_ln46_2680_fu_2977_p3  |    select|   0|  0|   2|           1|           1|
    |select_ln46_2681_fu_3031_p3  |    select|   0|  0|   9|           1|           9|
    |select_ln46_2682_fu_3135_p3  |    select|   0|  0|   2|           1|           1|
    |select_ln46_2683_fu_3189_p3  |    select|   0|  0|   9|           1|           9|
    |select_ln46_2684_fu_3293_p3  |    select|   0|  0|   2|           1|           1|
    |select_ln46_2685_fu_3347_p3  |    select|   0|  0|   9|           1|           9|
    |select_ln46_2686_fu_3451_p3  |    select|   0|  0|   2|           1|           1|
    |select_ln46_2687_fu_3505_p3  |    select|   0|  0|   9|           1|           9|
    |select_ln46_2688_fu_3609_p3  |    select|   0|  0|   2|           1|           1|
    |select_ln46_2689_fu_3663_p3  |    select|   0|  0|   9|           1|           9|
    |select_ln46_2690_fu_3767_p3  |    select|   0|  0|   2|           1|           1|
    |select_ln46_2691_fu_3821_p3  |    select|   0|  0|   9|           1|           9|
    |select_ln46_2692_fu_3925_p3  |    select|   0|  0|   2|           1|           1|
    |select_ln46_2693_fu_3979_p3  |    select|   0|  0|   9|           1|           9|
    |select_ln46_2694_fu_4083_p3  |    select|   0|  0|   2|           1|           1|
    |select_ln46_2695_fu_4137_p3  |    select|   0|  0|   9|           1|           9|
    |select_ln46_2696_fu_4241_p3  |    select|   0|  0|   2|           1|           1|
    |select_ln46_2697_fu_4295_p3  |    select|   0|  0|   9|           1|           9|
    |select_ln46_fu_1233_p3       |    select|   0|  0|   2|           1|           1|
    |ap_enable_pp0                |       xor|   0|  0|   2|           1|           2|
    |xor_ln46_1395_fu_1266_p2     |       xor|   0|  0|   2|           2|           1|
    |xor_ln46_1396_fu_1408_p2     |       xor|   0|  0|   2|           1|           2|
    |xor_ln46_1397_fu_1424_p2     |       xor|   0|  0|   2|           2|           1|
    |xor_ln46_1398_fu_1566_p2     |       xor|   0|  0|   2|           1|           2|
    |xor_ln46_1399_fu_1582_p2     |       xor|   0|  0|   2|           2|           1|
    |xor_ln46_1400_fu_1724_p2     |       xor|   0|  0|   2|           1|           2|
    |xor_ln46_1401_fu_1740_p2     |       xor|   0|  0|   2|           2|           1|
    |xor_ln46_1402_fu_1882_p2     |       xor|   0|  0|   2|           1|           2|
    |xor_ln46_1403_fu_1898_p2     |       xor|   0|  0|   2|           2|           1|
    |xor_ln46_1404_fu_2040_p2     |       xor|   0|  0|   2|           1|           2|
    |xor_ln46_1405_fu_2056_p2     |       xor|   0|  0|   2|           2|           1|
    |xor_ln46_1406_fu_2198_p2     |       xor|   0|  0|   2|           1|           2|
    |xor_ln46_1407_fu_2214_p2     |       xor|   0|  0|   2|           2|           1|
    |xor_ln46_1408_fu_2356_p2     |       xor|   0|  0|   2|           1|           2|
    |xor_ln46_1409_fu_2372_p2     |       xor|   0|  0|   2|           2|           1|
    |xor_ln46_1410_fu_2514_p2     |       xor|   0|  0|   2|           1|           2|
    |xor_ln46_1411_fu_2530_p2     |       xor|   0|  0|   2|           2|           1|
    |xor_ln46_1412_fu_2672_p2     |       xor|   0|  0|   2|           1|           2|
    |xor_ln46_1413_fu_2688_p2     |       xor|   0|  0|   2|           2|           1|
    |xor_ln46_1414_fu_2830_p2     |       xor|   0|  0|   2|           1|           2|
    |xor_ln46_1415_fu_2846_p2     |       xor|   0|  0|   2|           2|           1|
    |xor_ln46_1416_fu_2988_p2     |       xor|   0|  0|   2|           1|           2|
    |xor_ln46_1417_fu_3004_p2     |       xor|   0|  0|   2|           2|           1|
    |xor_ln46_1418_fu_3146_p2     |       xor|   0|  0|   2|           1|           2|
    |xor_ln46_1419_fu_3162_p2     |       xor|   0|  0|   2|           2|           1|
    |xor_ln46_1420_fu_3304_p2     |       xor|   0|  0|   2|           1|           2|
    |xor_ln46_1421_fu_3320_p2     |       xor|   0|  0|   2|           2|           1|
    |xor_ln46_1422_fu_3462_p2     |       xor|   0|  0|   2|           1|           2|
    |xor_ln46_1423_fu_3478_p2     |       xor|   0|  0|   2|           2|           1|
    |xor_ln46_1424_fu_3620_p2     |       xor|   0|  0|   2|           1|           2|
    |xor_ln46_1425_fu_3636_p2     |       xor|   0|  0|   2|           2|           1|
    |xor_ln46_1426_fu_3778_p2     |       xor|   0|  0|   2|           1|           2|
    |xor_ln46_1427_fu_3794_p2     |       xor|   0|  0|   2|           2|           1|
    |xor_ln46_1428_fu_3936_p2     |       xor|   0|  0|   2|           1|           2|
    |xor_ln46_1429_fu_3952_p2     |       xor|   0|  0|   2|           2|           1|
    |xor_ln46_1430_fu_4094_p2     |       xor|   0|  0|   2|           1|           2|
    |xor_ln46_1431_fu_4110_p2     |       xor|   0|  0|   2|           2|           1|
    |xor_ln46_1432_fu_4252_p2     |       xor|   0|  0|   2|           1|           2|
    |xor_ln46_1433_fu_4268_p2     |       xor|   0|  0|   2|           2|           1|
    |xor_ln46_1799_fu_1227_p2     |       xor|   0|  0|   2|           1|           2|
    |xor_ln46_1800_fu_1385_p2     |       xor|   0|  0|   2|           1|           2|
    |xor_ln46_1801_fu_1543_p2     |       xor|   0|  0|   2|           1|           2|
    |xor_ln46_1802_fu_1701_p2     |       xor|   0|  0|   2|           1|           2|
    |xor_ln46_1803_fu_1859_p2     |       xor|   0|  0|   2|           1|           2|
    |xor_ln46_1804_fu_2017_p2     |       xor|   0|  0|   2|           1|           2|
    |xor_ln46_1805_fu_2175_p2     |       xor|   0|  0|   2|           1|           2|
    |xor_ln46_1806_fu_2333_p2     |       xor|   0|  0|   2|           1|           2|
    |xor_ln46_1807_fu_2491_p2     |       xor|   0|  0|   2|           1|           2|
    |xor_ln46_1808_fu_2649_p2     |       xor|   0|  0|   2|           1|           2|
    |xor_ln46_1809_fu_2807_p2     |       xor|   0|  0|   2|           1|           2|
    |xor_ln46_1810_fu_2965_p2     |       xor|   0|  0|   2|           1|           2|
    |xor_ln46_1811_fu_3123_p2     |       xor|   0|  0|   2|           1|           2|
    |xor_ln46_1812_fu_3281_p2     |       xor|   0|  0|   2|           1|           2|
    |xor_ln46_1813_fu_3439_p2     |       xor|   0|  0|   2|           1|           2|
    |xor_ln46_1814_fu_3597_p2     |       xor|   0|  0|   2|           1|           2|
    |xor_ln46_1815_fu_3755_p2     |       xor|   0|  0|   2|           1|           2|
    |xor_ln46_1816_fu_3913_p2     |       xor|   0|  0|   2|           1|           2|
    |xor_ln46_1817_fu_4071_p2     |       xor|   0|  0|   2|           1|           2|
    |xor_ln46_1818_fu_4229_p2     |       xor|   0|  0|   2|           1|           2|
    |xor_ln46_fu_1250_p2          |       xor|   0|  0|   2|           1|           2|
    +-----------------------------+----------+----+---+----+------------+------------+
    |Total                        |          |   0|  0|2884|        1302|        1303|
    +-----------------------------+----------+----+---+----+------------+------------+

    * Multiplexer: 
    +--------------+----+-----------+-----+-----------+
    |     Name     | LUT| Input Size| Bits| Total Bits|
    +--------------+----+-----------+-----+-----------+
    |ap_done       |   9|          2|    1|          2|
    |ap_return_0   |   9|          2|    9|         18|
    |ap_return_1   |   9|          2|    9|         18|
    |ap_return_10  |   9|          2|    9|         18|
    |ap_return_11  |   9|          2|    9|         18|
    |ap_return_12  |   9|          2|    9|         18|
    |ap_return_13  |   9|          2|    9|         18|
    |ap_return_14  |   9|          2|    9|         18|
    |ap_return_15  |   9|          2|    9|         18|
    |ap_return_16  |   9|          2|    9|         18|
    |ap_return_17  |   9|          2|    9|         18|
    |ap_return_18  |   9|          2|    9|         18|
    |ap_return_19  |   9|          2|    9|         18|
    |ap_return_2   |   9|          2|    9|         18|
    |ap_return_3   |   9|          2|    9|         18|
    |ap_return_4   |   9|          2|    9|         18|
    |ap_return_5   |   9|          2|    9|         18|
    |ap_return_6   |   9|          2|    9|         18|
    |ap_return_7   |   9|          2|    9|         18|
    |ap_return_8   |   9|          2|    9|         18|
    |ap_return_9   |   9|          2|    9|         18|
    +--------------+----+-----------+-----+-----------+
    |Total         | 189|         42|  181|        362|
    +--------------+----+-----------+-----+-----------+

    * Register: 
    +-------------------------+----+----+-----+-----------+
    |           Name          | FF | LUT| Bits| Const Bits|
    +-------------------------+----+----+-----+-----------+
    |ap_CS_fsm                |   1|   0|    1|          0|
    |ap_done_reg              |   1|   0|    1|          0|
    |ap_enable_reg_pp0_iter1  |   1|   0|    1|          0|
    |ap_return_0_preg         |   9|   0|    9|          0|
    |ap_return_10_preg        |   9|   0|    9|          0|
    |ap_return_11_preg        |   9|   0|    9|          0|
    |ap_return_12_preg        |   9|   0|    9|          0|
    |ap_return_13_preg        |   9|   0|    9|          0|
    |ap_return_14_preg        |   9|   0|    9|          0|
    |ap_return_15_preg        |   9|   0|    9|          0|
    |ap_return_16_preg        |   9|   0|    9|          0|
    |ap_return_17_preg        |   9|   0|    9|          0|
    |ap_return_18_preg        |   9|   0|    9|          0|
    |ap_return_19_preg        |   9|   0|    9|          0|
    |ap_return_1_preg         |   9|   0|    9|          0|
    |ap_return_2_preg         |   9|   0|    9|          0|
    |ap_return_3_preg         |   9|   0|    9|          0|
    |ap_return_4_preg         |   9|   0|    9|          0|
    |ap_return_5_preg         |   9|   0|    9|          0|
    |ap_return_6_preg         |   9|   0|    9|          0|
    |ap_return_7_preg         |   9|   0|    9|          0|
    |ap_return_8_preg         |   9|   0|    9|          0|
    |ap_return_9_preg         |   9|   0|    9|          0|
    |icmp_ln46_1838_reg_4624  |   1|   0|    1|          0|
    |icmp_ln46_1839_reg_4630  |   1|   0|    1|          0|
    |icmp_ln46_1840_reg_4643  |   1|   0|    1|          0|
    |icmp_ln46_1841_reg_4654  |   1|   0|    1|          0|
    |icmp_ln46_1842_reg_4660  |   1|   0|    1|          0|
    |icmp_ln46_1843_reg_4673  |   1|   0|    1|          0|
    |icmp_ln46_1844_reg_4684  |   1|   0|    1|          0|
    |icmp_ln46_1845_reg_4690  |   1|   0|    1|          0|
    |icmp_ln46_1846_reg_4703  |   1|   0|    1|          0|
    |icmp_ln46_1847_reg_4714  |   1|   0|    1|          0|
    |icmp_ln46_1848_reg_4720  |   1|   0|    1|          0|
    |icmp_ln46_1849_reg_4733  |   1|   0|    1|          0|
    |icmp_ln46_1850_reg_4744  |   1|   0|    1|          0|
    |icmp_ln46_1851_reg_4750  |   1|   0|    1|          0|
    |icmp_ln46_1852_reg_4763  |   1|   0|    1|          0|
    |icmp_ln46_1853_reg_4774  |   1|   0|    1|          0|
    |icmp_ln46_1854_reg_4780  |   1|   0|    1|          0|
    |icmp_ln46_1855_reg_4793  |   1|   0|    1|          0|
    |icmp_ln46_1856_reg_4804  |   1|   0|    1|          0|
    |icmp_ln46_1857_reg_4810  |   1|   0|    1|          0|
    |icmp_ln46_1858_reg_4823  |   1|   0|    1|          0|
    |icmp_ln46_1859_reg_4834  |   1|   0|    1|          0|
    |icmp_ln46_1860_reg_4840  |   1|   0|    1|          0|
    |icmp_ln46_1861_reg_4853  |   1|   0|    1|          0|
    |icmp_ln46_1862_reg_4864  |   1|   0|    1|          0|
    |icmp_ln46_1863_reg_4870  |   1|   0|    1|          0|
    |icmp_ln46_1864_reg_4883  |   1|   0|    1|          0|
    |icmp_ln46_1865_reg_4894  |   1|   0|    1|          0|
    |icmp_ln46_1866_reg_4900  |   1|   0|    1|          0|
    |icmp_ln46_1867_reg_4913  |   1|   0|    1|          0|
    |icmp_ln46_1868_reg_4924  |   1|   0|    1|          0|
    |icmp_ln46_1869_reg_4930  |   1|   0|    1|          0|
    |icmp_ln46_1870_reg_4943  |   1|   0|    1|          0|
    |icmp_ln46_1871_reg_4954  |   1|   0|    1|          0|
    |icmp_ln46_1872_reg_4960  |   1|   0|    1|          0|
    |icmp_ln46_1873_reg_4973  |   1|   0|    1|          0|
    |icmp_ln46_1874_reg_4984  |   1|   0|    1|          0|
    |icmp_ln46_1875_reg_4990  |   1|   0|    1|          0|
    |icmp_ln46_1876_reg_5003  |   1|   0|    1|          0|
    |icmp_ln46_1877_reg_5014  |   1|   0|    1|          0|
    |icmp_ln46_1878_reg_5020  |   1|   0|    1|          0|
    |icmp_ln46_1879_reg_5033  |   1|   0|    1|          0|
    |icmp_ln46_1880_reg_5044  |   1|   0|    1|          0|
    |icmp_ln46_1881_reg_5050  |   1|   0|    1|          0|
    |icmp_ln46_1882_reg_5063  |   1|   0|    1|          0|
    |icmp_ln46_1883_reg_5074  |   1|   0|    1|          0|
    |icmp_ln46_1884_reg_5080  |   1|   0|    1|          0|
    |icmp_ln46_1885_reg_5093  |   1|   0|    1|          0|
    |icmp_ln46_1886_reg_5104  |   1|   0|    1|          0|
    |icmp_ln46_1887_reg_5110  |   1|   0|    1|          0|
    |icmp_ln46_1888_reg_5123  |   1|   0|    1|          0|
    |icmp_ln46_1889_reg_5134  |   1|   0|    1|          0|
    |icmp_ln46_1890_reg_5140  |   1|   0|    1|          0|
    |icmp_ln46_1891_reg_5153  |   1|   0|    1|          0|
    |icmp_ln46_1892_reg_5164  |   1|   0|    1|          0|
    |icmp_ln46_1893_reg_5170  |   1|   0|    1|          0|
    |icmp_ln46_1894_reg_5183  |   1|   0|    1|          0|
    |icmp_ln46_1895_reg_5194  |   1|   0|    1|          0|
    |icmp_ln46_1896_reg_5200  |   1|   0|    1|          0|
    |icmp_ln46_reg_4613       |   1|   0|    1|          0|
    |p_read10307_reg_4518     |  21|   0|   21|          0|
    |p_read1298_reg_4590      |  21|   0|   21|          0|
    |p_read2299_reg_4582      |  21|   0|   21|          0|
    |p_read297_reg_4598       |  21|   0|   21|          0|
    |p_read3300_reg_4574      |  21|   0|   21|          0|
    |p_read4301_reg_4566      |  21|   0|   21|          0|
    |p_read5302_reg_4558      |  21|   0|   21|          0|
    |p_read6303_reg_4550      |  21|   0|   21|          0|
    |p_read7304_reg_4542      |  21|   0|   21|          0|
    |p_read8305_reg_4534      |  21|   0|   21|          0|
    |p_read9306_reg_4526      |  21|   0|   21|          0|
    |p_read_952_reg_4446      |  21|   0|   21|          0|
    |p_read_953_reg_4454      |  21|   0|   21|          0|
    |p_read_954_reg_4462      |  21|   0|   21|          0|
    |p_read_955_reg_4470      |  21|   0|   21|          0|
    |p_read_956_reg_4478      |  21|   0|   21|          0|
    |p_read_957_reg_4486      |  21|   0|   21|          0|
    |p_read_958_reg_4494      |  21|   0|   21|          0|
    |p_read_959_reg_4502      |  21|   0|   21|          0|
    |p_read_960_reg_4510      |  21|   0|   21|          0|
    |tmp_3376_reg_4606        |   1|   0|    1|          0|
    |tmp_3379_reg_4618        |   1|   0|    1|          0|
    |tmp_3381_reg_4636        |   1|   0|    1|          0|
    |tmp_3384_reg_4648        |   1|   0|    1|          0|
    |tmp_3386_reg_4666        |   1|   0|    1|          0|
    |tmp_3389_reg_4678        |   1|   0|    1|          0|
    |tmp_3391_reg_4696        |   1|   0|    1|          0|
    |tmp_3394_reg_4708        |   1|   0|    1|          0|
    |tmp_3396_reg_4726        |   1|   0|    1|          0|
    |tmp_3399_reg_4738        |   1|   0|    1|          0|
    |tmp_3401_reg_4756        |   1|   0|    1|          0|
    |tmp_3404_reg_4768        |   1|   0|    1|          0|
    |tmp_3406_reg_4786        |   1|   0|    1|          0|
    |tmp_3409_reg_4798        |   1|   0|    1|          0|
    |tmp_3411_reg_4816        |   1|   0|    1|          0|
    |tmp_3414_reg_4828        |   1|   0|    1|          0|
    |tmp_3416_reg_4846        |   1|   0|    1|          0|
    |tmp_3419_reg_4858        |   1|   0|    1|          0|
    |tmp_3421_reg_4876        |   1|   0|    1|          0|
    |tmp_3424_reg_4888        |   1|   0|    1|          0|
    |tmp_3426_reg_4906        |   1|   0|    1|          0|
    |tmp_3429_reg_4918        |   1|   0|    1|          0|
    |tmp_3431_reg_4936        |   1|   0|    1|          0|
    |tmp_3434_reg_4948        |   1|   0|    1|          0|
    |tmp_3436_reg_4966        |   1|   0|    1|          0|
    |tmp_3439_reg_4978        |   1|   0|    1|          0|
    |tmp_3441_reg_4996        |   1|   0|    1|          0|
    |tmp_3444_reg_5008        |   1|   0|    1|          0|
    |tmp_3446_reg_5026        |   1|   0|    1|          0|
    |tmp_3449_reg_5038        |   1|   0|    1|          0|
    |tmp_3451_reg_5056        |   1|   0|    1|          0|
    |tmp_3454_reg_5068        |   1|   0|    1|          0|
    |tmp_3456_reg_5086        |   1|   0|    1|          0|
    |tmp_3459_reg_5098        |   1|   0|    1|          0|
    |tmp_3461_reg_5116        |   1|   0|    1|          0|
    |tmp_3464_reg_5128        |   1|   0|    1|          0|
    |tmp_3466_reg_5146        |   1|   0|    1|          0|
    |tmp_3469_reg_5158        |   1|   0|    1|          0|
    |tmp_3471_reg_5176        |   1|   0|    1|          0|
    |tmp_3474_reg_5188        |   1|   0|    1|          0|
    +-------------------------+----+----+-----+-----------+
    |Total                    | 703|   0|  703|          0|
    +-------------------------+----+----+-----+-----------+



================================================================
== Interface
================================================================
* Summary: 
+--------------+-----+-----+------------+-------------------------------------------------------------------------+--------------+
|   RTL Ports  | Dir | Bits|  Protocol  |                              Source Object                              |    C Type    |
+--------------+-----+-----+------------+-------------------------------------------------------------------------+--------------+
|ap_clk        |   in|    1|  ap_ctrl_hs|  relu<ap_fixed<24, 9, 5, 3, 0>, ap_ufixed<9, 0, 4, 0, 0>, relu_config18>|  return value|
|ap_rst        |   in|    1|  ap_ctrl_hs|  relu<ap_fixed<24, 9, 5, 3, 0>, ap_ufixed<9, 0, 4, 0, 0>, relu_config18>|  return value|
|ap_start      |   in|    1|  ap_ctrl_hs|  relu<ap_fixed<24, 9, 5, 3, 0>, ap_ufixed<9, 0, 4, 0, 0>, relu_config18>|  return value|
|ap_done       |  out|    1|  ap_ctrl_hs|  relu<ap_fixed<24, 9, 5, 3, 0>, ap_ufixed<9, 0, 4, 0, 0>, relu_config18>|  return value|
|ap_continue   |   in|    1|  ap_ctrl_hs|  relu<ap_fixed<24, 9, 5, 3, 0>, ap_ufixed<9, 0, 4, 0, 0>, relu_config18>|  return value|
|ap_idle       |  out|    1|  ap_ctrl_hs|  relu<ap_fixed<24, 9, 5, 3, 0>, ap_ufixed<9, 0, 4, 0, 0>, relu_config18>|  return value|
|ap_ready      |  out|    1|  ap_ctrl_hs|  relu<ap_fixed<24, 9, 5, 3, 0>, ap_ufixed<9, 0, 4, 0, 0>, relu_config18>|  return value|
|ap_return_0   |  out|    9|  ap_ctrl_hs|  relu<ap_fixed<24, 9, 5, 3, 0>, ap_ufixed<9, 0, 4, 0, 0>, relu_config18>|  return value|
|ap_return_1   |  out|    9|  ap_ctrl_hs|  relu<ap_fixed<24, 9, 5, 3, 0>, ap_ufixed<9, 0, 4, 0, 0>, relu_config18>|  return value|
|ap_return_2   |  out|    9|  ap_ctrl_hs|  relu<ap_fixed<24, 9, 5, 3, 0>, ap_ufixed<9, 0, 4, 0, 0>, relu_config18>|  return value|
|ap_return_3   |  out|    9|  ap_ctrl_hs|  relu<ap_fixed<24, 9, 5, 3, 0>, ap_ufixed<9, 0, 4, 0, 0>, relu_config18>|  return value|
|ap_return_4   |  out|    9|  ap_ctrl_hs|  relu<ap_fixed<24, 9, 5, 3, 0>, ap_ufixed<9, 0, 4, 0, 0>, relu_config18>|  return value|
|ap_return_5   |  out|    9|  ap_ctrl_hs|  relu<ap_fixed<24, 9, 5, 3, 0>, ap_ufixed<9, 0, 4, 0, 0>, relu_config18>|  return value|
|ap_return_6   |  out|    9|  ap_ctrl_hs|  relu<ap_fixed<24, 9, 5, 3, 0>, ap_ufixed<9, 0, 4, 0, 0>, relu_config18>|  return value|
|ap_return_7   |  out|    9|  ap_ctrl_hs|  relu<ap_fixed<24, 9, 5, 3, 0>, ap_ufixed<9, 0, 4, 0, 0>, relu_config18>|  return value|
|ap_return_8   |  out|    9|  ap_ctrl_hs|  relu<ap_fixed<24, 9, 5, 3, 0>, ap_ufixed<9, 0, 4, 0, 0>, relu_config18>|  return value|
|ap_return_9   |  out|    9|  ap_ctrl_hs|  relu<ap_fixed<24, 9, 5, 3, 0>, ap_ufixed<9, 0, 4, 0, 0>, relu_config18>|  return value|
|ap_return_10  |  out|    9|  ap_ctrl_hs|  relu<ap_fixed<24, 9, 5, 3, 0>, ap_ufixed<9, 0, 4, 0, 0>, relu_config18>|  return value|
|ap_return_11  |  out|    9|  ap_ctrl_hs|  relu<ap_fixed<24, 9, 5, 3, 0>, ap_ufixed<9, 0, 4, 0, 0>, relu_config18>|  return value|
|ap_return_12  |  out|    9|  ap_ctrl_hs|  relu<ap_fixed<24, 9, 5, 3, 0>, ap_ufixed<9, 0, 4, 0, 0>, relu_config18>|  return value|
|ap_return_13  |  out|    9|  ap_ctrl_hs|  relu<ap_fixed<24, 9, 5, 3, 0>, ap_ufixed<9, 0, 4, 0, 0>, relu_config18>|  return value|
|ap_return_14  |  out|    9|  ap_ctrl_hs|  relu<ap_fixed<24, 9, 5, 3, 0>, ap_ufixed<9, 0, 4, 0, 0>, relu_config18>|  return value|
|ap_return_15  |  out|    9|  ap_ctrl_hs|  relu<ap_fixed<24, 9, 5, 3, 0>, ap_ufixed<9, 0, 4, 0, 0>, relu_config18>|  return value|
|ap_return_16  |  out|    9|  ap_ctrl_hs|  relu<ap_fixed<24, 9, 5, 3, 0>, ap_ufixed<9, 0, 4, 0, 0>, relu_config18>|  return value|
|ap_return_17  |  out|    9|  ap_ctrl_hs|  relu<ap_fixed<24, 9, 5, 3, 0>, ap_ufixed<9, 0, 4, 0, 0>, relu_config18>|  return value|
|ap_return_18  |  out|    9|  ap_ctrl_hs|  relu<ap_fixed<24, 9, 5, 3, 0>, ap_ufixed<9, 0, 4, 0, 0>, relu_config18>|  return value|
|ap_return_19  |  out|    9|  ap_ctrl_hs|  relu<ap_fixed<24, 9, 5, 3, 0>, ap_ufixed<9, 0, 4, 0, 0>, relu_config18>|  return value|
|p_read        |   in|   21|     ap_none|                                                                   p_read|        scalar|
|p_read1       |   in|   21|     ap_none|                                                                  p_read1|        scalar|
|p_read2       |   in|   21|     ap_none|                                                                  p_read2|        scalar|
|p_read3       |   in|   21|     ap_none|                                                                  p_read3|        scalar|
|p_read4       |   in|   21|     ap_none|                                                                  p_read4|        scalar|
|p_read5       |   in|   21|     ap_none|                                                                  p_read5|        scalar|
|p_read6       |   in|   21|     ap_none|                                                                  p_read6|        scalar|
|p_read7       |   in|   21|     ap_none|                                                                  p_read7|        scalar|
|p_read8       |   in|   21|     ap_none|                                                                  p_read8|        scalar|
|p_read9       |   in|   21|     ap_none|                                                                  p_read9|        scalar|
|p_read10      |   in|   21|     ap_none|                                                                 p_read10|        scalar|
|p_read11      |   in|   21|     ap_none|                                                                 p_read11|        scalar|
|p_read12      |   in|   21|     ap_none|                                                                 p_read12|        scalar|
|p_read13      |   in|   21|     ap_none|                                                                 p_read13|        scalar|
|p_read14      |   in|   21|     ap_none|                                                                 p_read14|        scalar|
|p_read15      |   in|   21|     ap_none|                                                                 p_read15|        scalar|
|p_read16      |   in|   21|     ap_none|                                                                 p_read16|        scalar|
|p_read17      |   in|   21|     ap_none|                                                                 p_read17|        scalar|
|p_read18      |   in|   21|     ap_none|                                                                 p_read18|        scalar|
|p_read19      |   in|   21|     ap_none|                                                                 p_read19|        scalar|
+--------------+-----+-----+------------+-------------------------------------------------------------------------+--------------+

