

================================================================
== Vitis HLS Report for 'relu_ap_fixed_24_9_5_3_0_ap_ufixed_9_0_4_0_0_relu_config19_s'
================================================================
* Date:           Tue Oct 29 14:12:38 2024

* Version:        2023.2 (Build 4023990 on Oct 11 2023)
* Project:        JetTaggerNN_prj
* Solution:       solution1 (Vivado IP Flow Target)
* Product family: virtexuplus
* Target device:  xcvu9p-flga2104-2L-e


================================================================
== Performance Estimates
================================================================
+ Timing: 
    * Summary: 
    +--------+---------+----------+------------+
    |  Clock |  Target | Estimated| Uncertainty|
    +--------+---------+----------+------------+
    |ap_clk  |  2.80 ns|  1.729 ns|     0.76 ns|
    +--------+---------+----------+------------+

+ Latency: 
    * Summary: 
    +---------+---------+----------+----------+-----+-----+---------+
    |  Latency (cycles) |  Latency (absolute) |  Interval | Pipeline|
    |   min   |   max   |    min   |    max   | min | max |   Type  |
    +---------+---------+----------+----------+-----+-----+---------+
    |        1|        1|  2.800 ns|  2.800 ns|    1|    1|      yes|
    +---------+---------+----------+----------+-----+-----+---------+

    + Detail: 
        * Instance: 
        N/A

        * Loop: 
        N/A



================================================================
== Utilization Estimates
================================================================
* Summary: 
+---------------------+---------+------+---------+---------+-----+
|         Name        | BRAM_18K|  DSP |    FF   |   LUT   | URAM|
+---------------------+---------+------+---------+---------+-----+
|DSP                  |        -|     -|        -|        -|    -|
|Expression           |        -|     -|        0|     1876|    -|
|FIFO                 |        -|     -|        -|        -|    -|
|Instance             |        -|     -|        -|        -|    -|
|Memory               |        -|     -|        -|        -|    -|
|Multiplexer          |        -|     -|        -|      126|    -|
|Register             |        -|     -|      458|        -|    -|
+---------------------+---------+------+---------+---------+-----+
|Total                |        0|     0|      458|     2002|    0|
+---------------------+---------+------+---------+---------+-----+
|Available SLR        |     1440|  2280|   788160|   394080|  320|
+---------------------+---------+------+---------+---------+-----+
|Utilization SLR (%)  |        0|     0|       ~0|       ~0|    0|
+---------------------+---------+------+---------+---------+-----+
|Available            |     4320|  6840|  2364480|  1182240|  960|
+---------------------+---------+------+---------+---------+-----+
|Utilization (%)      |        0|     0|       ~0|       ~0|    0|
+---------------------+---------+------+---------+---------+-----+

+ Detail: 
    * Instance: 
    N/A

    * DSP: 
    N/A

    * Memory: 
    N/A

    * FIFO: 
    N/A

    * Expression: 
    +-----------------------------+----------+----+---+----+------------+------------+
    |        Variable Name        | Operation| DSP| FF| LUT| Bitwidth P0| Bitwidth P1|
    +-----------------------------+----------+----+---+----+------------+------------+
    |add_ln46_429_fu_975_p2       |         +|   0|  0|  16|           9|           9|
    |add_ln46_430_fu_1133_p2      |         +|   0|  0|  16|           9|           9|
    |add_ln46_431_fu_1291_p2      |         +|   0|  0|  16|           9|           9|
    |add_ln46_432_fu_1449_p2      |         +|   0|  0|  16|           9|           9|
    |add_ln46_433_fu_1607_p2      |         +|   0|  0|  16|           9|           9|
    |add_ln46_434_fu_1765_p2      |         +|   0|  0|  16|           9|           9|
    |add_ln46_435_fu_1923_p2      |         +|   0|  0|  16|           9|           9|
    |add_ln46_436_fu_2081_p2      |         +|   0|  0|  16|           9|           9|
    |add_ln46_437_fu_2239_p2      |         +|   0|  0|  16|           9|           9|
    |add_ln46_438_fu_2397_p2      |         +|   0|  0|  16|           9|           9|
    |add_ln46_439_fu_2555_p2      |         +|   0|  0|  16|           9|           9|
    |add_ln46_440_fu_2713_p2      |         +|   0|  0|  16|           9|           9|
    |add_ln46_fu_817_p2           |         +|   0|  0|  16|           9|           9|
    |and_ln46_1800_fu_869_p2      |       and|   0|  0|   2|           1|           1|
    |and_ln46_1801_fu_880_p2      |       and|   0|  0|   2|           1|           1|
    |and_ln46_1802_fu_965_p2      |       and|   0|  0|   2|           1|           1|
    |and_ln46_1803_fu_1027_p2     |       and|   0|  0|   2|           1|           1|
    |and_ln46_1804_fu_1038_p2     |       and|   0|  0|   2|           1|           1|
    |and_ln46_1805_fu_1123_p2     |       and|   0|  0|   2|           1|           1|
    |and_ln46_1806_fu_1185_p2     |       and|   0|  0|   2|           1|           1|
    |and_ln46_1807_fu_1196_p2     |       and|   0|  0|   2|           1|           1|
    |and_ln46_1808_fu_1281_p2     |       and|   0|  0|   2|           1|           1|
    |and_ln46_1809_fu_1343_p2     |       and|   0|  0|   2|           1|           1|
    |and_ln46_1810_fu_1354_p2     |       and|   0|  0|   2|           1|           1|
    |and_ln46_1811_fu_1439_p2     |       and|   0|  0|   2|           1|           1|
    |and_ln46_1812_fu_1501_p2     |       and|   0|  0|   2|           1|           1|
    |and_ln46_1813_fu_1512_p2     |       and|   0|  0|   2|           1|           1|
    |and_ln46_1814_fu_1597_p2     |       and|   0|  0|   2|           1|           1|
    |and_ln46_1815_fu_1659_p2     |       and|   0|  0|   2|           1|           1|
    |and_ln46_1816_fu_1670_p2     |       and|   0|  0|   2|           1|           1|
    |and_ln46_1817_fu_1755_p2     |       and|   0|  0|   2|           1|           1|
    |and_ln46_1818_fu_1817_p2     |       and|   0|  0|   2|           1|           1|
    |and_ln46_1819_fu_1828_p2     |       and|   0|  0|   2|           1|           1|
    |and_ln46_1820_fu_1913_p2     |       and|   0|  0|   2|           1|           1|
    |and_ln46_1821_fu_1975_p2     |       and|   0|  0|   2|           1|           1|
    |and_ln46_1822_fu_1986_p2     |       and|   0|  0|   2|           1|           1|
    |and_ln46_1823_fu_2071_p2     |       and|   0|  0|   2|           1|           1|
    |and_ln46_1824_fu_2133_p2     |       and|   0|  0|   2|           1|           1|
    |and_ln46_1825_fu_2144_p2     |       and|   0|  0|   2|           1|           1|
    |and_ln46_1826_fu_2229_p2     |       and|   0|  0|   2|           1|           1|
    |and_ln46_1827_fu_2291_p2     |       and|   0|  0|   2|           1|           1|
    |and_ln46_1828_fu_2302_p2     |       and|   0|  0|   2|           1|           1|
    |and_ln46_1829_fu_2387_p2     |       and|   0|  0|   2|           1|           1|
    |and_ln46_1830_fu_2449_p2     |       and|   0|  0|   2|           1|           1|
    |and_ln46_1831_fu_2460_p2     |       and|   0|  0|   2|           1|           1|
    |and_ln46_1832_fu_2545_p2     |       and|   0|  0|   2|           1|           1|
    |and_ln46_1833_fu_2607_p2     |       and|   0|  0|   2|           1|           1|
    |and_ln46_1834_fu_2618_p2     |       and|   0|  0|   2|           1|           1|
    |and_ln46_1835_fu_2703_p2     |       and|   0|  0|   2|           1|           1|
    |and_ln46_1836_fu_2765_p2     |       and|   0|  0|   2|           1|           1|
    |and_ln46_1837_fu_2776_p2     |       and|   0|  0|   2|           1|           1|
    |and_ln46_2632_fu_864_p2      |       and|   0|  0|   2|           1|           1|
    |and_ln46_2633_fu_890_p2      |       and|   0|  0|   2|           1|           1|
    |and_ln46_2634_fu_1022_p2     |       and|   0|  0|   2|           1|           1|
    |and_ln46_2635_fu_1048_p2     |       and|   0|  0|   2|           1|           1|
    |and_ln46_2636_fu_1180_p2     |       and|   0|  0|   2|           1|           1|
    |and_ln46_2637_fu_1206_p2     |       and|   0|  0|   2|           1|           1|
    |and_ln46_2638_fu_1338_p2     |       and|   0|  0|   2|           1|           1|
    |and_ln46_2639_fu_1364_p2     |       and|   0|  0|   2|           1|           1|
    |and_ln46_2640_fu_1496_p2     |       and|   0|  0|   2|           1|           1|
    |and_ln46_2641_fu_1522_p2     |       and|   0|  0|   2|           1|           1|
    |and_ln46_2642_fu_1654_p2     |       and|   0|  0|   2|           1|           1|
    |and_ln46_2643_fu_1680_p2     |       and|   0|  0|   2|           1|           1|
    |and_ln46_2644_fu_1812_p2     |       and|   0|  0|   2|           1|           1|
    |and_ln46_2645_fu_1838_p2     |       and|   0|  0|   2|           1|           1|
    |and_ln46_2646_fu_1970_p2     |       and|   0|  0|   2|           1|           1|
    |and_ln46_2647_fu_1996_p2     |       and|   0|  0|   2|           1|           1|
    |and_ln46_2648_fu_2128_p2     |       and|   0|  0|   2|           1|           1|
    |and_ln46_2649_fu_2154_p2     |       and|   0|  0|   2|           1|           1|
    |and_ln46_2650_fu_2286_p2     |       and|   0|  0|   2|           1|           1|
    |and_ln46_2651_fu_2312_p2     |       and|   0|  0|   2|           1|           1|
    |and_ln46_2652_fu_2444_p2     |       and|   0|  0|   2|           1|           1|
    |and_ln46_2653_fu_2470_p2     |       and|   0|  0|   2|           1|           1|
    |and_ln46_2654_fu_2602_p2     |       and|   0|  0|   2|           1|           1|
    |and_ln46_2655_fu_2628_p2     |       and|   0|  0|   2|           1|           1|
    |and_ln46_2656_fu_2760_p2     |       and|   0|  0|   2|           1|           1|
    |and_ln46_2657_fu_2786_p2     |       and|   0|  0|   2|           1|           1|
    |and_ln46_fu_807_p2           |       and|   0|  0|   2|           1|           1|
    |icmp_ln45_940_fu_932_p2      |      icmp|   0|  0|  28|          21|           1|
    |icmp_ln45_941_fu_1090_p2     |      icmp|   0|  0|  28|          21|           1|
    |icmp_ln45_942_fu_1248_p2     |      icmp|   0|  0|  28|          21|           1|
    |icmp_ln45_943_fu_1406_p2     |      icmp|   0|  0|  28|          21|           1|
    |icmp_ln45_944_fu_1564_p2     |      icmp|   0|  0|  28|          21|           1|
    |icmp_ln45_945_fu_1722_p2     |      icmp|   0|  0|  28|          21|           1|
    |icmp_ln45_946_fu_1880_p2     |      icmp|   0|  0|  28|          21|           1|
    |icmp_ln45_947_fu_2038_p2     |      icmp|   0|  0|  28|          21|           1|
    |icmp_ln45_948_fu_2196_p2     |      icmp|   0|  0|  28|          21|           1|
    |icmp_ln45_949_fu_2354_p2     |      icmp|   0|  0|  28|          21|           1|
    |icmp_ln45_950_fu_2512_p2     |      icmp|   0|  0|  28|          21|           1|
    |icmp_ln45_951_fu_2670_p2     |      icmp|   0|  0|  28|          21|           1|
    |icmp_ln45_fu_774_p2          |      icmp|   0|  0|  28|          21|           1|
    |icmp_ln46_1800_fu_186_p2     |      icmp|   0|  0|  13|           6|           2|
    |icmp_ln46_1801_fu_192_p2     |      icmp|   0|  0|  13|           6|           1|
    |icmp_ln46_1802_fu_210_p2     |      icmp|   0|  0|  12|           5|           1|
    |icmp_ln46_1803_fu_234_p2     |      icmp|   0|  0|  13|           6|           2|
    |icmp_ln46_1804_fu_240_p2     |      icmp|   0|  0|  13|           6|           1|
    |icmp_ln46_1805_fu_258_p2     |      icmp|   0|  0|  12|           5|           1|
    |icmp_ln46_1806_fu_282_p2     |      icmp|   0|  0|  13|           6|           2|
    |icmp_ln46_1807_fu_288_p2     |      icmp|   0|  0|  13|           6|           1|
    |icmp_ln46_1808_fu_306_p2     |      icmp|   0|  0|  12|           5|           1|
    |icmp_ln46_1809_fu_330_p2     |      icmp|   0|  0|  13|           6|           2|
    |icmp_ln46_1810_fu_336_p2     |      icmp|   0|  0|  13|           6|           1|
    |icmp_ln46_1811_fu_354_p2     |      icmp|   0|  0|  12|           5|           1|
    |icmp_ln46_1812_fu_378_p2     |      icmp|   0|  0|  13|           6|           2|
    |icmp_ln46_1813_fu_384_p2     |      icmp|   0|  0|  13|           6|           1|
    |icmp_ln46_1814_fu_402_p2     |      icmp|   0|  0|  12|           5|           1|
    |icmp_ln46_1815_fu_426_p2     |      icmp|   0|  0|  13|           6|           2|
    |icmp_ln46_1816_fu_432_p2     |      icmp|   0|  0|  13|           6|           1|
    |icmp_ln46_1817_fu_450_p2     |      icmp|   0|  0|  12|           5|           1|
    |icmp_ln46_1818_fu_474_p2     |      icmp|   0|  0|  13|           6|           2|
    |icmp_ln46_1819_fu_480_p2     |      icmp|   0|  0|  13|           6|           1|
    |icmp_ln46_1820_fu_498_p2     |      icmp|   0|  0|  12|           5|           1|
    |icmp_ln46_1821_fu_522_p2     |      icmp|   0|  0|  13|           6|           2|
    |icmp_ln46_1822_fu_528_p2     |      icmp|   0|  0|  13|           6|           1|
    |icmp_ln46_1823_fu_546_p2     |      icmp|   0|  0|  12|           5|           1|
    |icmp_ln46_1824_fu_570_p2     |      icmp|   0|  0|  13|           6|           2|
    |icmp_ln46_1825_fu_576_p2     |      icmp|   0|  0|  13|           6|           1|
    |icmp_ln46_1826_fu_594_p2     |      icmp|   0|  0|  12|           5|           1|
    |icmp_ln46_1827_fu_618_p2     |      icmp|   0|  0|  13|           6|           2|
    |icmp_ln46_1828_fu_624_p2     |      icmp|   0|  0|  13|           6|           1|
    |icmp_ln46_1829_fu_642_p2     |      icmp|   0|  0|  12|           5|           1|
    |icmp_ln46_1830_fu_666_p2     |      icmp|   0|  0|  13|           6|           2|
    |icmp_ln46_1831_fu_672_p2     |      icmp|   0|  0|  13|           6|           1|
    |icmp_ln46_1832_fu_690_p2     |      icmp|   0|  0|  12|           5|           1|
    |icmp_ln46_1833_fu_714_p2     |      icmp|   0|  0|  13|           6|           2|
    |icmp_ln46_1834_fu_720_p2     |      icmp|   0|  0|  13|           6|           1|
    |icmp_ln46_1835_fu_738_p2     |      icmp|   0|  0|  12|           5|           1|
    |icmp_ln46_1836_fu_762_p2     |      icmp|   0|  0|  13|           6|           2|
    |icmp_ln46_1837_fu_768_p2     |      icmp|   0|  0|  13|           6|           1|
    |icmp_ln46_fu_162_p2          |      icmp|   0|  0|  12|           5|           1|
    |ap_block_pp0_stage0_11001    |        or|   0|  0|   2|           1|           1|
    |or_ln46_1800_fu_853_p2       |        or|   0|  0|   2|           1|           1|
    |or_ln46_1801_fu_895_p2       |        or|   0|  0|   2|           1|           1|
    |or_ln46_1802_fu_960_p2       |        or|   0|  0|   2|           1|           1|
    |or_ln46_1803_fu_1011_p2      |        or|   0|  0|   2|           1|           1|
    |or_ln46_1804_fu_1053_p2      |        or|   0|  0|   2|           1|           1|
    |or_ln46_1805_fu_1118_p2      |        or|   0|  0|   2|           1|           1|
    |or_ln46_1806_fu_1169_p2      |        or|   0|  0|   2|           1|           1|
    |or_ln46_1807_fu_1211_p2      |        or|   0|  0|   2|           1|           1|
    |or_ln46_1808_fu_1276_p2      |        or|   0|  0|   2|           1|           1|
    |or_ln46_1809_fu_1327_p2      |        or|   0|  0|   2|           1|           1|
    |or_ln46_1810_fu_1369_p2      |        or|   0|  0|   2|           1|           1|
    |or_ln46_1811_fu_1434_p2      |        or|   0|  0|   2|           1|           1|
    |or_ln46_1812_fu_1485_p2      |        or|   0|  0|   2|           1|           1|
    |or_ln46_1813_fu_1527_p2      |        or|   0|  0|   2|           1|           1|
    |or_ln46_1814_fu_1592_p2      |        or|   0|  0|   2|           1|           1|
    |or_ln46_1815_fu_1643_p2      |        or|   0|  0|   2|           1|           1|
    |or_ln46_1816_fu_1685_p2      |        or|   0|  0|   2|           1|           1|
    |or_ln46_1817_fu_1750_p2      |        or|   0|  0|   2|           1|           1|
    |or_ln46_1818_fu_1801_p2      |        or|   0|  0|   2|           1|           1|
    |or_ln46_1819_fu_1843_p2      |        or|   0|  0|   2|           1|           1|
    |or_ln46_1820_fu_1908_p2      |        or|   0|  0|   2|           1|           1|
    |or_ln46_1821_fu_1959_p2      |        or|   0|  0|   2|           1|           1|
    |or_ln46_1822_fu_2001_p2      |        or|   0|  0|   2|           1|           1|
    |or_ln46_1823_fu_2066_p2      |        or|   0|  0|   2|           1|           1|
    |or_ln46_1824_fu_2117_p2      |        or|   0|  0|   2|           1|           1|
    |or_ln46_1825_fu_2159_p2      |        or|   0|  0|   2|           1|           1|
    |or_ln46_1826_fu_2224_p2      |        or|   0|  0|   2|           1|           1|
    |or_ln46_1827_fu_2275_p2      |        or|   0|  0|   2|           1|           1|
    |or_ln46_1828_fu_2317_p2      |        or|   0|  0|   2|           1|           1|
    |or_ln46_1829_fu_2382_p2      |        or|   0|  0|   2|           1|           1|
    |or_ln46_1830_fu_2433_p2      |        or|   0|  0|   2|           1|           1|
    |or_ln46_1831_fu_2475_p2      |        or|   0|  0|   2|           1|           1|
    |or_ln46_1832_fu_2540_p2      |        or|   0|  0|   2|           1|           1|
    |or_ln46_1833_fu_2591_p2      |        or|   0|  0|   2|           1|           1|
    |or_ln46_1834_fu_2633_p2      |        or|   0|  0|   2|           1|           1|
    |or_ln46_1835_fu_2698_p2      |        or|   0|  0|   2|           1|           1|
    |or_ln46_1836_fu_2749_p2      |        or|   0|  0|   2|           1|           1|
    |or_ln46_1837_fu_2791_p2      |        or|   0|  0|   2|           1|           1|
    |or_ln46_fu_802_p2            |        or|   0|  0|   2|           1|           1|
    |select_ln45_940_fu_1082_p3   |    select|   0|  0|   9|           1|           9|
    |select_ln45_941_fu_1240_p3   |    select|   0|  0|   9|           1|           9|
    |select_ln45_942_fu_1398_p3   |    select|   0|  0|   9|           1|           9|
    |select_ln45_943_fu_1556_p3   |    select|   0|  0|   9|           1|           9|
    |select_ln45_944_fu_1714_p3   |    select|   0|  0|   9|           1|           9|
    |select_ln45_945_fu_1872_p3   |    select|   0|  0|   9|           1|           9|
    |select_ln45_946_fu_2030_p3   |    select|   0|  0|   9|           1|           9|
    |select_ln45_947_fu_2188_p3   |    select|   0|  0|   9|           1|           9|
    |select_ln45_948_fu_2346_p3   |    select|   0|  0|   9|           1|           9|
    |select_ln45_949_fu_2504_p3   |    select|   0|  0|   9|           1|           9|
    |select_ln45_950_fu_2662_p3   |    select|   0|  0|   9|           1|           9|
    |select_ln45_951_fu_2820_p3   |    select|   0|  0|   9|           1|           9|
    |select_ln45_fu_924_p3        |    select|   0|  0|   9|           1|           9|
    |select_ln46_1800_fu_908_p3   |    select|   0|  0|   9|           1|           9|
    |select_ln46_1801_fu_916_p3   |    select|   0|  0|   9|           1|           9|
    |select_ln46_1802_fu_999_p3   |    select|   0|  0|   2|           1|           1|
    |select_ln46_1803_fu_1066_p3  |    select|   0|  0|   9|           1|           9|
    |select_ln46_1804_fu_1074_p3  |    select|   0|  0|   9|           1|           9|
    |select_ln46_1805_fu_1157_p3  |    select|   0|  0|   2|           1|           1|
    |select_ln46_1806_fu_1224_p3  |    select|   0|  0|   9|           1|           9|
    |select_ln46_1807_fu_1232_p3  |    select|   0|  0|   9|           1|           9|
    |select_ln46_1808_fu_1315_p3  |    select|   0|  0|   2|           1|           1|
    |select_ln46_1809_fu_1382_p3  |    select|   0|  0|   9|           1|           9|
    |select_ln46_1810_fu_1390_p3  |    select|   0|  0|   9|           1|           9|
    |select_ln46_1811_fu_1473_p3  |    select|   0|  0|   2|           1|           1|
    |select_ln46_1812_fu_1540_p3  |    select|   0|  0|   9|           1|           9|
    |select_ln46_1813_fu_1548_p3  |    select|   0|  0|   9|           1|           9|
    |select_ln46_1814_fu_1631_p3  |    select|   0|  0|   2|           1|           1|
    |select_ln46_1815_fu_1698_p3  |    select|   0|  0|   9|           1|           9|
    |select_ln46_1816_fu_1706_p3  |    select|   0|  0|   9|           1|           9|
    |select_ln46_1817_fu_1789_p3  |    select|   0|  0|   2|           1|           1|
    |select_ln46_1818_fu_1856_p3  |    select|   0|  0|   9|           1|           9|
    |select_ln46_1819_fu_1864_p3  |    select|   0|  0|   9|           1|           9|
    |select_ln46_1820_fu_1947_p3  |    select|   0|  0|   2|           1|           1|
    |select_ln46_1821_fu_2014_p3  |    select|   0|  0|   9|           1|           9|
    |select_ln46_1822_fu_2022_p3  |    select|   0|  0|   9|           1|           9|
    |select_ln46_1823_fu_2105_p3  |    select|   0|  0|   2|           1|           1|
    |select_ln46_1824_fu_2172_p3  |    select|   0|  0|   9|           1|           9|
    |select_ln46_1825_fu_2180_p3  |    select|   0|  0|   9|           1|           9|
    |select_ln46_1826_fu_2263_p3  |    select|   0|  0|   2|           1|           1|
    |select_ln46_1827_fu_2330_p3  |    select|   0|  0|   9|           1|           9|
    |select_ln46_1828_fu_2338_p3  |    select|   0|  0|   9|           1|           9|
    |select_ln46_1829_fu_2421_p3  |    select|   0|  0|   2|           1|           1|
    |select_ln46_1830_fu_2488_p3  |    select|   0|  0|   9|           1|           9|
    |select_ln46_1831_fu_2496_p3  |    select|   0|  0|   9|           1|           9|
    |select_ln46_1832_fu_2579_p3  |    select|   0|  0|   2|           1|           1|
    |select_ln46_1833_fu_2646_p3  |    select|   0|  0|   9|           1|           9|
    |select_ln46_1834_fu_2654_p3  |    select|   0|  0|   9|           1|           9|
    |select_ln46_1835_fu_2737_p3  |    select|   0|  0|   2|           1|           1|
    |select_ln46_1836_fu_2804_p3  |    select|   0|  0|   9|           1|           9|
    |select_ln46_1837_fu_2812_p3  |    select|   0|  0|   9|           1|           9|
    |select_ln46_2632_fu_847_p3   |    select|   0|  0|   2|           1|           1|
    |select_ln46_2633_fu_901_p3   |    select|   0|  0|   9|           1|           9|
    |select_ln46_2634_fu_1005_p3  |    select|   0|  0|   2|           1|           1|
    |select_ln46_2635_fu_1059_p3  |    select|   0|  0|   9|           1|           9|
    |select_ln46_2636_fu_1163_p3  |    select|   0|  0|   2|           1|           1|
    |select_ln46_2637_fu_1217_p3  |    select|   0|  0|   9|           1|           9|
    |select_ln46_2638_fu_1321_p3  |    select|   0|  0|   2|           1|           1|
    |select_ln46_2639_fu_1375_p3  |    select|   0|  0|   9|           1|           9|
    |select_ln46_2640_fu_1479_p3  |    select|   0|  0|   2|           1|           1|
    |select_ln46_2641_fu_1533_p3  |    select|   0|  0|   9|           1|           9|
    |select_ln46_2642_fu_1637_p3  |    select|   0|  0|   2|           1|           1|
    |select_ln46_2643_fu_1691_p3  |    select|   0|  0|   9|           1|           9|
    |select_ln46_2644_fu_1795_p3  |    select|   0|  0|   2|           1|           1|
    |select_ln46_2645_fu_1849_p3  |    select|   0|  0|   9|           1|           9|
    |select_ln46_2646_fu_1953_p3  |    select|   0|  0|   2|           1|           1|
    |select_ln46_2647_fu_2007_p3  |    select|   0|  0|   9|           1|           9|
    |select_ln46_2648_fu_2111_p3  |    select|   0|  0|   2|           1|           1|
    |select_ln46_2649_fu_2165_p3  |    select|   0|  0|   9|           1|           9|
    |select_ln46_2650_fu_2269_p3  |    select|   0|  0|   2|           1|           1|
    |select_ln46_2651_fu_2323_p3  |    select|   0|  0|   9|           1|           9|
    |select_ln46_2652_fu_2427_p3  |    select|   0|  0|   2|           1|           1|
    |select_ln46_2653_fu_2481_p3  |    select|   0|  0|   9|           1|           9|
    |select_ln46_2654_fu_2585_p3  |    select|   0|  0|   2|           1|           1|
    |select_ln46_2655_fu_2639_p3  |    select|   0|  0|   9|           1|           9|
    |select_ln46_2656_fu_2743_p3  |    select|   0|  0|   2|           1|           1|
    |select_ln46_2657_fu_2797_p3  |    select|   0|  0|   9|           1|           9|
    |select_ln46_fu_841_p3        |    select|   0|  0|   2|           1|           1|
    |ap_enable_pp0                |       xor|   0|  0|   2|           1|           2|
    |xor_ln46_1370_fu_874_p2      |       xor|   0|  0|   2|           2|           1|
    |xor_ln46_1371_fu_1016_p2     |       xor|   0|  0|   2|           1|           2|
    |xor_ln46_1372_fu_1032_p2     |       xor|   0|  0|   2|           2|           1|
    |xor_ln46_1373_fu_1174_p2     |       xor|   0|  0|   2|           1|           2|
    |xor_ln46_1374_fu_1190_p2     |       xor|   0|  0|   2|           2|           1|
    |xor_ln46_1375_fu_1332_p2     |       xor|   0|  0|   2|           1|           2|
    |xor_ln46_1376_fu_1348_p2     |       xor|   0|  0|   2|           2|           1|
    |xor_ln46_1377_fu_1490_p2     |       xor|   0|  0|   2|           1|           2|
    |xor_ln46_1378_fu_1506_p2     |       xor|   0|  0|   2|           2|           1|
    |xor_ln46_1379_fu_1648_p2     |       xor|   0|  0|   2|           1|           2|
    |xor_ln46_1380_fu_1664_p2     |       xor|   0|  0|   2|           2|           1|
    |xor_ln46_1381_fu_1806_p2     |       xor|   0|  0|   2|           1|           2|
    |xor_ln46_1382_fu_1822_p2     |       xor|   0|  0|   2|           2|           1|
    |xor_ln46_1383_fu_1964_p2     |       xor|   0|  0|   2|           1|           2|
    |xor_ln46_1384_fu_1980_p2     |       xor|   0|  0|   2|           2|           1|
    |xor_ln46_1385_fu_2122_p2     |       xor|   0|  0|   2|           1|           2|
    |xor_ln46_1386_fu_2138_p2     |       xor|   0|  0|   2|           2|           1|
    |xor_ln46_1387_fu_2280_p2     |       xor|   0|  0|   2|           1|           2|
    |xor_ln46_1388_fu_2296_p2     |       xor|   0|  0|   2|           2|           1|
    |xor_ln46_1389_fu_2438_p2     |       xor|   0|  0|   2|           1|           2|
    |xor_ln46_1390_fu_2454_p2     |       xor|   0|  0|   2|           2|           1|
    |xor_ln46_1391_fu_2596_p2     |       xor|   0|  0|   2|           1|           2|
    |xor_ln46_1392_fu_2612_p2     |       xor|   0|  0|   2|           2|           1|
    |xor_ln46_1393_fu_2754_p2     |       xor|   0|  0|   2|           1|           2|
    |xor_ln46_1394_fu_2770_p2     |       xor|   0|  0|   2|           2|           1|
    |xor_ln46_1786_fu_835_p2      |       xor|   0|  0|   2|           1|           2|
    |xor_ln46_1787_fu_993_p2      |       xor|   0|  0|   2|           1|           2|
    |xor_ln46_1788_fu_1151_p2     |       xor|   0|  0|   2|           1|           2|
    |xor_ln46_1789_fu_1309_p2     |       xor|   0|  0|   2|           1|           2|
    |xor_ln46_1790_fu_1467_p2     |       xor|   0|  0|   2|           1|           2|
    |xor_ln46_1791_fu_1625_p2     |       xor|   0|  0|   2|           1|           2|
    |xor_ln46_1792_fu_1783_p2     |       xor|   0|  0|   2|           1|           2|
    |xor_ln46_1793_fu_1941_p2     |       xor|   0|  0|   2|           1|           2|
    |xor_ln46_1794_fu_2099_p2     |       xor|   0|  0|   2|           1|           2|
    |xor_ln46_1795_fu_2257_p2     |       xor|   0|  0|   2|           1|           2|
    |xor_ln46_1796_fu_2415_p2     |       xor|   0|  0|   2|           1|           2|
    |xor_ln46_1797_fu_2573_p2     |       xor|   0|  0|   2|           1|           2|
    |xor_ln46_1798_fu_2731_p2     |       xor|   0|  0|   2|           1|           2|
    |xor_ln46_fu_858_p2           |       xor|   0|  0|   2|           1|           2|
    +-----------------------------+----------+----+---+----+------------+------------+
    |Total                        |          |   0|  0|1876|         847|         848|
    +-----------------------------+----------+----+---+----+------------+------------+

    * Multiplexer: 
    +--------------+----+-----------+-----+-----------+
    |     Name     | LUT| Input Size| Bits| Total Bits|
    +--------------+----+-----------+-----+-----------+
    |ap_done       |   9|          2|    1|          2|
    |ap_return_0   |   9|          2|    9|         18|
    |ap_return_1   |   9|          2|    9|         18|
    |ap_return_10  |   9|          2|    9|         18|
    |ap_return_11  |   9|          2|    9|         18|
    |ap_return_12  |   9|          2|    9|         18|
    |ap_return_2   |   9|          2|    9|         18|
    |ap_return_3   |   9|          2|    9|         18|
    |ap_return_4   |   9|          2|    9|         18|
    |ap_return_5   |   9|          2|    9|         18|
    |ap_return_6   |   9|          2|    9|         18|
    |ap_return_7   |   9|          2|    9|         18|
    |ap_return_8   |   9|          2|    9|         18|
    |ap_return_9   |   9|          2|    9|         18|
    +--------------+----+-----------+-----+-----------+
    |Total         | 126|         28|  118|        236|
    +--------------+----+-----------+-----+-----------+

    * Register: 
    +-------------------------+----+----+-----+-----------+
    |           Name          | FF | LUT| Bits| Const Bits|
    +-------------------------+----+----+-----+-----------+
    |ap_CS_fsm                |   1|   0|    1|          0|
    |ap_done_reg              |   1|   0|    1|          0|
    |ap_enable_reg_pp0_iter1  |   1|   0|    1|          0|
    |ap_return_0_preg         |   9|   0|    9|          0|
    |ap_return_10_preg        |   9|   0|    9|          0|
    |ap_return_11_preg        |   9|   0|    9|          0|
    |ap_return_12_preg        |   9|   0|    9|          0|
    |ap_return_1_preg         |   9|   0|    9|          0|
    |ap_return_2_preg         |   9|   0|    9|          0|
    |ap_return_3_preg         |   9|   0|    9|          0|
    |ap_return_4_preg         |   9|   0|    9|          0|
    |ap_return_5_preg         |   9|   0|    9|          0|
    |ap_return_6_preg         |   9|   0|    9|          0|
    |ap_return_7_preg         |   9|   0|    9|          0|
    |ap_return_8_preg         |   9|   0|    9|          0|
    |ap_return_9_preg         |   9|   0|    9|          0|
    |icmp_ln46_1800_reg_3028  |   1|   0|    1|          0|
    |icmp_ln46_1801_reg_3034  |   1|   0|    1|          0|
    |icmp_ln46_1802_reg_3047  |   1|   0|    1|          0|
    |icmp_ln46_1803_reg_3058  |   1|   0|    1|          0|
    |icmp_ln46_1804_reg_3064  |   1|   0|    1|          0|
    |icmp_ln46_1805_reg_3077  |   1|   0|    1|          0|
    |icmp_ln46_1806_reg_3088  |   1|   0|    1|          0|
    |icmp_ln46_1807_reg_3094  |   1|   0|    1|          0|
    |icmp_ln46_1808_reg_3107  |   1|   0|    1|          0|
    |icmp_ln46_1809_reg_3118  |   1|   0|    1|          0|
    |icmp_ln46_1810_reg_3124  |   1|   0|    1|          0|
    |icmp_ln46_1811_reg_3137  |   1|   0|    1|          0|
    |icmp_ln46_1812_reg_3148  |   1|   0|    1|          0|
    |icmp_ln46_1813_reg_3154  |   1|   0|    1|          0|
    |icmp_ln46_1814_reg_3167  |   1|   0|    1|          0|
    |icmp_ln46_1815_reg_3178  |   1|   0|    1|          0|
    |icmp_ln46_1816_reg_3184  |   1|   0|    1|          0|
    |icmp_ln46_1817_reg_3197  |   1|   0|    1|          0|
    |icmp_ln46_1818_reg_3208  |   1|   0|    1|          0|
    |icmp_ln46_1819_reg_3214  |   1|   0|    1|          0|
    |icmp_ln46_1820_reg_3227  |   1|   0|    1|          0|
    |icmp_ln46_1821_reg_3238  |   1|   0|    1|          0|
    |icmp_ln46_1822_reg_3244  |   1|   0|    1|          0|
    |icmp_ln46_1823_reg_3257  |   1|   0|    1|          0|
    |icmp_ln46_1824_reg_3268  |   1|   0|    1|          0|
    |icmp_ln46_1825_reg_3274  |   1|   0|    1|          0|
    |icmp_ln46_1826_reg_3287  |   1|   0|    1|          0|
    |icmp_ln46_1827_reg_3298  |   1|   0|    1|          0|
    |icmp_ln46_1828_reg_3304  |   1|   0|    1|          0|
    |icmp_ln46_1829_reg_3317  |   1|   0|    1|          0|
    |icmp_ln46_1830_reg_3328  |   1|   0|    1|          0|
    |icmp_ln46_1831_reg_3334  |   1|   0|    1|          0|
    |icmp_ln46_1832_reg_3347  |   1|   0|    1|          0|
    |icmp_ln46_1833_reg_3358  |   1|   0|    1|          0|
    |icmp_ln46_1834_reg_3364  |   1|   0|    1|          0|
    |icmp_ln46_1835_reg_3377  |   1|   0|    1|          0|
    |icmp_ln46_1836_reg_3388  |   1|   0|    1|          0|
    |icmp_ln46_1837_reg_3394  |   1|   0|    1|          0|
    |icmp_ln46_reg_3017       |   1|   0|    1|          0|
    |p_read10202_reg_2922     |  21|   0|   21|          0|
    |p_read1193_reg_2994      |  21|   0|   21|          0|
    |p_read192_reg_3002       |  21|   0|   21|          0|
    |p_read2194_reg_2986      |  21|   0|   21|          0|
    |p_read3195_reg_2978      |  21|   0|   21|          0|
    |p_read4196_reg_2970      |  21|   0|   21|          0|
    |p_read5197_reg_2962      |  21|   0|   21|          0|
    |p_read6198_reg_2954      |  21|   0|   21|          0|
    |p_read7199_reg_2946      |  21|   0|   21|          0|
    |p_read8200_reg_2938      |  21|   0|   21|          0|
    |p_read9201_reg_2930      |  21|   0|   21|          0|
    |p_read_950_reg_2906      |  21|   0|   21|          0|
    |p_read_951_reg_2914      |  21|   0|   21|          0|
    |tmp_3314_reg_3022        |   1|   0|    1|          0|
    |tmp_3316_reg_3040        |   1|   0|    1|          0|
    |tmp_3319_reg_3052        |   1|   0|    1|          0|
    |tmp_3321_reg_3070        |   1|   0|    1|          0|
    |tmp_3324_reg_3082        |   1|   0|    1|          0|
    |tmp_3326_reg_3100        |   1|   0|    1|          0|
    |tmp_3329_reg_3112        |   1|   0|    1|          0|
    |tmp_3331_reg_3130        |   1|   0|    1|          0|
    |tmp_3334_reg_3142        |   1|   0|    1|          0|
    |tmp_3336_reg_3160        |   1|   0|    1|          0|
    |tmp_3339_reg_3172        |   1|   0|    1|          0|
    |tmp_3341_reg_3190        |   1|   0|    1|          0|
    |tmp_3344_reg_3202        |   1|   0|    1|          0|
    |tmp_3346_reg_3220        |   1|   0|    1|          0|
    |tmp_3349_reg_3232        |   1|   0|    1|          0|
    |tmp_3351_reg_3250        |   1|   0|    1|          0|
    |tmp_3354_reg_3262        |   1|   0|    1|          0|
    |tmp_3356_reg_3280        |   1|   0|    1|          0|
    |tmp_3359_reg_3292        |   1|   0|    1|          0|
    |tmp_3361_reg_3310        |   1|   0|    1|          0|
    |tmp_3364_reg_3322        |   1|   0|    1|          0|
    |tmp_3366_reg_3340        |   1|   0|    1|          0|
    |tmp_3369_reg_3352        |   1|   0|    1|          0|
    |tmp_3371_reg_3370        |   1|   0|    1|          0|
    |tmp_3374_reg_3382        |   1|   0|    1|          0|
    |tmp_reg_3010             |   1|   0|    1|          0|
    +-------------------------+----+----+-----+-----------+
    |Total                    | 458|   0|  458|          0|
    +-------------------------+----+----+-----+-----------+



================================================================
== Interface
================================================================
* Summary: 
+--------------+-----+-----+------------+-------------------------------------------------------------------------+--------------+
|   RTL Ports  | Dir | Bits|  Protocol  |                              Source Object                              |    C Type    |
+--------------+-----+-----+------------+-------------------------------------------------------------------------+--------------+
|ap_clk        |   in|    1|  ap_ctrl_hs|  relu<ap_fixed<24, 9, 5, 3, 0>, ap_ufixed<9, 0, 4, 0, 0>, relu_config19>|  return value|
|ap_rst        |   in|    1|  ap_ctrl_hs|  relu<ap_fixed<24, 9, 5, 3, 0>, ap_ufixed<9, 0, 4, 0, 0>, relu_config19>|  return value|
|ap_start      |   in|    1|  ap_ctrl_hs|  relu<ap_fixed<24, 9, 5, 3, 0>, ap_ufixed<9, 0, 4, 0, 0>, relu_config19>|  return value|
|ap_done       |  out|    1|  ap_ctrl_hs|  relu<ap_fixed<24, 9, 5, 3, 0>, ap_ufixed<9, 0, 4, 0, 0>, relu_config19>|  return value|
|ap_continue   |   in|    1|  ap_ctrl_hs|  relu<ap_fixed<24, 9, 5, 3, 0>, ap_ufixed<9, 0, 4, 0, 0>, relu_config19>|  return value|
|ap_idle       |  out|    1|  ap_ctrl_hs|  relu<ap_fixed<24, 9, 5, 3, 0>, ap_ufixed<9, 0, 4, 0, 0>, relu_config19>|  return value|
|ap_ready      |  out|    1|  ap_ctrl_hs|  relu<ap_fixed<24, 9, 5, 3, 0>, ap_ufixed<9, 0, 4, 0, 0>, relu_config19>|  return value|
|ap_return_0   |  out|    9|  ap_ctrl_hs|  relu<ap_fixed<24, 9, 5, 3, 0>, ap_ufixed<9, 0, 4, 0, 0>, relu_config19>|  return value|
|ap_return_1   |  out|    9|  ap_ctrl_hs|  relu<ap_fixed<24, 9, 5, 3, 0>, ap_ufixed<9, 0, 4, 0, 0>, relu_config19>|  return value|
|ap_return_2   |  out|    9|  ap_ctrl_hs|  relu<ap_fixed<24, 9, 5, 3, 0>, ap_ufixed<9, 0, 4, 0, 0>, relu_config19>|  return value|
|ap_return_3   |  out|    9|  ap_ctrl_hs|  relu<ap_fixed<24, 9, 5, 3, 0>, ap_ufixed<9, 0, 4, 0, 0>, relu_config19>|  return value|
|ap_return_4   |  out|    9|  ap_ctrl_hs|  relu<ap_fixed<24, 9, 5, 3, 0>, ap_ufixed<9, 0, 4, 0, 0>, relu_config19>|  return value|
|ap_return_5   |  out|    9|  ap_ctrl_hs|  relu<ap_fixed<24, 9, 5, 3, 0>, ap_ufixed<9, 0, 4, 0, 0>, relu_config19>|  return value|
|ap_return_6   |  out|    9|  ap_ctrl_hs|  relu<ap_fixed<24, 9, 5, 3, 0>, ap_ufixed<9, 0, 4, 0, 0>, relu_config19>|  return value|
|ap_return_7   |  out|    9|  ap_ctrl_hs|  relu<ap_fixed<24, 9, 5, 3, 0>, ap_ufixed<9, 0, 4, 0, 0>, relu_config19>|  return value|
|ap_return_8   |  out|    9|  ap_ctrl_hs|  relu<ap_fixed<24, 9, 5, 3, 0>, ap_ufixed<9, 0, 4, 0, 0>, relu_config19>|  return value|
|ap_return_9   |  out|    9|  ap_ctrl_hs|  relu<ap_fixed<24, 9, 5, 3, 0>, ap_ufixed<9, 0, 4, 0, 0>, relu_config19>|  return value|
|ap_return_10  |  out|    9|  ap_ctrl_hs|  relu<ap_fixed<24, 9, 5, 3, 0>, ap_ufixed<9, 0, 4, 0, 0>, relu_config19>|  return value|
|ap_return_11  |  out|    9|  ap_ctrl_hs|  relu<ap_fixed<24, 9, 5, 3, 0>, ap_ufixed<9, 0, 4, 0, 0>, relu_config19>|  return value|
|ap_return_12  |  out|    9|  ap_ctrl_hs|  relu<ap_fixed<24, 9, 5, 3, 0>, ap_ufixed<9, 0, 4, 0, 0>, relu_config19>|  return value|
|p_read        |   in|   21|     ap_none|                                                                   p_read|        scalar|
|p_read1       |   in|   21|     ap_none|                                                                  p_read1|        scalar|
|p_read2       |   in|   21|     ap_none|                                                                  p_read2|        scalar|
|p_read3       |   in|   21|     ap_none|                                                                  p_read3|        scalar|
|p_read4       |   in|   21|     ap_none|                                                                  p_read4|        scalar|
|p_read5       |   in|   21|     ap_none|                                                                  p_read5|        scalar|
|p_read6       |   in|   21|     ap_none|                                                                  p_read6|        scalar|
|p_read7       |   in|   21|     ap_none|                                                                  p_read7|        scalar|
|p_read8       |   in|   21|     ap_none|                                                                  p_read8|        scalar|
|p_read9       |   in|   21|     ap_none|                                                                  p_read9|        scalar|
|p_read10      |   in|   21|     ap_none|                                                                 p_read10|        scalar|
|p_read11      |   in|   21|     ap_none|                                                                 p_read11|        scalar|
|p_read12      |   in|   21|     ap_none|                                                                 p_read12|        scalar|
+--------------+-----+-----+------------+-------------------------------------------------------------------------+--------------+

