

================================================================
== Vitis HLS Report for 'relu_ap_fixed_31_15_5_3_0_ap_ufixed_9_0_4_0_0_relu_config13_s'
================================================================
* Date:           Tue Oct 29 14:12:31 2024

* Version:        2023.2 (Build 4023990 on Oct 11 2023)
* Project:        JetTaggerNN_prj
* Solution:       solution1 (Vivado IP Flow Target)
* Product family: virtexuplus
* Target device:  xcvu9p-flga2104-2L-e


================================================================
== Performance Estimates
================================================================
+ Timing: 
    * Summary: 
    +--------+---------+----------+------------+
    |  Clock |  Target | Estimated| Uncertainty|
    +--------+---------+----------+------------+
    |ap_clk  |  2.80 ns|  1.728 ns|     0.76 ns|
    +--------+---------+----------+------------+

+ Latency: 
    * Summary: 
    +---------+---------+----------+----------+-----+-----+---------+
    |  Latency (cycles) |  Latency (absolute) |  Interval | Pipeline|
    |   min   |   max   |    min   |    max   | min | max |   Type  |
    +---------+---------+----------+----------+-----+-----+---------+
    |        1|        1|  2.800 ns|  2.800 ns|    1|    1|      yes|
    +---------+---------+----------+----------+-----+-----+---------+

    + Detail: 
        * Instance: 
        N/A

        * Loop: 
        N/A



================================================================
== Utilization Estimates
================================================================
* Summary: 
+---------------------+---------+------+---------+---------+-----+
|         Name        | BRAM_18K|  DSP |    FF   |   LUT   | URAM|
+---------------------+---------+------+---------+---------+-----+
|DSP                  |        -|     -|        -|        -|    -|
|Expression           |        -|     -|        0|     2048|    -|
|FIFO                 |        -|     -|        -|        -|    -|
|Instance             |        -|     -|        -|        -|    -|
|Memory               |        -|     -|        -|        -|    -|
|Multiplexer          |        -|     -|        -|      261|    -|
|Register             |        -|     -|      633|        -|    -|
+---------------------+---------+------+---------+---------+-----+
|Total                |        0|     0|      633|     2309|    0|
+---------------------+---------+------+---------+---------+-----+
|Available SLR        |     1440|  2280|   788160|   394080|  320|
+---------------------+---------+------+---------+---------+-----+
|Utilization SLR (%)  |        0|     0|       ~0|       ~0|    0|
+---------------------+---------+------+---------+---------+-----+
|Available            |     4320|  6840|  2364480|  1182240|  960|
+---------------------+---------+------+---------+---------+-----+
|Utilization (%)      |        0|     0|       ~0|       ~0|    0|
+---------------------+---------+------+---------+---------+-----+

+ Detail: 
    * Instance: 
    N/A

    * DSP: 
    N/A

    * Memory: 
    N/A

    * FIFO: 
    N/A

    * Expression: 
    +---------------------------+----------+----+---+----+------------+------------+
    |       Variable Name       | Operation| DSP| FF| LUT| Bitwidth P0| Bitwidth P1|
    +---------------------------+----------+----+---+----+------------+------------+
    |add_ln46_10_fu_2451_p2     |         +|   0|  0|  16|           9|           9|
    |add_ln46_11_fu_2609_p2     |         +|   0|  0|  16|           9|           9|
    |add_ln46_12_fu_2767_p2     |         +|   0|  0|  16|           9|           9|
    |add_ln46_13_fu_2925_p2     |         +|   0|  0|  16|           9|           9|
    |add_ln46_1_fu_1029_p2      |         +|   0|  0|  16|           9|           9|
    |add_ln46_2_fu_1187_p2      |         +|   0|  0|  16|           9|           9|
    |add_ln46_3_fu_1345_p2      |         +|   0|  0|  16|           9|           9|
    |add_ln46_4_fu_1503_p2      |         +|   0|  0|  16|           9|           9|
    |add_ln46_5_fu_1661_p2      |         +|   0|  0|  16|           9|           9|
    |add_ln46_6_fu_1819_p2      |         +|   0|  0|  16|           9|           9|
    |add_ln46_7_fu_1977_p2      |         +|   0|  0|  16|           9|           9|
    |add_ln46_8_fu_2135_p2      |         +|   0|  0|  16|           9|           9|
    |add_ln46_9_fu_2293_p2      |         +|   0|  0|  16|           9|           9|
    |add_ln46_fu_871_p2         |         +|   0|  0|  16|           9|           9|
    |and_ln46_10_fu_1397_p2     |       and|   0|  0|   2|           1|           1|
    |and_ln46_11_fu_1408_p2     |       and|   0|  0|   2|           1|           1|
    |and_ln46_12_fu_1493_p2     |       and|   0|  0|   2|           1|           1|
    |and_ln46_13_fu_1555_p2     |       and|   0|  0|   2|           1|           1|
    |and_ln46_14_fu_1566_p2     |       and|   0|  0|   2|           1|           1|
    |and_ln46_15_fu_1651_p2     |       and|   0|  0|   2|           1|           1|
    |and_ln46_16_fu_1713_p2     |       and|   0|  0|   2|           1|           1|
    |and_ln46_17_fu_1724_p2     |       and|   0|  0|   2|           1|           1|
    |and_ln46_18_fu_1809_p2     |       and|   0|  0|   2|           1|           1|
    |and_ln46_19_fu_1871_p2     |       and|   0|  0|   2|           1|           1|
    |and_ln46_1_fu_923_p2       |       and|   0|  0|   2|           1|           1|
    |and_ln46_20_fu_1882_p2     |       and|   0|  0|   2|           1|           1|
    |and_ln46_21_fu_1967_p2     |       and|   0|  0|   2|           1|           1|
    |and_ln46_22_fu_2029_p2     |       and|   0|  0|   2|           1|           1|
    |and_ln46_23_fu_2040_p2     |       and|   0|  0|   2|           1|           1|
    |and_ln46_24_fu_2125_p2     |       and|   0|  0|   2|           1|           1|
    |and_ln46_25_fu_2187_p2     |       and|   0|  0|   2|           1|           1|
    |and_ln46_26_fu_2198_p2     |       and|   0|  0|   2|           1|           1|
    |and_ln46_27_fu_2283_p2     |       and|   0|  0|   2|           1|           1|
    |and_ln46_28_fu_2345_p2     |       and|   0|  0|   2|           1|           1|
    |and_ln46_29_fu_2356_p2     |       and|   0|  0|   2|           1|           1|
    |and_ln46_2_fu_934_p2       |       and|   0|  0|   2|           1|           1|
    |and_ln46_30_fu_2441_p2     |       and|   0|  0|   2|           1|           1|
    |and_ln46_31_fu_2503_p2     |       and|   0|  0|   2|           1|           1|
    |and_ln46_32_fu_2514_p2     |       and|   0|  0|   2|           1|           1|
    |and_ln46_33_fu_2599_p2     |       and|   0|  0|   2|           1|           1|
    |and_ln46_34_fu_2661_p2     |       and|   0|  0|   2|           1|           1|
    |and_ln46_35_fu_2672_p2     |       and|   0|  0|   2|           1|           1|
    |and_ln46_36_fu_2757_p2     |       and|   0|  0|   2|           1|           1|
    |and_ln46_37_fu_2819_p2     |       and|   0|  0|   2|           1|           1|
    |and_ln46_38_fu_2830_p2     |       and|   0|  0|   2|           1|           1|
    |and_ln46_39_fu_2915_p2     |       and|   0|  0|   2|           1|           1|
    |and_ln46_3_fu_1019_p2      |       and|   0|  0|   2|           1|           1|
    |and_ln46_40_fu_2977_p2     |       and|   0|  0|   2|           1|           1|
    |and_ln46_41_fu_2988_p2     |       and|   0|  0|   2|           1|           1|
    |and_ln46_42_fu_918_p2      |       and|   0|  0|   2|           1|           1|
    |and_ln46_43_fu_944_p2      |       and|   0|  0|   2|           1|           1|
    |and_ln46_44_fu_1076_p2     |       and|   0|  0|   2|           1|           1|
    |and_ln46_45_fu_1102_p2     |       and|   0|  0|   2|           1|           1|
    |and_ln46_46_fu_1234_p2     |       and|   0|  0|   2|           1|           1|
    |and_ln46_47_fu_1260_p2     |       and|   0|  0|   2|           1|           1|
    |and_ln46_48_fu_1392_p2     |       and|   0|  0|   2|           1|           1|
    |and_ln46_49_fu_1418_p2     |       and|   0|  0|   2|           1|           1|
    |and_ln46_4_fu_1081_p2      |       and|   0|  0|   2|           1|           1|
    |and_ln46_50_fu_1550_p2     |       and|   0|  0|   2|           1|           1|
    |and_ln46_51_fu_1576_p2     |       and|   0|  0|   2|           1|           1|
    |and_ln46_52_fu_1708_p2     |       and|   0|  0|   2|           1|           1|
    |and_ln46_53_fu_1734_p2     |       and|   0|  0|   2|           1|           1|
    |and_ln46_54_fu_1866_p2     |       and|   0|  0|   2|           1|           1|
    |and_ln46_55_fu_1892_p2     |       and|   0|  0|   2|           1|           1|
    |and_ln46_56_fu_2024_p2     |       and|   0|  0|   2|           1|           1|
    |and_ln46_57_fu_2050_p2     |       and|   0|  0|   2|           1|           1|
    |and_ln46_58_fu_2182_p2     |       and|   0|  0|   2|           1|           1|
    |and_ln46_59_fu_2208_p2     |       and|   0|  0|   2|           1|           1|
    |and_ln46_5_fu_1092_p2      |       and|   0|  0|   2|           1|           1|
    |and_ln46_60_fu_2340_p2     |       and|   0|  0|   2|           1|           1|
    |and_ln46_61_fu_2366_p2     |       and|   0|  0|   2|           1|           1|
    |and_ln46_62_fu_2498_p2     |       and|   0|  0|   2|           1|           1|
    |and_ln46_63_fu_2524_p2     |       and|   0|  0|   2|           1|           1|
    |and_ln46_64_fu_2656_p2     |       and|   0|  0|   2|           1|           1|
    |and_ln46_65_fu_2682_p2     |       and|   0|  0|   2|           1|           1|
    |and_ln46_66_fu_2814_p2     |       and|   0|  0|   2|           1|           1|
    |and_ln46_67_fu_2840_p2     |       and|   0|  0|   2|           1|           1|
    |and_ln46_68_fu_2972_p2     |       and|   0|  0|   2|           1|           1|
    |and_ln46_69_fu_2998_p2     |       and|   0|  0|   2|           1|           1|
    |and_ln46_6_fu_1177_p2      |       and|   0|  0|   2|           1|           1|
    |and_ln46_7_fu_1239_p2      |       and|   0|  0|   2|           1|           1|
    |and_ln46_8_fu_1250_p2      |       and|   0|  0|   2|           1|           1|
    |and_ln46_9_fu_1335_p2      |       and|   0|  0|   2|           1|           1|
    |and_ln46_fu_861_p2         |       and|   0|  0|   2|           1|           1|
    |icmp_ln45_10_fu_2408_p2    |      icmp|   0|  0|  29|          22|           1|
    |icmp_ln45_11_fu_2566_p2    |      icmp|   0|  0|  29|          22|           1|
    |icmp_ln45_12_fu_2724_p2    |      icmp|   0|  0|  29|          22|           1|
    |icmp_ln45_13_fu_2882_p2    |      icmp|   0|  0|  29|          22|           1|
    |icmp_ln45_1_fu_986_p2      |      icmp|   0|  0|  29|          22|           1|
    |icmp_ln45_2_fu_1144_p2     |      icmp|   0|  0|  29|          22|           1|
    |icmp_ln45_3_fu_1302_p2     |      icmp|   0|  0|  29|          22|           1|
    |icmp_ln45_4_fu_1460_p2     |      icmp|   0|  0|  29|          22|           1|
    |icmp_ln45_5_fu_1618_p2     |      icmp|   0|  0|  29|          22|           1|
    |icmp_ln45_6_fu_1776_p2     |      icmp|   0|  0|  29|          22|           1|
    |icmp_ln45_7_fu_1934_p2     |      icmp|   0|  0|  29|          22|           1|
    |icmp_ln45_8_fu_2092_p2     |      icmp|   0|  0|  29|          22|           1|
    |icmp_ln45_9_fu_2250_p2     |      icmp|   0|  0|  29|          22|           1|
    |icmp_ln45_fu_828_p2        |      icmp|   0|  0|  29|          22|           1|
    |icmp_ln46_10_fu_336_p2     |      icmp|   0|  0|  13|           6|           2|
    |icmp_ln46_11_fu_342_p2     |      icmp|   0|  0|  13|           6|           1|
    |icmp_ln46_12_fu_360_p2     |      icmp|   0|  0|  13|           6|           1|
    |icmp_ln46_13_fu_384_p2     |      icmp|   0|  0|  13|           6|           2|
    |icmp_ln46_14_fu_390_p2     |      icmp|   0|  0|  13|           6|           1|
    |icmp_ln46_15_fu_408_p2     |      icmp|   0|  0|  13|           6|           1|
    |icmp_ln46_16_fu_432_p2     |      icmp|   0|  0|  13|           6|           2|
    |icmp_ln46_17_fu_438_p2     |      icmp|   0|  0|  13|           6|           1|
    |icmp_ln46_18_fu_456_p2     |      icmp|   0|  0|  13|           6|           1|
    |icmp_ln46_19_fu_480_p2     |      icmp|   0|  0|  13|           6|           2|
    |icmp_ln46_1_fu_192_p2      |      icmp|   0|  0|  13|           6|           2|
    |icmp_ln46_20_fu_486_p2     |      icmp|   0|  0|  13|           6|           1|
    |icmp_ln46_21_fu_504_p2     |      icmp|   0|  0|  13|           6|           1|
    |icmp_ln46_22_fu_528_p2     |      icmp|   0|  0|  13|           6|           2|
    |icmp_ln46_23_fu_534_p2     |      icmp|   0|  0|  13|           6|           1|
    |icmp_ln46_24_fu_552_p2     |      icmp|   0|  0|  13|           6|           1|
    |icmp_ln46_25_fu_576_p2     |      icmp|   0|  0|  13|           6|           2|
    |icmp_ln46_26_fu_582_p2     |      icmp|   0|  0|  13|           6|           1|
    |icmp_ln46_27_fu_600_p2     |      icmp|   0|  0|  13|           6|           1|
    |icmp_ln46_28_fu_624_p2     |      icmp|   0|  0|  13|           6|           2|
    |icmp_ln46_29_fu_630_p2     |      icmp|   0|  0|  13|           6|           1|
    |icmp_ln46_2_fu_198_p2      |      icmp|   0|  0|  13|           6|           1|
    |icmp_ln46_30_fu_648_p2     |      icmp|   0|  0|  13|           6|           1|
    |icmp_ln46_31_fu_672_p2     |      icmp|   0|  0|  13|           6|           2|
    |icmp_ln46_32_fu_678_p2     |      icmp|   0|  0|  13|           6|           1|
    |icmp_ln46_33_fu_696_p2     |      icmp|   0|  0|  13|           6|           1|
    |icmp_ln46_34_fu_720_p2     |      icmp|   0|  0|  13|           6|           2|
    |icmp_ln46_35_fu_726_p2     |      icmp|   0|  0|  13|           6|           1|
    |icmp_ln46_36_fu_744_p2     |      icmp|   0|  0|  13|           6|           1|
    |icmp_ln46_37_fu_768_p2     |      icmp|   0|  0|  13|           6|           2|
    |icmp_ln46_38_fu_774_p2     |      icmp|   0|  0|  13|           6|           1|
    |icmp_ln46_39_fu_792_p2     |      icmp|   0|  0|  13|           6|           1|
    |icmp_ln46_3_fu_216_p2      |      icmp|   0|  0|  13|           6|           1|
    |icmp_ln46_40_fu_816_p2     |      icmp|   0|  0|  13|           6|           2|
    |icmp_ln46_41_fu_822_p2     |      icmp|   0|  0|  13|           6|           1|
    |icmp_ln46_4_fu_240_p2      |      icmp|   0|  0|  13|           6|           2|
    |icmp_ln46_5_fu_246_p2      |      icmp|   0|  0|  13|           6|           1|
    |icmp_ln46_6_fu_264_p2      |      icmp|   0|  0|  13|           6|           1|
    |icmp_ln46_7_fu_288_p2      |      icmp|   0|  0|  13|           6|           2|
    |icmp_ln46_8_fu_294_p2      |      icmp|   0|  0|  13|           6|           1|
    |icmp_ln46_9_fu_312_p2      |      icmp|   0|  0|  13|           6|           1|
    |icmp_ln46_fu_168_p2        |      icmp|   0|  0|  13|           6|           1|
    |ap_block_pp0_stage0_11001  |        or|   0|  0|   2|           1|           1|
    |or_ln46_10_fu_1381_p2      |        or|   0|  0|   2|           1|           1|
    |or_ln46_11_fu_1423_p2      |        or|   0|  0|   2|           1|           1|
    |or_ln46_12_fu_1488_p2      |        or|   0|  0|   2|           1|           1|
    |or_ln46_13_fu_1539_p2      |        or|   0|  0|   2|           1|           1|
    |or_ln46_14_fu_1581_p2      |        or|   0|  0|   2|           1|           1|
    |or_ln46_15_fu_1646_p2      |        or|   0|  0|   2|           1|           1|
    |or_ln46_16_fu_1697_p2      |        or|   0|  0|   2|           1|           1|
    |or_ln46_17_fu_1739_p2      |        or|   0|  0|   2|           1|           1|
    |or_ln46_18_fu_1804_p2      |        or|   0|  0|   2|           1|           1|
    |or_ln46_19_fu_1855_p2      |        or|   0|  0|   2|           1|           1|
    |or_ln46_1_fu_907_p2        |        or|   0|  0|   2|           1|           1|
    |or_ln46_20_fu_1897_p2      |        or|   0|  0|   2|           1|           1|
    |or_ln46_21_fu_1962_p2      |        or|   0|  0|   2|           1|           1|
    |or_ln46_22_fu_2013_p2      |        or|   0|  0|   2|           1|           1|
    |or_ln46_23_fu_2055_p2      |        or|   0|  0|   2|           1|           1|
    |or_ln46_24_fu_2120_p2      |        or|   0|  0|   2|           1|           1|
    |or_ln46_25_fu_2171_p2      |        or|   0|  0|   2|           1|           1|
    |or_ln46_26_fu_2213_p2      |        or|   0|  0|   2|           1|           1|
    |or_ln46_27_fu_2278_p2      |        or|   0|  0|   2|           1|           1|
    |or_ln46_28_fu_2329_p2      |        or|   0|  0|   2|           1|           1|
    |or_ln46_29_fu_2371_p2      |        or|   0|  0|   2|           1|           1|
    |or_ln46_2_fu_949_p2        |        or|   0|  0|   2|           1|           1|
    |or_ln46_30_fu_2436_p2      |        or|   0|  0|   2|           1|           1|
    |or_ln46_31_fu_2487_p2      |        or|   0|  0|   2|           1|           1|
    |or_ln46_32_fu_2529_p2      |        or|   0|  0|   2|           1|           1|
    |or_ln46_33_fu_2594_p2      |        or|   0|  0|   2|           1|           1|
    |or_ln46_34_fu_2645_p2      |        or|   0|  0|   2|           1|           1|
    |or_ln46_35_fu_2687_p2      |        or|   0|  0|   2|           1|           1|
    |or_ln46_36_fu_2752_p2      |        or|   0|  0|   2|           1|           1|
    |or_ln46_37_fu_2803_p2      |        or|   0|  0|   2|           1|           1|
    |or_ln46_38_fu_2845_p2      |        or|   0|  0|   2|           1|           1|
    |or_ln46_39_fu_2910_p2      |        or|   0|  0|   2|           1|           1|
    |or_ln46_3_fu_1014_p2       |        or|   0|  0|   2|           1|           1|
    |or_ln46_40_fu_2961_p2      |        or|   0|  0|   2|           1|           1|
    |or_ln46_41_fu_3003_p2      |        or|   0|  0|   2|           1|           1|
    |or_ln46_4_fu_1065_p2       |        or|   0|  0|   2|           1|           1|
    |or_ln46_5_fu_1107_p2       |        or|   0|  0|   2|           1|           1|
    |or_ln46_6_fu_1172_p2       |        or|   0|  0|   2|           1|           1|
    |or_ln46_7_fu_1223_p2       |        or|   0|  0|   2|           1|           1|
    |or_ln46_8_fu_1265_p2       |        or|   0|  0|   2|           1|           1|
    |or_ln46_9_fu_1330_p2       |        or|   0|  0|   2|           1|           1|
    |or_ln46_fu_856_p2          |        or|   0|  0|   2|           1|           1|
    |select_ln45_10_fu_2558_p3  |    select|   0|  0|   9|           1|           9|
    |select_ln45_11_fu_2716_p3  |    select|   0|  0|   9|           1|           9|
    |select_ln45_12_fu_2874_p3  |    select|   0|  0|   9|           1|           9|
    |select_ln45_13_fu_3032_p3  |    select|   0|  0|   9|           1|           9|
    |select_ln45_1_fu_1136_p3   |    select|   0|  0|   9|           1|           9|
    |select_ln45_2_fu_1294_p3   |    select|   0|  0|   9|           1|           9|
    |select_ln45_3_fu_1452_p3   |    select|   0|  0|   9|           1|           9|
    |select_ln45_4_fu_1610_p3   |    select|   0|  0|   9|           1|           9|
    |select_ln45_5_fu_1768_p3   |    select|   0|  0|   9|           1|           9|
    |select_ln45_6_fu_1926_p3   |    select|   0|  0|   9|           1|           9|
    |select_ln45_7_fu_2084_p3   |    select|   0|  0|   9|           1|           9|
    |select_ln45_8_fu_2242_p3   |    select|   0|  0|   9|           1|           9|
    |select_ln45_9_fu_2400_p3   |    select|   0|  0|   9|           1|           9|
    |select_ln45_fu_978_p3      |    select|   0|  0|   9|           1|           9|
    |select_ln46_10_fu_1436_p3  |    select|   0|  0|   9|           1|           9|
    |select_ln46_11_fu_1444_p3  |    select|   0|  0|   9|           1|           9|
    |select_ln46_12_fu_1527_p3  |    select|   0|  0|   2|           1|           1|
    |select_ln46_13_fu_1594_p3  |    select|   0|  0|   9|           1|           9|
    |select_ln46_14_fu_1602_p3  |    select|   0|  0|   9|           1|           9|
    |select_ln46_15_fu_1685_p3  |    select|   0|  0|   2|           1|           1|
    |select_ln46_16_fu_1752_p3  |    select|   0|  0|   9|           1|           9|
    |select_ln46_17_fu_1760_p3  |    select|   0|  0|   9|           1|           9|
    |select_ln46_18_fu_1843_p3  |    select|   0|  0|   2|           1|           1|
    |select_ln46_19_fu_1910_p3  |    select|   0|  0|   9|           1|           9|
    |select_ln46_1_fu_962_p3    |    select|   0|  0|   9|           1|           9|
    |select_ln46_20_fu_1918_p3  |    select|   0|  0|   9|           1|           9|
    |select_ln46_21_fu_2001_p3  |    select|   0|  0|   2|           1|           1|
    |select_ln46_22_fu_2068_p3  |    select|   0|  0|   9|           1|           9|
    |select_ln46_23_fu_2076_p3  |    select|   0|  0|   9|           1|           9|
    |select_ln46_24_fu_2159_p3  |    select|   0|  0|   2|           1|           1|
    |select_ln46_25_fu_2226_p3  |    select|   0|  0|   9|           1|           9|
    |select_ln46_26_fu_2234_p3  |    select|   0|  0|   9|           1|           9|
    |select_ln46_27_fu_2317_p3  |    select|   0|  0|   2|           1|           1|
    |select_ln46_28_fu_2384_p3  |    select|   0|  0|   9|           1|           9|
    |select_ln46_29_fu_2392_p3  |    select|   0|  0|   9|           1|           9|
    |select_ln46_2_fu_970_p3    |    select|   0|  0|   9|           1|           9|
    |select_ln46_30_fu_2475_p3  |    select|   0|  0|   2|           1|           1|
    |select_ln46_31_fu_2542_p3  |    select|   0|  0|   9|           1|           9|
    |select_ln46_32_fu_2550_p3  |    select|   0|  0|   9|           1|           9|
    |select_ln46_33_fu_2633_p3  |    select|   0|  0|   2|           1|           1|
    |select_ln46_34_fu_2700_p3  |    select|   0|  0|   9|           1|           9|
    |select_ln46_35_fu_2708_p3  |    select|   0|  0|   9|           1|           9|
    |select_ln46_36_fu_2791_p3  |    select|   0|  0|   2|           1|           1|
    |select_ln46_37_fu_2858_p3  |    select|   0|  0|   9|           1|           9|
    |select_ln46_38_fu_2866_p3  |    select|   0|  0|   9|           1|           9|
    |select_ln46_39_fu_2949_p3  |    select|   0|  0|   2|           1|           1|
    |select_ln46_3_fu_1053_p3   |    select|   0|  0|   2|           1|           1|
    |select_ln46_40_fu_3016_p3  |    select|   0|  0|   9|           1|           9|
    |select_ln46_41_fu_3024_p3  |    select|   0|  0|   9|           1|           9|
    |select_ln46_42_fu_901_p3   |    select|   0|  0|   2|           1|           1|
    |select_ln46_43_fu_955_p3   |    select|   0|  0|   9|           1|           9|
    |select_ln46_44_fu_1059_p3  |    select|   0|  0|   2|           1|           1|
    |select_ln46_45_fu_1113_p3  |    select|   0|  0|   9|           1|           9|
    |select_ln46_46_fu_1217_p3  |    select|   0|  0|   2|           1|           1|
    |select_ln46_47_fu_1271_p3  |    select|   0|  0|   9|           1|           9|
    |select_ln46_48_fu_1375_p3  |    select|   0|  0|   2|           1|           1|
    |select_ln46_49_fu_1429_p3  |    select|   0|  0|   9|           1|           9|
    |select_ln46_4_fu_1120_p3   |    select|   0|  0|   9|           1|           9|
    |select_ln46_50_fu_1533_p3  |    select|   0|  0|   2|           1|           1|
    |select_ln46_51_fu_1587_p3  |    select|   0|  0|   9|           1|           9|
    |select_ln46_52_fu_1691_p3  |    select|   0|  0|   2|           1|           1|
    |select_ln46_53_fu_1745_p3  |    select|   0|  0|   9|           1|           9|
    |select_ln46_54_fu_1849_p3  |    select|   0|  0|   2|           1|           1|
    |select_ln46_55_fu_1903_p3  |    select|   0|  0|   9|           1|           9|
    |select_ln46_56_fu_2007_p3  |    select|   0|  0|   2|           1|           1|
    |select_ln46_57_fu_2061_p3  |    select|   0|  0|   9|           1|           9|
    |select_ln46_58_fu_2165_p3  |    select|   0|  0|   2|           1|           1|
    |select_ln46_59_fu_2219_p3  |    select|   0|  0|   9|           1|           9|
    |select_ln46_5_fu_1128_p3   |    select|   0|  0|   9|           1|           9|
    |select_ln46_60_fu_2323_p3  |    select|   0|  0|   2|           1|           1|
    |select_ln46_61_fu_2377_p3  |    select|   0|  0|   9|           1|           9|
    |select_ln46_62_fu_2481_p3  |    select|   0|  0|   2|           1|           1|
    |select_ln46_63_fu_2535_p3  |    select|   0|  0|   9|           1|           9|
    |select_ln46_64_fu_2639_p3  |    select|   0|  0|   2|           1|           1|
    |select_ln46_65_fu_2693_p3  |    select|   0|  0|   9|           1|           9|
    |select_ln46_66_fu_2797_p3  |    select|   0|  0|   2|           1|           1|
    |select_ln46_67_fu_2851_p3  |    select|   0|  0|   9|           1|           9|
    |select_ln46_68_fu_2955_p3  |    select|   0|  0|   2|           1|           1|
    |select_ln46_69_fu_3009_p3  |    select|   0|  0|   9|           1|           9|
    |select_ln46_6_fu_1211_p3   |    select|   0|  0|   2|           1|           1|
    |select_ln46_7_fu_1278_p3   |    select|   0|  0|   9|           1|           9|
    |select_ln46_8_fu_1286_p3   |    select|   0|  0|   9|           1|           9|
    |select_ln46_9_fu_1369_p3   |    select|   0|  0|   2|           1|           1|
    |select_ln46_fu_895_p3      |    select|   0|  0|   2|           1|           1|
    |ap_enable_pp0              |       xor|   0|  0|   2|           1|           2|
    |xor_ln46_10_fu_1702_p2     |       xor|   0|  0|   2|           1|           2|
    |xor_ln46_11_fu_1718_p2     |       xor|   0|  0|   2|           2|           1|
    |xor_ln46_12_fu_1860_p2     |       xor|   0|  0|   2|           1|           2|
    |xor_ln46_13_fu_1876_p2     |       xor|   0|  0|   2|           2|           1|
    |xor_ln46_14_fu_2018_p2     |       xor|   0|  0|   2|           1|           2|
    |xor_ln46_15_fu_2034_p2     |       xor|   0|  0|   2|           2|           1|
    |xor_ln46_16_fu_2176_p2     |       xor|   0|  0|   2|           1|           2|
    |xor_ln46_17_fu_2192_p2     |       xor|   0|  0|   2|           2|           1|
    |xor_ln46_18_fu_2334_p2     |       xor|   0|  0|   2|           1|           2|
    |xor_ln46_19_fu_2350_p2     |       xor|   0|  0|   2|           2|           1|
    |xor_ln46_1_fu_928_p2       |       xor|   0|  0|   2|           2|           1|
    |xor_ln46_20_fu_2492_p2     |       xor|   0|  0|   2|           1|           2|
    |xor_ln46_21_fu_2508_p2     |       xor|   0|  0|   2|           2|           1|
    |xor_ln46_22_fu_2650_p2     |       xor|   0|  0|   2|           1|           2|
    |xor_ln46_23_fu_2666_p2     |       xor|   0|  0|   2|           2|           1|
    |xor_ln46_24_fu_2808_p2     |       xor|   0|  0|   2|           1|           2|
    |xor_ln46_25_fu_2824_p2     |       xor|   0|  0|   2|           2|           1|
    |xor_ln46_26_fu_2966_p2     |       xor|   0|  0|   2|           1|           2|
    |xor_ln46_27_fu_2982_p2     |       xor|   0|  0|   2|           2|           1|
    |xor_ln46_28_fu_889_p2      |       xor|   0|  0|   2|           1|           2|
    |xor_ln46_29_fu_1047_p2     |       xor|   0|  0|   2|           1|           2|
    |xor_ln46_2_fu_1070_p2      |       xor|   0|  0|   2|           1|           2|
    |xor_ln46_30_fu_1205_p2     |       xor|   0|  0|   2|           1|           2|
    |xor_ln46_31_fu_1363_p2     |       xor|   0|  0|   2|           1|           2|
    |xor_ln46_32_fu_1521_p2     |       xor|   0|  0|   2|           1|           2|
    |xor_ln46_33_fu_1679_p2     |       xor|   0|  0|   2|           1|           2|
    |xor_ln46_34_fu_1837_p2     |       xor|   0|  0|   2|           1|           2|
    |xor_ln46_35_fu_1995_p2     |       xor|   0|  0|   2|           1|           2|
    |xor_ln46_36_fu_2153_p2     |       xor|   0|  0|   2|           1|           2|
    |xor_ln46_37_fu_2311_p2     |       xor|   0|  0|   2|           1|           2|
    |xor_ln46_38_fu_2469_p2     |       xor|   0|  0|   2|           1|           2|
    |xor_ln46_39_fu_2627_p2     |       xor|   0|  0|   2|           1|           2|
    |xor_ln46_3_fu_1086_p2      |       xor|   0|  0|   2|           2|           1|
    |xor_ln46_40_fu_2785_p2     |       xor|   0|  0|   2|           1|           2|
    |xor_ln46_41_fu_2943_p2     |       xor|   0|  0|   2|           1|           2|
    |xor_ln46_4_fu_1228_p2      |       xor|   0|  0|   2|           1|           2|
    |xor_ln46_5_fu_1244_p2      |       xor|   0|  0|   2|           2|           1|
    |xor_ln46_6_fu_1386_p2      |       xor|   0|  0|   2|           1|           2|
    |xor_ln46_7_fu_1402_p2      |       xor|   0|  0|   2|           2|           1|
    |xor_ln46_8_fu_1544_p2      |       xor|   0|  0|   2|           1|           2|
    |xor_ln46_9_fu_1560_p2      |       xor|   0|  0|   2|           2|           1|
    |xor_ln46_fu_912_p2         |       xor|   0|  0|   2|           1|           2|
    +---------------------------+----------+----+---+----+------------+------------+
    |Total                      |          |   0|  0|2048|         940|         913|
    +---------------------------+----------+----+---+----+------------+------------+

    * Multiplexer: 
    +--------------+----+-----------+-----+-----------+
    |     Name     | LUT| Input Size| Bits| Total Bits|
    +--------------+----+-----------+-----+-----------+
    |ap_done       |   9|          2|    1|          2|
    |ap_return_0   |   9|          2|    9|         18|
    |ap_return_1   |   9|          2|    9|         18|
    |ap_return_10  |   9|          2|    9|         18|
    |ap_return_11  |   9|          2|    9|         18|
    |ap_return_12  |   9|          2|    9|         18|
    |ap_return_13  |   9|          2|    9|         18|
    |ap_return_14  |   9|          2|    9|         18|
    |ap_return_15  |   9|          2|    9|         18|
    |ap_return_16  |   9|          2|    9|         18|
    |ap_return_17  |   9|          2|    9|         18|
    |ap_return_18  |   9|          2|    9|         18|
    |ap_return_19  |   9|          2|    9|         18|
    |ap_return_2   |   9|          2|    9|         18|
    |ap_return_20  |   9|          2|    9|         18|
    |ap_return_21  |   9|          2|    9|         18|
    |ap_return_22  |   9|          2|    9|         18|
    |ap_return_23  |   9|          2|    9|         18|
    |ap_return_24  |   9|          2|    9|         18|
    |ap_return_25  |   9|          2|    9|         18|
    |ap_return_26  |   9|          2|    9|         18|
    |ap_return_27  |   9|          2|    9|         18|
    |ap_return_3   |   9|          2|    9|         18|
    |ap_return_4   |   9|          2|    9|         18|
    |ap_return_5   |   9|          2|    9|         18|
    |ap_return_6   |   9|          2|    9|         18|
    |ap_return_7   |   9|          2|    9|         18|
    |ap_return_8   |   9|          2|    9|         18|
    |ap_return_9   |   9|          2|    9|         18|
    +--------------+----+-----------+-----+-----------+
    |Total         | 261|         58|  253|        506|
    +--------------+----+-----------+-----+-----------+

    * Register: 
    +-------------------------+----+----+-----+-----------+
    |           Name          | FF | LUT| Bits| Const Bits|
    +-------------------------+----+----+-----+-----------+
    |ap_CS_fsm                |   1|   0|    1|          0|
    |ap_done_reg              |   1|   0|    1|          0|
    |ap_enable_reg_pp0_iter1  |   1|   0|    1|          0|
    |ap_return_0_preg         |   9|   0|    9|          0|
    |ap_return_10_preg        |   9|   0|    9|          0|
    |ap_return_11_preg        |   9|   0|    9|          0|
    |ap_return_12_preg        |   9|   0|    9|          0|
    |ap_return_13_preg        |   9|   0|    9|          0|
    |ap_return_14_preg        |   9|   0|    9|          0|
    |ap_return_15_preg        |   9|   0|    9|          0|
    |ap_return_16_preg        |   9|   0|    9|          0|
    |ap_return_17_preg        |   9|   0|    9|          0|
    |ap_return_18_preg        |   9|   0|    9|          0|
    |ap_return_19_preg        |   9|   0|    9|          0|
    |ap_return_1_preg         |   9|   0|    9|          0|
    |ap_return_20_preg        |   9|   0|    9|          0|
    |ap_return_21_preg        |   9|   0|    9|          0|
    |ap_return_22_preg        |   9|   0|    9|          0|
    |ap_return_23_preg        |   9|   0|    9|          0|
    |ap_return_24_preg        |   9|   0|    9|          0|
    |ap_return_25_preg        |   9|   0|    9|          0|
    |ap_return_26_preg        |   9|   0|    9|          0|
    |ap_return_27_preg        |   9|   0|    9|          0|
    |ap_return_2_preg         |   9|   0|    9|          0|
    |ap_return_3_preg         |   9|   0|    9|          0|
    |ap_return_4_preg         |   9|   0|    9|          0|
    |ap_return_5_preg         |   9|   0|    9|          0|
    |ap_return_6_preg         |   9|   0|    9|          0|
    |ap_return_7_preg         |   9|   0|    9|          0|
    |ap_return_8_preg         |   9|   0|    9|          0|
    |ap_return_9_preg         |   9|   0|    9|          0|
    |icmp_ln46_10_reg_3428    |   1|   0|    1|          0|
    |icmp_ln46_11_reg_3434    |   1|   0|    1|          0|
    |icmp_ln46_12_reg_3447    |   1|   0|    1|          0|
    |icmp_ln46_13_reg_3458    |   1|   0|    1|          0|
    |icmp_ln46_14_reg_3464    |   1|   0|    1|          0|
    |icmp_ln46_15_reg_3477    |   1|   0|    1|          0|
    |icmp_ln46_16_reg_3488    |   1|   0|    1|          0|
    |icmp_ln46_17_reg_3494    |   1|   0|    1|          0|
    |icmp_ln46_18_reg_3507    |   1|   0|    1|          0|
    |icmp_ln46_19_reg_3518    |   1|   0|    1|          0|
    |icmp_ln46_1_reg_3338     |   1|   0|    1|          0|
    |icmp_ln46_20_reg_3524    |   1|   0|    1|          0|
    |icmp_ln46_21_reg_3537    |   1|   0|    1|          0|
    |icmp_ln46_22_reg_3548    |   1|   0|    1|          0|
    |icmp_ln46_23_reg_3554    |   1|   0|    1|          0|
    |icmp_ln46_24_reg_3567    |   1|   0|    1|          0|
    |icmp_ln46_25_reg_3578    |   1|   0|    1|          0|
    |icmp_ln46_26_reg_3584    |   1|   0|    1|          0|
    |icmp_ln46_27_reg_3597    |   1|   0|    1|          0|
    |icmp_ln46_28_reg_3608    |   1|   0|    1|          0|
    |icmp_ln46_29_reg_3614    |   1|   0|    1|          0|
    |icmp_ln46_2_reg_3344     |   1|   0|    1|          0|
    |icmp_ln46_30_reg_3627    |   1|   0|    1|          0|
    |icmp_ln46_31_reg_3638    |   1|   0|    1|          0|
    |icmp_ln46_32_reg_3644    |   1|   0|    1|          0|
    |icmp_ln46_33_reg_3657    |   1|   0|    1|          0|
    |icmp_ln46_34_reg_3668    |   1|   0|    1|          0|
    |icmp_ln46_35_reg_3674    |   1|   0|    1|          0|
    |icmp_ln46_36_reg_3687    |   1|   0|    1|          0|
    |icmp_ln46_37_reg_3698    |   1|   0|    1|          0|
    |icmp_ln46_38_reg_3704    |   1|   0|    1|          0|
    |icmp_ln46_39_reg_3717    |   1|   0|    1|          0|
    |icmp_ln46_3_reg_3357     |   1|   0|    1|          0|
    |icmp_ln46_40_reg_3728    |   1|   0|    1|          0|
    |icmp_ln46_41_reg_3734    |   1|   0|    1|          0|
    |icmp_ln46_4_reg_3368     |   1|   0|    1|          0|
    |icmp_ln46_5_reg_3374     |   1|   0|    1|          0|
    |icmp_ln46_6_reg_3387     |   1|   0|    1|          0|
    |icmp_ln46_7_reg_3398     |   1|   0|    1|          0|
    |icmp_ln46_8_reg_3404     |   1|   0|    1|          0|
    |icmp_ln46_9_reg_3417     |   1|   0|    1|          0|
    |icmp_ln46_reg_3327       |   1|   0|    1|          0|
    |p_read_10_reg_3216       |  22|   0|   22|          0|
    |p_read_11_reg_3224       |  22|   0|   22|          0|
    |p_read_12_reg_3232       |  22|   0|   22|          0|
    |p_read_13_reg_3240       |  22|   0|   22|          0|
    |p_read_14_reg_3248       |  22|   0|   22|          0|
    |p_read_15_reg_3256       |  22|   0|   22|          0|
    |p_read_16_reg_3264       |  22|   0|   22|          0|
    |p_read_17_reg_3272       |  22|   0|   22|          0|
    |p_read_18_reg_3280       |  22|   0|   22|          0|
    |p_read_19_reg_3288       |  22|   0|   22|          0|
    |p_read_20_reg_3296       |  22|   0|   22|          0|
    |p_read_21_reg_3304       |  22|   0|   22|          0|
    |p_read_22_reg_3312       |  22|   0|   22|          0|
    |p_read_9_reg_3208        |  22|   0|   22|          0|
    |tmp_287_reg_3320         |   1|   0|    1|          0|
    |tmp_290_reg_3332         |   1|   0|    1|          0|
    |tmp_292_reg_3350         |   1|   0|    1|          0|
    |tmp_295_reg_3362         |   1|   0|    1|          0|
    |tmp_297_reg_3380         |   1|   0|    1|          0|
    |tmp_300_reg_3392         |   1|   0|    1|          0|
    |tmp_302_reg_3410         |   1|   0|    1|          0|
    |tmp_305_reg_3422         |   1|   0|    1|          0|
    |tmp_307_reg_3440         |   1|   0|    1|          0|
    |tmp_310_reg_3452         |   1|   0|    1|          0|
    |tmp_312_reg_3470         |   1|   0|    1|          0|
    |tmp_315_reg_3482         |   1|   0|    1|          0|
    |tmp_317_reg_3500         |   1|   0|    1|          0|
    |tmp_320_reg_3512         |   1|   0|    1|          0|
    |tmp_322_reg_3530         |   1|   0|    1|          0|
    |tmp_325_reg_3542         |   1|   0|    1|          0|
    |tmp_327_reg_3560         |   1|   0|    1|          0|
    |tmp_330_reg_3572         |   1|   0|    1|          0|
    |tmp_332_reg_3590         |   1|   0|    1|          0|
    |tmp_335_reg_3602         |   1|   0|    1|          0|
    |tmp_337_reg_3620         |   1|   0|    1|          0|
    |tmp_340_reg_3632         |   1|   0|    1|          0|
    |tmp_342_reg_3650         |   1|   0|    1|          0|
    |tmp_345_reg_3662         |   1|   0|    1|          0|
    |tmp_347_reg_3680         |   1|   0|    1|          0|
    |tmp_350_reg_3692         |   1|   0|    1|          0|
    |tmp_352_reg_3710         |   1|   0|    1|          0|
    |tmp_355_reg_3722         |   1|   0|    1|          0|
    +-------------------------+----+----+-----+-----------+
    |Total                    | 633|   0|  633|          0|
    +-------------------------+----+----+-----+-----------+



================================================================
== Interface
================================================================
* Summary: 
+--------------+-----+-----+------------+--------------------------------------------------------------------------+--------------+
|   RTL Ports  | Dir | Bits|  Protocol  |                               Source Object                              |    C Type    |
+--------------+-----+-----+------------+--------------------------------------------------------------------------+--------------+
|ap_clk        |   in|    1|  ap_ctrl_hs|  relu<ap_fixed<31, 15, 5, 3, 0>, ap_ufixed<9, 0, 4, 0, 0>, relu_config13>|  return value|
|ap_rst        |   in|    1|  ap_ctrl_hs|  relu<ap_fixed<31, 15, 5, 3, 0>, ap_ufixed<9, 0, 4, 0, 0>, relu_config13>|  return value|
|ap_start      |   in|    1|  ap_ctrl_hs|  relu<ap_fixed<31, 15, 5, 3, 0>, ap_ufixed<9, 0, 4, 0, 0>, relu_config13>|  return value|
|ap_done       |  out|    1|  ap_ctrl_hs|  relu<ap_fixed<31, 15, 5, 3, 0>, ap_ufixed<9, 0, 4, 0, 0>, relu_config13>|  return value|
|ap_continue   |   in|    1|  ap_ctrl_hs|  relu<ap_fixed<31, 15, 5, 3, 0>, ap_ufixed<9, 0, 4, 0, 0>, relu_config13>|  return value|
|ap_idle       |  out|    1|  ap_ctrl_hs|  relu<ap_fixed<31, 15, 5, 3, 0>, ap_ufixed<9, 0, 4, 0, 0>, relu_config13>|  return value|
|ap_ready      |  out|    1|  ap_ctrl_hs|  relu<ap_fixed<31, 15, 5, 3, 0>, ap_ufixed<9, 0, 4, 0, 0>, relu_config13>|  return value|
|ap_return_0   |  out|    9|  ap_ctrl_hs|  relu<ap_fixed<31, 15, 5, 3, 0>, ap_ufixed<9, 0, 4, 0, 0>, relu_config13>|  return value|
|ap_return_1   |  out|    9|  ap_ctrl_hs|  relu<ap_fixed<31, 15, 5, 3, 0>, ap_ufixed<9, 0, 4, 0, 0>, relu_config13>|  return value|
|ap_return_2   |  out|    9|  ap_ctrl_hs|  relu<ap_fixed<31, 15, 5, 3, 0>, ap_ufixed<9, 0, 4, 0, 0>, relu_config13>|  return value|
|ap_return_3   |  out|    9|  ap_ctrl_hs|  relu<ap_fixed<31, 15, 5, 3, 0>, ap_ufixed<9, 0, 4, 0, 0>, relu_config13>|  return value|
|ap_return_4   |  out|    9|  ap_ctrl_hs|  relu<ap_fixed<31, 15, 5, 3, 0>, ap_ufixed<9, 0, 4, 0, 0>, relu_config13>|  return value|
|ap_return_5   |  out|    9|  ap_ctrl_hs|  relu<ap_fixed<31, 15, 5, 3, 0>, ap_ufixed<9, 0, 4, 0, 0>, relu_config13>|  return value|
|ap_return_6   |  out|    9|  ap_ctrl_hs|  relu<ap_fixed<31, 15, 5, 3, 0>, ap_ufixed<9, 0, 4, 0, 0>, relu_config13>|  return value|
|ap_return_7   |  out|    9|  ap_ctrl_hs|  relu<ap_fixed<31, 15, 5, 3, 0>, ap_ufixed<9, 0, 4, 0, 0>, relu_config13>|  return value|
|ap_return_8   |  out|    9|  ap_ctrl_hs|  relu<ap_fixed<31, 15, 5, 3, 0>, ap_ufixed<9, 0, 4, 0, 0>, relu_config13>|  return value|
|ap_return_9   |  out|    9|  ap_ctrl_hs|  relu<ap_fixed<31, 15, 5, 3, 0>, ap_ufixed<9, 0, 4, 0, 0>, relu_config13>|  return value|
|ap_return_10  |  out|    9|  ap_ctrl_hs|  relu<ap_fixed<31, 15, 5, 3, 0>, ap_ufixed<9, 0, 4, 0, 0>, relu_config13>|  return value|
|ap_return_11  |  out|    9|  ap_ctrl_hs|  relu<ap_fixed<31, 15, 5, 3, 0>, ap_ufixed<9, 0, 4, 0, 0>, relu_config13>|  return value|
|ap_return_12  |  out|    9|  ap_ctrl_hs|  relu<ap_fixed<31, 15, 5, 3, 0>, ap_ufixed<9, 0, 4, 0, 0>, relu_config13>|  return value|
|ap_return_13  |  out|    9|  ap_ctrl_hs|  relu<ap_fixed<31, 15, 5, 3, 0>, ap_ufixed<9, 0, 4, 0, 0>, relu_config13>|  return value|
|ap_return_14  |  out|    9|  ap_ctrl_hs|  relu<ap_fixed<31, 15, 5, 3, 0>, ap_ufixed<9, 0, 4, 0, 0>, relu_config13>|  return value|
|ap_return_15  |  out|    9|  ap_ctrl_hs|  relu<ap_fixed<31, 15, 5, 3, 0>, ap_ufixed<9, 0, 4, 0, 0>, relu_config13>|  return value|
|ap_return_16  |  out|    9|  ap_ctrl_hs|  relu<ap_fixed<31, 15, 5, 3, 0>, ap_ufixed<9, 0, 4, 0, 0>, relu_config13>|  return value|
|ap_return_17  |  out|    9|  ap_ctrl_hs|  relu<ap_fixed<31, 15, 5, 3, 0>, ap_ufixed<9, 0, 4, 0, 0>, relu_config13>|  return value|
|ap_return_18  |  out|    9|  ap_ctrl_hs|  relu<ap_fixed<31, 15, 5, 3, 0>, ap_ufixed<9, 0, 4, 0, 0>, relu_config13>|  return value|
|ap_return_19  |  out|    9|  ap_ctrl_hs|  relu<ap_fixed<31, 15, 5, 3, 0>, ap_ufixed<9, 0, 4, 0, 0>, relu_config13>|  return value|
|ap_return_20  |  out|    9|  ap_ctrl_hs|  relu<ap_fixed<31, 15, 5, 3, 0>, ap_ufixed<9, 0, 4, 0, 0>, relu_config13>|  return value|
|ap_return_21  |  out|    9|  ap_ctrl_hs|  relu<ap_fixed<31, 15, 5, 3, 0>, ap_ufixed<9, 0, 4, 0, 0>, relu_config13>|  return value|
|ap_return_22  |  out|    9|  ap_ctrl_hs|  relu<ap_fixed<31, 15, 5, 3, 0>, ap_ufixed<9, 0, 4, 0, 0>, relu_config13>|  return value|
|ap_return_23  |  out|    9|  ap_ctrl_hs|  relu<ap_fixed<31, 15, 5, 3, 0>, ap_ufixed<9, 0, 4, 0, 0>, relu_config13>|  return value|
|ap_return_24  |  out|    9|  ap_ctrl_hs|  relu<ap_fixed<31, 15, 5, 3, 0>, ap_ufixed<9, 0, 4, 0, 0>, relu_config13>|  return value|
|ap_return_25  |  out|    9|  ap_ctrl_hs|  relu<ap_fixed<31, 15, 5, 3, 0>, ap_ufixed<9, 0, 4, 0, 0>, relu_config13>|  return value|
|ap_return_26  |  out|    9|  ap_ctrl_hs|  relu<ap_fixed<31, 15, 5, 3, 0>, ap_ufixed<9, 0, 4, 0, 0>, relu_config13>|  return value|
|ap_return_27  |  out|    9|  ap_ctrl_hs|  relu<ap_fixed<31, 15, 5, 3, 0>, ap_ufixed<9, 0, 4, 0, 0>, relu_config13>|  return value|
|p_read        |   in|   22|     ap_none|                                                                    p_read|        scalar|
|p_read1       |   in|   22|     ap_none|                                                                   p_read1|        scalar|
|p_read2       |   in|   22|     ap_none|                                                                   p_read2|        scalar|
|p_read3       |   in|   22|     ap_none|                                                                   p_read3|        scalar|
|p_read4       |   in|   22|     ap_none|                                                                   p_read4|        scalar|
|p_read5       |   in|   22|     ap_none|                                                                   p_read5|        scalar|
|p_read6       |   in|   22|     ap_none|                                                                   p_read6|        scalar|
|p_read7       |   in|   22|     ap_none|                                                                   p_read7|        scalar|
|p_read8       |   in|   22|     ap_none|                                                                   p_read8|        scalar|
|p_read9       |   in|   22|     ap_none|                                                                   p_read9|        scalar|
|p_read10      |   in|   22|     ap_none|                                                                  p_read10|        scalar|
|p_read11      |   in|   22|     ap_none|                                                                  p_read11|        scalar|
|p_read12      |   in|   22|     ap_none|                                                                  p_read12|        scalar|
|p_read13      |   in|   22|     ap_none|                                                                  p_read13|        scalar|
+--------------+-----+-----+------------+--------------------------------------------------------------------------+--------------+

